Archive member included to satisfy reference by file (symbol)

c:/program files (x86)/gnu tools arm embedded/5.2 2015q4/bin/../lib/gcc/arm-none-eabi/5.2.1/../../../../arm-none-eabi/lib/armv7e-m/fpu\libg.a(lib_a-memcpy.o)
                              ..\obj\queue.o (memcpy)
c:/program files (x86)/gnu tools arm embedded/5.2 2015q4/bin/../lib/gcc/arm-none-eabi/5.2.1/../../../../arm-none-eabi/lib/armv7e-m/fpu\libg.a(lib_a-memset.o)
                              ..\obj\tasks.o (memset)
c:/program files (x86)/gnu tools arm embedded/5.2 2015q4/bin/../lib/gcc/arm-none-eabi/5.2.1/../../../../arm-none-eabi/lib/armv7e-m/fpu\libg.a(lib_a-strcat.o)
                              ..\obj\ui.o (strcat)
c:/program files (x86)/gnu tools arm embedded/5.2 2015q4/bin/../lib/gcc/arm-none-eabi/5.2.1/../../../../arm-none-eabi/lib/armv7e-m/fpu\libg.a(lib_a-strcpy.o)
                              ..\obj\ui.o (strcpy)
c:/program files (x86)/gnu tools arm embedded/5.2 2015q4/bin/../lib/gcc/arm-none-eabi/5.2.1/../../../../arm-none-eabi/lib/armv7e-m/fpu\libg.a(lib_a-strlen.o)
                              ..\obj\ui.o (strlen)

Allocating common symbols
Common symbol       size              file

buff                0x5000            ..\obj\player.o
xQueueRegistry      0x40              ..\obj\queue.o
file                0x224             ..\obj\player.o
FATFS_Obj           0x230             ..\obj\main.o
hw                  0x10              ..\obj\fatfs_diskio_sdcard_spi.o
cur_data            0x8               ..\obj\player.o
track_list          0x190             ..\obj\ui.o

Discarded input sections

 .text          0x00000000        0x0 ..\obj\ui.o
 .text          0x00000000        0x0 ..\obj\stm32f4xx_syscfg.o
 .data          0x00000000        0x0 ..\obj\stm32f4xx_syscfg.o
 .bss           0x00000000        0x0 ..\obj\stm32f4xx_syscfg.o
 .text.SYSCFG_DeInit
                0x00000000       0x1c ..\obj\stm32f4xx_syscfg.o
 .text.SYSCFG_MemoryRemapConfig
                0x00000000       0x20 ..\obj\stm32f4xx_syscfg.o
 .text.SYSCFG_EXTILineConfig
                0x00000000       0x84 ..\obj\stm32f4xx_syscfg.o
 .text.SYSCFG_ETH_MediaInterfaceConfig
                0x00000000       0x20 ..\obj\stm32f4xx_syscfg.o
 .text.SYSCFG_CompensationCellCmd
                0x00000000       0x20 ..\obj\stm32f4xx_syscfg.o
 .text.SYSCFG_GetCompensationCellStatus
                0x00000000       0x34 ..\obj\stm32f4xx_syscfg.o
 .debug_info    0x00000000      0x274 ..\obj\stm32f4xx_syscfg.o
 .debug_abbrev  0x00000000      0x133 ..\obj\stm32f4xx_syscfg.o
 .debug_aranges
                0x00000000       0x48 ..\obj\stm32f4xx_syscfg.o
 .debug_ranges  0x00000000       0x38 ..\obj\stm32f4xx_syscfg.o
 .debug_line    0x00000000      0x25b ..\obj\stm32f4xx_syscfg.o
 .debug_str     0x00000000      0x327 ..\obj\stm32f4xx_syscfg.o
 .comment       0x00000000       0x6f ..\obj\stm32f4xx_syscfg.o
 .debug_frame   0x00000000       0xf4 ..\obj\stm32f4xx_syscfg.o
 .ARM.attributes
                0x00000000       0x39 ..\obj\stm32f4xx_syscfg.o
 .text          0x00000000        0x0 ..\obj\startup_stm32f4xx.o
 .data          0x00000000        0x0 ..\obj\startup_stm32f4xx.o
 .bss           0x00000000        0x0 ..\obj\startup_stm32f4xx.o
 .text          0x00000000        0x0 ..\obj\main.o
 .data          0x00000000        0x0 ..\obj\main.o
 .bss           0x00000000        0x0 ..\obj\main.o
 .text.sleep    0x00000000       0x24 ..\obj\main.o
 .text.leds_init
                0x00000000       0x3c ..\obj\main.o
 .text.test_task
                0x00000000       0x18 ..\obj\main.o
 .text          0x00000000        0x0 ..\obj\stm32f4xx_rcc.o
 .bss           0x00000000        0x0 ..\obj\stm32f4xx_rcc.o
 .text.RCC_DeInit
                0x00000000       0x50 ..\obj\stm32f4xx_rcc.o
 .text.RCC_HSEConfig
                0x00000000       0x28 ..\obj\stm32f4xx_rcc.o
 .text.RCC_WaitForHSEStartUp
                0x00000000       0x50 ..\obj\stm32f4xx_rcc.o
 .text.RCC_AdjustHSICalibrationValue
                0x00000000       0x3c ..\obj\stm32f4xx_rcc.o
 .text.RCC_HSICmd
                0x00000000       0x20 ..\obj\stm32f4xx_rcc.o
 .text.RCC_LSEConfig
                0x00000000       0x44 ..\obj\stm32f4xx_rcc.o
 .text.RCC_LSICmd
                0x00000000       0x20 ..\obj\stm32f4xx_rcc.o
 .text.RCC_PLLConfig
                0x00000000       0x40 ..\obj\stm32f4xx_rcc.o
 .text.RCC_PLLCmd
                0x00000000       0x20 ..\obj\stm32f4xx_rcc.o
 .text.RCC_PLLI2SConfig
                0x00000000       0x2c ..\obj\stm32f4xx_rcc.o
 .text.RCC_ClockSecuritySystemCmd
                0x00000000       0x20 ..\obj\stm32f4xx_rcc.o
 .text.RCC_MCO1Config
                0x00000000       0x40 ..\obj\stm32f4xx_rcc.o
 .text.RCC_MCO2Config
                0x00000000       0x40 ..\obj\stm32f4xx_rcc.o
 .text.RCC_SYSCLKConfig
                0x00000000       0x38 ..\obj\stm32f4xx_rcc.o
 .text.RCC_GetSYSCLKSource
                0x00000000       0x20 ..\obj\stm32f4xx_rcc.o
 .text.RCC_HCLKConfig
                0x00000000       0x38 ..\obj\stm32f4xx_rcc.o
 .text.RCC_PCLK1Config
                0x00000000       0x38 ..\obj\stm32f4xx_rcc.o
 .text.RCC_PCLK2Config
                0x00000000       0x3c ..\obj\stm32f4xx_rcc.o
 .text.RCC_RTCCLKConfig
                0x00000000       0x5c ..\obj\stm32f4xx_rcc.o
 .text.RCC_RTCCLKCmd
                0x00000000       0x20 ..\obj\stm32f4xx_rcc.o
 .text.RCC_BackupResetCmd
                0x00000000       0x20 ..\obj\stm32f4xx_rcc.o
 .text.RCC_I2SCLKConfig
                0x00000000       0x20 ..\obj\stm32f4xx_rcc.o
 .text.RCC_AHB2PeriphClockCmd
                0x00000000       0x40 ..\obj\stm32f4xx_rcc.o
 .text.RCC_AHB3PeriphClockCmd
                0x00000000       0x40 ..\obj\stm32f4xx_rcc.o
 .text.RCC_AHB1PeriphResetCmd
                0x00000000       0x40 ..\obj\stm32f4xx_rcc.o
 .text.RCC_AHB2PeriphResetCmd
                0x00000000       0x40 ..\obj\stm32f4xx_rcc.o
 .text.RCC_AHB3PeriphResetCmd
                0x00000000       0x40 ..\obj\stm32f4xx_rcc.o
 .text.RCC_AHB1PeriphClockLPModeCmd
                0x00000000       0x40 ..\obj\stm32f4xx_rcc.o
 .text.RCC_AHB2PeriphClockLPModeCmd
                0x00000000       0x40 ..\obj\stm32f4xx_rcc.o
 .text.RCC_AHB3PeriphClockLPModeCmd
                0x00000000       0x40 ..\obj\stm32f4xx_rcc.o
 .text.RCC_APB1PeriphClockLPModeCmd
                0x00000000       0x40 ..\obj\stm32f4xx_rcc.o
 .text.RCC_APB2PeriphClockLPModeCmd
                0x00000000       0x40 ..\obj\stm32f4xx_rcc.o
 .text.RCC_ITConfig
                0x00000000       0x4c ..\obj\stm32f4xx_rcc.o
 .text.RCC_GetFlagStatus
                0x00000000       0x74 ..\obj\stm32f4xx_rcc.o
 .text.RCC_ClearFlag
                0x00000000       0x20 ..\obj\stm32f4xx_rcc.o
 .text.RCC_GetITStatus
                0x00000000       0x38 ..\obj\stm32f4xx_rcc.o
 .text.RCC_ClearITPendingBit
                0x00000000       0x20 ..\obj\stm32f4xx_rcc.o
 .text          0x00000000        0x0 ..\obj\codec.o
 .data          0x00000000        0x0 ..\obj\codec.o
 .bss           0x00000000        0x0 ..\obj\codec.o
 .text          0x00000000        0x0 ..\obj\player.o
 .rodata        0x00000000        0xc ..\obj\player.o
 .text.player_get_status
                0x00000000       0x18 ..\obj\player.o
 .text.player_volume_add
                0x00000000       0x24 ..\obj\player.o
 .text.player_volume_sub
                0x00000000       0x24 ..\obj\player.o
 .text.player_volume_get
                0x00000000       0x18 ..\obj\player.o
 .text.player_pause
                0x00000000       0x20 ..\obj\player.o
 .text.player_resume
                0x00000000       0x20 ..\obj\player.o
 .text          0x00000000        0x0 ..\obj\timers.o
 .data          0x00000000        0x0 ..\obj\timers.o
 .text.xTimerCreate
                0x00000000       0x3c ..\obj\timers.o
 .text.prvInitialiseNewTimer
                0x00000000       0x64 ..\obj\timers.o
 .text.xTimerGetTimerDaemonTaskHandle
                0x00000000       0x38 ..\obj\timers.o
 .text.xTimerGetPeriod
                0x00000000       0x38 ..\obj\timers.o
 .text.xTimerGetExpiryTime
                0x00000000       0x3c ..\obj\timers.o
 .text.pcTimerGetName
                0x00000000       0x38 ..\obj\timers.o
 .text.xTimerIsTimerActive
                0x00000000       0x48 ..\obj\timers.o
 .text.pvTimerGetTimerID
                0x00000000       0x40 ..\obj\timers.o
 .text.vTimerSetTimerID
                0x00000000       0x40 ..\obj\timers.o
 .text          0x00000000        0x0 ..\obj\display.o
 .bss           0x00000000        0x0 ..\obj\display.o
 .text.display_write_int
                0x00000000       0x78 ..\obj\display.o
 .text          0x00000000        0x0 ..\obj\tasks.o
 .data          0x00000000        0x0 ..\obj\tasks.o
 .text.vTaskDelete
                0x00000000      0x128 ..\obj\tasks.o
 .text.vTaskDelayUntil
                0x00000000       0xf4 ..\obj\tasks.o
 .text.eTaskGetState
                0x00000000       0xb0 ..\obj\tasks.o
 .text.uxTaskPriorityGet
                0x00000000       0x34 ..\obj\tasks.o
 .text.uxTaskPriorityGetFromISR
                0x00000000       0x58 ..\obj\tasks.o
 .text.vTaskPrioritySet
                0x00000000      0x15c ..\obj\tasks.o
 .text.vTaskSuspend
                0x00000000      0x110 ..\obj\tasks.o
 .text.prvTaskIsTaskSuspended
                0x00000000       0x74 ..\obj\tasks.o
 .text.vTaskResume
                0x00000000       0xb8 ..\obj\tasks.o
 .text.xTaskResumeFromISR
                0x00000000       0xe0 ..\obj\tasks.o
 .text.vTaskEndScheduler
                0x00000000       0x30 ..\obj\tasks.o
 .text.xTaskGetTickCountFromISR
                0x00000000       0x24 ..\obj\tasks.o
 .text.uxTaskGetNumberOfTasks
                0x00000000       0x18 ..\obj\tasks.o
 .text.pcTaskGetName
                0x00000000       0x48 ..\obj\tasks.o
 .text.uxTaskGetSystemState
                0x00000000      0x11c ..\obj\tasks.o
 .text.vTaskPlaceOnUnorderedEventList
                0x00000000       0x74 ..\obj\tasks.o
 .text.xTaskRemoveFromUnorderedEventList
                0x00000000       0xcc ..\obj\tasks.o
 .text.uxTaskGetTaskNumber
                0x00000000       0x2c ..\obj\tasks.o
 .text.vTaskSetTaskNumber
                0x00000000       0x28 ..\obj\tasks.o
 .text.vTaskGetTaskInfo
                0x00000000       0xbc ..\obj\tasks.o
 .text.prvListTasksWithinSingleList
                0x00000000       0xa4 ..\obj\tasks.o
 .text.prvTaskCheckFreeStackSpace
                0x00000000       0x38 ..\obj\tasks.o
 .text.xTaskGetCurrentTaskHandle
                0x00000000       0x20 ..\obj\tasks.o
 .text.uxTaskResetEventItemValue
                0x00000000       0x30 ..\obj\tasks.o
 .text.ulTaskNotifyTake
                0x00000000       0x90 ..\obj\tasks.o
 .text.xTaskNotifyWait
                0x00000000       0xb4 ..\obj\tasks.o
 .text.xTaskGenericNotify
                0x00000000      0x140 ..\obj\tasks.o
 .text.xTaskGenericNotifyFromISR
                0x00000000      0x18c ..\obj\tasks.o
 .text.vTaskNotifyGiveFromISR
                0x00000000      0x120 ..\obj\tasks.o
 .text.xTaskNotifyStateClear
                0x00000000       0x4c ..\obj\tasks.o
 .text          0x00000000        0x0 ..\obj\stm32f4xx_gpio.o
 .data          0x00000000        0x0 ..\obj\stm32f4xx_gpio.o
 .bss           0x00000000        0x0 ..\obj\stm32f4xx_gpio.o
 .text.GPIO_DeInit
                0x00000000      0x120 ..\obj\stm32f4xx_gpio.o
 .text.GPIO_PinLockConfig
                0x00000000       0x44 ..\obj\stm32f4xx_gpio.o
 .text.GPIO_ReadInputData
                0x00000000       0x1c ..\obj\stm32f4xx_gpio.o
 .text.GPIO_ReadOutputDataBit
                0x00000000       0x34 ..\obj\stm32f4xx_gpio.o
 .text.GPIO_ReadOutputData
                0x00000000       0x1c ..\obj\stm32f4xx_gpio.o
 .text.GPIO_WriteBit
                0x00000000       0x30 ..\obj\stm32f4xx_gpio.o
 .text.GPIO_Write
                0x00000000       0x20 ..\obj\stm32f4xx_gpio.o
 .text.GPIO_ToggleBits
                0x00000000       0x24 ..\obj\stm32f4xx_gpio.o
 .text          0x00000000        0x0 ..\obj\list.o
 .data          0x00000000        0x0 ..\obj\list.o
 .bss           0x00000000        0x0 ..\obj\list.o
 .text          0x00000000        0x0 ..\obj\system_stm32f4xx.o
 .data          0x00000000       0x14 ..\obj\system_stm32f4xx.o
 .bss           0x00000000        0x0 ..\obj\system_stm32f4xx.o
 .text.SystemCoreClockUpdate
                0x00000000       0xfc ..\obj\system_stm32f4xx.o
 .text          0x00000000        0x0 ..\obj\queue.o
 .data          0x00000000        0x0 ..\obj\queue.o
 .bss           0x00000000        0x0 ..\obj\queue.o
 .text.prvInitialiseMutex
                0x00000000       0x34 ..\obj\queue.o
 .text.xQueueCreateMutex
                0x00000000       0x30 ..\obj\queue.o
 .text.xQueueGiveMutexRecursive
                0x00000000       0x68 ..\obj\queue.o
 .text.xQueueTakeMutexRecursive
                0x00000000       0x70 ..\obj\queue.o
 .text.xQueueCreateCountingSemaphore
                0x00000000       0x64 ..\obj\queue.o
 .text.xQueueGiveFromISR
                0x00000000      0x114 ..\obj\queue.o
 .text.xQueueReceiveFromISR
                0x00000000       0xfc ..\obj\queue.o
 .text.xQueuePeekFromISR
                0x00000000       0xcc ..\obj\queue.o
 .text.uxQueueMessagesWaiting
                0x00000000       0x3c ..\obj\queue.o
 .text.uxQueueSpacesAvailable
                0x00000000       0x44 ..\obj\queue.o
 .text.uxQueueMessagesWaitingFromISR
                0x00000000       0x38 ..\obj\queue.o
 .text.vQueueDelete
                0x00000000       0x3c ..\obj\queue.o
 .text.uxQueueGetQueueNumber
                0x00000000       0x18 ..\obj\queue.o
 .text.vQueueSetQueueNumber
                0x00000000       0x1c ..\obj\queue.o
 .text.ucQueueGetQueueType
                0x00000000       0x1c ..\obj\queue.o
 .text.xQueueIsQueueEmptyFromISR
                0x00000000       0x44 ..\obj\queue.o
 .text.xQueueIsQueueFullFromISR
                0x00000000       0x48 ..\obj\queue.o
 .text.pcQueueGetName
                0x00000000       0x4c ..\obj\queue.o
 .text.vQueueUnregisterQueue
                0x00000000       0x54 ..\obj\queue.o
 .text          0x00000000        0x0 ..\obj\port.o
 .rodata        0x00000000        0x4 ..\obj\port.o
 .text.vPortEndScheduler
                0x00000000       0x34 ..\obj\port.o
 .text          0x00000000        0x0 ..\obj\ff.o
 .data          0x00000000        0x0 ..\obj\ff.o
 .text.dir_remove
                0x00000000       0x54 ..\obj\ff.o
 .text.f_write  0x00000000      0x2d4 ..\obj\ff.o
 .text.f_lseek  0x00000000      0x268 ..\obj\ff.o
 .text.f_stat   0x00000000       0x74 ..\obj\ff.o
 .text.f_getfree
                0x00000000      0x188 ..\obj\ff.o
 .text.f_truncate
                0x00000000      0x148 ..\obj\ff.o
 .text.f_unlink
                0x00000000      0x154 ..\obj\ff.o
 .text.f_mkdir  0x00000000      0x23c ..\obj\ff.o
 .text.f_chmod  0x00000000       0xac ..\obj\ff.o
 .text.f_utime  0x00000000       0xb4 ..\obj\ff.o
 .text.f_rename
                0x00000000      0x1b4 ..\obj\ff.o
 .text          0x00000000        0x0 ..\obj\croutine.o
 .data          0x00000000        0x0 ..\obj\croutine.o
 .bss           0x00000000        0x0 ..\obj\croutine.o
 .debug_info    0x00000000       0x75 ..\obj\croutine.o
 .debug_abbrev  0x00000000       0x24 ..\obj\croutine.o
 .debug_aranges
                0x00000000       0x18 ..\obj\croutine.o
 .debug_line    0x00000000       0x1d ..\obj\croutine.o
 .debug_str     0x00000000      0x189 ..\obj\croutine.o
 .comment       0x00000000       0x6f ..\obj\croutine.o
 .ARM.attributes
                0x00000000       0x39 ..\obj\croutine.o
 .text          0x00000000        0x0 ..\obj\stm32f4xx_spi.o
 .data          0x00000000        0x0 ..\obj\stm32f4xx_spi.o
 .bss           0x00000000        0x0 ..\obj\stm32f4xx_spi.o
 .text.SPI_StructInit
                0x00000000       0x4c ..\obj\stm32f4xx_spi.o
 .text.I2S_StructInit
                0x00000000       0x38 ..\obj\stm32f4xx_spi.o
 .text.SPI_DataSizeConfig
                0x00000000       0x38 ..\obj\stm32f4xx_spi.o
 .text.SPI_BiDirectionalLineConfig
                0x00000000       0x44 ..\obj\stm32f4xx_spi.o
 .text.SPI_NSSInternalSoftwareConfig
                0x00000000       0x44 ..\obj\stm32f4xx_spi.o
 .text.SPI_SSOutputCmd
                0x00000000       0x40 ..\obj\stm32f4xx_spi.o
 .text.SPI_TIModeCmd
                0x00000000       0x40 ..\obj\stm32f4xx_spi.o
 .text.I2S_FullDuplexConfig
                0x00000000       0x9c ..\obj\stm32f4xx_spi.o
 .text.SPI_I2S_ReceiveData
                0x00000000       0x1c ..\obj\stm32f4xx_spi.o
 .text.SPI_CalculateCRC
                0x00000000       0x40 ..\obj\stm32f4xx_spi.o
 .text.SPI_TransmitCRC
                0x00000000       0x24 ..\obj\stm32f4xx_spi.o
 .text.SPI_GetCRC
                0x00000000       0x34 ..\obj\stm32f4xx_spi.o
 .text.SPI_GetCRCPolynomial
                0x00000000       0x1c ..\obj\stm32f4xx_spi.o
 .text.SPI_I2S_DMACmd
                0x00000000       0x48 ..\obj\stm32f4xx_spi.o
 .text.SPI_I2S_ClearFlag
                0x00000000       0x24 ..\obj\stm32f4xx_spi.o
 .text          0x00000000        0x0 ..\obj\event_groups.o
 .data          0x00000000        0x0 ..\obj\event_groups.o
 .bss           0x00000000        0x0 ..\obj\event_groups.o
 .text.xEventGroupCreate
                0x00000000       0x30 ..\obj\event_groups.o
 .text.xEventGroupSync
                0x00000000      0x154 ..\obj\event_groups.o
 .text.xEventGroupWaitBits
                0x00000000      0x190 ..\obj\event_groups.o
 .text.xEventGroupClearBits
                0x00000000       0x6c ..\obj\event_groups.o
 .text.xEventGroupGetBitsFromISR
                0x00000000       0x48 ..\obj\event_groups.o
 .text.xEventGroupSetBits
                0x00000000      0x114 ..\obj\event_groups.o
 .text.vEventGroupDelete
                0x00000000       0x60 ..\obj\event_groups.o
 .text.vEventGroupSetBitsCallback
                0x00000000       0x1c ..\obj\event_groups.o
 .text.vEventGroupClearBitsCallback
                0x00000000       0x1c ..\obj\event_groups.o
 .text.prvTestWaitCondition
                0x00000000       0x44 ..\obj\event_groups.o
 .text.uxEventGroupGetNumber
                0x00000000       0x2c ..\obj\event_groups.o
 .debug_info    0x00000000      0x8c5 ..\obj\event_groups.o
 .debug_abbrev  0x00000000      0x1f2 ..\obj\event_groups.o
 .debug_aranges
                0x00000000       0x70 ..\obj\event_groups.o
 .debug_ranges  0x00000000       0x60 ..\obj\event_groups.o
 .debug_line    0x00000000      0x3f2 ..\obj\event_groups.o
 .debug_str     0x00000000      0x58d ..\obj\event_groups.o
 .comment       0x00000000       0x6f ..\obj\event_groups.o
 .debug_frame   0x00000000      0x1a8 ..\obj\event_groups.o
 .ARM.attributes
                0x00000000       0x39 ..\obj\event_groups.o
 .text          0x00000000        0x0 ..\obj\stm32f4xx_i2c.o
 .data          0x00000000        0x0 ..\obj\stm32f4xx_i2c.o
 .bss           0x00000000        0x0 ..\obj\stm32f4xx_i2c.o
 .text.I2C_StructInit
                0x00000000       0x40 ..\obj\stm32f4xx_i2c.o
 .text.I2C_OwnAddress2Config
                0x00000000       0x44 ..\obj\stm32f4xx_i2c.o
 .text.I2C_DualAddressCmd
                0x00000000       0x40 ..\obj\stm32f4xx_i2c.o
 .text.I2C_GeneralCallCmd
                0x00000000       0x40 ..\obj\stm32f4xx_i2c.o
 .text.I2C_SoftwareResetCmd
                0x00000000       0x44 ..\obj\stm32f4xx_i2c.o
 .text.I2C_StretchClockCmd
                0x00000000       0x40 ..\obj\stm32f4xx_i2c.o
 .text.I2C_FastModeDutyCycleConfig
                0x00000000       0x44 ..\obj\stm32f4xx_i2c.o
 .text.I2C_NACKPositionConfig
                0x00000000       0x44 ..\obj\stm32f4xx_i2c.o
 .text.I2C_SMBusAlertConfig
                0x00000000       0x44 ..\obj\stm32f4xx_i2c.o
 .text.I2C_ARPCmd
                0x00000000       0x40 ..\obj\stm32f4xx_i2c.o
 .text.I2C_TransmitPEC
                0x00000000       0x40 ..\obj\stm32f4xx_i2c.o
 .text.I2C_PECPositionConfig
                0x00000000       0x44 ..\obj\stm32f4xx_i2c.o
 .text.I2C_CalculatePEC
                0x00000000       0x40 ..\obj\stm32f4xx_i2c.o
 .text.I2C_GetPEC
                0x00000000       0x20 ..\obj\stm32f4xx_i2c.o
 .text.I2C_DMACmd
                0x00000000       0x40 ..\obj\stm32f4xx_i2c.o
 .text.I2C_DMALastTransferCmd
                0x00000000       0x40 ..\obj\stm32f4xx_i2c.o
 .text.I2C_ReadRegister
                0x00000000       0x30 ..\obj\stm32f4xx_i2c.o
 .text.I2C_ITConfig
                0x00000000       0x48 ..\obj\stm32f4xx_i2c.o
 .text.I2C_GetLastEvent
                0x00000000       0x44 ..\obj\stm32f4xx_i2c.o
 .text.I2C_ClearFlag
                0x00000000       0x30 ..\obj\stm32f4xx_i2c.o
 .text.I2C_GetITStatus
                0x00000000       0x5c ..\obj\stm32f4xx_i2c.o
 .text.I2C_ClearITPendingBit
                0x00000000       0x30 ..\obj\stm32f4xx_i2c.o
 .text          0x00000000        0x0 ..\obj\stm32f4xx_exti.o
 .data          0x00000000        0x0 ..\obj\stm32f4xx_exti.o
 .bss           0x00000000        0x0 ..\obj\stm32f4xx_exti.o
 .text.EXTI_DeInit
                0x00000000       0x34 ..\obj\stm32f4xx_exti.o
 .text.EXTI_Init
                0x00000000       0xe4 ..\obj\stm32f4xx_exti.o
 .text.EXTI_StructInit
                0x00000000       0x2c ..\obj\stm32f4xx_exti.o
 .text.EXTI_GenerateSWInterrupt
                0x00000000       0x24 ..\obj\stm32f4xx_exti.o
 .text.EXTI_GetFlagStatus
                0x00000000       0x34 ..\obj\stm32f4xx_exti.o
 .text.EXTI_ClearFlag
                0x00000000       0x20 ..\obj\stm32f4xx_exti.o
 .text.EXTI_GetITStatus
                0x00000000       0x48 ..\obj\stm32f4xx_exti.o
 .text.EXTI_ClearITPendingBit
                0x00000000       0x20 ..\obj\stm32f4xx_exti.o
 .debug_info    0x00000000      0x357 ..\obj\stm32f4xx_exti.o
 .debug_abbrev  0x00000000      0x1a9 ..\obj\stm32f4xx_exti.o
 .debug_aranges
                0x00000000       0x58 ..\obj\stm32f4xx_exti.o
 .debug_ranges  0x00000000       0x48 ..\obj\stm32f4xx_exti.o
 .debug_line    0x00000000      0x301 ..\obj\stm32f4xx_exti.o
 .debug_str     0x00000000      0x38c ..\obj\stm32f4xx_exti.o
 .comment       0x00000000       0x6f ..\obj\stm32f4xx_exti.o
 .debug_frame   0x00000000      0x148 ..\obj\stm32f4xx_exti.o
 .ARM.attributes
                0x00000000       0x39 ..\obj\stm32f4xx_exti.o
 .text          0x00000000        0x0 ..\obj\misc.o
 .data          0x00000000        0x0 ..\obj\misc.o
 .bss           0x00000000        0x0 ..\obj\misc.o
 .text.NVIC_PriorityGroupConfig
                0x00000000       0x28 ..\obj\misc.o
 .text.NVIC_SetVectorTable
                0x00000000       0x2c ..\obj\misc.o
 .text.NVIC_SystemLPConfig
                0x00000000       0x44 ..\obj\misc.o
 .text.SysTick_CLKSourceConfig
                0x00000000       0x38 ..\obj\misc.o
 .text          0x00000000        0x0 ..\obj\heap_2.o
 .rodata        0x00000000        0x2 ..\obj\heap_2.o
 .text.xPortGetFreeHeapSize
                0x00000000       0x18 ..\obj\heap_2.o
 .text.vPortInitialiseBlocks
                0x00000000       0x10 ..\obj\heap_2.o
 .text          0x00000000        0x0 ..\obj\controller.o
 .bss           0x00000000        0x0 ..\obj\controller.o
 .text          0x00000000        0x0 ..\obj\stm32f4xx_tim.o
 .data          0x00000000        0x0 ..\obj\stm32f4xx_tim.o
 .bss           0x00000000        0x0 ..\obj\stm32f4xx_tim.o
 .text.TIM_DeInit
                0x00000000      0x1c0 ..\obj\stm32f4xx_tim.o
 .text.TIM_TimeBaseStructInit
                0x00000000       0x34 ..\obj\stm32f4xx_tim.o
 .text.TIM_PrescalerConfig
                0x00000000       0x28 ..\obj\stm32f4xx_tim.o
 .text.TIM_CounterModeConfig
                0x00000000       0x38 ..\obj\stm32f4xx_tim.o
 .text.TIM_SetCounter
                0x00000000       0x1c ..\obj\stm32f4xx_tim.o
 .text.TIM_SetAutoreload
                0x00000000       0x1c ..\obj\stm32f4xx_tim.o
 .text.TIM_GetCounter
                0x00000000       0x18 ..\obj\stm32f4xx_tim.o
 .text.TIM_GetPrescaler
                0x00000000       0x1c ..\obj\stm32f4xx_tim.o
 .text.TIM_UpdateDisableConfig
                0x00000000       0x40 ..\obj\stm32f4xx_tim.o
 .text.TIM_UpdateRequestConfig
                0x00000000       0x40 ..\obj\stm32f4xx_tim.o
 .text.TIM_ARRPreloadConfig
                0x00000000       0x40 ..\obj\stm32f4xx_tim.o
 .text.TIM_SelectOnePulseMode
                0x00000000       0x38 ..\obj\stm32f4xx_tim.o
 .text.TIM_SetClockDivision
                0x00000000       0x38 ..\obj\stm32f4xx_tim.o
 .text.TIM_OC1Init
                0x00000000       0xf4 ..\obj\stm32f4xx_tim.o
 .text.TIM_OC2Init
                0x00000000      0x110 ..\obj\stm32f4xx_tim.o
 .text.TIM_OC3Init
                0x00000000      0x10c ..\obj\stm32f4xx_tim.o
 .text.TIM_OC4Init
                0x00000000       0xd0 ..\obj\stm32f4xx_tim.o
 .text.TIM_OCStructInit
                0x00000000       0x44 ..\obj\stm32f4xx_tim.o
 .text.TIM_SelectOCxM
                0x00000000       0xb4 ..\obj\stm32f4xx_tim.o
 .text.TIM_SetCompare1
                0x00000000       0x1c ..\obj\stm32f4xx_tim.o
 .text.TIM_SetCompare2
                0x00000000       0x1c ..\obj\stm32f4xx_tim.o
 .text.TIM_SetCompare3
                0x00000000       0x1c ..\obj\stm32f4xx_tim.o
 .text.TIM_SetCompare4
                0x00000000       0x1c ..\obj\stm32f4xx_tim.o
 .text.TIM_ForcedOC1Config
                0x00000000       0x38 ..\obj\stm32f4xx_tim.o
 .text.TIM_ForcedOC2Config
                0x00000000       0x3c ..\obj\stm32f4xx_tim.o
 .text.TIM_ForcedOC3Config
                0x00000000       0x38 ..\obj\stm32f4xx_tim.o
 .text.TIM_ForcedOC4Config
                0x00000000       0x3c ..\obj\stm32f4xx_tim.o
 .text.TIM_OC1PreloadConfig
                0x00000000       0x38 ..\obj\stm32f4xx_tim.o
 .text.TIM_OC2PreloadConfig
                0x00000000       0x3c ..\obj\stm32f4xx_tim.o
 .text.TIM_OC3PreloadConfig
                0x00000000       0x38 ..\obj\stm32f4xx_tim.o
 .text.TIM_OC4PreloadConfig
                0x00000000       0x3c ..\obj\stm32f4xx_tim.o
 .text.TIM_OC1FastConfig
                0x00000000       0x38 ..\obj\stm32f4xx_tim.o
 .text.TIM_OC2FastConfig
                0x00000000       0x3c ..\obj\stm32f4xx_tim.o
 .text.TIM_OC3FastConfig
                0x00000000       0x38 ..\obj\stm32f4xx_tim.o
 .text.TIM_OC4FastConfig
                0x00000000       0x3c ..\obj\stm32f4xx_tim.o
 .text.TIM_ClearOC1Ref
                0x00000000       0x38 ..\obj\stm32f4xx_tim.o
 .text.TIM_ClearOC2Ref
                0x00000000       0x3c ..\obj\stm32f4xx_tim.o
 .text.TIM_ClearOC3Ref
                0x00000000       0x38 ..\obj\stm32f4xx_tim.o
 .text.TIM_ClearOC4Ref
                0x00000000       0x3c ..\obj\stm32f4xx_tim.o
 .text.TIM_OC1PolarityConfig
                0x00000000       0x38 ..\obj\stm32f4xx_tim.o
 .text.TIM_OC1NPolarityConfig
                0x00000000       0x38 ..\obj\stm32f4xx_tim.o
 .text.TIM_OC2PolarityConfig
                0x00000000       0x3c ..\obj\stm32f4xx_tim.o
 .text.TIM_OC2NPolarityConfig
                0x00000000       0x3c ..\obj\stm32f4xx_tim.o
 .text.TIM_OC3PolarityConfig
                0x00000000       0x3c ..\obj\stm32f4xx_tim.o
 .text.TIM_OC3NPolarityConfig
                0x00000000       0x3c ..\obj\stm32f4xx_tim.o
 .text.TIM_OC4PolarityConfig
                0x00000000       0x3c ..\obj\stm32f4xx_tim.o
 .text.TIM_CCxCmd
                0x00000000       0x5c ..\obj\stm32f4xx_tim.o
 .text.TIM_CCxNCmd
                0x00000000       0x5c ..\obj\stm32f4xx_tim.o
 .text.TIM_ICInit
                0x00000000       0xa8 ..\obj\stm32f4xx_tim.o
 .text.TIM_ICStructInit
                0x00000000       0x34 ..\obj\stm32f4xx_tim.o
 .text.TIM_PWMIConfig
                0x00000000       0xb8 ..\obj\stm32f4xx_tim.o
 .text.TIM_GetCapture1
                0x00000000       0x18 ..\obj\stm32f4xx_tim.o
 .text.TIM_GetCapture2
                0x00000000       0x18 ..\obj\stm32f4xx_tim.o
 .text.TIM_GetCapture3
                0x00000000       0x18 ..\obj\stm32f4xx_tim.o
 .text.TIM_GetCapture4
                0x00000000       0x18 ..\obj\stm32f4xx_tim.o
 .text.TIM_SetIC1Prescaler
                0x00000000       0x38 ..\obj\stm32f4xx_tim.o
 .text.TIM_SetIC2Prescaler
                0x00000000       0x3c ..\obj\stm32f4xx_tim.o
 .text.TIM_SetIC3Prescaler
                0x00000000       0x38 ..\obj\stm32f4xx_tim.o
 .text.TIM_SetIC4Prescaler
                0x00000000       0x3c ..\obj\stm32f4xx_tim.o
 .text.TIM_BDTRConfig
                0x00000000       0x50 ..\obj\stm32f4xx_tim.o
 .text.TIM_BDTRStructInit
                0x00000000       0x40 ..\obj\stm32f4xx_tim.o
 .text.TIM_CtrlPWMOutputs
                0x00000000       0x4c ..\obj\stm32f4xx_tim.o
 .text.TIM_SelectCOM
                0x00000000       0x40 ..\obj\stm32f4xx_tim.o
 .text.TIM_CCPreloadControl
                0x00000000       0x40 ..\obj\stm32f4xx_tim.o
 .text.TIM_GenerateEvent
                0x00000000       0x20 ..\obj\stm32f4xx_tim.o
 .text.TIM_GetFlagStatus
                0x00000000       0x38 ..\obj\stm32f4xx_tim.o
 .text.TIM_ClearFlag
                0x00000000       0x24 ..\obj\stm32f4xx_tim.o
 .text.TIM_DMAConfig
                0x00000000       0x2c ..\obj\stm32f4xx_tim.o
 .text.TIM_DMACmd
                0x00000000       0x48 ..\obj\stm32f4xx_tim.o
 .text.TIM_SelectCCDMA
                0x00000000       0x40 ..\obj\stm32f4xx_tim.o
 .text.TIM_InternalClockConfig
                0x00000000       0x24 ..\obj\stm32f4xx_tim.o
 .text.TIM_ITRxExternalClockConfig
                0x00000000       0x30 ..\obj\stm32f4xx_tim.o
 .text.TIM_TIxExternalClockConfig
                0x00000000       0x5c ..\obj\stm32f4xx_tim.o
 .text.TIM_ETRClockMode1Config
                0x00000000       0x60 ..\obj\stm32f4xx_tim.o
 .text.TIM_ETRClockMode2Config
                0x00000000       0x40 ..\obj\stm32f4xx_tim.o
 .text.TIM_SelectInputTrigger
                0x00000000       0x38 ..\obj\stm32f4xx_tim.o
 .text.TIM_SelectOutputTrigger
                0x00000000       0x38 ..\obj\stm32f4xx_tim.o
 .text.TIM_SelectSlaveMode
                0x00000000       0x38 ..\obj\stm32f4xx_tim.o
 .text.TIM_SelectMasterSlaveMode
                0x00000000       0x38 ..\obj\stm32f4xx_tim.o
 .text.TIM_ETRConfig
                0x00000000       0x54 ..\obj\stm32f4xx_tim.o
 .text.TIM_EncoderInterfaceConfig
                0x00000000       0x98 ..\obj\stm32f4xx_tim.o
 .text.TIM_SelectHallSensor
                0x00000000       0x40 ..\obj\stm32f4xx_tim.o
 .text.TIM_RemapConfig
                0x00000000       0x20 ..\obj\stm32f4xx_tim.o
 .text.TI1_Config
                0x00000000       0x88 ..\obj\stm32f4xx_tim.o
 .text.TI2_Config
                0x00000000       0x9c ..\obj\stm32f4xx_tim.o
 .text.TI3_Config
                0x00000000       0x90 ..\obj\stm32f4xx_tim.o
 .text.TI4_Config
                0x00000000       0xa0 ..\obj\stm32f4xx_tim.o
 .text          0x00000000        0x0 ..\obj\fatfs_diskio_sdcard_spi.o
 .bss           0x00000000        0x0 ..\obj\fatfs_diskio_sdcard_spi.o
 .text.crc7     0x00000000       0x48 ..\obj\fatfs_diskio_sdcard_spi.o
 .text.ff_convert
                0x00000000       0x1c ..\obj\fatfs_diskio_sdcard_spi.o
 .text.ff_wtoupper
                0x00000000       0x18 ..\obj\fatfs_diskio_sdcard_spi.o
 .data          0x00000000        0x0 c:/program files (x86)/gnu tools arm embedded/5.2 2015q4/bin/../lib/gcc/arm-none-eabi/5.2.1/../../../../arm-none-eabi/lib/armv7e-m/fpu\libg.a(lib_a-memcpy.o)
 .bss           0x00000000        0x0 c:/program files (x86)/gnu tools arm embedded/5.2 2015q4/bin/../lib/gcc/arm-none-eabi/5.2.1/../../../../arm-none-eabi/lib/armv7e-m/fpu\libg.a(lib_a-memcpy.o)
 .text          0x00000000        0x0 c:/program files (x86)/gnu tools arm embedded/5.2 2015q4/bin/../lib/gcc/arm-none-eabi/5.2.1/../../../../arm-none-eabi/lib/armv7e-m/fpu\libg.a(lib_a-memset.o)
 .data          0x00000000        0x0 c:/program files (x86)/gnu tools arm embedded/5.2 2015q4/bin/../lib/gcc/arm-none-eabi/5.2.1/../../../../arm-none-eabi/lib/armv7e-m/fpu\libg.a(lib_a-memset.o)
 .bss           0x00000000        0x0 c:/program files (x86)/gnu tools arm embedded/5.2 2015q4/bin/../lib/gcc/arm-none-eabi/5.2.1/../../../../arm-none-eabi/lib/armv7e-m/fpu\libg.a(lib_a-memset.o)
 .text          0x00000000        0x0 c:/program files (x86)/gnu tools arm embedded/5.2 2015q4/bin/../lib/gcc/arm-none-eabi/5.2.1/../../../../arm-none-eabi/lib/armv7e-m/fpu\libg.a(lib_a-strcat.o)
 .data          0x00000000        0x0 c:/program files (x86)/gnu tools arm embedded/5.2 2015q4/bin/../lib/gcc/arm-none-eabi/5.2.1/../../../../arm-none-eabi/lib/armv7e-m/fpu\libg.a(lib_a-strcat.o)
 .bss           0x00000000        0x0 c:/program files (x86)/gnu tools arm embedded/5.2 2015q4/bin/../lib/gcc/arm-none-eabi/5.2.1/../../../../arm-none-eabi/lib/armv7e-m/fpu\libg.a(lib_a-strcat.o)
 .text          0x00000000        0x0 c:/program files (x86)/gnu tools arm embedded/5.2 2015q4/bin/../lib/gcc/arm-none-eabi/5.2.1/../../../../arm-none-eabi/lib/armv7e-m/fpu\libg.a(lib_a-strcpy.o)
 .data          0x00000000        0x0 c:/program files (x86)/gnu tools arm embedded/5.2 2015q4/bin/../lib/gcc/arm-none-eabi/5.2.1/../../../../arm-none-eabi/lib/armv7e-m/fpu\libg.a(lib_a-strcpy.o)
 .bss           0x00000000        0x0 c:/program files (x86)/gnu tools arm embedded/5.2 2015q4/bin/../lib/gcc/arm-none-eabi/5.2.1/../../../../arm-none-eabi/lib/armv7e-m/fpu\libg.a(lib_a-strcpy.o)
 .data          0x00000000        0x0 c:/program files (x86)/gnu tools arm embedded/5.2 2015q4/bin/../lib/gcc/arm-none-eabi/5.2.1/../../../../arm-none-eabi/lib/armv7e-m/fpu\libg.a(lib_a-strlen.o)
 .bss           0x00000000        0x0 c:/program files (x86)/gnu tools arm embedded/5.2 2015q4/bin/../lib/gcc/arm-none-eabi/5.2.1/../../../../arm-none-eabi/lib/armv7e-m/fpu\libg.a(lib_a-strlen.o)

Memory Configuration

Name             Origin             Length             Attributes
rom              0x08000000         0x00100000         xr
ram              0x20000000         0x00020000         xrw
ram1             0x10000000         0x00010000         xrw
*default*        0x00000000         0xffffffff

Linker script and memory map

                0x20020000                _eram = 0x20020000

.text           0x08000000     0x8c35
 *(.isr_vector)
 .isr_vector    0x08000000      0x188 ..\obj\startup_stm32f4xx.o
                0x08000000                g_pfnVectors
 *(.text*)
 .text.ui_down_handler
                0x08000188       0x44 ..\obj\ui.o
                0x08000188                ui_down_handler
 .text.ui_up_handler
                0x080001cc       0x60 ..\obj\ui.o
                0x080001cc                ui_up_handler
 .text.ui_press_handler
                0x0800022c       0x28 ..\obj\ui.o
                0x0800022c                ui_press_handler
 .text.ui_scan_files
                0x08000254       0x8c ..\obj\ui.o
                0x08000254                ui_scan_files
 .text.int_to_str
                0x080002e0       0x84 ..\obj\ui.o
                0x080002e0                int_to_str
 .text.ui_display_update
                0x08000364       0xe8 ..\obj\ui.o
                0x08000364                ui_display_update
 .text.ui_init  0x0800044c       0x14 ..\obj\ui.o
                0x0800044c                ui_init
 .text.ui_task  0x08000460       0x10 ..\obj\ui.o
                0x08000460                ui_task
 .text.Default_Reset_Handler
                0x08000470       0x6c ..\obj\startup_stm32f4xx.o
                0x08000470                Default_Reset_Handler
                0x08000470                Reset_Handler
 .text.Default_Handler
                0x080004dc        0x8 ..\obj\startup_stm32f4xx.o
                0x080004dc                RTC_Alarm_IRQHandler
                0x080004dc                HASH_RNG_IRQHandler
                0x080004dc                EXTI2_IRQHandler
                0x080004dc                TIM8_CC_IRQHandler
                0x080004dc                DebugMon_Handler
                0x080004dc                TIM1_CC_IRQHandler
                0x080004dc                DMA2_Stream5_IRQHandler
                0x080004dc                HardFault_Handler
                0x080004dc                DMA1_Stream5_IRQHandler
                0x080004dc                PVD_IRQHandler
                0x080004dc                SDIO_IRQHandler
                0x080004dc                TAMP_STAMP_IRQHandler
                0x080004dc                NMI_Handler
                0x080004dc                CAN2_RX1_IRQHandler
                0x080004dc                EXTI3_IRQHandler
                0x080004dc                TIM8_TRG_COM_TIM14_IRQHandler
                0x080004dc                TIM1_UP_TIM10_IRQHandler
                0x080004dc                TIM8_UP_TIM13_IRQHandler
                0x080004dc                I2C3_ER_IRQHandler
                0x080004dc                EXTI0_IRQHandler
                0x080004dc                I2C2_EV_IRQHandler
                0x080004dc                DMA1_Stream2_IRQHandler
                0x080004dc                CAN1_RX0_IRQHandler
                0x080004dc                FPU_IRQHandler
                0x080004dc                OTG_HS_WKUP_IRQHandler
                0x080004dc                UsageFault_Handler
                0x080004dc                CAN2_SCE_IRQHandler
                0x080004dc                DMA2_Stream2_IRQHandler
                0x080004dc                SPI1_IRQHandler
                0x080004dc                TIM6_DAC_IRQHandler
                0x080004dc                TIM1_BRK_TIM9_IRQHandler
                0x080004dc                DCMI_IRQHandler
                0x080004dc                CAN2_RX0_IRQHandler
                0x080004dc                DMA2_Stream3_IRQHandler
                0x080004dc                USART6_IRQHandler
                0x080004dc                USART3_IRQHandler
                0x080004dc                CRYP_IRQHandler
                0x080004dc                CAN1_RX1_IRQHandler
                0x080004dc                UART5_IRQHandler
                0x080004dc                DMA2_Stream0_IRQHandler
                0x080004dc                TIM4_IRQHandler
                0x080004dc                I2C1_EV_IRQHandler
                0x080004dc                DMA1_Stream6_IRQHandler
                0x080004dc                DMA1_Stream1_IRQHandler
                0x080004dc                UART4_IRQHandler
                0x080004dc                TIM3_IRQHandler
                0x080004dc                RCC_IRQHandler
                0x080004dc                TIM8_BRK_TIM12_IRQHandler
                0x080004dc                EXTI15_10_IRQHandler
                0x080004dc                ADC_IRQHandler
                0x080004dc                DMA1_Stream7_IRQHandler
                0x080004dc                TIM7_IRQHandler
                0x080004dc                CAN2_TX_IRQHandler
                0x080004dc                TIM5_IRQHandler
                0x080004dc                DMA2_Stream7_IRQHandler
                0x080004dc                I2C3_EV_IRQHandler
                0x080004dc                EXTI9_5_IRQHandler
                0x080004dc                RTC_WKUP_IRQHandler
                0x080004dc                ETH_WKUP_IRQHandler
                0x080004dc                SPI2_IRQHandler
                0x080004dc                OTG_HS_EP1_IN_IRQHandler
                0x080004dc                MemManage_Handler
                0x080004dc                DMA1_Stream0_IRQHandler
                0x080004dc                CAN1_TX_IRQHandler
                0x080004dc                EXTI4_IRQHandler
                0x080004dc                FSMC_IRQHandler
                0x080004dc                ETH_IRQHandler
                0x080004dc                OTG_HS_EP1_OUT_IRQHandler
                0x080004dc                WWDG_IRQHandler
                0x080004dc                OTG_FS_WKUP_IRQHandler
                0x080004dc                TIM1_TRG_COM_TIM11_IRQHandler
                0x080004dc                OTG_HS_IRQHandler
                0x080004dc                EXTI1_IRQHandler
                0x080004dc                USART2_IRQHandler
                0x080004dc                I2C2_ER_IRQHandler
                0x080004dc                DMA2_Stream1_IRQHandler
                0x080004dc                CAN1_SCE_IRQHandler
                0x080004dc                FLASH_IRQHandler
                0x080004dc                DMA2_Stream4_IRQHandler
                0x080004dc                BusFault_Handler
                0x080004dc                USART1_IRQHandler
                0x080004dc                OTG_FS_IRQHandler
                0x080004dc                DMA1_Stream4_IRQHandler
                0x080004dc                I2C1_ER_IRQHandler
                0x080004dc                DMA2_Stream6_IRQHandler
                0x080004dc                DMA1_Stream3_IRQHandler
 .text.init_fs  0x080004e4       0x24 ..\obj\main.o
                0x080004e4                init_fs
 .text.main     0x08000508       0x78 ..\obj\main.o
                0x08000508                main
 .text.vApplicationIdleHook
                0x08000580       0x10 ..\obj\main.o
                0x08000580                vApplicationIdleHook
 .text.vApplicationMallocFailedHook
                0x08000590        0x8 ..\obj\main.o
                0x08000590                vApplicationMallocFailedHook
 .text.vApplicationStackOverflowHook
                0x08000598        0xc ..\obj\main.o
                0x08000598                vApplicationStackOverflowHook
 .text.vApplicationTickHook
                0x080005a4       0x10 ..\obj\main.o
                0x080005a4                vApplicationTickHook
 .text.RCC_PLLI2SCmd
                0x080005b4       0x20 ..\obj\stm32f4xx_rcc.o
                0x080005b4                RCC_PLLI2SCmd
 .text.RCC_GetClocksFreq
                0x080005d4      0x154 ..\obj\stm32f4xx_rcc.o
                0x080005d4                RCC_GetClocksFreq
 .text.RCC_AHB1PeriphClockCmd
                0x08000728       0x40 ..\obj\stm32f4xx_rcc.o
                0x08000728                RCC_AHB1PeriphClockCmd
 .text.RCC_APB1PeriphClockCmd
                0x08000768       0x40 ..\obj\stm32f4xx_rcc.o
                0x08000768                RCC_APB1PeriphClockCmd
 .text.RCC_APB2PeriphClockCmd
                0x080007a8       0x40 ..\obj\stm32f4xx_rcc.o
                0x080007a8                RCC_APB2PeriphClockCmd
 .text.RCC_APB1PeriphResetCmd
                0x080007e8       0x40 ..\obj\stm32f4xx_rcc.o
                0x080007e8                RCC_APB1PeriphResetCmd
 .text.RCC_APB2PeriphResetCmd
                0x08000828       0x40 ..\obj\stm32f4xx_rcc.o
                0x08000828                RCC_APB2PeriphResetCmd
 .text.codec_init
                0x08000868      0x170 ..\obj\codec.o
                0x08000868                codec_init
 .text.codec_ctrl_init
                0x080009d8      0x168 ..\obj\codec.o
                0x080009d8                codec_ctrl_init
 .text.send_codec_ctrl
                0x08000b40       0xb8 ..\obj\codec.o
                0x08000b40                send_codec_ctrl
 .text.read_codec_register
                0x08000bf8      0x104 ..\obj\codec.o
                0x08000bf8                read_codec_register
 .text.player_timer_init
                0x08000cfc       0x58 ..\obj\player.o
                0x08000cfc                player_timer_init
 .text.player_i2s_it_init
                0x08000d54       0x34 ..\obj\player.o
                0x08000d54                player_i2s_it_init
 .text.player_init
                0x08000d88       0x28 ..\obj\player.o
                0x08000d88                player_init
 .text.player_task
                0x08000db0       0x70 ..\obj\player.o
                0x08000db0                player_task
 .text.player_enable_periphery
                0x08000e20       0x20 ..\obj\player.o
                0x08000e20                player_enable_periphery
 .text.player_disable_periphery
                0x08000e40       0x14 ..\obj\player.o
                0x08000e40                player_disable_periphery
 .text.player_volume_set
                0x08000e54       0x3c ..\obj\player.o
                0x08000e54                player_volume_set
 .text.TIM2_IRQHandler
                0x08000e90      0x100 ..\obj\player.o
                0x08000e90                TIM2_IRQHandler
 .text.SPI3_IRQHandler
                0x08000f90       0x54 ..\obj\player.o
                0x08000f90                SPI3_IRQHandler
 .text.player_play
                0x08000fe4       0x40 ..\obj\player.o
                0x08000fe4                player_play
 .text.player_stop
                0x08001024       0x30 ..\obj\player.o
                0x08001024                player_stop
 .text.xTimerCreateTimerTask
                0x08001054       0x68 ..\obj\timers.o
                0x08001054                xTimerCreateTimerTask
 .text.xTimerGenericCommand
                0x080010bc       0x98 ..\obj\timers.o
                0x080010bc                xTimerGenericCommand
 .text.prvProcessExpiredTimer
                0x08001154       0x80 ..\obj\timers.o
 .text.prvTimerTask
                0x080011d4       0x24 ..\obj\timers.o
 .text.prvProcessTimerOrBlockTask
                0x080011f8       0x9c ..\obj\timers.o
 .text.prvGetNextExpireTime
                0x08001294       0x48 ..\obj\timers.o
 .text.prvSampleTimeNow
                0x080012dc       0x40 ..\obj\timers.o
 .text.prvInsertTimerInActiveList
                0x0800131c       0x84 ..\obj\timers.o
 .text.prvProcessReceivedCommands
                0x080013a0      0x124 ..\obj\timers.o
 .text.prvSwitchTimerLists
                0x080014c4       0xc0 ..\obj\timers.o
 .text.prvCheckForValidListAndQueue
                0x08001584       0x6c ..\obj\timers.o
 .text.display_set_pin
                0x080015f0       0x38 ..\obj\display.o
                0x080015f0                display_set_pin
 .text.display_gpio_spi_config
                0x08001628       0xb8 ..\obj\display.o
                0x08001628                display_gpio_spi_config
 .text.display_write_byte
                0x080016e0       0x54 ..\obj\display.o
                0x080016e0                display_write_byte
 .text.display_set_XY
                0x08001734       0x48 ..\obj\display.o
                0x08001734                display_set_XY
 .text.display_clear
                0x0800177c       0x34 ..\obj\display.o
                0x0800177c                display_clear
 .text.display_init
                0x080017b0       0x68 ..\obj\display.o
                0x080017b0                display_init
 .text.display_write_char
                0x08001818       0x48 ..\obj\display.o
                0x08001818                display_write_char
 .text.display_write_string
                0x08001860       0x28 ..\obj\display.o
                0x08001860                display_write_string
 .text.display_write_char_inverted
                0x08001888       0x4c ..\obj\display.o
                0x08001888                display_write_char_inverted
 .text.display_write_string_inverted
                0x080018d4       0x28 ..\obj\display.o
                0x080018d4                display_write_string_inverted
 .text.xTaskCreate
                0x080018fc       0x80 ..\obj\tasks.o
                0x080018fc                xTaskCreate
 .text.prvInitialiseNewTask
                0x0800197c      0x110 ..\obj\tasks.o
 .text.prvAddNewTaskToReadyList
                0x08001a8c       0xdc ..\obj\tasks.o
 .text.vTaskDelay
                0x08001b68       0x68 ..\obj\tasks.o
                0x08001b68                vTaskDelay
 .text.vTaskStartScheduler
                0x08001bd0       0x98 ..\obj\tasks.o
                0x08001bd0                vTaskStartScheduler
 .text.vTaskSuspendAll
                0x08001c68       0x1c ..\obj\tasks.o
                0x08001c68                vTaskSuspendAll
 .text.xTaskResumeAll
                0x08001c84      0x138 ..\obj\tasks.o
                0x08001c84                xTaskResumeAll
 .text.xTaskGetTickCount
                0x08001dbc       0x20 ..\obj\tasks.o
                0x08001dbc                xTaskGetTickCount
 .text.xTaskIncrementTick
                0x08001ddc      0x188 ..\obj\tasks.o
                0x08001ddc                xTaskIncrementTick
 .text.vTaskSwitchContext
                0x08001f64      0x100 ..\obj\tasks.o
                0x08001f64                vTaskSwitchContext
 .text.vTaskPlaceOnEventList
                0x08002064       0x48 ..\obj\tasks.o
                0x08002064                vTaskPlaceOnEventList
 .text.vTaskPlaceOnEventListRestricted
                0x080020ac       0x54 ..\obj\tasks.o
                0x080020ac                vTaskPlaceOnEventListRestricted
 .text.xTaskRemoveFromEventList
                0x08002100       0xc4 ..\obj\tasks.o
                0x08002100                xTaskRemoveFromEventList
 .text.vTaskSetTimeOutState
                0x080021c4       0x48 ..\obj\tasks.o
                0x080021c4                vTaskSetTimeOutState
 .text.xTaskCheckForTimeOut
                0x0800220c       0xbc ..\obj\tasks.o
                0x0800220c                xTaskCheckForTimeOut
 .text.vTaskMissedYield
                0x080022c8       0x18 ..\obj\tasks.o
                0x080022c8                vTaskMissedYield
 .text.prvIdleTask
                0x080022e0       0x34 ..\obj\tasks.o
 .text.prvInitialiseTaskLists
                0x08002314       0x80 ..\obj\tasks.o
 .text.prvCheckTasksWaitingTermination
                0x08002394       0x78 ..\obj\tasks.o
 .text.prvDeleteTCB
                0x0800240c       0x20 ..\obj\tasks.o
 .text.prvResetNextTaskUnblockTime
                0x0800242c       0x4c ..\obj\tasks.o
 .text.xTaskGetSchedulerState
                0x08002478       0x3c ..\obj\tasks.o
                0x08002478                xTaskGetSchedulerState
 .text.vTaskPriorityInherit
                0x080024b4       0xec ..\obj\tasks.o
                0x080024b4                vTaskPriorityInherit
 .text.xTaskPriorityDisinherit
                0x080025a0      0x108 ..\obj\tasks.o
                0x080025a0                xTaskPriorityDisinherit
 .text.pvTaskIncrementMutexHeldCount
                0x080026a8       0x28 ..\obj\tasks.o
                0x080026a8                pvTaskIncrementMutexHeldCount
 .text.prvAddCurrentTaskToDelayedList
                0x080026d0       0xcc ..\obj\tasks.o
 .text.GPIO_Init
                0x0800279c      0x11c ..\obj\stm32f4xx_gpio.o
                0x0800279c                GPIO_Init
 .text.GPIO_StructInit
                0x080028b8       0x34 ..\obj\stm32f4xx_gpio.o
                0x080028b8                GPIO_StructInit
 .text.GPIO_ReadInputDataBit
                0x080028ec       0x34 ..\obj\stm32f4xx_gpio.o
                0x080028ec                GPIO_ReadInputDataBit
 .text.GPIO_SetBits
                0x08002920       0x20 ..\obj\stm32f4xx_gpio.o
                0x08002920                GPIO_SetBits
 .text.GPIO_ResetBits
                0x08002940       0x20 ..\obj\stm32f4xx_gpio.o
                0x08002940                GPIO_ResetBits
 .text.GPIO_PinAFConfig
                0x08002960       0x94 ..\obj\stm32f4xx_gpio.o
                0x08002960                GPIO_PinAFConfig
 .text.vListInitialise
                0x080029f4       0x40 ..\obj\list.o
                0x080029f4                vListInitialise
 .text.vListInitialiseItem
                0x08002a34       0x1c ..\obj\list.o
                0x08002a34                vListInitialiseItem
 .text.vListInsertEnd
                0x08002a50       0x48 ..\obj\list.o
                0x08002a50                vListInsertEnd
 .text.vListInsert
                0x08002a98       0x74 ..\obj\list.o
                0x08002a98                vListInsert
 .text.uxListRemove
                0x08002b0c       0x54 ..\obj\list.o
                0x08002b0c                uxListRemove
 .text.SystemInit
                0x08002b60       0x6c ..\obj\system_stm32f4xx.o
                0x08002b60                SystemInit
 .text.SetSysClock
                0x08002bcc       0xf8 ..\obj\system_stm32f4xx.o
 .text.xQueueGenericReset
                0x08002cc4       0xd0 ..\obj\queue.o
                0x08002cc4                xQueueGenericReset
 .text.xQueueGenericCreate
                0x08002d94       0x74 ..\obj\queue.o
                0x08002d94                xQueueGenericCreate
 .text.prvInitialiseNewQueue
                0x08002e08       0x48 ..\obj\queue.o
 .text.xQueueGenericSend
                0x08002e50      0x1f8 ..\obj\queue.o
                0x08002e50                xQueueGenericSend
 .text.xQueueGenericSendFromISR
                0x08003048      0x128 ..\obj\queue.o
                0x08003048                xQueueGenericSendFromISR
 .text.xQueueGenericReceive
                0x08003170      0x228 ..\obj\queue.o
                0x08003170                xQueueGenericReceive
 .text.prvCopyDataToQueue
                0x08003398       0xd4 ..\obj\queue.o
 .text.prvCopyDataFromQueue
                0x0800346c       0x4c ..\obj\queue.o
 .text.prvUnlockQueue
                0x080034b8       0xa4 ..\obj\queue.o
 .text.prvIsQueueEmpty
                0x0800355c       0x2c ..\obj\queue.o
 .text.prvIsQueueFull
                0x08003588       0x30 ..\obj\queue.o
 .text.vQueueAddToRegistry
                0x080035b8       0x50 ..\obj\queue.o
                0x080035b8                vQueueAddToRegistry
 .text.vQueueWaitForMessageRestricted
                0x08003608       0x6c ..\obj\queue.o
                0x08003608                vQueueWaitForMessageRestricted
 .text.pxPortInitialiseStack
                0x08003674       0x64 ..\obj\port.o
                0x08003674                pxPortInitialiseStack
 .text.prvTaskExitError
                0x080036d8       0x3c ..\obj\port.o
 *fill*         0x08003714        0xc 
 .text.SVC_Handler
                0x08003720       0x28 ..\obj\port.o
                0x08003720                SVC_Handler
 .text.prvPortStartFirstTask
                0x08003748       0x20 ..\obj\port.o
 .text.xPortStartScheduler
                0x08003768      0x118 ..\obj\port.o
                0x08003768                xPortStartScheduler
 .text.vPortEnterCritical
                0x08003880       0x5c ..\obj\port.o
                0x08003880                vPortEnterCritical
 .text.vPortExitCritical
                0x080038dc       0x50 ..\obj\port.o
                0x080038dc                vPortExitCritical
 *fill*         0x0800392c        0x4 
 .text.PendSV_Handler
                0x08003930       0x68 ..\obj\port.o
                0x08003930                PendSV_Handler
 .text.SysTick_Handler
                0x08003998       0x40 ..\obj\port.o
                0x08003998                SysTick_Handler
 .text.vPortSetupTimerInterrupt
                0x080039d8       0x28 ..\obj\port.o
                0x080039d8                vPortSetupTimerInterrupt
 .text.vPortEnableVFP
                0x08003a00       0x14 ..\obj\port.o
 .text.vPortValidateInterruptPriority
                0x08003a14       0x7c ..\obj\port.o
                0x08003a14                vPortValidateInterruptPriority
 .text.mem_cpy  0x08003a90       0x3c ..\obj\ff.o
 .text.mem_set  0x08003acc       0x34 ..\obj\ff.o
 .text.mem_cmp  0x08003b00       0x50 ..\obj\ff.o
 .text.chk_chr  0x08003b50       0x38 ..\obj\ff.o
 .text.sync_window
                0x08003b88       0x84 ..\obj\ff.o
 .text.move_window
                0x08003c0c       0x50 ..\obj\ff.o
 .text.sync_fs  0x08003c5c      0x13c ..\obj\ff.o
 .text.clust2sect
                0x08003d98       0x40 ..\obj\ff.o
                0x08003d98                clust2sect
 .text.get_fat  0x08003dd8      0x160 ..\obj\ff.o
                0x08003dd8                get_fat
 .text.put_fat  0x08003f38      0x1fc ..\obj\ff.o
                0x08003f38                put_fat
 .text.remove_chain
                0x08004134       0xa8 ..\obj\ff.o
 .text.create_chain
                0x080041dc      0x11c ..\obj\ff.o
 .text.dir_sdi  0x080042f8      0x104 ..\obj\ff.o
 .text.dir_next
                0x080043fc      0x1a4 ..\obj\ff.o
 .text.dir_alloc
                0x080045a0       0x8c ..\obj\ff.o
 .text.ld_clust
                0x0800462c       0x5c ..\obj\ff.o
 .text.st_clust
                0x08004688       0x48 ..\obj\ff.o
 .text.dir_find
                0x080046d0       0x98 ..\obj\ff.o
 .text.dir_read
                0x08004768       0xb0 ..\obj\ff.o
 .text.dir_register
                0x08004818       0x64 ..\obj\ff.o
 .text.create_name
                0x0800487c      0x234 ..\obj\ff.o
 .text.get_fileinfo
                0x08004ab0       0xe0 ..\obj\ff.o
 .text.get_ldnumber
                0x08004b90       0x5c ..\obj\ff.o
 .text.follow_path
                0x08004bec       0xd0 ..\obj\ff.o
 .text.check_fs
                0x08004cbc       0xd4 ..\obj\ff.o
 .text.find_volume
                0x08004d90      0x564 ..\obj\ff.o
 .text.validate
                0x080052f4       0x5c ..\obj\ff.o
 .text.f_mount  0x08005350       0x84 ..\obj\ff.o
                0x08005350                f_mount
 .text.f_open   0x080053d4      0x27c ..\obj\ff.o
                0x080053d4                f_open
 .text.f_read   0x08005650      0x270 ..\obj\ff.o
                0x08005650                f_read
 .text.f_sync   0x080058c0      0x148 ..\obj\ff.o
                0x080058c0                f_sync
 .text.f_close  0x08005a08       0x28 ..\obj\ff.o
                0x08005a08                f_close
 .text.f_opendir
                0x08005a30       0xbc ..\obj\ff.o
                0x08005a30                f_opendir
 .text.f_closedir
                0x08005aec       0x28 ..\obj\ff.o
                0x08005aec                f_closedir
 .text.f_readdir
                0x08005b14       0x88 ..\obj\ff.o
                0x08005b14                f_readdir
 .text.SPI_I2S_DeInit
                0x08005b9c       0x74 ..\obj\stm32f4xx_spi.o
                0x08005b9c                SPI_I2S_DeInit
 .text.SPI_Init
                0x08005c10       0x88 ..\obj\stm32f4xx_spi.o
                0x08005c10                SPI_Init
 .text.I2S_Init
                0x08005c98      0x1b4 ..\obj\stm32f4xx_spi.o
                0x08005c98                I2S_Init
 .text.SPI_Cmd  0x08005e4c       0x40 ..\obj\stm32f4xx_spi.o
                0x08005e4c                SPI_Cmd
 .text.I2S_Cmd  0x08005e8c       0x40 ..\obj\stm32f4xx_spi.o
                0x08005e8c                I2S_Cmd
 .text.SPI_I2S_SendData
                0x08005ecc       0x20 ..\obj\stm32f4xx_spi.o
                0x08005ecc                SPI_I2S_SendData
 .text.SPI_I2S_ITConfig
                0x08005eec       0x64 ..\obj\stm32f4xx_spi.o
                0x08005eec                SPI_I2S_ITConfig
 .text.SPI_I2S_GetFlagStatus
                0x08005f50       0x38 ..\obj\stm32f4xx_spi.o
                0x08005f50                SPI_I2S_GetFlagStatus
 .text.SPI_I2S_GetITStatus
                0x08005f88       0x78 ..\obj\stm32f4xx_spi.o
                0x08005f88                SPI_I2S_GetITStatus
 .text.SPI_I2S_ClearITPendingBit
                0x08006000       0x34 ..\obj\stm32f4xx_spi.o
                0x08006000                SPI_I2S_ClearITPendingBit
 .text.I2C_DeInit
                0x08006034       0x74 ..\obj\stm32f4xx_i2c.o
                0x08006034                I2C_DeInit
 .text.I2C_Init
                0x080060a8      0x184 ..\obj\stm32f4xx_i2c.o
                0x080060a8                I2C_Init
 .text.I2C_Cmd  0x0800622c       0x40 ..\obj\stm32f4xx_i2c.o
                0x0800622c                I2C_Cmd
 .text.I2C_GenerateSTART
                0x0800626c       0x40 ..\obj\stm32f4xx_i2c.o
                0x0800626c                I2C_GenerateSTART
 .text.I2C_GenerateSTOP
                0x080062ac       0x40 ..\obj\stm32f4xx_i2c.o
                0x080062ac                I2C_GenerateSTOP
 .text.I2C_Send7bitAddress
                0x080062ec       0x3c ..\obj\stm32f4xx_i2c.o
                0x080062ec                I2C_Send7bitAddress
 .text.I2C_AcknowledgeConfig
                0x08006328       0x40 ..\obj\stm32f4xx_i2c.o
                0x08006328                I2C_AcknowledgeConfig
 .text.I2C_SendData
                0x08006368       0x20 ..\obj\stm32f4xx_i2c.o
                0x08006368                I2C_SendData
 .text.I2C_ReceiveData
                0x08006388       0x1c ..\obj\stm32f4xx_i2c.o
                0x08006388                I2C_ReceiveData
 .text.I2C_CheckEvent
                0x080063a4       0x60 ..\obj\stm32f4xx_i2c.o
                0x080063a4                I2C_CheckEvent
 .text.I2C_GetFlagStatus
                0x08006404       0x68 ..\obj\stm32f4xx_i2c.o
                0x08006404                I2C_GetFlagStatus
 .text.NVIC_Init
                0x0800646c       0xc4 ..\obj\misc.o
                0x0800646c                NVIC_Init
 .text.pvPortMalloc
                0x08006530      0x128 ..\obj\heap_2.o
                0x08006530                pvPortMalloc
 .text.vPortFree
                0x08006658       0x74 ..\obj\heap_2.o
                0x08006658                vPortFree
 .text.prvHeapInit
                0x080066cc       0x54 ..\obj\heap_2.o
 .text.controller_init
                0x08006720       0x38 ..\obj\controller.o
                0x08006720                controller_init
 .text.controller_tick
                0x08006758       0x78 ..\obj\controller.o
                0x08006758                controller_tick
 .text.controller_task
                0x080067d0       0x10 ..\obj\controller.o
                0x080067d0                controller_task
 .text.TIM_TimeBaseInit
                0x080067e0       0xd8 ..\obj\stm32f4xx_tim.o
                0x080067e0                TIM_TimeBaseInit
 .text.TIM_Cmd  0x080068b8       0x40 ..\obj\stm32f4xx_tim.o
                0x080068b8                TIM_Cmd
 .text.TIM_ITConfig
                0x080068f8       0x48 ..\obj\stm32f4xx_tim.o
                0x080068f8                TIM_ITConfig
 .text.TIM_GetITStatus
                0x08006940       0x54 ..\obj\stm32f4xx_tim.o
                0x08006940                TIM_GetITStatus
 .text.TIM_ClearITPendingBit
                0x08006994       0x24 ..\obj\stm32f4xx_tim.o
                0x08006994                TIM_ClearITPendingBit
 .text.spi_init
                0x080069b8       0xd4 ..\obj\fatfs_diskio_sdcard_spi.o
 .text.spi_cs_low
                0x08006a8c       0x18 ..\obj\fatfs_diskio_sdcard_spi.o
                0x08006a8c                spi_cs_low
 .text.spi_cs_high
                0x08006aa4       0x18 ..\obj\fatfs_diskio_sdcard_spi.o
                0x08006aa4                spi_cs_high
 .text.spi_txrx
                0x08006abc       0x3c ..\obj\fatfs_diskio_sdcard_spi.o
 .text.crc7_one
                0x08006af8       0x54 ..\obj\fatfs_diskio_sdcard_spi.o
 .text.crc16_ccitt
                0x08006b4c       0x70 ..\obj\fatfs_diskio_sdcard_spi.o
 .text.crc16    0x08006bbc       0x44 ..\obj\fatfs_diskio_sdcard_spi.o
                0x08006bbc                crc16
 .text.my_printf
                0x08006c00       0x10 ..\obj\fatfs_diskio_sdcard_spi.o
                0x08006c00                my_printf
 .text.sd_cmd   0x08006c10       0xc8 ..\obj\fatfs_diskio_sdcard_spi.o
 .text.sd_get_r1
                0x08006cd8       0x38 ..\obj\fatfs_diskio_sdcard_spi.o
 .text.sd_get_r2
                0x08006d10       0x5c ..\obj\fatfs_diskio_sdcard_spi.o
 .text.sd_get_r7
                0x08006d6c       0x6c ..\obj\fatfs_diskio_sdcard_spi.o
 .text.print_r1
                0x08006dd8       0x5c ..\obj\fatfs_diskio_sdcard_spi.o
 .text.print_r2
                0x08006e34       0x5c ..\obj\fatfs_diskio_sdcard_spi.o
 .text.sd_nec   0x08006e90       0x28 ..\obj\fatfs_diskio_sdcard_spi.o
 .text.sd_init  0x08006eb8      0x55c ..\obj\fatfs_diskio_sdcard_spi.o
 .text.sd_read_status
                0x08007414       0x4c ..\obj\fatfs_diskio_sdcard_spi.o
 .text.sd_get_data
                0x08007460       0xc0 ..\obj\fatfs_diskio_sdcard_spi.o
 .text.sd_put_data
                0x08007520       0xc8 ..\obj\fatfs_diskio_sdcard_spi.o
 .text.sd_read_csd
                0x080075e8      0x4f8 ..\obj\fatfs_diskio_sdcard_spi.o
 .text.sd_read_cid
                0x08007ae0      0x148 ..\obj\fatfs_diskio_sdcard_spi.o
 .text.sd_readsector
                0x08007c28       0xc0 ..\obj\fatfs_diskio_sdcard_spi.o
 .text.sd_writesector
                0x08007ce8       0xd0 ..\obj\fatfs_diskio_sdcard_spi.o
 .text.hwif_init
                0x08007db8       0x74 ..\obj\fatfs_diskio_sdcard_spi.o
                0x08007db8                hwif_init
 .text.sd_read  0x08007e2c       0x74 ..\obj\fatfs_diskio_sdcard_spi.o
                0x08007e2c                sd_read
 .text.sd_write
                0x08007ea0       0x74 ..\obj\fatfs_diskio_sdcard_spi.o
                0x08007ea0                sd_write
 .text.disk_initialize
                0x08007f14       0x28 ..\obj\fatfs_diskio_sdcard_spi.o
                0x08007f14                disk_initialize
 .text.disk_status
                0x08007f3c       0x28 ..\obj\fatfs_diskio_sdcard_spi.o
                0x08007f3c                disk_status
 .text.disk_read
                0x08007f64       0x58 ..\obj\fatfs_diskio_sdcard_spi.o
                0x08007f64                disk_read
 .text.disk_write
                0x08007fbc       0x58 ..\obj\fatfs_diskio_sdcard_spi.o
                0x08007fbc                disk_write
 .text.disk_ioctl
                0x08008014       0x6c ..\obj\fatfs_diskio_sdcard_spi.o
                0x08008014                disk_ioctl
 .text.get_fattime
                0x08008080       0x4c ..\obj\fatfs_diskio_sdcard_spi.o
                0x08008080                get_fattime
 .text          0x080080cc      0x134 c:/program files (x86)/gnu tools arm embedded/5.2 2015q4/bin/../lib/gcc/arm-none-eabi/5.2.1/../../../../arm-none-eabi/lib/armv7e-m/fpu\libg.a(lib_a-memcpy.o)
                0x080080cc                memcpy
 .text.memset   0x08008200       0x9c c:/program files (x86)/gnu tools arm embedded/5.2 2015q4/bin/../lib/gcc/arm-none-eabi/5.2.1/../../../../arm-none-eabi/lib/armv7e-m/fpu\libg.a(lib_a-memset.o)
                0x08008200                memset
 .text.strcat   0x0800829c       0x40 c:/program files (x86)/gnu tools arm embedded/5.2 2015q4/bin/../lib/gcc/arm-none-eabi/5.2.1/../../../../arm-none-eabi/lib/armv7e-m/fpu\libg.a(lib_a-strcat.o)
                0x0800829c                strcat
 .text.strcpy   0x080082dc       0xbc c:/program files (x86)/gnu tools arm embedded/5.2 2015q4/bin/../lib/gcc/arm-none-eabi/5.2.1/../../../../arm-none-eabi/lib/armv7e-m/fpu\libg.a(lib_a-strcpy.o)
                0x080082dc                strcpy
 *fill*         0x08008398       0x28 
 .text          0x080083c0       0xdc c:/program files (x86)/gnu tools arm embedded/5.2 2015q4/bin/../lib/gcc/arm-none-eabi/5.2.1/../../../../arm-none-eabi/lib/armv7e-m/fpu\libg.a(lib_a-strlen.o)
                0x080083c0                strlen
 *(.init)
 *(.fini)
 *crtbegin.o(.ctors)
 *crtbegin?.o(.ctors)
 *(EXCLUDE_FILE(*crtend.o *crtend?.o) .ctors)
 *(SORT(.ctors.*))
 *(.ctors)
 *crtbegin.o(.dtors)
 *crtbegin?.o(.dtors)
 *(EXCLUDE_FILE(*crtend.o *crtend?.o) .dtors)
 *(SORT(.dtors.*))
 *(.dtors)
 *(.rodata*)
 .rodata        0x0800849c        0xa ..\obj\ui.o
 *fill*         0x080084a6        0x2 
 .rodata        0x080084a8       0x34 ..\obj\main.o
 .rodata        0x080084dc        0xd ..\obj\timers.o
 *fill*         0x080084e9        0x3 
 .rodata        0x080084ec        0x5 ..\obj\tasks.o
 *fill*         0x080084f1        0x3 
 .rodata        0x080084f4        0xf ..\obj\ff.o
 *fill*         0x08008503        0x1 
 .rodata        0x08008504      0x731 ..\obj\fatfs_diskio_sdcard_spi.o
 *(.eh_fram e*)

.glue_7         0x08008c38        0x0
 .glue_7        0x08008c38        0x0 linker stubs

.glue_7t        0x08008c38        0x0
 .glue_7t       0x08008c38        0x0 linker stubs

.vfp11_veneer   0x08008c38        0x0
 .vfp11_veneer  0x08008c38        0x0 linker stubs

.v4_bx          0x08008c38        0x0
 .v4_bx         0x08008c38        0x0 linker stubs

.iplt           0x08008c38        0x0
 .iplt          0x08008c38        0x0 ..\obj\ui.o

.rel.dyn        0x08008c38        0x0
 .rel.iplt      0x08008c38        0x0 ..\obj\ui.o

.ARM.extab
 *(.ARM.extab* .gnu.linkonce.armextab.*)
                0x08008c38                __exidx_start = .

.ARM.exidx
 *(.ARM.exidx* .gnu.linkonce.armexidx.*)
                0x08008c38                __exidx_end = .
                0x08008c38                __etext = .
                0x08008c35                _sidata = __etext

.data           0x20000000      0x2a8 load address 0x08008c35
                0x20000000                __data_start__ = .
                0x20000000                _sdata = __data_start__
 *(vtable)
 *(.data*)
 .data          0x20000000        0x4 ..\obj\ui.o
                0x20000000                disp_ln_cnt
 .data          0x20000004       0x10 ..\obj\stm32f4xx_rcc.o
 .data          0x20000014        0x4 ..\obj\player.o
                0x20000014                volume
 .data          0x20000018      0x228 ..\obj\display.o
                0x20000018                font_6x8
 .data          0x20000240        0x4 ..\obj\port.o
 .data          0x20000244        0x4 ..\obj\heap_2.o
 .data          0x20000248        0x8 ..\obj\controller.o
                0x20000248                sw_old_state
                0x2000024c                clk_old_state
 .data          0x20000250       0x58 ..\obj\fatfs_diskio_sdcard_spi.o
                0x200002a8                . = ALIGN (0x4)
                [!provide]                PROVIDE (__preinit_array_start, .)
 *(.preinit_array)
                [!provide]                PROVIDE (__preinit_array_end, .)
                0x200002a8                . = ALIGN (0x4)
                [!provide]                PROVIDE (__init_array_start, .)
 *(SORT(.init_array.*))
 *(.init_array)
                [!provide]                PROVIDE (__init_array_end, .)
                0x200002a8                . = ALIGN (0x4)
                [!provide]                PROVIDE (__fini_array_start, .)
 *(SORT(.fini_array.*))
 *(.fini_array)
                [!provide]                PROVIDE (__fini_array_end, .)
 *(.jcr*)
                0x200002a8                . = ALIGN (0x4)
                0x200002a8                __data_end__ = .
                0x200002a8                _edata = __data_end__

.igot.plt       0x200002a8        0x0 load address 0x08008ee0
 .igot.plt      0x200002a8        0x0 ..\obj\ui.o

.bss            0x200002a8    0x183c0 load address 0x08008ee0
                0x200002a8                . = ALIGN (0x4)
                0x200002a8                __bss_start__ = .
                0x200002a8                _sbss = __bss_start__
 *(.bss*)
 .bss           0x200002a8        0xc ..\obj\ui.o
                0x200002a8                track_list_size
                0x200002ac                track_ptr
                0x200002b0                disp_list_shift
 .bss           0x200002b4       0x11 ..\obj\player.o
                0x200002b4                cur_buff_ind
                0x200002b8                is_next_buff_ready
                0x200002bc                buff_ptr
                0x200002c0                cur_side_ind
                0x200002c4                player_status
 *fill*         0x200002c5        0x3 
 .bss           0x200002c8       0x3c ..\obj\timers.o
 .bss           0x20000304      0x104 ..\obj\tasks.o
                0x20000304                pxCurrentTCB
 .bss           0x20000408        0x8 ..\obj\port.o
 .bss           0x20000410        0x6 ..\obj\ff.o
 *fill*         0x20000416        0x2 
 .bss           0x20000418    0x12c14 ..\obj\heap_2.o
 *(COMMON)
 COMMON         0x2001302c      0x190 ..\obj\ui.o
                0x2001302c                track_list
 COMMON         0x200131bc      0x230 ..\obj\main.o
                0x200131bc                FATFS_Obj
 COMMON         0x200133ec     0x522c ..\obj\player.o
                0x200133ec                buff
                0x200183ec                file
                0x20018610                cur_data
 COMMON         0x20018618       0x40 ..\obj\queue.o
                0x20018618                xQueueRegistry
 COMMON         0x20018658       0x10 ..\obj\fatfs_diskio_sdcard_spi.o
                0x20018658                hw
                0x20018668                . = ALIGN (0x4)
                0x20018668                __bss_end__ = .
                0x20018668                _ebss = __bss_end__

.heap           0x20018668        0x0
                0x20018668                __end__ = .
                0x20018668                _end = __end__
                0x20018668                end = __end__
 *(.heap*)
                0x20018668                __HeapLimit = .

.co_stack       0x20018668      0x800 load address 0x080212a0
                0x20018668                . = ALIGN (0x8)
 *(.co_stack .co_stack.*)
 .co_stack      0x20018668      0x800 ..\obj\startup_stm32f4xx.o
                0x20018668                pulStack
                0x20020000                __StackTop = (ORIGIN (ram) + LENGTH (ram))
                0x2001f800                __StackLimit = (__StackTop - SIZEOF (.co_stack))
                [!provide]                PROVIDE (__stack, __StackTop)
                0x00000001                ASSERT ((__StackLimit >= __HeapLimit), region ram  overflowed with stack)
LOAD ..\obj\ui.o
LOAD ..\obj\stm32f4xx_syscfg.o
LOAD ..\obj\startup_stm32f4xx.o
LOAD ..\obj\main.o
LOAD ..\obj\stm32f4xx_rcc.o
LOAD ..\obj\codec.o
LOAD ..\obj\player.o
LOAD ..\obj\timers.o
LOAD ..\obj\display.o
LOAD ..\obj\tasks.o
LOAD ..\obj\stm32f4xx_gpio.o
LOAD ..\obj\list.o
LOAD ..\obj\system_stm32f4xx.o
LOAD ..\obj\queue.o
LOAD ..\obj\port.o
LOAD ..\obj\ff.o
LOAD ..\obj\croutine.o
LOAD ..\obj\stm32f4xx_spi.o
LOAD ..\obj\event_groups.o
LOAD ..\obj\stm32f4xx_i2c.o
LOAD ..\obj\stm32f4xx_exti.o
LOAD ..\obj\misc.o
LOAD ..\obj\heap_2.o
LOAD ..\obj\controller.o
LOAD ..\obj\stm32f4xx_tim.o
LOAD ..\obj\fatfs_diskio_sdcard_spi.o
START GROUP
LOAD c:/program files (x86)/gnu tools arm embedded/5.2 2015q4/bin/../lib/gcc/arm-none-eabi/5.2.1/armv7e-m/fpu\libgcc.a
LOAD c:/program files (x86)/gnu tools arm embedded/5.2 2015q4/bin/../lib/gcc/arm-none-eabi/5.2.1/../../../../arm-none-eabi/lib/armv7e-m/fpu\libg.a
LOAD c:/program files (x86)/gnu tools arm embedded/5.2 2015q4/bin/../lib/gcc/arm-none-eabi/5.2.1/../../../../arm-none-eabi/lib/armv7e-m/fpu\libc.a
END GROUP
OUTPUT(player.elf elf32-littlearm)

.debug_info     0x00000000     0xe70c
 .debug_info    0x00000000      0x4c8 ..\obj\ui.o
 .debug_info    0x000004c8       0xed ..\obj\startup_stm32f4xx.o
 .debug_info    0x000005b5      0x571 ..\obj\main.o
 .debug_info    0x00000b26      0xc59 ..\obj\stm32f4xx_rcc.o
 .debug_info    0x0000177f      0x668 ..\obj\codec.o
 .debug_info    0x00001de7      0xc66 ..\obj\player.o
 .debug_info    0x00002a4d      0xb86 ..\obj\timers.o
 .debug_info    0x000035d3      0x64b ..\obj\display.o
 .debug_info    0x00003c1e     0x1db2 ..\obj\tasks.o
 .debug_info    0x000059d0      0x61a ..\obj\stm32f4xx_gpio.o
 .debug_info    0x00005fea      0x2a0 ..\obj\list.o
 .debug_info    0x0000628a      0x596 ..\obj\system_stm32f4xx.o
 .debug_info    0x00006820     0x1402 ..\obj\queue.o
 .debug_info    0x00007c22      0x4fa ..\obj\port.o
 .debug_info    0x0000811c     0x1793 ..\obj\ff.o
 .debug_info    0x000098af      0xb0f ..\obj\stm32f4xx_spi.o
 .debug_info    0x0000a3be      0xb00 ..\obj\stm32f4xx_i2c.o
 .debug_info    0x0000aebe      0x541 ..\obj\misc.o
 .debug_info    0x0000b3ff      0x2f6 ..\obj\heap_2.o
 .debug_info    0x0000b6f5      0x336 ..\obj\controller.o
 .debug_info    0x0000ba2b     0x1c69 ..\obj\stm32f4xx_tim.o
 .debug_info    0x0000d694     0x1078 ..\obj\fatfs_diskio_sdcard_spi.o

.debug_abbrev   0x00000000     0x23bc
 .debug_abbrev  0x00000000      0x164 ..\obj\ui.o
 .debug_abbrev  0x00000164       0xb0 ..\obj\startup_stm32f4xx.o
 .debug_abbrev  0x00000214      0x1c7 ..\obj\main.o
 .debug_abbrev  0x000003db      0x1e5 ..\obj\stm32f4xx_rcc.o
 .debug_abbrev  0x000005c0      0x14f ..\obj\codec.o
 .debug_abbrev  0x0000070f      0x21a ..\obj\player.o
 .debug_abbrev  0x00000929      0x1f0 ..\obj\timers.o
 .debug_abbrev  0x00000b19      0x16b ..\obj\display.o
 .debug_abbrev  0x00000c84      0x2c9 ..\obj\tasks.o
 .debug_abbrev  0x00000f4d      0x1a7 ..\obj\stm32f4xx_gpio.o
 .debug_abbrev  0x000010f4       0xbc ..\obj\list.o
 .debug_abbrev  0x000011b0      0x138 ..\obj\system_stm32f4xx.o
 .debug_abbrev  0x000012e8      0x222 ..\obj\queue.o
 .debug_abbrev  0x0000150a      0x1b9 ..\obj\port.o
 .debug_abbrev  0x000016c3      0x192 ..\obj\ff.o
 .debug_abbrev  0x00001855      0x169 ..\obj\stm32f4xx_spi.o
 .debug_abbrev  0x000019be      0x166 ..\obj\stm32f4xx_i2c.o
 .debug_abbrev  0x00001b24      0x147 ..\obj\misc.o
 .debug_abbrev  0x00001c6b      0x16c ..\obj\heap_2.o
 .debug_abbrev  0x00001dd7      0x131 ..\obj\controller.o
 .debug_abbrev  0x00001f08      0x189 ..\obj\stm32f4xx_tim.o
 .debug_abbrev  0x00002091      0x32b ..\obj\fatfs_diskio_sdcard_spi.o

.debug_aranges  0x00000000     0x1120
 .debug_aranges
                0x00000000       0x58 ..\obj\ui.o
 .debug_aranges
                0x00000058       0x28 ..\obj\startup_stm32f4xx.o
 .debug_aranges
                0x00000080       0x60 ..\obj\main.o
 .debug_aranges
                0x000000e0      0x178 ..\obj\stm32f4xx_rcc.o
 .debug_aranges
                0x00000258       0x38 ..\obj\codec.o
 .debug_aranges
                0x00000290       0xa0 ..\obj\player.o
 .debug_aranges
                0x00000330       0xb8 ..\obj\timers.o
 .debug_aranges
                0x000003e8       0x70 ..\obj\display.o
 .debug_aranges
                0x00000458      0x1d8 ..\obj\tasks.o
 .debug_aranges
                0x00000630       0x88 ..\obj\stm32f4xx_gpio.o
 .debug_aranges
                0x000006b8       0x40 ..\obj\list.o
 .debug_aranges
                0x000006f8       0x30 ..\obj\system_stm32f4xx.o
 .debug_aranges
                0x00000728      0x118 ..\obj\queue.o
 .debug_aranges
                0x00000840       0x80 ..\obj\port.o
 .debug_aranges
                0x000008c0      0x188 ..\obj\ff.o
 .debug_aranges
                0x00000a48       0xe0 ..\obj\stm32f4xx_spi.o
 .debug_aranges
                0x00000b28      0x120 ..\obj\stm32f4xx_i2c.o
 .debug_aranges
                0x00000c48       0x40 ..\obj\misc.o
 .debug_aranges
                0x00000c88       0x40 ..\obj\heap_2.o
 .debug_aranges
                0x00000cc8       0x30 ..\obj\controller.o
 .debug_aranges
                0x00000cf8      0x2f8 ..\obj\stm32f4xx_tim.o
 .debug_aranges
                0x00000ff0      0x130 ..\obj\fatfs_diskio_sdcard_spi.o

.debug_ranges   0x00000000      0xfc0
 .debug_ranges  0x00000000       0x48 ..\obj\ui.o
 .debug_ranges  0x00000048       0x18 ..\obj\startup_stm32f4xx.o
 .debug_ranges  0x00000060       0x50 ..\obj\main.o
 .debug_ranges  0x000000b0      0x168 ..\obj\stm32f4xx_rcc.o
 .debug_ranges  0x00000218       0x28 ..\obj\codec.o
 .debug_ranges  0x00000240       0x90 ..\obj\player.o
 .debug_ranges  0x000002d0       0xa8 ..\obj\timers.o
 .debug_ranges  0x00000378       0x60 ..\obj\display.o
 .debug_ranges  0x000003d8      0x1c8 ..\obj\tasks.o
 .debug_ranges  0x000005a0       0x78 ..\obj\stm32f4xx_gpio.o
 .debug_ranges  0x00000618       0x30 ..\obj\list.o
 .debug_ranges  0x00000648       0x20 ..\obj\system_stm32f4xx.o
 .debug_ranges  0x00000668      0x108 ..\obj\queue.o
 .debug_ranges  0x00000770       0x70 ..\obj\port.o
 .debug_ranges  0x000007e0      0x178 ..\obj\ff.o
 .debug_ranges  0x00000958       0xd0 ..\obj\stm32f4xx_spi.o
 .debug_ranges  0x00000a28      0x110 ..\obj\stm32f4xx_i2c.o
 .debug_ranges  0x00000b38       0x30 ..\obj\misc.o
 .debug_ranges  0x00000b68       0x30 ..\obj\heap_2.o
 .debug_ranges  0x00000b98       0x20 ..\obj\controller.o
 .debug_ranges  0x00000bb8      0x2e8 ..\obj\stm32f4xx_tim.o
 .debug_ranges  0x00000ea0      0x120 ..\obj\fatfs_diskio_sdcard_spi.o

.debug_line     0x00000000     0x71f9
 .debug_line    0x00000000      0x299 ..\obj\ui.o
 .debug_line    0x00000299       0xb1 ..\obj\startup_stm32f4xx.o
 .debug_line    0x0000034a      0x398 ..\obj\main.o
 .debug_line    0x000006e2      0x605 ..\obj\stm32f4xx_rcc.o
 .debug_line    0x00000ce7      0x374 ..\obj\codec.o
 .debug_line    0x0000105b      0x420 ..\obj\player.o
 .debug_line    0x0000147b      0x4c1 ..\obj\timers.o
 .debug_line    0x0000193c      0x399 ..\obj\display.o
 .debug_line    0x00001cd5      0xe06 ..\obj\tasks.o
 .debug_line    0x00002adb      0x3c0 ..\obj\stm32f4xx_gpio.o
 .debug_line    0x00002e9b      0x1d2 ..\obj\list.o
 .debug_line    0x0000306d      0x222 ..\obj\system_stm32f4xx.o
 .debug_line    0x0000328f      0x9b1 ..\obj\queue.o
 .debug_line    0x00003c40      0x350 ..\obj\port.o
 .debug_line    0x00003f90      0xcd0 ..\obj\ff.o
 .debug_line    0x00004c60      0x4b9 ..\obj\stm32f4xx_spi.o
 .debug_line    0x00005119      0x54b ..\obj\stm32f4xx_i2c.o
 .debug_line    0x00005664      0x29e ..\obj\misc.o
 .debug_line    0x00005902      0x268 ..\obj\heap_2.o
 .debug_line    0x00005b6a      0x289 ..\obj\controller.o
 .debug_line    0x00005df3      0xb21 ..\obj\stm32f4xx_tim.o
 .debug_line    0x00006914      0x8e5 ..\obj\fatfs_diskio_sdcard_spi.o

.debug_str      0x00000000     0x512a
 .debug_str     0x00000000      0x3ea ..\obj\ui.o
                                0x43b (size before relaxing)
 .debug_str     0x000003ea       0xc0 ..\obj\startup_stm32f4xx.o
                                0x17a (size before relaxing)
 .debug_str     0x000004aa      0x2b9 ..\obj\main.o
                                0x5e3 (size before relaxing)
 .debug_str     0x00000763      0x6b9 ..\obj\stm32f4xx_rcc.o
                                0x883 (size before relaxing)
 .debug_str     0x00000e1c      0x21e ..\obj\codec.o
                                0x585 (size before relaxing)
 .debug_str     0x0000103a      0x8bf ..\obj\player.o
                                0xcee (size before relaxing)
 .debug_str     0x000018f9      0x565 ..\obj\timers.o
                                0x74d (size before relaxing)
 .debug_str     0x00001e5e      0x1cf ..\obj\display.o
                                0x585 (size before relaxing)
 .debug_str     0x0000202d      0xc53 ..\obj\tasks.o
                                0xf53 (size before relaxing)
 .debug_str     0x00002c80      0x1b3 ..\obj\stm32f4xx_gpio.o
                                0x4d6 (size before relaxing)
 .debug_str     0x00002e33       0xd5 ..\obj\list.o
                                0x2d8 (size before relaxing)
 .debug_str     0x00002f08      0x128 ..\obj\system_stm32f4xx.o
                                0x3dd (size before relaxing)
 .debug_str     0x00003030      0x507 ..\obj\queue.o
                                0x86b (size before relaxing)
 .debug_str     0x00003537      0x208 ..\obj\port.o
                                0x400 (size before relaxing)
 .debug_str     0x0000373f      0x2c6 ..\obj\ff.o
                                0x617 (size before relaxing)
 .debug_str     0x00003a05      0x2bf ..\obj\stm32f4xx_spi.o
                                0x6bd (size before relaxing)
 .debug_str     0x00003cc4      0x350 ..\obj\stm32f4xx_i2c.o
                                0x698 (size before relaxing)
 .debug_str     0x00004014      0x171 ..\obj\misc.o
                                0x401 (size before relaxing)
 .debug_str     0x00004185      0x175 ..\obj\heap_2.o
                                0x32f (size before relaxing)
 .debug_str     0x000042fa       0xab ..\obj\controller.o
                                0x3cd (size before relaxing)
 .debug_str     0x000043a5      0xa96 ..\obj\stm32f4xx_tim.o
                                0xe03 (size before relaxing)
 .debug_str     0x00004e3b      0x2ef ..\obj\fatfs_diskio_sdcard_spi.o
                                0x7a1 (size before relaxing)

.comment        0x00000000       0x6e
 .comment       0x00000000       0x6e ..\obj\ui.o
                                 0x6f (size before relaxing)
 .comment       0x0000006e       0x6f ..\obj\startup_stm32f4xx.o
 .comment       0x0000006e       0x6f ..\obj\main.o
 .comment       0x0000006e       0x6f ..\obj\stm32f4xx_rcc.o
 .comment       0x0000006e       0x6f ..\obj\codec.o
 .comment       0x0000006e       0x6f ..\obj\player.o
 .comment       0x0000006e       0x6f ..\obj\timers.o
 .comment       0x0000006e       0x6f ..\obj\display.o
 .comment       0x0000006e       0x6f ..\obj\tasks.o
 .comment       0x0000006e       0x6f ..\obj\stm32f4xx_gpio.o
 .comment       0x0000006e       0x6f ..\obj\list.o
 .comment       0x0000006e       0x6f ..\obj\system_stm32f4xx.o
 .comment       0x0000006e       0x6f ..\obj\queue.o
 .comment       0x0000006e       0x6f ..\obj\port.o
 .comment       0x0000006e       0x6f ..\obj\ff.o
 .comment       0x0000006e       0x6f ..\obj\stm32f4xx_spi.o
 .comment       0x0000006e       0x6f ..\obj\stm32f4xx_i2c.o
 .comment       0x0000006e       0x6f ..\obj\misc.o
 .comment       0x0000006e       0x6f ..\obj\heap_2.o
 .comment       0x0000006e       0x6f ..\obj\controller.o
 .comment       0x0000006e       0x6f ..\obj\stm32f4xx_tim.o
 .comment       0x0000006e       0x6f ..\obj\fatfs_diskio_sdcard_spi.o

.ARM.attributes
                0x00000000       0x37
 .ARM.attributes
                0x00000000       0x39 ..\obj\ui.o
 .ARM.attributes
                0x00000039       0x39 ..\obj\startup_stm32f4xx.o
 .ARM.attributes
                0x00000072       0x39 ..\obj\main.o
 .ARM.attributes
                0x000000ab       0x39 ..\obj\stm32f4xx_rcc.o
 .ARM.attributes
                0x000000e4       0x39 ..\obj\codec.o
 .ARM.attributes
                0x0000011d       0x39 ..\obj\player.o
 .ARM.attributes
                0x00000156       0x39 ..\obj\timers.o
 .ARM.attributes
                0x0000018f       0x39 ..\obj\display.o
 .ARM.attributes
                0x000001c8       0x39 ..\obj\tasks.o
 .ARM.attributes
                0x00000201       0x39 ..\obj\stm32f4xx_gpio.o
 .ARM.attributes
                0x0000023a       0x39 ..\obj\list.o
 .ARM.attributes
                0x00000273       0x39 ..\obj\system_stm32f4xx.o
 .ARM.attributes
                0x000002ac       0x39 ..\obj\queue.o
 .ARM.attributes
                0x000002e5       0x39 ..\obj\port.o
 .ARM.attributes
                0x0000031e       0x39 ..\obj\ff.o
 .ARM.attributes
                0x00000357       0x39 ..\obj\stm32f4xx_spi.o
 .ARM.attributes
                0x00000390       0x39 ..\obj\stm32f4xx_i2c.o
 .ARM.attributes
                0x000003c9       0x39 ..\obj\misc.o
 .ARM.attributes
                0x00000402       0x39 ..\obj\heap_2.o
 .ARM.attributes
                0x0000043b       0x39 ..\obj\controller.o
 .ARM.attributes
                0x00000474       0x39 ..\obj\stm32f4xx_tim.o
 .ARM.attributes
                0x000004ad       0x39 ..\obj\fatfs_diskio_sdcard_spi.o
 .ARM.attributes
                0x000004e6       0x20 c:/program files (x86)/gnu tools arm embedded/5.2 2015q4/bin/../lib/gcc/arm-none-eabi/5.2.1/../../../../arm-none-eabi/lib/armv7e-m/fpu\libg.a(lib_a-memcpy.o)
 .ARM.attributes
                0x00000506       0x34 c:/program files (x86)/gnu tools arm embedded/5.2 2015q4/bin/../lib/gcc/arm-none-eabi/5.2.1/../../../../arm-none-eabi/lib/armv7e-m/fpu\libg.a(lib_a-memset.o)
 .ARM.attributes
                0x0000053a       0x34 c:/program files (x86)/gnu tools arm embedded/5.2 2015q4/bin/../lib/gcc/arm-none-eabi/5.2.1/../../../../arm-none-eabi/lib/armv7e-m/fpu\libg.a(lib_a-strcat.o)
 .ARM.attributes
                0x0000056e       0x34 c:/program files (x86)/gnu tools arm embedded/5.2 2015q4/bin/../lib/gcc/arm-none-eabi/5.2.1/../../../../arm-none-eabi/lib/armv7e-m/fpu\libg.a(lib_a-strcpy.o)
 .ARM.attributes
                0x000005a2       0x20 c:/program files (x86)/gnu tools arm embedded/5.2 2015q4/bin/../lib/gcc/arm-none-eabi/5.2.1/../../../../arm-none-eabi/lib/armv7e-m/fpu\libg.a(lib_a-strlen.o)

.debug_frame    0x00000000     0x48a4
 .debug_frame   0x00000000      0x114 ..\obj\ui.o
 .debug_frame   0x00000114       0x4c ..\obj\startup_stm32f4xx.o
 .debug_frame   0x00000160      0x130 ..\obj\main.o
 .debug_frame   0x00000290      0x6d4 ..\obj\stm32f4xx_rcc.o
 .debug_frame   0x00000964       0xa0 ..\obj\codec.o
 .debug_frame   0x00000a04      0x220 ..\obj\player.o
 .debug_frame   0x00000c24      0x2f0 ..\obj\timers.o
 .debug_frame   0x00000f14      0x19c ..\obj\display.o
 .debug_frame   0x000010b0      0x808 ..\obj\tasks.o
 .debug_frame   0x000018b8      0x23c ..\obj\stm32f4xx_gpio.o
 .debug_frame   0x00001af4       0xd8 ..\obj\list.o
 .debug_frame   0x00001bcc       0x7c ..\obj\system_stm32f4xx.o
 .debug_frame   0x00001c48      0x4c0 ..\obj\queue.o
 .debug_frame   0x00002108      0x19c ..\obj\port.o
 .debug_frame   0x000022a4      0x6d0 ..\obj\ff.o
 .debug_frame   0x00002974      0x3f4 ..\obj\stm32f4xx_spi.o
 .debug_frame   0x00002d68      0x530 ..\obj\stm32f4xx_i2c.o
 .debug_frame   0x00003298       0xd8 ..\obj\misc.o
 .debug_frame   0x00003370       0xc0 ..\obj\heap_2.o
 .debug_frame   0x00003430       0x74 ..\obj\controller.o
 .debug_frame   0x000034a4      0xe54 ..\obj\stm32f4xx_tim.o
 .debug_frame   0x000042f8      0x530 ..\obj\fatfs_diskio_sdcard_spi.o
 .debug_frame   0x00004828       0x34 c:/program files (x86)/gnu tools arm embedded/5.2 2015q4/bin/../lib/gcc/arm-none-eabi/5.2.1/../../../../arm-none-eabi/lib/armv7e-m/fpu\libg.a(lib_a-memset.o)
 .debug_frame   0x0000485c       0x28 c:/program files (x86)/gnu tools arm embedded/5.2 2015q4/bin/../lib/gcc/arm-none-eabi/5.2.1/../../../../arm-none-eabi/lib/armv7e-m/fpu\libg.a(lib_a-strcat.o)
 .debug_frame   0x00004884       0x20 c:/program files (x86)/gnu tools arm embedded/5.2 2015q4/bin/../lib/gcc/arm-none-eabi/5.2.1/../../../../arm-none-eabi/lib/armv7e-m/fpu\libg.a(lib_a-strcpy.o)
