Archive member included to satisfy reference by file (symbol)

c:/program files (x86)/gnu tools arm embedded/5.2 2015q4/bin/../lib/gcc/arm-none-eabi/5.2.1/../../../../arm-none-eabi/lib/armv7e-m/fpu\libg.a(lib_a-memcpy.o)
                              ..\obj\queue.o (memcpy)
c:/program files (x86)/gnu tools arm embedded/5.2 2015q4/bin/../lib/gcc/arm-none-eabi/5.2.1/../../../../arm-none-eabi/lib/armv7e-m/fpu\libg.a(lib_a-memset.o)
                              ..\obj\tasks.o (memset)

Allocating common symbols
Common symbol       size              file

current_data        0x8               ..\obj\main.o
buff                0x5000            ..\obj\main.o
xQueueRegistry      0x40              ..\obj\queue.o
file                0x224             ..\obj\main.o
hw                  0x10              ..\obj\fatfs_diskio_sdcard_spi.o

Discarded input sections

 .text          0x00000000        0x0 ..\obj\startup_stm32f4xx.o
 .data          0x00000000        0x0 ..\obj\startup_stm32f4xx.o
 .bss           0x00000000        0x0 ..\obj\startup_stm32f4xx.o
 .text          0x00000000        0x0 ..\obj\main.o
 .data          0x00000000        0x0 ..\obj\main.o
 .text.sleep    0x00000000       0x24 ..\obj\main.o
 .text.leds_init
                0x00000000       0x3c ..\obj\main.o
 .text.open_file
                0x00000000       0x84 ..\obj\main.o
 .text.vApplicationIdleHook
                0x00000000       0x10 ..\obj\main.o
 .text          0x00000000        0x0 ..\obj\stm32f4xx_rcc.o
 .bss           0x00000000        0x0 ..\obj\stm32f4xx_rcc.o
 .text.RCC_DeInit
                0x00000000       0x50 ..\obj\stm32f4xx_rcc.o
 .text.RCC_HSEConfig
                0x00000000       0x28 ..\obj\stm32f4xx_rcc.o
 .text.RCC_WaitForHSEStartUp
                0x00000000       0x50 ..\obj\stm32f4xx_rcc.o
 .text.RCC_AdjustHSICalibrationValue
                0x00000000       0x3c ..\obj\stm32f4xx_rcc.o
 .text.RCC_HSICmd
                0x00000000       0x20 ..\obj\stm32f4xx_rcc.o
 .text.RCC_LSEConfig
                0x00000000       0x44 ..\obj\stm32f4xx_rcc.o
 .text.RCC_LSICmd
                0x00000000       0x20 ..\obj\stm32f4xx_rcc.o
 .text.RCC_PLLConfig
                0x00000000       0x40 ..\obj\stm32f4xx_rcc.o
 .text.RCC_PLLCmd
                0x00000000       0x20 ..\obj\stm32f4xx_rcc.o
 .text.RCC_PLLI2SConfig
                0x00000000       0x2c ..\obj\stm32f4xx_rcc.o
 .text.RCC_ClockSecuritySystemCmd
                0x00000000       0x20 ..\obj\stm32f4xx_rcc.o
 .text.RCC_MCO1Config
                0x00000000       0x40 ..\obj\stm32f4xx_rcc.o
 .text.RCC_MCO2Config
                0x00000000       0x40 ..\obj\stm32f4xx_rcc.o
 .text.RCC_SYSCLKConfig
                0x00000000       0x38 ..\obj\stm32f4xx_rcc.o
 .text.RCC_GetSYSCLKSource
                0x00000000       0x20 ..\obj\stm32f4xx_rcc.o
 .text.RCC_HCLKConfig
                0x00000000       0x38 ..\obj\stm32f4xx_rcc.o
 .text.RCC_PCLK1Config
                0x00000000       0x38 ..\obj\stm32f4xx_rcc.o
 .text.RCC_PCLK2Config
                0x00000000       0x3c ..\obj\stm32f4xx_rcc.o
 .text.RCC_RTCCLKConfig
                0x00000000       0x5c ..\obj\stm32f4xx_rcc.o
 .text.RCC_RTCCLKCmd
                0x00000000       0x20 ..\obj\stm32f4xx_rcc.o
 .text.RCC_BackupResetCmd
                0x00000000       0x20 ..\obj\stm32f4xx_rcc.o
 .text.RCC_I2SCLKConfig
                0x00000000       0x20 ..\obj\stm32f4xx_rcc.o
 .text.RCC_AHB2PeriphClockCmd
                0x00000000       0x40 ..\obj\stm32f4xx_rcc.o
 .text.RCC_AHB3PeriphClockCmd
                0x00000000       0x40 ..\obj\stm32f4xx_rcc.o
 .text.RCC_AHB1PeriphResetCmd
                0x00000000       0x40 ..\obj\stm32f4xx_rcc.o
 .text.RCC_AHB2PeriphResetCmd
                0x00000000       0x40 ..\obj\stm32f4xx_rcc.o
 .text.RCC_AHB3PeriphResetCmd
                0x00000000       0x40 ..\obj\stm32f4xx_rcc.o
 .text.RCC_AHB1PeriphClockLPModeCmd
                0x00000000       0x40 ..\obj\stm32f4xx_rcc.o
 .text.RCC_AHB2PeriphClockLPModeCmd
                0x00000000       0x40 ..\obj\stm32f4xx_rcc.o
 .text.RCC_AHB3PeriphClockLPModeCmd
                0x00000000       0x40 ..\obj\stm32f4xx_rcc.o
 .text.RCC_APB1PeriphClockLPModeCmd
                0x00000000       0x40 ..\obj\stm32f4xx_rcc.o
 .text.RCC_APB2PeriphClockLPModeCmd
                0x00000000       0x40 ..\obj\stm32f4xx_rcc.o
 .text.RCC_ITConfig
                0x00000000       0x4c ..\obj\stm32f4xx_rcc.o
 .text.RCC_GetFlagStatus
                0x00000000       0x74 ..\obj\stm32f4xx_rcc.o
 .text.RCC_ClearFlag
                0x00000000       0x20 ..\obj\stm32f4xx_rcc.o
 .text.RCC_GetITStatus
                0x00000000       0x38 ..\obj\stm32f4xx_rcc.o
 .text.RCC_ClearITPendingBit
                0x00000000       0x20 ..\obj\stm32f4xx_rcc.o
 .text          0x00000000        0x0 ..\obj\codec.o
 .data          0x00000000        0x0 ..\obj\codec.o
 .bss           0x00000000        0x0 ..\obj\codec.o
 .text          0x00000000        0x0 ..\obj\timers.o
 .data          0x00000000        0x0 ..\obj\timers.o
 .bss           0x00000000       0x3c ..\obj\timers.o
 .rodata        0x00000000        0xd ..\obj\timers.o
 .text.xTimerCreateTimerTask
                0x00000000       0x68 ..\obj\timers.o
 .text.xTimerCreate
                0x00000000       0x3c ..\obj\timers.o
 .text.prvInitialiseNewTimer
                0x00000000       0x64 ..\obj\timers.o
 .text.xTimerGenericCommand
                0x00000000       0x98 ..\obj\timers.o
 .text.xTimerGetTimerDaemonTaskHandle
                0x00000000       0x38 ..\obj\timers.o
 .text.xTimerGetPeriod
                0x00000000       0x38 ..\obj\timers.o
 .text.xTimerGetExpiryTime
                0x00000000       0x3c ..\obj\timers.o
 .text.pcTimerGetName
                0x00000000       0x38 ..\obj\timers.o
 .text.prvProcessExpiredTimer
                0x00000000       0x80 ..\obj\timers.o
 .text.prvTimerTask
                0x00000000       0x24 ..\obj\timers.o
 .text.prvProcessTimerOrBlockTask
                0x00000000       0x9c ..\obj\timers.o
 .text.prvGetNextExpireTime
                0x00000000       0x48 ..\obj\timers.o
 .text.prvSampleTimeNow
                0x00000000       0x40 ..\obj\timers.o
 .text.prvInsertTimerInActiveList
                0x00000000       0x84 ..\obj\timers.o
 .text.prvProcessReceivedCommands
                0x00000000      0x124 ..\obj\timers.o
 .text.prvSwitchTimerLists
                0x00000000       0xc0 ..\obj\timers.o
 .text.prvCheckForValidListAndQueue
                0x00000000       0x6c ..\obj\timers.o
 .text.xTimerIsTimerActive
                0x00000000       0x48 ..\obj\timers.o
 .text.pvTimerGetTimerID
                0x00000000       0x40 ..\obj\timers.o
 .text.vTimerSetTimerID
                0x00000000       0x40 ..\obj\timers.o
 .debug_info    0x00000000      0xb86 ..\obj\timers.o
 .debug_abbrev  0x00000000      0x1f0 ..\obj\timers.o
 .debug_aranges
                0x00000000       0xb8 ..\obj\timers.o
 .debug_ranges  0x00000000       0xa8 ..\obj\timers.o
 .debug_line    0x00000000      0x4c1 ..\obj\timers.o
 .debug_str     0x00000000      0x74d ..\obj\timers.o
 .comment       0x00000000       0x6f ..\obj\timers.o
 .debug_frame   0x00000000      0x2f0 ..\obj\timers.o
 .ARM.attributes
                0x00000000       0x39 ..\obj\timers.o
 .text          0x00000000        0x0 ..\obj\display.o
 .bss           0x00000000        0x0 ..\obj\display.o
 .text.display_write_int
                0x00000000       0x14 ..\obj\display.o
 .text          0x00000000        0x0 ..\obj\tasks.o
 .data          0x00000000        0x0 ..\obj\tasks.o
 .text.vTaskDelete
                0x00000000      0x128 ..\obj\tasks.o
 .text.vTaskDelayUntil
                0x00000000       0xf4 ..\obj\tasks.o
 .text.vTaskDelay
                0x00000000       0x68 ..\obj\tasks.o
 .text.eTaskGetState
                0x00000000       0xb0 ..\obj\tasks.o
 .text.uxTaskPriorityGet
                0x00000000       0x34 ..\obj\tasks.o
 .text.uxTaskPriorityGetFromISR
                0x00000000       0x58 ..\obj\tasks.o
 .text.vTaskPrioritySet
                0x00000000      0x15c ..\obj\tasks.o
 .text.vTaskSuspend
                0x00000000      0x110 ..\obj\tasks.o
 .text.prvTaskIsTaskSuspended
                0x00000000       0x74 ..\obj\tasks.o
 .text.vTaskResume
                0x00000000       0xb8 ..\obj\tasks.o
 .text.xTaskResumeFromISR
                0x00000000       0xe0 ..\obj\tasks.o
 .rodata        0x00000000        0x5 ..\obj\tasks.o
 .text.vTaskStartScheduler
                0x00000000       0x98 ..\obj\tasks.o
 .text.vTaskEndScheduler
                0x00000000       0x30 ..\obj\tasks.o
 .text.xTaskGetTickCount
                0x00000000       0x20 ..\obj\tasks.o
 .text.xTaskGetTickCountFromISR
                0x00000000       0x24 ..\obj\tasks.o
 .text.uxTaskGetNumberOfTasks
                0x00000000       0x18 ..\obj\tasks.o
 .text.pcTaskGetName
                0x00000000       0x48 ..\obj\tasks.o
 .text.uxTaskGetSystemState
                0x00000000      0x11c ..\obj\tasks.o
 .text.vTaskPlaceOnEventList
                0x00000000       0x48 ..\obj\tasks.o
 .text.vTaskPlaceOnUnorderedEventList
                0x00000000       0x74 ..\obj\tasks.o
 .text.vTaskPlaceOnEventListRestricted
                0x00000000       0x54 ..\obj\tasks.o
 .text.xTaskRemoveFromEventList
                0x00000000       0xc4 ..\obj\tasks.o
 .text.xTaskRemoveFromUnorderedEventList
                0x00000000       0xcc ..\obj\tasks.o
 .text.vTaskSetTimeOutState
                0x00000000       0x48 ..\obj\tasks.o
 .text.xTaskCheckForTimeOut
                0x00000000       0xbc ..\obj\tasks.o
 .text.vTaskMissedYield
                0x00000000       0x18 ..\obj\tasks.o
 .text.uxTaskGetTaskNumber
                0x00000000       0x2c ..\obj\tasks.o
 .text.vTaskSetTaskNumber
                0x00000000       0x28 ..\obj\tasks.o
 .text.prvIdleTask
                0x00000000       0x34 ..\obj\tasks.o
 .text.prvCheckTasksWaitingTermination
                0x00000000       0x78 ..\obj\tasks.o
 .text.vTaskGetTaskInfo
                0x00000000       0xbc ..\obj\tasks.o
 .text.prvListTasksWithinSingleList
                0x00000000       0xa4 ..\obj\tasks.o
 .text.prvTaskCheckFreeStackSpace
                0x00000000       0x38 ..\obj\tasks.o
 .text.prvDeleteTCB
                0x00000000       0x20 ..\obj\tasks.o
 .text.xTaskGetCurrentTaskHandle
                0x00000000       0x20 ..\obj\tasks.o
 .text.xTaskGetSchedulerState
                0x00000000       0x3c ..\obj\tasks.o
 .text.vTaskPriorityInherit
                0x00000000       0xec ..\obj\tasks.o
 .text.xTaskPriorityDisinherit
                0x00000000      0x108 ..\obj\tasks.o
 .text.uxTaskResetEventItemValue
                0x00000000       0x30 ..\obj\tasks.o
 .text.pvTaskIncrementMutexHeldCount
                0x00000000       0x28 ..\obj\tasks.o
 .text.ulTaskNotifyTake
                0x00000000       0x90 ..\obj\tasks.o
 .text.xTaskNotifyWait
                0x00000000       0xb4 ..\obj\tasks.o
 .text.xTaskGenericNotify
                0x00000000      0x140 ..\obj\tasks.o
 .text.xTaskGenericNotifyFromISR
                0x00000000      0x18c ..\obj\tasks.o
 .text.vTaskNotifyGiveFromISR
                0x00000000      0x120 ..\obj\tasks.o
 .text.xTaskNotifyStateClear
                0x00000000       0x4c ..\obj\tasks.o
 .text.prvAddCurrentTaskToDelayedList
                0x00000000       0xcc ..\obj\tasks.o
 .text          0x00000000        0x0 ..\obj\stm32f4xx_gpio.o
 .data          0x00000000        0x0 ..\obj\stm32f4xx_gpio.o
 .bss           0x00000000        0x0 ..\obj\stm32f4xx_gpio.o
 .text.GPIO_DeInit
                0x00000000      0x120 ..\obj\stm32f4xx_gpio.o
 .text.GPIO_PinLockConfig
                0x00000000       0x44 ..\obj\stm32f4xx_gpio.o
 .text.GPIO_ReadInputDataBit
                0x00000000       0x34 ..\obj\stm32f4xx_gpio.o
 .text.GPIO_ReadInputData
                0x00000000       0x1c ..\obj\stm32f4xx_gpio.o
 .text.GPIO_ReadOutputDataBit
                0x00000000       0x34 ..\obj\stm32f4xx_gpio.o
 .text.GPIO_ReadOutputData
                0x00000000       0x1c ..\obj\stm32f4xx_gpio.o
 .text.GPIO_WriteBit
                0x00000000       0x30 ..\obj\stm32f4xx_gpio.o
 .text.GPIO_Write
                0x00000000       0x20 ..\obj\stm32f4xx_gpio.o
 .text.GPIO_ToggleBits
                0x00000000       0x24 ..\obj\stm32f4xx_gpio.o
 .text          0x00000000        0x0 ..\obj\list.o
 .data          0x00000000        0x0 ..\obj\list.o
 .bss           0x00000000        0x0 ..\obj\list.o
 .text.vListInsert
                0x00000000       0x74 ..\obj\list.o
 .text          0x00000000        0x0 ..\obj\system_stm32f4xx.o
 .data          0x00000000       0x14 ..\obj\system_stm32f4xx.o
 .bss           0x00000000        0x0 ..\obj\system_stm32f4xx.o
 .text.SystemCoreClockUpdate
                0x00000000       0xfc ..\obj\system_stm32f4xx.o
 .text          0x00000000        0x0 ..\obj\queue.o
 .data          0x00000000        0x0 ..\obj\queue.o
 .bss           0x00000000        0x0 ..\obj\queue.o
 .text.xQueueGenericReset
                0x00000000       0xd0 ..\obj\queue.o
 .text.xQueueGenericCreate
                0x00000000       0x74 ..\obj\queue.o
 .text.prvInitialiseNewQueue
                0x00000000       0x48 ..\obj\queue.o
 .text.prvInitialiseMutex
                0x00000000       0x34 ..\obj\queue.o
 .text.xQueueCreateMutex
                0x00000000       0x30 ..\obj\queue.o
 .text.xQueueGiveMutexRecursive
                0x00000000       0x68 ..\obj\queue.o
 .text.xQueueTakeMutexRecursive
                0x00000000       0x70 ..\obj\queue.o
 .text.xQueueCreateCountingSemaphore
                0x00000000       0x64 ..\obj\queue.o
 .text.xQueueGenericSend
                0x00000000      0x1f8 ..\obj\queue.o
 .text.xQueueGenericSendFromISR
                0x00000000      0x128 ..\obj\queue.o
 .text.xQueueGiveFromISR
                0x00000000      0x114 ..\obj\queue.o
 .text.xQueueGenericReceive
                0x00000000      0x228 ..\obj\queue.o
 .text.xQueueReceiveFromISR
                0x00000000       0xfc ..\obj\queue.o
 .text.xQueuePeekFromISR
                0x00000000       0xcc ..\obj\queue.o
 .text.uxQueueMessagesWaiting
                0x00000000       0x3c ..\obj\queue.o
 .text.uxQueueSpacesAvailable
                0x00000000       0x44 ..\obj\queue.o
 .text.uxQueueMessagesWaitingFromISR
                0x00000000       0x38 ..\obj\queue.o
 .text.vQueueDelete
                0x00000000       0x3c ..\obj\queue.o
 .text.uxQueueGetQueueNumber
                0x00000000       0x18 ..\obj\queue.o
 .text.vQueueSetQueueNumber
                0x00000000       0x1c ..\obj\queue.o
 .text.ucQueueGetQueueType
                0x00000000       0x1c ..\obj\queue.o
 .text.prvCopyDataToQueue
                0x00000000       0xd4 ..\obj\queue.o
 .text.prvCopyDataFromQueue
                0x00000000       0x4c ..\obj\queue.o
 .text.prvUnlockQueue
                0x00000000       0xa4 ..\obj\queue.o
 .text.prvIsQueueEmpty
                0x00000000       0x2c ..\obj\queue.o
 .text.xQueueIsQueueEmptyFromISR
                0x00000000       0x44 ..\obj\queue.o
 .text.prvIsQueueFull
                0x00000000       0x30 ..\obj\queue.o
 .text.xQueueIsQueueFullFromISR
                0x00000000       0x48 ..\obj\queue.o
 .text.vQueueAddToRegistry
                0x00000000       0x50 ..\obj\queue.o
 .text.pcQueueGetName
                0x00000000       0x4c ..\obj\queue.o
 .text.vQueueUnregisterQueue
                0x00000000       0x54 ..\obj\queue.o
 .text.vQueueWaitForMessageRestricted
                0x00000000       0x6c ..\obj\queue.o
 .debug_info    0x00000000     0x1402 ..\obj\queue.o
 .debug_abbrev  0x00000000      0x222 ..\obj\queue.o
 .debug_aranges
                0x00000000      0x118 ..\obj\queue.o
 .debug_ranges  0x00000000      0x108 ..\obj\queue.o
 .debug_line    0x00000000      0x9b1 ..\obj\queue.o
 .debug_str     0x00000000      0x86b ..\obj\queue.o
 .comment       0x00000000       0x6f ..\obj\queue.o
 .debug_frame   0x00000000      0x4c0 ..\obj\queue.o
 .ARM.attributes
                0x00000000       0x39 ..\obj\queue.o
 COMMON         0x00000000       0x40 ..\obj\queue.o
 .text          0x00000000        0x0 ..\obj\port.o
 .bss           0x00000000        0x8 ..\obj\port.o
 .rodata        0x00000000        0x4 ..\obj\port.o
 .text.prvPortStartFirstTask
                0x00000000       0x20 ..\obj\port.o
 .text.xPortStartScheduler
                0x00000000      0x118 ..\obj\port.o
 .text.vPortEndScheduler
                0x00000000       0x34 ..\obj\port.o
 .text.vPortSetupTimerInterrupt
                0x00000000       0x28 ..\obj\port.o
 .text.vPortEnableVFP
                0x00000000       0x14 ..\obj\port.o
 .text.vPortValidateInterruptPriority
                0x00000000       0x7c ..\obj\port.o
 .text          0x00000000        0x0 ..\obj\ff.o
 .data          0x00000000        0x0 ..\obj\ff.o
 .text.sync_fs  0x00000000      0x13c ..\obj\ff.o
 .text.dir_read
                0x00000000       0xb0 ..\obj\ff.o
 .text.dir_remove
                0x00000000       0x54 ..\obj\ff.o
 .text.get_fileinfo
                0x00000000       0xe0 ..\obj\ff.o
 .text.f_write  0x00000000      0x2d4 ..\obj\ff.o
 .text.f_sync   0x00000000      0x148 ..\obj\ff.o
 .text.f_close  0x00000000       0x28 ..\obj\ff.o
 .text.f_lseek  0x00000000      0x268 ..\obj\ff.o
 .text.f_opendir
                0x00000000       0xbc ..\obj\ff.o
 .text.f_closedir
                0x00000000       0x28 ..\obj\ff.o
 .text.f_readdir
                0x00000000       0x88 ..\obj\ff.o
 .text.f_stat   0x00000000       0x74 ..\obj\ff.o
 .text.f_getfree
                0x00000000      0x188 ..\obj\ff.o
 .text.f_truncate
                0x00000000      0x148 ..\obj\ff.o
 .text.f_unlink
                0x00000000      0x154 ..\obj\ff.o
 .text.f_mkdir  0x00000000      0x23c ..\obj\ff.o
 .text.f_chmod  0x00000000       0xac ..\obj\ff.o
 .text.f_utime  0x00000000       0xb4 ..\obj\ff.o
 .text.f_rename
                0x00000000      0x1b4 ..\obj\ff.o
 .text          0x00000000        0x0 ..\obj\croutine.o
 .data          0x00000000        0x0 ..\obj\croutine.o
 .bss           0x00000000        0x0 ..\obj\croutine.o
 .debug_info    0x00000000       0x75 ..\obj\croutine.o
 .debug_abbrev  0x00000000       0x24 ..\obj\croutine.o
 .debug_aranges
                0x00000000       0x18 ..\obj\croutine.o
 .debug_line    0x00000000       0x1d ..\obj\croutine.o
 .debug_str     0x00000000      0x189 ..\obj\croutine.o
 .comment       0x00000000       0x6f ..\obj\croutine.o
 .ARM.attributes
                0x00000000       0x39 ..\obj\croutine.o
 .text          0x00000000        0x0 ..\obj\stm32f4xx_spi.o
 .data          0x00000000        0x0 ..\obj\stm32f4xx_spi.o
 .bss           0x00000000        0x0 ..\obj\stm32f4xx_spi.o
 .text.SPI_StructInit
                0x00000000       0x4c ..\obj\stm32f4xx_spi.o
 .text.I2S_StructInit
                0x00000000       0x38 ..\obj\stm32f4xx_spi.o
 .text.SPI_DataSizeConfig
                0x00000000       0x38 ..\obj\stm32f4xx_spi.o
 .text.SPI_BiDirectionalLineConfig
                0x00000000       0x44 ..\obj\stm32f4xx_spi.o
 .text.SPI_NSSInternalSoftwareConfig
                0x00000000       0x44 ..\obj\stm32f4xx_spi.o
 .text.SPI_SSOutputCmd
                0x00000000       0x40 ..\obj\stm32f4xx_spi.o
 .text.SPI_TIModeCmd
                0x00000000       0x40 ..\obj\stm32f4xx_spi.o
 .text.I2S_FullDuplexConfig
                0x00000000       0x9c ..\obj\stm32f4xx_spi.o
 .text.SPI_I2S_ReceiveData
                0x00000000       0x1c ..\obj\stm32f4xx_spi.o
 .text.SPI_CalculateCRC
                0x00000000       0x40 ..\obj\stm32f4xx_spi.o
 .text.SPI_TransmitCRC
                0x00000000       0x24 ..\obj\stm32f4xx_spi.o
 .text.SPI_GetCRC
                0x00000000       0x34 ..\obj\stm32f4xx_spi.o
 .text.SPI_GetCRCPolynomial
                0x00000000       0x1c ..\obj\stm32f4xx_spi.o
 .text.SPI_I2S_DMACmd
                0x00000000       0x48 ..\obj\stm32f4xx_spi.o
 .text.SPI_I2S_ClearFlag
                0x00000000       0x24 ..\obj\stm32f4xx_spi.o
 .text          0x00000000        0x0 ..\obj\event_groups.o
 .data          0x00000000        0x0 ..\obj\event_groups.o
 .bss           0x00000000        0x0 ..\obj\event_groups.o
 .text.xEventGroupCreate
                0x00000000       0x30 ..\obj\event_groups.o
 .text.xEventGroupSync
                0x00000000      0x154 ..\obj\event_groups.o
 .text.xEventGroupWaitBits
                0x00000000      0x190 ..\obj\event_groups.o
 .text.xEventGroupClearBits
                0x00000000       0x6c ..\obj\event_groups.o
 .text.xEventGroupGetBitsFromISR
                0x00000000       0x48 ..\obj\event_groups.o
 .text.xEventGroupSetBits
                0x00000000      0x114 ..\obj\event_groups.o
 .text.vEventGroupDelete
                0x00000000       0x60 ..\obj\event_groups.o
 .text.vEventGroupSetBitsCallback
                0x00000000       0x1c ..\obj\event_groups.o
 .text.vEventGroupClearBitsCallback
                0x00000000       0x1c ..\obj\event_groups.o
 .text.prvTestWaitCondition
                0x00000000       0x44 ..\obj\event_groups.o
 .text.uxEventGroupGetNumber
                0x00000000       0x2c ..\obj\event_groups.o
 .debug_info    0x00000000      0x8c5 ..\obj\event_groups.o
 .debug_abbrev  0x00000000      0x1f2 ..\obj\event_groups.o
 .debug_aranges
                0x00000000       0x70 ..\obj\event_groups.o
 .debug_ranges  0x00000000       0x60 ..\obj\event_groups.o
 .debug_line    0x00000000      0x3f2 ..\obj\event_groups.o
 .debug_str     0x00000000      0x58d ..\obj\event_groups.o
 .comment       0x00000000       0x6f ..\obj\event_groups.o
 .debug_frame   0x00000000      0x1a8 ..\obj\event_groups.o
 .ARM.attributes
                0x00000000       0x39 ..\obj\event_groups.o
 .text          0x00000000        0x0 ..\obj\stm32f4xx_i2c.o
 .data          0x00000000        0x0 ..\obj\stm32f4xx_i2c.o
 .bss           0x00000000        0x0 ..\obj\stm32f4xx_i2c.o
 .text.I2C_StructInit
                0x00000000       0x40 ..\obj\stm32f4xx_i2c.o
 .text.I2C_OwnAddress2Config
                0x00000000       0x44 ..\obj\stm32f4xx_i2c.o
 .text.I2C_DualAddressCmd
                0x00000000       0x40 ..\obj\stm32f4xx_i2c.o
 .text.I2C_GeneralCallCmd
                0x00000000       0x40 ..\obj\stm32f4xx_i2c.o
 .text.I2C_SoftwareResetCmd
                0x00000000       0x44 ..\obj\stm32f4xx_i2c.o
 .text.I2C_StretchClockCmd
                0x00000000       0x40 ..\obj\stm32f4xx_i2c.o
 .text.I2C_FastModeDutyCycleConfig
                0x00000000       0x44 ..\obj\stm32f4xx_i2c.o
 .text.I2C_NACKPositionConfig
                0x00000000       0x44 ..\obj\stm32f4xx_i2c.o
 .text.I2C_SMBusAlertConfig
                0x00000000       0x44 ..\obj\stm32f4xx_i2c.o
 .text.I2C_ARPCmd
                0x00000000       0x40 ..\obj\stm32f4xx_i2c.o
 .text.I2C_TransmitPEC
                0x00000000       0x40 ..\obj\stm32f4xx_i2c.o
 .text.I2C_PECPositionConfig
                0x00000000       0x44 ..\obj\stm32f4xx_i2c.o
 .text.I2C_CalculatePEC
                0x00000000       0x40 ..\obj\stm32f4xx_i2c.o
 .text.I2C_GetPEC
                0x00000000       0x20 ..\obj\stm32f4xx_i2c.o
 .text.I2C_DMACmd
                0x00000000       0x40 ..\obj\stm32f4xx_i2c.o
 .text.I2C_DMALastTransferCmd
                0x00000000       0x40 ..\obj\stm32f4xx_i2c.o
 .text.I2C_ReadRegister
                0x00000000       0x30 ..\obj\stm32f4xx_i2c.o
 .text.I2C_ITConfig
                0x00000000       0x48 ..\obj\stm32f4xx_i2c.o
 .text.I2C_GetLastEvent
                0x00000000       0x44 ..\obj\stm32f4xx_i2c.o
 .text.I2C_ClearFlag
                0x00000000       0x30 ..\obj\stm32f4xx_i2c.o
 .text.I2C_GetITStatus
                0x00000000       0x5c ..\obj\stm32f4xx_i2c.o
 .text.I2C_ClearITPendingBit
                0x00000000       0x30 ..\obj\stm32f4xx_i2c.o
 .text          0x00000000        0x0 ..\obj\misc.o
 .data          0x00000000        0x0 ..\obj\misc.o
 .bss           0x00000000        0x0 ..\obj\misc.o
 .text.NVIC_PriorityGroupConfig
                0x00000000       0x28 ..\obj\misc.o
 .text.NVIC_SetVectorTable
                0x00000000       0x2c ..\obj\misc.o
 .text.NVIC_SystemLPConfig
                0x00000000       0x44 ..\obj\misc.o
 .text.SysTick_CLKSourceConfig
                0x00000000       0x38 ..\obj\misc.o
 .text          0x00000000        0x0 ..\obj\heap_2.o
 .rodata        0x00000000        0x2 ..\obj\heap_2.o
 .text.xPortGetFreeHeapSize
                0x00000000       0x18 ..\obj\heap_2.o
 .text.vPortInitialiseBlocks
                0x00000000       0x10 ..\obj\heap_2.o
 .text          0x00000000        0x0 ..\obj\stm32f4xx_tim.o
 .data          0x00000000        0x0 ..\obj\stm32f4xx_tim.o
 .bss           0x00000000        0x0 ..\obj\stm32f4xx_tim.o
 .text.TIM_DeInit
                0x00000000      0x1c0 ..\obj\stm32f4xx_tim.o
 .text.TIM_TimeBaseStructInit
                0x00000000       0x34 ..\obj\stm32f4xx_tim.o
 .text.TIM_PrescalerConfig
                0x00000000       0x28 ..\obj\stm32f4xx_tim.o
 .text.TIM_CounterModeConfig
                0x00000000       0x38 ..\obj\stm32f4xx_tim.o
 .text.TIM_SetCounter
                0x00000000       0x1c ..\obj\stm32f4xx_tim.o
 .text.TIM_SetAutoreload
                0x00000000       0x1c ..\obj\stm32f4xx_tim.o
 .text.TIM_GetCounter
                0x00000000       0x18 ..\obj\stm32f4xx_tim.o
 .text.TIM_GetPrescaler
                0x00000000       0x1c ..\obj\stm32f4xx_tim.o
 .text.TIM_UpdateDisableConfig
                0x00000000       0x40 ..\obj\stm32f4xx_tim.o
 .text.TIM_UpdateRequestConfig
                0x00000000       0x40 ..\obj\stm32f4xx_tim.o
 .text.TIM_ARRPreloadConfig
                0x00000000       0x40 ..\obj\stm32f4xx_tim.o
 .text.TIM_SelectOnePulseMode
                0x00000000       0x38 ..\obj\stm32f4xx_tim.o
 .text.TIM_SetClockDivision
                0x00000000       0x38 ..\obj\stm32f4xx_tim.o
 .text.TIM_OC1Init
                0x00000000       0xf4 ..\obj\stm32f4xx_tim.o
 .text.TIM_OC2Init
                0x00000000      0x110 ..\obj\stm32f4xx_tim.o
 .text.TIM_OC3Init
                0x00000000      0x10c ..\obj\stm32f4xx_tim.o
 .text.TIM_OC4Init
                0x00000000       0xd0 ..\obj\stm32f4xx_tim.o
 .text.TIM_OCStructInit
                0x00000000       0x44 ..\obj\stm32f4xx_tim.o
 .text.TIM_SelectOCxM
                0x00000000       0xb4 ..\obj\stm32f4xx_tim.o
 .text.TIM_SetCompare1
                0x00000000       0x1c ..\obj\stm32f4xx_tim.o
 .text.TIM_SetCompare2
                0x00000000       0x1c ..\obj\stm32f4xx_tim.o
 .text.TIM_SetCompare3
                0x00000000       0x1c ..\obj\stm32f4xx_tim.o
 .text.TIM_SetCompare4
                0x00000000       0x1c ..\obj\stm32f4xx_tim.o
 .text.TIM_ForcedOC1Config
                0x00000000       0x38 ..\obj\stm32f4xx_tim.o
 .text.TIM_ForcedOC2Config
                0x00000000       0x3c ..\obj\stm32f4xx_tim.o
 .text.TIM_ForcedOC3Config
                0x00000000       0x38 ..\obj\stm32f4xx_tim.o
 .text.TIM_ForcedOC4Config
                0x00000000       0x3c ..\obj\stm32f4xx_tim.o
 .text.TIM_OC1PreloadConfig
                0x00000000       0x38 ..\obj\stm32f4xx_tim.o
 .text.TIM_OC2PreloadConfig
                0x00000000       0x3c ..\obj\stm32f4xx_tim.o
 .text.TIM_OC3PreloadConfig
                0x00000000       0x38 ..\obj\stm32f4xx_tim.o
 .text.TIM_OC4PreloadConfig
                0x00000000       0x3c ..\obj\stm32f4xx_tim.o
 .text.TIM_OC1FastConfig
                0x00000000       0x38 ..\obj\stm32f4xx_tim.o
 .text.TIM_OC2FastConfig
                0x00000000       0x3c ..\obj\stm32f4xx_tim.o
 .text.TIM_OC3FastConfig
                0x00000000       0x38 ..\obj\stm32f4xx_tim.o
 .text.TIM_OC4FastConfig
                0x00000000       0x3c ..\obj\stm32f4xx_tim.o
 .text.TIM_ClearOC1Ref
                0x00000000       0x38 ..\obj\stm32f4xx_tim.o
 .text.TIM_ClearOC2Ref
                0x00000000       0x3c ..\obj\stm32f4xx_tim.o
 .text.TIM_ClearOC3Ref
                0x00000000       0x38 ..\obj\stm32f4xx_tim.o
 .text.TIM_ClearOC4Ref
                0x00000000       0x3c ..\obj\stm32f4xx_tim.o
 .text.TIM_OC1PolarityConfig
                0x00000000       0x38 ..\obj\stm32f4xx_tim.o
 .text.TIM_OC1NPolarityConfig
                0x00000000       0x38 ..\obj\stm32f4xx_tim.o
 .text.TIM_OC2PolarityConfig
                0x00000000       0x3c ..\obj\stm32f4xx_tim.o
 .text.TIM_OC2NPolarityConfig
                0x00000000       0x3c ..\obj\stm32f4xx_tim.o
 .text.TIM_OC3PolarityConfig
                0x00000000       0x3c ..\obj\stm32f4xx_tim.o
 .text.TIM_OC3NPolarityConfig
                0x00000000       0x3c ..\obj\stm32f4xx_tim.o
 .text.TIM_OC4PolarityConfig
                0x00000000       0x3c ..\obj\stm32f4xx_tim.o
 .text.TIM_CCxCmd
                0x00000000       0x5c ..\obj\stm32f4xx_tim.o
 .text.TIM_CCxNCmd
                0x00000000       0x5c ..\obj\stm32f4xx_tim.o
 .text.TIM_ICInit
                0x00000000       0xa8 ..\obj\stm32f4xx_tim.o
 .text.TIM_ICStructInit
                0x00000000       0x34 ..\obj\stm32f4xx_tim.o
 .text.TIM_PWMIConfig
                0x00000000       0xb8 ..\obj\stm32f4xx_tim.o
 .text.TIM_GetCapture1
                0x00000000       0x18 ..\obj\stm32f4xx_tim.o
 .text.TIM_GetCapture2
                0x00000000       0x18 ..\obj\stm32f4xx_tim.o
 .text.TIM_GetCapture3
                0x00000000       0x18 ..\obj\stm32f4xx_tim.o
 .text.TIM_GetCapture4
                0x00000000       0x18 ..\obj\stm32f4xx_tim.o
 .text.TIM_SetIC1Prescaler
                0x00000000       0x38 ..\obj\stm32f4xx_tim.o
 .text.TIM_SetIC2Prescaler
                0x00000000       0x3c ..\obj\stm32f4xx_tim.o
 .text.TIM_SetIC3Prescaler
                0x00000000       0x38 ..\obj\stm32f4xx_tim.o
 .text.TIM_SetIC4Prescaler
                0x00000000       0x3c ..\obj\stm32f4xx_tim.o
 .text.TIM_BDTRConfig
                0x00000000       0x50 ..\obj\stm32f4xx_tim.o
 .text.TIM_BDTRStructInit
                0x00000000       0x40 ..\obj\stm32f4xx_tim.o
 .text.TIM_CtrlPWMOutputs
                0x00000000       0x4c ..\obj\stm32f4xx_tim.o
 .text.TIM_SelectCOM
                0x00000000       0x40 ..\obj\stm32f4xx_tim.o
 .text.TIM_CCPreloadControl
                0x00000000       0x40 ..\obj\stm32f4xx_tim.o
 .text.TIM_GenerateEvent
                0x00000000       0x20 ..\obj\stm32f4xx_tim.o
 .text.TIM_GetFlagStatus
                0x00000000       0x38 ..\obj\stm32f4xx_tim.o
 .text.TIM_ClearFlag
                0x00000000       0x24 ..\obj\stm32f4xx_tim.o
 .text.TIM_DMAConfig
                0x00000000       0x2c ..\obj\stm32f4xx_tim.o
 .text.TIM_DMACmd
                0x00000000       0x48 ..\obj\stm32f4xx_tim.o
 .text.TIM_SelectCCDMA
                0x00000000       0x40 ..\obj\stm32f4xx_tim.o
 .text.TIM_InternalClockConfig
                0x00000000       0x24 ..\obj\stm32f4xx_tim.o
 .text.TIM_ITRxExternalClockConfig
                0x00000000       0x30 ..\obj\stm32f4xx_tim.o
 .text.TIM_TIxExternalClockConfig
                0x00000000       0x5c ..\obj\stm32f4xx_tim.o
 .text.TIM_ETRClockMode1Config
                0x00000000       0x60 ..\obj\stm32f4xx_tim.o
 .text.TIM_ETRClockMode2Config
                0x00000000       0x40 ..\obj\stm32f4xx_tim.o
 .text.TIM_SelectInputTrigger
                0x00000000       0x38 ..\obj\stm32f4xx_tim.o
 .text.TIM_SelectOutputTrigger
                0x00000000       0x38 ..\obj\stm32f4xx_tim.o
 .text.TIM_SelectSlaveMode
                0x00000000       0x38 ..\obj\stm32f4xx_tim.o
 .text.TIM_SelectMasterSlaveMode
                0x00000000       0x38 ..\obj\stm32f4xx_tim.o
 .text.TIM_ETRConfig
                0x00000000       0x54 ..\obj\stm32f4xx_tim.o
 .text.TIM_EncoderInterfaceConfig
                0x00000000       0x98 ..\obj\stm32f4xx_tim.o
 .text.TIM_SelectHallSensor
                0x00000000       0x40 ..\obj\stm32f4xx_tim.o
 .text.TIM_RemapConfig
                0x00000000       0x20 ..\obj\stm32f4xx_tim.o
 .text.TI1_Config
                0x00000000       0x88 ..\obj\stm32f4xx_tim.o
 .text.TI2_Config
                0x00000000       0x9c ..\obj\stm32f4xx_tim.o
 .text.TI3_Config
                0x00000000       0x90 ..\obj\stm32f4xx_tim.o
 .text.TI4_Config
                0x00000000       0xa0 ..\obj\stm32f4xx_tim.o
 .text          0x00000000        0x0 ..\obj\fatfs_diskio_sdcard_spi.o
 .bss           0x00000000        0x0 ..\obj\fatfs_diskio_sdcard_spi.o
 .text.crc7     0x00000000       0x48 ..\obj\fatfs_diskio_sdcard_spi.o
 .text.disk_ioctl
                0x00000000       0x6c ..\obj\fatfs_diskio_sdcard_spi.o
 .text.ff_convert
                0x00000000       0x1c ..\obj\fatfs_diskio_sdcard_spi.o
 .text.ff_wtoupper
                0x00000000       0x18 ..\obj\fatfs_diskio_sdcard_spi.o
 .text          0x00000000      0x134 c:/program files (x86)/gnu tools arm embedded/5.2 2015q4/bin/../lib/gcc/arm-none-eabi/5.2.1/../../../../arm-none-eabi/lib/armv7e-m/fpu\libg.a(lib_a-memcpy.o)
 .data          0x00000000        0x0 c:/program files (x86)/gnu tools arm embedded/5.2 2015q4/bin/../lib/gcc/arm-none-eabi/5.2.1/../../../../arm-none-eabi/lib/armv7e-m/fpu\libg.a(lib_a-memcpy.o)
 .bss           0x00000000        0x0 c:/program files (x86)/gnu tools arm embedded/5.2 2015q4/bin/../lib/gcc/arm-none-eabi/5.2.1/../../../../arm-none-eabi/lib/armv7e-m/fpu\libg.a(lib_a-memcpy.o)
 .ARM.attributes
                0x00000000       0x20 c:/program files (x86)/gnu tools arm embedded/5.2 2015q4/bin/../lib/gcc/arm-none-eabi/5.2.1/../../../../arm-none-eabi/lib/armv7e-m/fpu\libg.a(lib_a-memcpy.o)
 .text          0x00000000        0x0 c:/program files (x86)/gnu tools arm embedded/5.2 2015q4/bin/../lib/gcc/arm-none-eabi/5.2.1/../../../../arm-none-eabi/lib/armv7e-m/fpu\libg.a(lib_a-memset.o)
 .data          0x00000000        0x0 c:/program files (x86)/gnu tools arm embedded/5.2 2015q4/bin/../lib/gcc/arm-none-eabi/5.2.1/../../../../arm-none-eabi/lib/armv7e-m/fpu\libg.a(lib_a-memset.o)
 .bss           0x00000000        0x0 c:/program files (x86)/gnu tools arm embedded/5.2 2015q4/bin/../lib/gcc/arm-none-eabi/5.2.1/../../../../arm-none-eabi/lib/armv7e-m/fpu\libg.a(lib_a-memset.o)

Memory Configuration

Name             Origin             Length             Attributes
rom              0x08000000         0x00100000         xr
ram              0x20000000         0x00020000         xrw
ram1             0x10000000         0x00010000         xrw
*default*        0x00000000         0xffffffff

Linker script and memory map

                0x20020000                _eram = 0x20020000

.text           0x08000000     0x640d
 *(.isr_vector)
 .isr_vector    0x08000000      0x188 ..\obj\startup_stm32f4xx.o
                0x08000000                g_pfnVectors
 *(.text*)
 .text.Default_Reset_Handler
                0x08000188       0x6c ..\obj\startup_stm32f4xx.o
                0x08000188                Default_Reset_Handler
                0x08000188                Reset_Handler
 .text.Default_Handler
                0x080001f4        0x8 ..\obj\startup_stm32f4xx.o
                0x080001f4                RTC_Alarm_IRQHandler
                0x080001f4                HASH_RNG_IRQHandler
                0x080001f4                EXTI2_IRQHandler
                0x080001f4                TIM8_CC_IRQHandler
                0x080001f4                DebugMon_Handler
                0x080001f4                TIM1_CC_IRQHandler
                0x080001f4                DMA2_Stream5_IRQHandler
                0x080001f4                HardFault_Handler
                0x080001f4                DMA1_Stream5_IRQHandler
                0x080001f4                PVD_IRQHandler
                0x080001f4                SDIO_IRQHandler
                0x080001f4                TAMP_STAMP_IRQHandler
                0x080001f4                NMI_Handler
                0x080001f4                CAN2_RX1_IRQHandler
                0x080001f4                EXTI3_IRQHandler
                0x080001f4                TIM8_TRG_COM_TIM14_IRQHandler
                0x080001f4                TIM1_UP_TIM10_IRQHandler
                0x080001f4                TIM8_UP_TIM13_IRQHandler
                0x080001f4                I2C3_ER_IRQHandler
                0x080001f4                EXTI0_IRQHandler
                0x080001f4                I2C2_EV_IRQHandler
                0x080001f4                DMA1_Stream2_IRQHandler
                0x080001f4                CAN1_RX0_IRQHandler
                0x080001f4                FPU_IRQHandler
                0x080001f4                OTG_HS_WKUP_IRQHandler
                0x080001f4                UsageFault_Handler
                0x080001f4                CAN2_SCE_IRQHandler
                0x080001f4                DMA2_Stream2_IRQHandler
                0x080001f4                SPI1_IRQHandler
                0x080001f4                TIM6_DAC_IRQHandler
                0x080001f4                TIM1_BRK_TIM9_IRQHandler
                0x080001f4                DCMI_IRQHandler
                0x080001f4                CAN2_RX0_IRQHandler
                0x080001f4                DMA2_Stream3_IRQHandler
                0x080001f4                USART6_IRQHandler
                0x080001f4                USART3_IRQHandler
                0x080001f4                CRYP_IRQHandler
                0x080001f4                CAN1_RX1_IRQHandler
                0x080001f4                UART5_IRQHandler
                0x080001f4                DMA2_Stream0_IRQHandler
                0x080001f4                TIM4_IRQHandler
                0x080001f4                I2C1_EV_IRQHandler
                0x080001f4                DMA1_Stream6_IRQHandler
                0x080001f4                DMA1_Stream1_IRQHandler
                0x080001f4                UART4_IRQHandler
                0x080001f4                TIM3_IRQHandler
                0x080001f4                RCC_IRQHandler
                0x080001f4                TIM8_BRK_TIM12_IRQHandler
                0x080001f4                EXTI15_10_IRQHandler
                0x080001f4                ADC_IRQHandler
                0x080001f4                DMA1_Stream7_IRQHandler
                0x080001f4                TIM7_IRQHandler
                0x080001f4                CAN2_TX_IRQHandler
                0x080001f4                TIM5_IRQHandler
                0x080001f4                DMA2_Stream7_IRQHandler
                0x080001f4                I2C3_EV_IRQHandler
                0x080001f4                EXTI9_5_IRQHandler
                0x080001f4                RTC_WKUP_IRQHandler
                0x080001f4                ETH_WKUP_IRQHandler
                0x080001f4                SPI2_IRQHandler
                0x080001f4                OTG_HS_EP1_IN_IRQHandler
                0x080001f4                MemManage_Handler
                0x080001f4                DMA1_Stream0_IRQHandler
                0x080001f4                CAN1_TX_IRQHandler
                0x080001f4                EXTI4_IRQHandler
                0x080001f4                FSMC_IRQHandler
                0x080001f4                ETH_IRQHandler
                0x080001f4                OTG_HS_EP1_OUT_IRQHandler
                0x080001f4                WWDG_IRQHandler
                0x080001f4                OTG_FS_WKUP_IRQHandler
                0x080001f4                TIM1_TRG_COM_TIM11_IRQHandler
                0x080001f4                OTG_HS_IRQHandler
                0x080001f4                EXTI1_IRQHandler
                0x080001f4                USART2_IRQHandler
                0x080001f4                I2C2_ER_IRQHandler
                0x080001f4                DMA2_Stream1_IRQHandler
                0x080001f4                CAN1_SCE_IRQHandler
                0x080001f4                FLASH_IRQHandler
                0x080001f4                DMA2_Stream4_IRQHandler
                0x080001f4                BusFault_Handler
                0x080001f4                USART1_IRQHandler
                0x080001f4                OTG_FS_IRQHandler
                0x080001f4                DMA1_Stream4_IRQHandler
                0x080001f4                I2C1_ER_IRQHandler
                0x080001f4                DMA2_Stream6_IRQHandler
                0x080001f4                DMA1_Stream3_IRQHandler
 .text.timer_init
                0x080001fc       0x64 ..\obj\main.o
                0x080001fc                timer_init
 .text.i2s_it_init
                0x08000260       0x34 ..\obj\main.o
                0x08000260                i2s_it_init
 .text.TIM2_IRQHandler
                0x08000294       0xa8 ..\obj\main.o
                0x08000294                TIM2_IRQHandler
 .text.SPI3_IRQHandler
                0x0800033c       0x54 ..\obj\main.o
                0x0800033c                SPI3_IRQHandler
 .text.readerTask
                0x08000390       0x54 ..\obj\main.o
                0x08000390                readerTask
 .text.main     0x080003e4       0xb8 ..\obj\main.o
                0x080003e4                main
 .text.vApplicationMallocFailedHook
                0x0800049c        0x8 ..\obj\main.o
                0x0800049c                vApplicationMallocFailedHook
 .text.vApplicationStackOverflowHook
                0x080004a4        0xc ..\obj\main.o
                0x080004a4                vApplicationStackOverflowHook
 .text.vApplicationTickHook
                0x080004b0       0x10 ..\obj\main.o
                0x080004b0                vApplicationTickHook
 .text.RCC_PLLI2SCmd
                0x080004c0       0x20 ..\obj\stm32f4xx_rcc.o
                0x080004c0                RCC_PLLI2SCmd
 .text.RCC_GetClocksFreq
                0x080004e0      0x154 ..\obj\stm32f4xx_rcc.o
                0x080004e0                RCC_GetClocksFreq
 .text.RCC_AHB1PeriphClockCmd
                0x08000634       0x40 ..\obj\stm32f4xx_rcc.o
                0x08000634                RCC_AHB1PeriphClockCmd
 .text.RCC_APB1PeriphClockCmd
                0x08000674       0x40 ..\obj\stm32f4xx_rcc.o
                0x08000674                RCC_APB1PeriphClockCmd
 .text.RCC_APB2PeriphClockCmd
                0x080006b4       0x40 ..\obj\stm32f4xx_rcc.o
                0x080006b4                RCC_APB2PeriphClockCmd
 .text.RCC_APB1PeriphResetCmd
                0x080006f4       0x40 ..\obj\stm32f4xx_rcc.o
                0x080006f4                RCC_APB1PeriphResetCmd
 .text.RCC_APB2PeriphResetCmd
                0x08000734       0x40 ..\obj\stm32f4xx_rcc.o
                0x08000734                RCC_APB2PeriphResetCmd
 .text.codec_init
                0x08000774      0x178 ..\obj\codec.o
                0x08000774                codec_init
 .text.codec_ctrl_init
                0x080008ec      0x168 ..\obj\codec.o
                0x080008ec                codec_ctrl_init
 .text.send_codec_ctrl
                0x08000a54       0xb8 ..\obj\codec.o
                0x08000a54                send_codec_ctrl
 .text.read_codec_register
                0x08000b0c      0x104 ..\obj\codec.o
                0x08000b0c                read_codec_register
 .text.display_set_pin
                0x08000c10       0x38 ..\obj\display.o
                0x08000c10                display_set_pin
 .text.display_gpio_spi_config
                0x08000c48       0xb8 ..\obj\display.o
                0x08000c48                display_gpio_spi_config
 .text.display_write_byte
                0x08000d00       0x54 ..\obj\display.o
                0x08000d00                display_write_byte
 .text.display_set_XY
                0x08000d54       0x48 ..\obj\display.o
                0x08000d54                display_set_XY
 .text.display_clear
                0x08000d9c       0x34 ..\obj\display.o
                0x08000d9c                display_clear
 .text.display_init
                0x08000dd0       0x68 ..\obj\display.o
                0x08000dd0                display_init
 .text.display_write_char
                0x08000e38       0x48 ..\obj\display.o
                0x08000e38                display_write_char
 .text.display_write_string
                0x08000e80       0x28 ..\obj\display.o
                0x08000e80                display_write_string
 .text.xTaskCreate
                0x08000ea8       0x80 ..\obj\tasks.o
                0x08000ea8                xTaskCreate
 .text.prvInitialiseNewTask
                0x08000f28      0x110 ..\obj\tasks.o
 .text.prvAddNewTaskToReadyList
                0x08001038       0xdc ..\obj\tasks.o
 .text.vTaskSuspendAll
                0x08001114       0x1c ..\obj\tasks.o
                0x08001114                vTaskSuspendAll
 .text.xTaskResumeAll
                0x08001130      0x138 ..\obj\tasks.o
                0x08001130                xTaskResumeAll
 .text.xTaskIncrementTick
                0x08001268      0x188 ..\obj\tasks.o
                0x08001268                xTaskIncrementTick
 .text.vTaskSwitchContext
                0x080013f0      0x100 ..\obj\tasks.o
                0x080013f0                vTaskSwitchContext
 .text.prvInitialiseTaskLists
                0x080014f0       0x80 ..\obj\tasks.o
 .text.prvResetNextTaskUnblockTime
                0x08001570       0x4c ..\obj\tasks.o
 .text.GPIO_Init
                0x080015bc      0x11c ..\obj\stm32f4xx_gpio.o
                0x080015bc                GPIO_Init
 .text.GPIO_StructInit
                0x080016d8       0x34 ..\obj\stm32f4xx_gpio.o
                0x080016d8                GPIO_StructInit
 .text.GPIO_SetBits
                0x0800170c       0x20 ..\obj\stm32f4xx_gpio.o
                0x0800170c                GPIO_SetBits
 .text.GPIO_ResetBits
                0x0800172c       0x20 ..\obj\stm32f4xx_gpio.o
                0x0800172c                GPIO_ResetBits
 .text.GPIO_PinAFConfig
                0x0800174c       0x94 ..\obj\stm32f4xx_gpio.o
                0x0800174c                GPIO_PinAFConfig
 .text.vListInitialise
                0x080017e0       0x40 ..\obj\list.o
                0x080017e0                vListInitialise
 .text.vListInitialiseItem
                0x08001820       0x1c ..\obj\list.o
                0x08001820                vListInitialiseItem
 .text.vListInsertEnd
                0x0800183c       0x48 ..\obj\list.o
                0x0800183c                vListInsertEnd
 .text.uxListRemove
                0x08001884       0x54 ..\obj\list.o
                0x08001884                uxListRemove
 .text.SystemInit
                0x080018d8       0x6c ..\obj\system_stm32f4xx.o
                0x080018d8                SystemInit
 .text.SetSysClock
                0x08001944       0xf8 ..\obj\system_stm32f4xx.o
 .text.pxPortInitialiseStack
                0x08001a3c       0x64 ..\obj\port.o
                0x08001a3c                pxPortInitialiseStack
 .text.prvTaskExitError
                0x08001aa0       0x3c ..\obj\port.o
 *fill*         0x08001adc        0x4 
 .text.SVC_Handler
                0x08001ae0       0x28 ..\obj\port.o
                0x08001ae0                SVC_Handler
 .text.vPortEnterCritical
                0x08001b08       0x5c ..\obj\port.o
                0x08001b08                vPortEnterCritical
 .text.vPortExitCritical
                0x08001b64       0x50 ..\obj\port.o
                0x08001b64                vPortExitCritical
 *fill*         0x08001bb4        0xc 
 .text.PendSV_Handler
                0x08001bc0       0x68 ..\obj\port.o
                0x08001bc0                PendSV_Handler
 .text.SysTick_Handler
                0x08001c28       0x40 ..\obj\port.o
                0x08001c28                SysTick_Handler
 .text.mem_cpy  0x08001c68       0x3c ..\obj\ff.o
 .text.mem_set  0x08001ca4       0x34 ..\obj\ff.o
 .text.mem_cmp  0x08001cd8       0x50 ..\obj\ff.o
 .text.chk_chr  0x08001d28       0x38 ..\obj\ff.o
 .text.sync_window
                0x08001d60       0x84 ..\obj\ff.o
 .text.move_window
                0x08001de4       0x50 ..\obj\ff.o
 .text.clust2sect
                0x08001e34       0x40 ..\obj\ff.o
                0x08001e34                clust2sect
 .text.get_fat  0x08001e74      0x160 ..\obj\ff.o
                0x08001e74                get_fat
 .text.put_fat  0x08001fd4      0x1fc ..\obj\ff.o
                0x08001fd4                put_fat
 .text.remove_chain
                0x080021d0       0xa8 ..\obj\ff.o
 .text.create_chain
                0x08002278      0x11c ..\obj\ff.o
 .text.dir_sdi  0x08002394      0x104 ..\obj\ff.o
 .text.dir_next
                0x08002498      0x1a4 ..\obj\ff.o
 .text.dir_alloc
                0x0800263c       0x8c ..\obj\ff.o
 .text.ld_clust
                0x080026c8       0x5c ..\obj\ff.o
 .text.st_clust
                0x08002724       0x48 ..\obj\ff.o
 .text.dir_find
                0x0800276c       0x98 ..\obj\ff.o
 .text.dir_register
                0x08002804       0x64 ..\obj\ff.o
 .text.create_name
                0x08002868      0x234 ..\obj\ff.o
 .text.get_ldnumber
                0x08002a9c       0x5c ..\obj\ff.o
 .text.follow_path
                0x08002af8       0xd0 ..\obj\ff.o
 .text.check_fs
                0x08002bc8       0xd4 ..\obj\ff.o
 .text.find_volume
                0x08002c9c      0x564 ..\obj\ff.o
 .text.validate
                0x08003200       0x5c ..\obj\ff.o
 .text.f_mount  0x0800325c       0x84 ..\obj\ff.o
                0x0800325c                f_mount
 .text.f_open   0x080032e0      0x27c ..\obj\ff.o
                0x080032e0                f_open
 .text.f_read   0x0800355c      0x270 ..\obj\ff.o
                0x0800355c                f_read
 .text.SPI_I2S_DeInit
                0x080037cc       0x74 ..\obj\stm32f4xx_spi.o
                0x080037cc                SPI_I2S_DeInit
 .text.SPI_Init
                0x08003840       0x88 ..\obj\stm32f4xx_spi.o
                0x08003840                SPI_Init
 .text.I2S_Init
                0x080038c8      0x1b4 ..\obj\stm32f4xx_spi.o
                0x080038c8                I2S_Init
 .text.SPI_Cmd  0x08003a7c       0x40 ..\obj\stm32f4xx_spi.o
                0x08003a7c                SPI_Cmd
 .text.I2S_Cmd  0x08003abc       0x40 ..\obj\stm32f4xx_spi.o
                0x08003abc                I2S_Cmd
 .text.SPI_I2S_SendData
                0x08003afc       0x20 ..\obj\stm32f4xx_spi.o
                0x08003afc                SPI_I2S_SendData
 .text.SPI_I2S_ITConfig
                0x08003b1c       0x64 ..\obj\stm32f4xx_spi.o
                0x08003b1c                SPI_I2S_ITConfig
 .text.SPI_I2S_GetFlagStatus
                0x08003b80       0x38 ..\obj\stm32f4xx_spi.o
                0x08003b80                SPI_I2S_GetFlagStatus
 .text.SPI_I2S_GetITStatus
                0x08003bb8       0x78 ..\obj\stm32f4xx_spi.o
                0x08003bb8                SPI_I2S_GetITStatus
 .text.SPI_I2S_ClearITPendingBit
                0x08003c30       0x34 ..\obj\stm32f4xx_spi.o
                0x08003c30                SPI_I2S_ClearITPendingBit
 .text.I2C_DeInit
                0x08003c64       0x74 ..\obj\stm32f4xx_i2c.o
                0x08003c64                I2C_DeInit
 .text.I2C_Init
                0x08003cd8      0x184 ..\obj\stm32f4xx_i2c.o
                0x08003cd8                I2C_Init
 .text.I2C_Cmd  0x08003e5c       0x40 ..\obj\stm32f4xx_i2c.o
                0x08003e5c                I2C_Cmd
 .text.I2C_GenerateSTART
                0x08003e9c       0x40 ..\obj\stm32f4xx_i2c.o
                0x08003e9c                I2C_GenerateSTART
 .text.I2C_GenerateSTOP
                0x08003edc       0x40 ..\obj\stm32f4xx_i2c.o
                0x08003edc                I2C_GenerateSTOP
 .text.I2C_Send7bitAddress
                0x08003f1c       0x3c ..\obj\stm32f4xx_i2c.o
                0x08003f1c                I2C_Send7bitAddress
 .text.I2C_AcknowledgeConfig
                0x08003f58       0x40 ..\obj\stm32f4xx_i2c.o
                0x08003f58                I2C_AcknowledgeConfig
 .text.I2C_SendData
                0x08003f98       0x20 ..\obj\stm32f4xx_i2c.o
                0x08003f98                I2C_SendData
 .text.I2C_ReceiveData
                0x08003fb8       0x1c ..\obj\stm32f4xx_i2c.o
                0x08003fb8                I2C_ReceiveData
 .text.I2C_CheckEvent
                0x08003fd4       0x60 ..\obj\stm32f4xx_i2c.o
                0x08003fd4                I2C_CheckEvent
 .text.I2C_GetFlagStatus
                0x08004034       0x68 ..\obj\stm32f4xx_i2c.o
                0x08004034                I2C_GetFlagStatus
 .text.NVIC_Init
                0x0800409c       0xc4 ..\obj\misc.o
                0x0800409c                NVIC_Init
 .text.pvPortMalloc
                0x08004160      0x128 ..\obj\heap_2.o
                0x08004160                pvPortMalloc
 .text.vPortFree
                0x08004288       0x74 ..\obj\heap_2.o
                0x08004288                vPortFree
 .text.prvHeapInit
                0x080042fc       0x54 ..\obj\heap_2.o
 .text.TIM_TimeBaseInit
                0x08004350       0xd8 ..\obj\stm32f4xx_tim.o
                0x08004350                TIM_TimeBaseInit
 .text.TIM_Cmd  0x08004428       0x40 ..\obj\stm32f4xx_tim.o
                0x08004428                TIM_Cmd
 .text.TIM_ITConfig
                0x08004468       0x48 ..\obj\stm32f4xx_tim.o
                0x08004468                TIM_ITConfig
 .text.TIM_GetITStatus
                0x080044b0       0x54 ..\obj\stm32f4xx_tim.o
                0x080044b0                TIM_GetITStatus
 .text.TIM_ClearITPendingBit
                0x08004504       0x24 ..\obj\stm32f4xx_tim.o
                0x08004504                TIM_ClearITPendingBit
 .text.spi_init
                0x08004528       0xd4 ..\obj\fatfs_diskio_sdcard_spi.o
 .text.spi_cs_low
                0x080045fc       0x18 ..\obj\fatfs_diskio_sdcard_spi.o
                0x080045fc                spi_cs_low
 .text.spi_cs_high
                0x08004614       0x18 ..\obj\fatfs_diskio_sdcard_spi.o
                0x08004614                spi_cs_high
 .text.spi_txrx
                0x0800462c       0x3c ..\obj\fatfs_diskio_sdcard_spi.o
 .text.crc7_one
                0x08004668       0x54 ..\obj\fatfs_diskio_sdcard_spi.o
 .text.crc16_ccitt
                0x080046bc       0x70 ..\obj\fatfs_diskio_sdcard_spi.o
 .text.crc16    0x0800472c       0x44 ..\obj\fatfs_diskio_sdcard_spi.o
                0x0800472c                crc16
 .text.my_printf
                0x08004770       0x10 ..\obj\fatfs_diskio_sdcard_spi.o
                0x08004770                my_printf
 .text.sd_cmd   0x08004780       0xc8 ..\obj\fatfs_diskio_sdcard_spi.o
 .text.sd_get_r1
                0x08004848       0x38 ..\obj\fatfs_diskio_sdcard_spi.o
 .text.sd_get_r2
                0x08004880       0x5c ..\obj\fatfs_diskio_sdcard_spi.o
 .text.sd_get_r7
                0x080048dc       0x6c ..\obj\fatfs_diskio_sdcard_spi.o
 .text.print_r1
                0x08004948       0x5c ..\obj\fatfs_diskio_sdcard_spi.o
 .text.print_r2
                0x080049a4       0x5c ..\obj\fatfs_diskio_sdcard_spi.o
 .text.sd_nec   0x08004a00       0x28 ..\obj\fatfs_diskio_sdcard_spi.o
 .text.sd_init  0x08004a28      0x55c ..\obj\fatfs_diskio_sdcard_spi.o
 .text.sd_read_status
                0x08004f84       0x4c ..\obj\fatfs_diskio_sdcard_spi.o
 .text.sd_get_data
                0x08004fd0       0xc0 ..\obj\fatfs_diskio_sdcard_spi.o
 .text.sd_put_data
                0x08005090       0xc8 ..\obj\fatfs_diskio_sdcard_spi.o
 .text.sd_read_csd
                0x08005158      0x4f8 ..\obj\fatfs_diskio_sdcard_spi.o
 .text.sd_read_cid
                0x08005650      0x148 ..\obj\fatfs_diskio_sdcard_spi.o
 .text.sd_readsector
                0x08005798       0xc0 ..\obj\fatfs_diskio_sdcard_spi.o
 .text.sd_writesector
                0x08005858       0xd0 ..\obj\fatfs_diskio_sdcard_spi.o
 .text.hwif_init
                0x08005928       0x74 ..\obj\fatfs_diskio_sdcard_spi.o
                0x08005928                hwif_init
 .text.sd_read  0x0800599c       0x74 ..\obj\fatfs_diskio_sdcard_spi.o
                0x0800599c                sd_read
 .text.sd_write
                0x08005a10       0x74 ..\obj\fatfs_diskio_sdcard_spi.o
                0x08005a10                sd_write
 .text.disk_initialize
                0x08005a84       0x28 ..\obj\fatfs_diskio_sdcard_spi.o
                0x08005a84                disk_initialize
 .text.disk_status
                0x08005aac       0x28 ..\obj\fatfs_diskio_sdcard_spi.o
                0x08005aac                disk_status
 .text.disk_read
                0x08005ad4       0x58 ..\obj\fatfs_diskio_sdcard_spi.o
                0x08005ad4                disk_read
 .text.disk_write
                0x08005b2c       0x58 ..\obj\fatfs_diskio_sdcard_spi.o
                0x08005b2c                disk_write
 .text.get_fattime
                0x08005b84       0x4c ..\obj\fatfs_diskio_sdcard_spi.o
                0x08005b84                get_fattime
 .text.memset   0x08005bd0       0x9c c:/program files (x86)/gnu tools arm embedded/5.2 2015q4/bin/../lib/gcc/arm-none-eabi/5.2.1/../../../../arm-none-eabi/lib/armv7e-m/fpu\libg.a(lib_a-memset.o)
                0x08005bd0                memset
 *(.init)
 *(.fini)
 *crtbegin.o(.ctors)
 *crtbegin?.o(.ctors)
 *(EXCLUDE_FILE(*crtend.o *crtend?.o) .ctors)
 *(SORT(.ctors.*))
 *(.ctors)
 *crtbegin.o(.dtors)
 *crtbegin?.o(.dtors)
 *(EXCLUDE_FILE(*crtend.o *crtend?.o) .dtors)
 *(SORT(.dtors.*))
 *(.dtors)
 *(.rodata*)
 .rodata        0x08005c6c       0x5e ..\obj\main.o
 *fill*         0x08005cca        0x2 
 .rodata        0x08005ccc        0xf ..\obj\ff.o
 *fill*         0x08005cdb        0x1 
 .rodata        0x08005cdc      0x731 ..\obj\fatfs_diskio_sdcard_spi.o
 *(.eh_fram e*)

.glue_7         0x08006410        0x0
 .glue_7        0x08006410        0x0 linker stubs

.glue_7t        0x08006410        0x0
 .glue_7t       0x08006410        0x0 linker stubs

.vfp11_veneer   0x08006410        0x0
 .vfp11_veneer  0x08006410        0x0 linker stubs

.v4_bx          0x08006410        0x0
 .v4_bx         0x08006410        0x0 linker stubs

.iplt           0x08006410        0x0
 .iplt          0x08006410        0x0 ..\obj\startup_stm32f4xx.o

.rel.dyn        0x08006410        0x0
 .rel.iplt      0x08006410        0x0 ..\obj\startup_stm32f4xx.o

.ARM.extab
 *(.ARM.extab* .gnu.linkonce.armextab.*)
                0x08006410                __exidx_start = .

.ARM.exidx
 *(.ARM.exidx* .gnu.linkonce.armexidx.*)
                0x08006410                __exidx_end = .
                0x08006410                __etext = .
                0x0800640d                _sidata = __etext

.data           0x20000000      0x298 load address 0x0800640d
                0x20000000                __data_start__ = .
                0x20000000                _sdata = __data_start__
 *(vtable)
 *(.data*)
 .data          0x20000000       0x10 ..\obj\stm32f4xx_rcc.o
 .data          0x20000010      0x228 ..\obj\display.o
                0x20000010                font_6x8
 .data          0x20000238        0x4 ..\obj\port.o
 .data          0x2000023c        0x4 ..\obj\heap_2.o
 .data          0x20000240       0x58 ..\obj\fatfs_diskio_sdcard_spi.o
                0x20000298                . = ALIGN (0x4)
                [!provide]                PROVIDE (__preinit_array_start, .)
 *(.preinit_array)
                [!provide]                PROVIDE (__preinit_array_end, .)
                0x20000298                . = ALIGN (0x4)
                [!provide]                PROVIDE (__init_array_start, .)
 *(SORT(.init_array.*))
 *(.init_array)
                [!provide]                PROVIDE (__init_array_end, .)
                0x20000298                . = ALIGN (0x4)
                [!provide]                PROVIDE (__fini_array_start, .)
 *(SORT(.fini_array.*))
 *(.fini_array)
                [!provide]                PROVIDE (__fini_array_end, .)
 *(.jcr*)
                0x20000298                . = ALIGN (0x4)
                0x20000298                __data_end__ = .
                0x20000298                _edata = __data_end__

.igot.plt       0x20000298        0x0 load address 0x080066a8
 .igot.plt      0x20000298        0x0 ..\obj\startup_stm32f4xx.o

.bss            0x20000298    0x17f6c load address 0x080066a8
                0x20000298                . = ALIGN (0x4)
                0x20000298                __bss_start__ = .
                0x20000298                _sbss = __bss_start__
 *(.bss*)
 .bss           0x20000298       0x10 ..\obj\main.o
                0x20000298                current_side
                0x2000029c                curBuffInd
                0x200002a0                nextBuffReady
                0x200002a4                curBuffPtr
 .bss           0x200002a8      0x104 ..\obj\tasks.o
                0x200002a8                pxCurrentTCB
 .bss           0x200003ac        0x6 ..\obj\ff.o
 *fill*         0x200003b2        0x2 
 .bss           0x200003b4    0x12c14 ..\obj\heap_2.o
 *(COMMON)
 COMMON         0x20012fc8     0x522c ..\obj\main.o
                0x20012fc8                current_data
                0x20012fd0                buff
                0x20017fd0                file
 COMMON         0x200181f4       0x10 ..\obj\fatfs_diskio_sdcard_spi.o
                0x200181f4                hw
                0x20018204                . = ALIGN (0x4)
                0x20018204                __bss_end__ = .
                0x20018204                _ebss = __bss_end__

.heap           0x20018204        0x0
                0x20018204                __end__ = .
                0x20018204                _end = __end__
                0x20018204                end = __end__
 *(.heap*)
                0x20018204                __HeapLimit = .

.co_stack       0x20018204      0x804 load address 0x0801e614
                0x20018208                . = ALIGN (0x8)
 *fill*         0x20018204        0x4 
 *(.co_stack .co_stack.*)
 .co_stack      0x20018208      0x800 ..\obj\startup_stm32f4xx.o
                0x20018208                pulStack
                0x20020000                __StackTop = (ORIGIN (ram) + LENGTH (ram))
                0x2001f7fc                __StackLimit = (__StackTop - SIZEOF (.co_stack))
                [!provide]                PROVIDE (__stack, __StackTop)
                0x00000001                ASSERT ((__StackLimit >= __HeapLimit), region ram  overflowed with stack)
LOAD ..\obj\startup_stm32f4xx.o
LOAD ..\obj\main.o
LOAD ..\obj\stm32f4xx_rcc.o
LOAD ..\obj\codec.o
LOAD ..\obj\timers.o
LOAD ..\obj\display.o
LOAD ..\obj\tasks.o
LOAD ..\obj\stm32f4xx_gpio.o
LOAD ..\obj\list.o
LOAD ..\obj\system_stm32f4xx.o
LOAD ..\obj\queue.o
LOAD ..\obj\port.o
LOAD ..\obj\ff.o
LOAD ..\obj\croutine.o
LOAD ..\obj\stm32f4xx_spi.o
LOAD ..\obj\event_groups.o
LOAD ..\obj\stm32f4xx_i2c.o
LOAD ..\obj\misc.o
LOAD ..\obj\heap_2.o
LOAD ..\obj\stm32f4xx_tim.o
LOAD ..\obj\fatfs_diskio_sdcard_spi.o
START GROUP
LOAD c:/program files (x86)/gnu tools arm embedded/5.2 2015q4/bin/../lib/gcc/arm-none-eabi/5.2.1/armv7e-m/fpu\libgcc.a
LOAD c:/program files (x86)/gnu tools arm embedded/5.2 2015q4/bin/../lib/gcc/arm-none-eabi/5.2.1/../../../../arm-none-eabi/lib/armv7e-m/fpu\libg.a
LOAD c:/program files (x86)/gnu tools arm embedded/5.2 2015q4/bin/../lib/gcc/arm-none-eabi/5.2.1/../../../../arm-none-eabi/lib/armv7e-m/fpu\libc.a
END GROUP
OUTPUT(player.elf elf32-littlearm)

.debug_info     0x00000000     0xbad5
 .debug_info    0x00000000       0xed ..\obj\startup_stm32f4xx.o
 .debug_info    0x000000ed      0xd84 ..\obj\main.o
 .debug_info    0x00000e71      0xc59 ..\obj\stm32f4xx_rcc.o
 .debug_info    0x00001aca      0x668 ..\obj\codec.o
 .debug_info    0x00002132      0x5ed ..\obj\display.o
 .debug_info    0x0000271f     0x1db2 ..\obj\tasks.o
 .debug_info    0x000044d1      0x61a ..\obj\stm32f4xx_gpio.o
 .debug_info    0x00004aeb      0x2a0 ..\obj\list.o
 .debug_info    0x00004d8b      0x596 ..\obj\system_stm32f4xx.o
 .debug_info    0x00005321      0x4fa ..\obj\port.o
 .debug_info    0x0000581b     0x1793 ..\obj\ff.o
 .debug_info    0x00006fae      0xb0f ..\obj\stm32f4xx_spi.o
 .debug_info    0x00007abd      0xb00 ..\obj\stm32f4xx_i2c.o
 .debug_info    0x000085bd      0x541 ..\obj\misc.o
 .debug_info    0x00008afe      0x2f6 ..\obj\heap_2.o
 .debug_info    0x00008df4     0x1c69 ..\obj\stm32f4xx_tim.o
 .debug_info    0x0000aa5d     0x1078 ..\obj\fatfs_diskio_sdcard_spi.o

.debug_abbrev   0x00000000     0x1b6c
 .debug_abbrev  0x00000000       0xb0 ..\obj\startup_stm32f4xx.o
 .debug_abbrev  0x000000b0      0x21e ..\obj\main.o
 .debug_abbrev  0x000002ce      0x1e5 ..\obj\stm32f4xx_rcc.o
 .debug_abbrev  0x000004b3      0x14f ..\obj\codec.o
 .debug_abbrev  0x00000602      0x185 ..\obj\display.o
 .debug_abbrev  0x00000787      0x2c9 ..\obj\tasks.o
 .debug_abbrev  0x00000a50      0x1a7 ..\obj\stm32f4xx_gpio.o
 .debug_abbrev  0x00000bf7       0xbc ..\obj\list.o
 .debug_abbrev  0x00000cb3      0x138 ..\obj\system_stm32f4xx.o
 .debug_abbrev  0x00000deb      0x1b9 ..\obj\port.o
 .debug_abbrev  0x00000fa4      0x192 ..\obj\ff.o
 .debug_abbrev  0x00001136      0x169 ..\obj\stm32f4xx_spi.o
 .debug_abbrev  0x0000129f      0x166 ..\obj\stm32f4xx_i2c.o
 .debug_abbrev  0x00001405      0x147 ..\obj\misc.o
 .debug_abbrev  0x0000154c      0x16c ..\obj\heap_2.o
 .debug_abbrev  0x000016b8      0x189 ..\obj\stm32f4xx_tim.o
 .debug_abbrev  0x00001841      0x32b ..\obj\fatfs_diskio_sdcard_spi.o

.debug_aranges  0x00000000      0xe38
 .debug_aranges
                0x00000000       0x28 ..\obj\startup_stm32f4xx.o
 .debug_aranges
                0x00000028       0x80 ..\obj\main.o
 .debug_aranges
                0x000000a8      0x178 ..\obj\stm32f4xx_rcc.o
 .debug_aranges
                0x00000220       0x38 ..\obj\codec.o
 .debug_aranges
                0x00000258       0x60 ..\obj\display.o
 .debug_aranges
                0x000002b8      0x1d8 ..\obj\tasks.o
 .debug_aranges
                0x00000490       0x88 ..\obj\stm32f4xx_gpio.o
 .debug_aranges
                0x00000518       0x40 ..\obj\list.o
 .debug_aranges
                0x00000558       0x30 ..\obj\system_stm32f4xx.o
 .debug_aranges
                0x00000588       0x80 ..\obj\port.o
 .debug_aranges
                0x00000608      0x188 ..\obj\ff.o
 .debug_aranges
                0x00000790       0xe0 ..\obj\stm32f4xx_spi.o
 .debug_aranges
                0x00000870      0x120 ..\obj\stm32f4xx_i2c.o
 .debug_aranges
                0x00000990       0x40 ..\obj\misc.o
 .debug_aranges
                0x000009d0       0x40 ..\obj\heap_2.o
 .debug_aranges
                0x00000a10      0x2f8 ..\obj\stm32f4xx_tim.o
 .debug_aranges
                0x00000d08      0x130 ..\obj\fatfs_diskio_sdcard_spi.o

.debug_ranges   0x00000000      0xd28
 .debug_ranges  0x00000000       0x18 ..\obj\startup_stm32f4xx.o
 .debug_ranges  0x00000018       0x70 ..\obj\main.o
 .debug_ranges  0x00000088      0x168 ..\obj\stm32f4xx_rcc.o
 .debug_ranges  0x000001f0       0x28 ..\obj\codec.o
 .debug_ranges  0x00000218       0x50 ..\obj\display.o
 .debug_ranges  0x00000268      0x1c8 ..\obj\tasks.o
 .debug_ranges  0x00000430       0x78 ..\obj\stm32f4xx_gpio.o
 .debug_ranges  0x000004a8       0x30 ..\obj\list.o
 .debug_ranges  0x000004d8       0x20 ..\obj\system_stm32f4xx.o
 .debug_ranges  0x000004f8       0x70 ..\obj\port.o
 .debug_ranges  0x00000568      0x178 ..\obj\ff.o
 .debug_ranges  0x000006e0       0xd0 ..\obj\stm32f4xx_spi.o
 .debug_ranges  0x000007b0      0x110 ..\obj\stm32f4xx_i2c.o
 .debug_ranges  0x000008c0       0x30 ..\obj\misc.o
 .debug_ranges  0x000008f0       0x30 ..\obj\heap_2.o
 .debug_ranges  0x00000920      0x2e8 ..\obj\stm32f4xx_tim.o
 .debug_ranges  0x00000c08      0x120 ..\obj\fatfs_diskio_sdcard_spi.o

.debug_line     0x00000000     0x5a96
 .debug_line    0x00000000       0xb1 ..\obj\startup_stm32f4xx.o
 .debug_line    0x000000b1      0x429 ..\obj\main.o
 .debug_line    0x000004da      0x605 ..\obj\stm32f4xx_rcc.o
 .debug_line    0x00000adf      0x375 ..\obj\codec.o
 .debug_line    0x00000e54      0x358 ..\obj\display.o
 .debug_line    0x000011ac      0xe06 ..\obj\tasks.o
 .debug_line    0x00001fb2      0x3c0 ..\obj\stm32f4xx_gpio.o
 .debug_line    0x00002372      0x1d2 ..\obj\list.o
 .debug_line    0x00002544      0x222 ..\obj\system_stm32f4xx.o
 .debug_line    0x00002766      0x350 ..\obj\port.o
 .debug_line    0x00002ab6      0xcd0 ..\obj\ff.o
 .debug_line    0x00003786      0x4b9 ..\obj\stm32f4xx_spi.o
 .debug_line    0x00003c3f      0x54b ..\obj\stm32f4xx_i2c.o
 .debug_line    0x0000418a      0x29e ..\obj\misc.o
 .debug_line    0x00004428      0x268 ..\obj\heap_2.o
 .debug_line    0x00004690      0xb21 ..\obj\stm32f4xx_tim.o
 .debug_line    0x000051b1      0x8e5 ..\obj\fatfs_diskio_sdcard_spi.o

.debug_str      0x00000000     0x4445
 .debug_str     0x00000000      0x168 ..\obj\startup_stm32f4xx.o
                                0x17a (size before relaxing)
 .debug_str     0x00000168      0xcb5 ..\obj\main.o
                                0xdef (size before relaxing)
 .debug_str     0x00000e1d      0x659 ..\obj\stm32f4xx_rcc.o
                                0x883 (size before relaxing)
 .debug_str     0x00001476      0x1e4 ..\obj\codec.o
                                0x585 (size before relaxing)
 .debug_str     0x0000165a      0x195 ..\obj\display.o
                                0x54b (size before relaxing)
 .debug_str     0x000017ef      0xd27 ..\obj\tasks.o
                                0xf53 (size before relaxing)
 .debug_str     0x00002516      0x1b3 ..\obj\stm32f4xx_gpio.o
                                0x4d6 (size before relaxing)
 .debug_str     0x000026c9       0xd5 ..\obj\list.o
                                0x2d8 (size before relaxing)
 .debug_str     0x0000279e      0x128 ..\obj\system_stm32f4xx.o
                                0x3dd (size before relaxing)
 .debug_str     0x000028c6      0x208 ..\obj\port.o
                                0x400 (size before relaxing)
 .debug_str     0x00002ace      0x2f4 ..\obj\ff.o
                                0x617 (size before relaxing)
 .debug_str     0x00002dc2      0x2bf ..\obj\stm32f4xx_spi.o
                                0x6bd (size before relaxing)
 .debug_str     0x00003081      0x350 ..\obj\stm32f4xx_i2c.o
                                0x698 (size before relaxing)
 .debug_str     0x000033d1      0x171 ..\obj\misc.o
                                0x401 (size before relaxing)
 .debug_str     0x00003542      0x17e ..\obj\heap_2.o
                                0x32f (size before relaxing)
 .debug_str     0x000036c0      0xa96 ..\obj\stm32f4xx_tim.o
                                0xe03 (size before relaxing)
 .debug_str     0x00004156      0x2ef ..\obj\fatfs_diskio_sdcard_spi.o
                                0x7a1 (size before relaxing)

.comment        0x00000000       0x6e
 .comment       0x00000000       0x6e ..\obj\startup_stm32f4xx.o
                                 0x6f (size before relaxing)
 .comment       0x0000006e       0x6f ..\obj\main.o
 .comment       0x0000006e       0x6f ..\obj\stm32f4xx_rcc.o
 .comment       0x0000006e       0x6f ..\obj\codec.o
 .comment       0x0000006e       0x6f ..\obj\display.o
 .comment       0x0000006e       0x6f ..\obj\tasks.o
 .comment       0x0000006e       0x6f ..\obj\stm32f4xx_gpio.o
 .comment       0x0000006e       0x6f ..\obj\list.o
 .comment       0x0000006e       0x6f ..\obj\system_stm32f4xx.o
 .comment       0x0000006e       0x6f ..\obj\port.o
 .comment       0x0000006e       0x6f ..\obj\ff.o
 .comment       0x0000006e       0x6f ..\obj\stm32f4xx_spi.o
 .comment       0x0000006e       0x6f ..\obj\stm32f4xx_i2c.o
 .comment       0x0000006e       0x6f ..\obj\misc.o
 .comment       0x0000006e       0x6f ..\obj\heap_2.o
 .comment       0x0000006e       0x6f ..\obj\stm32f4xx_tim.o
 .comment       0x0000006e       0x6f ..\obj\fatfs_diskio_sdcard_spi.o

.ARM.attributes
                0x00000000       0x37
 .ARM.attributes
                0x00000000       0x39 ..\obj\startup_stm32f4xx.o
 .ARM.attributes
                0x00000039       0x39 ..\obj\main.o
 .ARM.attributes
                0x00000072       0x39 ..\obj\stm32f4xx_rcc.o
 .ARM.attributes
                0x000000ab       0x39 ..\obj\codec.o
 .ARM.attributes
                0x000000e4       0x39 ..\obj\display.o
 .ARM.attributes
                0x0000011d       0x39 ..\obj\tasks.o
 .ARM.attributes
                0x00000156       0x39 ..\obj\stm32f4xx_gpio.o
 .ARM.attributes
                0x0000018f       0x39 ..\obj\list.o
 .ARM.attributes
                0x000001c8       0x39 ..\obj\system_stm32f4xx.o
 .ARM.attributes
                0x00000201       0x39 ..\obj\port.o
 .ARM.attributes
                0x0000023a       0x39 ..\obj\ff.o
 .ARM.attributes
                0x00000273       0x39 ..\obj\stm32f4xx_spi.o
 .ARM.attributes
                0x000002ac       0x39 ..\obj\stm32f4xx_i2c.o
 .ARM.attributes
                0x000002e5       0x39 ..\obj\misc.o
 .ARM.attributes
                0x0000031e       0x39 ..\obj\heap_2.o
 .ARM.attributes
                0x00000357       0x39 ..\obj\stm32f4xx_tim.o
 .ARM.attributes
                0x00000390       0x39 ..\obj\fatfs_diskio_sdcard_spi.o
 .ARM.attributes
                0x000003c9       0x34 c:/program files (x86)/gnu tools arm embedded/5.2 2015q4/bin/../lib/gcc/arm-none-eabi/5.2.1/../../../../arm-none-eabi/lib/armv7e-m/fpu\libg.a(lib_a-memset.o)

.debug_frame    0x00000000     0x3d44
 .debug_frame   0x00000000       0x4c ..\obj\startup_stm32f4xx.o
 .debug_frame   0x0000004c      0x1b4 ..\obj\main.o
 .debug_frame   0x00000200      0x6d4 ..\obj\stm32f4xx_rcc.o
 .debug_frame   0x000008d4       0xa0 ..\obj\codec.o
 .debug_frame   0x00000974      0x158 ..\obj\display.o
 .debug_frame   0x00000acc      0x808 ..\obj\tasks.o
 .debug_frame   0x000012d4      0x23c ..\obj\stm32f4xx_gpio.o
 .debug_frame   0x00001510       0xd8 ..\obj\list.o
 .debug_frame   0x000015e8       0x7c ..\obj\system_stm32f4xx.o
 .debug_frame   0x00001664      0x19c ..\obj\port.o
 .debug_frame   0x00001800      0x6d0 ..\obj\ff.o
 .debug_frame   0x00001ed0      0x3f4 ..\obj\stm32f4xx_spi.o
 .debug_frame   0x000022c4      0x530 ..\obj\stm32f4xx_i2c.o
 .debug_frame   0x000027f4       0xd8 ..\obj\misc.o
 .debug_frame   0x000028cc       0xc0 ..\obj\heap_2.o
 .debug_frame   0x0000298c      0xe54 ..\obj\stm32f4xx_tim.o
 .debug_frame   0x000037e0      0x530 ..\obj\fatfs_diskio_sdcard_spi.o
 .debug_frame   0x00003d10       0x34 c:/program files (x86)/gnu tools arm embedded/5.2 2015q4/bin/../lib/gcc/arm-none-eabi/5.2.1/../../../../arm-none-eabi/lib/armv7e-m/fpu\libg.a(lib_a-memset.o)
