Archive member included to satisfy reference by file (symbol)

c:/program files (x86)/gnu tools arm embedded/5.2 2015q4/bin/../lib/gcc/arm-none-eabi/5.2.1/../../../../arm-none-eabi/lib/armv7e-m/softfp\libg.a(lib_a-memcpy.o)
                              ..\obj\queue.o (memcpy)
c:/program files (x86)/gnu tools arm embedded/5.2 2015q4/bin/../lib/gcc/arm-none-eabi/5.2.1/../../../../arm-none-eabi/lib/armv7e-m/softfp\libg.a(lib_a-memset.o)
                              ..\obj\tasks.o (memset)

Allocating common symbols
Common symbol       size              file

timer               0xc               ..\obj\main.o
xQueueRegistry      0x40              ..\obj\queue.o
i2c                 0x10              ..\obj\main.o
i2s                 0x10              ..\obj\main.o
gpio                0x8               ..\obj\main.o

Discarded input sections

 .text          0x00000000        0x0 ..\obj\startup_stm32f4xx.o
 .data          0x00000000        0x0 ..\obj\startup_stm32f4xx.o
 .bss           0x00000000        0x0 ..\obj\startup_stm32f4xx.o
 .text          0x00000000        0x0 ..\obj\main.o
 .data          0x00000000        0x0 ..\obj\main.o
 .text.leds_init
                0x00000000       0x3c ..\obj\main.o
 .text.tim_init
                0x00000000       0x64 ..\obj\main.o
 .text          0x00000000        0x0 ..\obj\stm32f4xx_rcc.o
 .bss           0x00000000        0x0 ..\obj\stm32f4xx_rcc.o
 .text.RCC_DeInit
                0x00000000       0x50 ..\obj\stm32f4xx_rcc.o
 .text.RCC_HSEConfig
                0x00000000       0x28 ..\obj\stm32f4xx_rcc.o
 .text.RCC_AdjustHSICalibrationValue
                0x00000000       0x3c ..\obj\stm32f4xx_rcc.o
 .text.RCC_HSICmd
                0x00000000       0x20 ..\obj\stm32f4xx_rcc.o
 .text.RCC_LSEConfig
                0x00000000       0x44 ..\obj\stm32f4xx_rcc.o
 .text.RCC_LSICmd
                0x00000000       0x20 ..\obj\stm32f4xx_rcc.o
 .text.RCC_PLLConfig
                0x00000000       0x40 ..\obj\stm32f4xx_rcc.o
 .text.RCC_PLLCmd
                0x00000000       0x20 ..\obj\stm32f4xx_rcc.o
 .text.RCC_PLLI2SConfig
                0x00000000       0x2c ..\obj\stm32f4xx_rcc.o
 .text.RCC_ClockSecuritySystemCmd
                0x00000000       0x20 ..\obj\stm32f4xx_rcc.o
 .text.RCC_MCO1Config
                0x00000000       0x40 ..\obj\stm32f4xx_rcc.o
 .text.RCC_MCO2Config
                0x00000000       0x40 ..\obj\stm32f4xx_rcc.o
 .text.RCC_SYSCLKConfig
                0x00000000       0x38 ..\obj\stm32f4xx_rcc.o
 .text.RCC_GetSYSCLKSource
                0x00000000       0x20 ..\obj\stm32f4xx_rcc.o
 .text.RCC_HCLKConfig
                0x00000000       0x38 ..\obj\stm32f4xx_rcc.o
 .text.RCC_PCLK1Config
                0x00000000       0x38 ..\obj\stm32f4xx_rcc.o
 .text.RCC_PCLK2Config
                0x00000000       0x3c ..\obj\stm32f4xx_rcc.o
 .text.RCC_RTCCLKConfig
                0x00000000       0x5c ..\obj\stm32f4xx_rcc.o
 .text.RCC_RTCCLKCmd
                0x00000000       0x20 ..\obj\stm32f4xx_rcc.o
 .text.RCC_BackupResetCmd
                0x00000000       0x20 ..\obj\stm32f4xx_rcc.o
 .text.RCC_I2SCLKConfig
                0x00000000       0x20 ..\obj\stm32f4xx_rcc.o
 .text.RCC_AHB2PeriphClockCmd
                0x00000000       0x40 ..\obj\stm32f4xx_rcc.o
 .text.RCC_AHB3PeriphClockCmd
                0x00000000       0x40 ..\obj\stm32f4xx_rcc.o
 .text.RCC_APB2PeriphClockCmd
                0x00000000       0x40 ..\obj\stm32f4xx_rcc.o
 .text.RCC_AHB1PeriphResetCmd
                0x00000000       0x40 ..\obj\stm32f4xx_rcc.o
 .text.RCC_AHB2PeriphResetCmd
                0x00000000       0x40 ..\obj\stm32f4xx_rcc.o
 .text.RCC_AHB3PeriphResetCmd
                0x00000000       0x40 ..\obj\stm32f4xx_rcc.o
 .text.RCC_AHB1PeriphClockLPModeCmd
                0x00000000       0x40 ..\obj\stm32f4xx_rcc.o
 .text.RCC_AHB2PeriphClockLPModeCmd
                0x00000000       0x40 ..\obj\stm32f4xx_rcc.o
 .text.RCC_AHB3PeriphClockLPModeCmd
                0x00000000       0x40 ..\obj\stm32f4xx_rcc.o
 .text.RCC_APB1PeriphClockLPModeCmd
                0x00000000       0x40 ..\obj\stm32f4xx_rcc.o
 .text.RCC_APB2PeriphClockLPModeCmd
                0x00000000       0x40 ..\obj\stm32f4xx_rcc.o
 .text.RCC_ITConfig
                0x00000000       0x4c ..\obj\stm32f4xx_rcc.o
 .text.RCC_ClearFlag
                0x00000000       0x20 ..\obj\stm32f4xx_rcc.o
 .text.RCC_GetITStatus
                0x00000000       0x38 ..\obj\stm32f4xx_rcc.o
 .text.RCC_ClearITPendingBit
                0x00000000       0x20 ..\obj\stm32f4xx_rcc.o
 .text          0x00000000        0x0 ..\obj\timers.o
 .data          0x00000000        0x0 ..\obj\timers.o
 .text.xTimerCreate
                0x00000000       0x3c ..\obj\timers.o
 .text.prvInitialiseNewTimer
                0x00000000       0x64 ..\obj\timers.o
 .text.xTimerGetTimerDaemonTaskHandle
                0x00000000       0x38 ..\obj\timers.o
 .text.xTimerGetPeriod
                0x00000000       0x38 ..\obj\timers.o
 .text.xTimerGetExpiryTime
                0x00000000       0x3c ..\obj\timers.o
 .text.pcTimerGetName
                0x00000000       0x38 ..\obj\timers.o
 .text.xTimerIsTimerActive
                0x00000000       0x48 ..\obj\timers.o
 .text.pvTimerGetTimerID
                0x00000000       0x40 ..\obj\timers.o
 .text.vTimerSetTimerID
                0x00000000       0x40 ..\obj\timers.o
 .text          0x00000000        0x0 ..\obj\tasks.o
 .data          0x00000000        0x0 ..\obj\tasks.o
 .text.vTaskDelete
                0x00000000      0x128 ..\obj\tasks.o
 .text.vTaskDelayUntil
                0x00000000       0xf4 ..\obj\tasks.o
 .text.vTaskDelay
                0x00000000       0x68 ..\obj\tasks.o
 .text.eTaskGetState
                0x00000000       0xb0 ..\obj\tasks.o
 .text.uxTaskPriorityGet
                0x00000000       0x34 ..\obj\tasks.o
 .text.uxTaskPriorityGetFromISR
                0x00000000       0x58 ..\obj\tasks.o
 .text.vTaskPrioritySet
                0x00000000      0x15c ..\obj\tasks.o
 .text.vTaskSuspend
                0x00000000      0x110 ..\obj\tasks.o
 .text.prvTaskIsTaskSuspended
                0x00000000       0x74 ..\obj\tasks.o
 .text.vTaskResume
                0x00000000       0xb8 ..\obj\tasks.o
 .text.xTaskResumeFromISR
                0x00000000       0xe0 ..\obj\tasks.o
 .text.vTaskEndScheduler
                0x00000000       0x30 ..\obj\tasks.o
 .text.xTaskGetTickCountFromISR
                0x00000000       0x24 ..\obj\tasks.o
 .text.uxTaskGetNumberOfTasks
                0x00000000       0x18 ..\obj\tasks.o
 .text.pcTaskGetName
                0x00000000       0x48 ..\obj\tasks.o
 .text.uxTaskGetSystemState
                0x00000000      0x11c ..\obj\tasks.o
 .text.vTaskPlaceOnUnorderedEventList
                0x00000000       0x74 ..\obj\tasks.o
 .text.xTaskRemoveFromUnorderedEventList
                0x00000000       0xcc ..\obj\tasks.o
 .text.uxTaskGetTaskNumber
                0x00000000       0x2c ..\obj\tasks.o
 .text.vTaskSetTaskNumber
                0x00000000       0x28 ..\obj\tasks.o
 .text.vTaskGetTaskInfo
                0x00000000       0xbc ..\obj\tasks.o
 .text.prvListTasksWithinSingleList
                0x00000000       0xa4 ..\obj\tasks.o
 .text.prvTaskCheckFreeStackSpace
                0x00000000       0x38 ..\obj\tasks.o
 .text.xTaskGetCurrentTaskHandle
                0x00000000       0x20 ..\obj\tasks.o
 .text.uxTaskResetEventItemValue
                0x00000000       0x30 ..\obj\tasks.o
 .text.ulTaskNotifyTake
                0x00000000       0x90 ..\obj\tasks.o
 .text.xTaskNotifyWait
                0x00000000       0xb4 ..\obj\tasks.o
 .text.xTaskGenericNotify
                0x00000000      0x140 ..\obj\tasks.o
 .text.xTaskGenericNotifyFromISR
                0x00000000      0x18c ..\obj\tasks.o
 .text.vTaskNotifyGiveFromISR
                0x00000000      0x120 ..\obj\tasks.o
 .text.xTaskNotifyStateClear
                0x00000000       0x4c ..\obj\tasks.o
 .text          0x00000000        0x0 ..\obj\stm32f4xx_gpio.o
 .data          0x00000000        0x0 ..\obj\stm32f4xx_gpio.o
 .bss           0x00000000        0x0 ..\obj\stm32f4xx_gpio.o
 .text.GPIO_DeInit
                0x00000000      0x120 ..\obj\stm32f4xx_gpio.o
 .text.GPIO_StructInit
                0x00000000       0x34 ..\obj\stm32f4xx_gpio.o
 .text.GPIO_PinLockConfig
                0x00000000       0x44 ..\obj\stm32f4xx_gpio.o
 .text.GPIO_ReadInputDataBit
                0x00000000       0x34 ..\obj\stm32f4xx_gpio.o
 .text.GPIO_ReadInputData
                0x00000000       0x1c ..\obj\stm32f4xx_gpio.o
 .text.GPIO_ReadOutputDataBit
                0x00000000       0x34 ..\obj\stm32f4xx_gpio.o
 .text.GPIO_ReadOutputData
                0x00000000       0x1c ..\obj\stm32f4xx_gpio.o
 .text.GPIO_WriteBit
                0x00000000       0x30 ..\obj\stm32f4xx_gpio.o
 .text.GPIO_Write
                0x00000000       0x20 ..\obj\stm32f4xx_gpio.o
 .text.GPIO_ToggleBits
                0x00000000       0x24 ..\obj\stm32f4xx_gpio.o
 .text          0x00000000        0x0 ..\obj\list.o
 .data          0x00000000        0x0 ..\obj\list.o
 .bss           0x00000000        0x0 ..\obj\list.o
 .text          0x00000000        0x0 ..\obj\system_stm32f4xx.o
 .data          0x00000000       0x14 ..\obj\system_stm32f4xx.o
 .bss           0x00000000        0x0 ..\obj\system_stm32f4xx.o
 .text.SystemCoreClockUpdate
                0x00000000       0xfc ..\obj\system_stm32f4xx.o
 .text          0x00000000        0x0 ..\obj\queue.o
 .data          0x00000000        0x0 ..\obj\queue.o
 .bss           0x00000000        0x0 ..\obj\queue.o
 .text.prvInitialiseMutex
                0x00000000       0x34 ..\obj\queue.o
 .text.xQueueCreateMutex
                0x00000000       0x30 ..\obj\queue.o
 .text.xQueueGiveMutexRecursive
                0x00000000       0x68 ..\obj\queue.o
 .text.xQueueTakeMutexRecursive
                0x00000000       0x70 ..\obj\queue.o
 .text.xQueueCreateCountingSemaphore
                0x00000000       0x64 ..\obj\queue.o
 .text.xQueueGiveFromISR
                0x00000000      0x114 ..\obj\queue.o
 .text.xQueueReceiveFromISR
                0x00000000       0xfc ..\obj\queue.o
 .text.xQueuePeekFromISR
                0x00000000       0xcc ..\obj\queue.o
 .text.uxQueueMessagesWaiting
                0x00000000       0x3c ..\obj\queue.o
 .text.uxQueueSpacesAvailable
                0x00000000       0x44 ..\obj\queue.o
 .text.uxQueueMessagesWaitingFromISR
                0x00000000       0x38 ..\obj\queue.o
 .text.vQueueDelete
                0x00000000       0x3c ..\obj\queue.o
 .text.uxQueueGetQueueNumber
                0x00000000       0x18 ..\obj\queue.o
 .text.vQueueSetQueueNumber
                0x00000000       0x1c ..\obj\queue.o
 .text.ucQueueGetQueueType
                0x00000000       0x1c ..\obj\queue.o
 .text.xQueueIsQueueEmptyFromISR
                0x00000000       0x44 ..\obj\queue.o
 .text.xQueueIsQueueFullFromISR
                0x00000000       0x48 ..\obj\queue.o
 .text.pcQueueGetName
                0x00000000       0x4c ..\obj\queue.o
 .text.vQueueUnregisterQueue
                0x00000000       0x54 ..\obj\queue.o
 .text          0x00000000        0x0 ..\obj\port.o
 .rodata        0x00000000        0x4 ..\obj\port.o
 .text.vPortEndScheduler
                0x00000000       0x34 ..\obj\port.o
 .text          0x00000000        0x0 ..\obj\croutine.o
 .data          0x00000000        0x0 ..\obj\croutine.o
 .bss           0x00000000        0x0 ..\obj\croutine.o
 .debug_info    0x00000000       0x75 ..\obj\croutine.o
 .debug_abbrev  0x00000000       0x24 ..\obj\croutine.o
 .debug_aranges
                0x00000000       0x18 ..\obj\croutine.o
 .debug_line    0x00000000       0x1d ..\obj\croutine.o
 .debug_str     0x00000000      0x18b ..\obj\croutine.o
 .comment       0x00000000       0x6f ..\obj\croutine.o
 .ARM.attributes
                0x00000000       0x37 ..\obj\croutine.o
 .text          0x00000000        0x0 ..\obj\stm32f4xx_spi.o
 .data          0x00000000        0x0 ..\obj\stm32f4xx_spi.o
 .bss           0x00000000        0x0 ..\obj\stm32f4xx_spi.o
 .text.SPI_Init
                0x00000000       0x88 ..\obj\stm32f4xx_spi.o
 .text.SPI_StructInit
                0x00000000       0x4c ..\obj\stm32f4xx_spi.o
 .text.I2S_StructInit
                0x00000000       0x38 ..\obj\stm32f4xx_spi.o
 .text.SPI_Cmd  0x00000000       0x40 ..\obj\stm32f4xx_spi.o
 .text.SPI_DataSizeConfig
                0x00000000       0x38 ..\obj\stm32f4xx_spi.o
 .text.SPI_BiDirectionalLineConfig
                0x00000000       0x44 ..\obj\stm32f4xx_spi.o
 .text.SPI_NSSInternalSoftwareConfig
                0x00000000       0x44 ..\obj\stm32f4xx_spi.o
 .text.SPI_SSOutputCmd
                0x00000000       0x40 ..\obj\stm32f4xx_spi.o
 .text.SPI_TIModeCmd
                0x00000000       0x40 ..\obj\stm32f4xx_spi.o
 .text.I2S_FullDuplexConfig
                0x00000000       0x9c ..\obj\stm32f4xx_spi.o
 .text.SPI_I2S_ReceiveData
                0x00000000       0x1c ..\obj\stm32f4xx_spi.o
 .text.SPI_CalculateCRC
                0x00000000       0x40 ..\obj\stm32f4xx_spi.o
 .text.SPI_TransmitCRC
                0x00000000       0x24 ..\obj\stm32f4xx_spi.o
 .text.SPI_GetCRC
                0x00000000       0x34 ..\obj\stm32f4xx_spi.o
 .text.SPI_GetCRCPolynomial
                0x00000000       0x1c ..\obj\stm32f4xx_spi.o
 .text.SPI_I2S_DMACmd
                0x00000000       0x48 ..\obj\stm32f4xx_spi.o
 .text.SPI_I2S_ITConfig
                0x00000000       0x64 ..\obj\stm32f4xx_spi.o
 .text.SPI_I2S_ClearFlag
                0x00000000       0x24 ..\obj\stm32f4xx_spi.o
 .text.SPI_I2S_GetITStatus
                0x00000000       0x78 ..\obj\stm32f4xx_spi.o
 .text.SPI_I2S_ClearITPendingBit
                0x00000000       0x34 ..\obj\stm32f4xx_spi.o
 .text          0x00000000        0x0 ..\obj\event_groups.o
 .data          0x00000000        0x0 ..\obj\event_groups.o
 .bss           0x00000000        0x0 ..\obj\event_groups.o
 .text.xEventGroupCreate
                0x00000000       0x30 ..\obj\event_groups.o
 .text.xEventGroupSync
                0x00000000      0x154 ..\obj\event_groups.o
 .text.xEventGroupWaitBits
                0x00000000      0x190 ..\obj\event_groups.o
 .text.xEventGroupClearBits
                0x00000000       0x6c ..\obj\event_groups.o
 .text.xEventGroupGetBitsFromISR
                0x00000000       0x48 ..\obj\event_groups.o
 .text.xEventGroupSetBits
                0x00000000      0x114 ..\obj\event_groups.o
 .text.vEventGroupDelete
                0x00000000       0x60 ..\obj\event_groups.o
 .text.vEventGroupSetBitsCallback
                0x00000000       0x1c ..\obj\event_groups.o
 .text.vEventGroupClearBitsCallback
                0x00000000       0x1c ..\obj\event_groups.o
 .text.prvTestWaitCondition
                0x00000000       0x44 ..\obj\event_groups.o
 .text.uxEventGroupGetNumber
                0x00000000       0x2c ..\obj\event_groups.o
 .debug_info    0x00000000      0x8c5 ..\obj\event_groups.o
 .debug_abbrev  0x00000000      0x1f2 ..\obj\event_groups.o
 .debug_aranges
                0x00000000       0x70 ..\obj\event_groups.o
 .debug_ranges  0x00000000       0x60 ..\obj\event_groups.o
 .debug_line    0x00000000      0x3f2 ..\obj\event_groups.o
 .debug_str     0x00000000      0x58f ..\obj\event_groups.o
 .comment       0x00000000       0x6f ..\obj\event_groups.o
 .debug_frame   0x00000000      0x1a8 ..\obj\event_groups.o
 .ARM.attributes
                0x00000000       0x37 ..\obj\event_groups.o
 .text          0x00000000        0x0 ..\obj\stm32f4xx_i2c.o
 .data          0x00000000        0x0 ..\obj\stm32f4xx_i2c.o
 .bss           0x00000000        0x0 ..\obj\stm32f4xx_i2c.o
 .text.I2C_StructInit
                0x00000000       0x40 ..\obj\stm32f4xx_i2c.o
 .text.I2C_AcknowledgeConfig
                0x00000000       0x40 ..\obj\stm32f4xx_i2c.o
 .text.I2C_OwnAddress2Config
                0x00000000       0x44 ..\obj\stm32f4xx_i2c.o
 .text.I2C_DualAddressCmd
                0x00000000       0x40 ..\obj\stm32f4xx_i2c.o
 .text.I2C_GeneralCallCmd
                0x00000000       0x40 ..\obj\stm32f4xx_i2c.o
 .text.I2C_SoftwareResetCmd
                0x00000000       0x44 ..\obj\stm32f4xx_i2c.o
 .text.I2C_StretchClockCmd
                0x00000000       0x40 ..\obj\stm32f4xx_i2c.o
 .text.I2C_FastModeDutyCycleConfig
                0x00000000       0x44 ..\obj\stm32f4xx_i2c.o
 .text.I2C_NACKPositionConfig
                0x00000000       0x44 ..\obj\stm32f4xx_i2c.o
 .text.I2C_SMBusAlertConfig
                0x00000000       0x44 ..\obj\stm32f4xx_i2c.o
 .text.I2C_ARPCmd
                0x00000000       0x40 ..\obj\stm32f4xx_i2c.o
 .text.I2C_ReceiveData
                0x00000000       0x1c ..\obj\stm32f4xx_i2c.o
 .text.I2C_TransmitPEC
                0x00000000       0x40 ..\obj\stm32f4xx_i2c.o
 .text.I2C_PECPositionConfig
                0x00000000       0x44 ..\obj\stm32f4xx_i2c.o
 .text.I2C_CalculatePEC
                0x00000000       0x40 ..\obj\stm32f4xx_i2c.o
 .text.I2C_GetPEC
                0x00000000       0x20 ..\obj\stm32f4xx_i2c.o
 .text.I2C_DMACmd
                0x00000000       0x40 ..\obj\stm32f4xx_i2c.o
 .text.I2C_DMALastTransferCmd
                0x00000000       0x40 ..\obj\stm32f4xx_i2c.o
 .text.I2C_ReadRegister
                0x00000000       0x30 ..\obj\stm32f4xx_i2c.o
 .text.I2C_ITConfig
                0x00000000       0x48 ..\obj\stm32f4xx_i2c.o
 .text.I2C_GetLastEvent
                0x00000000       0x44 ..\obj\stm32f4xx_i2c.o
 .text.I2C_ClearFlag
                0x00000000       0x30 ..\obj\stm32f4xx_i2c.o
 .text.I2C_GetITStatus
                0x00000000       0x5c ..\obj\stm32f4xx_i2c.o
 .text.I2C_ClearITPendingBit
                0x00000000       0x30 ..\obj\stm32f4xx_i2c.o
 .text          0x00000000        0x0 ..\obj\misc.o
 .data          0x00000000        0x0 ..\obj\misc.o
 .bss           0x00000000        0x0 ..\obj\misc.o
 .text.NVIC_PriorityGroupConfig
                0x00000000       0x28 ..\obj\misc.o
 .text.NVIC_Init
                0x00000000       0xc4 ..\obj\misc.o
 .text.NVIC_SetVectorTable
                0x00000000       0x2c ..\obj\misc.o
 .text.NVIC_SystemLPConfig
                0x00000000       0x44 ..\obj\misc.o
 .text.SysTick_CLKSourceConfig
                0x00000000       0x38 ..\obj\misc.o
 .debug_info    0x00000000      0x541 ..\obj\misc.o
 .debug_abbrev  0x00000000      0x147 ..\obj\misc.o
 .debug_aranges
                0x00000000       0x40 ..\obj\misc.o
 .debug_ranges  0x00000000       0x30 ..\obj\misc.o
 .debug_line    0x00000000      0x29e ..\obj\misc.o
 .debug_str     0x00000000      0x403 ..\obj\misc.o
 .comment       0x00000000       0x6f ..\obj\misc.o
 .debug_frame   0x00000000       0xd8 ..\obj\misc.o
 .ARM.attributes
                0x00000000       0x37 ..\obj\misc.o
 .text          0x00000000        0x0 ..\obj\heap_2.o
 .rodata        0x00000000        0x2 ..\obj\heap_2.o
 .text.xPortGetFreeHeapSize
                0x00000000       0x18 ..\obj\heap_2.o
 .text.vPortInitialiseBlocks
                0x00000000       0x10 ..\obj\heap_2.o
 .text          0x00000000        0x0 ..\obj\stm32f4xx_tim.o
 .data          0x00000000        0x0 ..\obj\stm32f4xx_tim.o
 .bss           0x00000000        0x0 ..\obj\stm32f4xx_tim.o
 .text.TIM_DeInit
                0x00000000      0x1c0 ..\obj\stm32f4xx_tim.o
 .text.TIM_TimeBaseInit
                0x00000000       0xd8 ..\obj\stm32f4xx_tim.o
 .text.TIM_TimeBaseStructInit
                0x00000000       0x34 ..\obj\stm32f4xx_tim.o
 .text.TIM_PrescalerConfig
                0x00000000       0x28 ..\obj\stm32f4xx_tim.o
 .text.TIM_CounterModeConfig
                0x00000000       0x38 ..\obj\stm32f4xx_tim.o
 .text.TIM_SetCounter
                0x00000000       0x1c ..\obj\stm32f4xx_tim.o
 .text.TIM_SetAutoreload
                0x00000000       0x1c ..\obj\stm32f4xx_tim.o
 .text.TIM_GetCounter
                0x00000000       0x18 ..\obj\stm32f4xx_tim.o
 .text.TIM_GetPrescaler
                0x00000000       0x1c ..\obj\stm32f4xx_tim.o
 .text.TIM_UpdateDisableConfig
                0x00000000       0x40 ..\obj\stm32f4xx_tim.o
 .text.TIM_UpdateRequestConfig
                0x00000000       0x40 ..\obj\stm32f4xx_tim.o
 .text.TIM_ARRPreloadConfig
                0x00000000       0x40 ..\obj\stm32f4xx_tim.o
 .text.TIM_SelectOnePulseMode
                0x00000000       0x38 ..\obj\stm32f4xx_tim.o
 .text.TIM_SetClockDivision
                0x00000000       0x38 ..\obj\stm32f4xx_tim.o
 .text.TIM_Cmd  0x00000000       0x40 ..\obj\stm32f4xx_tim.o
 .text.TIM_OC1Init
                0x00000000       0xf4 ..\obj\stm32f4xx_tim.o
 .text.TIM_OC2Init
                0x00000000      0x110 ..\obj\stm32f4xx_tim.o
 .text.TIM_OC3Init
                0x00000000      0x10c ..\obj\stm32f4xx_tim.o
 .text.TIM_OC4Init
                0x00000000       0xd0 ..\obj\stm32f4xx_tim.o
 .text.TIM_OCStructInit
                0x00000000       0x44 ..\obj\stm32f4xx_tim.o
 .text.TIM_SelectOCxM
                0x00000000       0xb4 ..\obj\stm32f4xx_tim.o
 .text.TIM_SetCompare1
                0x00000000       0x1c ..\obj\stm32f4xx_tim.o
 .text.TIM_SetCompare2
                0x00000000       0x1c ..\obj\stm32f4xx_tim.o
 .text.TIM_SetCompare3
                0x00000000       0x1c ..\obj\stm32f4xx_tim.o
 .text.TIM_SetCompare4
                0x00000000       0x1c ..\obj\stm32f4xx_tim.o
 .text.TIM_ForcedOC1Config
                0x00000000       0x38 ..\obj\stm32f4xx_tim.o
 .text.TIM_ForcedOC2Config
                0x00000000       0x3c ..\obj\stm32f4xx_tim.o
 .text.TIM_ForcedOC3Config
                0x00000000       0x38 ..\obj\stm32f4xx_tim.o
 .text.TIM_ForcedOC4Config
                0x00000000       0x3c ..\obj\stm32f4xx_tim.o
 .text.TIM_OC1PreloadConfig
                0x00000000       0x38 ..\obj\stm32f4xx_tim.o
 .text.TIM_OC2PreloadConfig
                0x00000000       0x3c ..\obj\stm32f4xx_tim.o
 .text.TIM_OC3PreloadConfig
                0x00000000       0x38 ..\obj\stm32f4xx_tim.o
 .text.TIM_OC4PreloadConfig
                0x00000000       0x3c ..\obj\stm32f4xx_tim.o
 .text.TIM_OC1FastConfig
                0x00000000       0x38 ..\obj\stm32f4xx_tim.o
 .text.TIM_OC2FastConfig
                0x00000000       0x3c ..\obj\stm32f4xx_tim.o
 .text.TIM_OC3FastConfig
                0x00000000       0x38 ..\obj\stm32f4xx_tim.o
 .text.TIM_OC4FastConfig
                0x00000000       0x3c ..\obj\stm32f4xx_tim.o
 .text.TIM_ClearOC1Ref
                0x00000000       0x38 ..\obj\stm32f4xx_tim.o
 .text.TIM_ClearOC2Ref
                0x00000000       0x3c ..\obj\stm32f4xx_tim.o
 .text.TIM_ClearOC3Ref
                0x00000000       0x38 ..\obj\stm32f4xx_tim.o
 .text.TIM_ClearOC4Ref
                0x00000000       0x3c ..\obj\stm32f4xx_tim.o
 .text.TIM_OC1PolarityConfig
                0x00000000       0x38 ..\obj\stm32f4xx_tim.o
 .text.TIM_OC1NPolarityConfig
                0x00000000       0x38 ..\obj\stm32f4xx_tim.o
 .text.TIM_OC2PolarityConfig
                0x00000000       0x3c ..\obj\stm32f4xx_tim.o
 .text.TIM_OC2NPolarityConfig
                0x00000000       0x3c ..\obj\stm32f4xx_tim.o
 .text.TIM_OC3PolarityConfig
                0x00000000       0x3c ..\obj\stm32f4xx_tim.o
 .text.TIM_OC3NPolarityConfig
                0x00000000       0x3c ..\obj\stm32f4xx_tim.o
 .text.TIM_OC4PolarityConfig
                0x00000000       0x3c ..\obj\stm32f4xx_tim.o
 .text.TIM_CCxCmd
                0x00000000       0x5c ..\obj\stm32f4xx_tim.o
 .text.TIM_CCxNCmd
                0x00000000       0x5c ..\obj\stm32f4xx_tim.o
 .text.TIM_ICInit
                0x00000000       0xa8 ..\obj\stm32f4xx_tim.o
 .text.TIM_ICStructInit
                0x00000000       0x34 ..\obj\stm32f4xx_tim.o
 .text.TIM_PWMIConfig
                0x00000000       0xb8 ..\obj\stm32f4xx_tim.o
 .text.TIM_GetCapture1
                0x00000000       0x18 ..\obj\stm32f4xx_tim.o
 .text.TIM_GetCapture2
                0x00000000       0x18 ..\obj\stm32f4xx_tim.o
 .text.TIM_GetCapture3
                0x00000000       0x18 ..\obj\stm32f4xx_tim.o
 .text.TIM_GetCapture4
                0x00000000       0x18 ..\obj\stm32f4xx_tim.o
 .text.TIM_SetIC1Prescaler
                0x00000000       0x38 ..\obj\stm32f4xx_tim.o
 .text.TIM_SetIC2Prescaler
                0x00000000       0x3c ..\obj\stm32f4xx_tim.o
 .text.TIM_SetIC3Prescaler
                0x00000000       0x38 ..\obj\stm32f4xx_tim.o
 .text.TIM_SetIC4Prescaler
                0x00000000       0x3c ..\obj\stm32f4xx_tim.o
 .text.TIM_BDTRConfig
                0x00000000       0x50 ..\obj\stm32f4xx_tim.o
 .text.TIM_BDTRStructInit
                0x00000000       0x40 ..\obj\stm32f4xx_tim.o
 .text.TIM_CtrlPWMOutputs
                0x00000000       0x4c ..\obj\stm32f4xx_tim.o
 .text.TIM_SelectCOM
                0x00000000       0x40 ..\obj\stm32f4xx_tim.o
 .text.TIM_CCPreloadControl
                0x00000000       0x40 ..\obj\stm32f4xx_tim.o
 .text.TIM_ITConfig
                0x00000000       0x48 ..\obj\stm32f4xx_tim.o
 .text.TIM_GenerateEvent
                0x00000000       0x20 ..\obj\stm32f4xx_tim.o
 .text.TIM_GetFlagStatus
                0x00000000       0x38 ..\obj\stm32f4xx_tim.o
 .text.TIM_ClearFlag
                0x00000000       0x24 ..\obj\stm32f4xx_tim.o
 .text.TIM_DMAConfig
                0x00000000       0x2c ..\obj\stm32f4xx_tim.o
 .text.TIM_DMACmd
                0x00000000       0x48 ..\obj\stm32f4xx_tim.o
 .text.TIM_SelectCCDMA
                0x00000000       0x40 ..\obj\stm32f4xx_tim.o
 .text.TIM_InternalClockConfig
                0x00000000       0x24 ..\obj\stm32f4xx_tim.o
 .text.TIM_ITRxExternalClockConfig
                0x00000000       0x30 ..\obj\stm32f4xx_tim.o
 .text.TIM_TIxExternalClockConfig
                0x00000000       0x5c ..\obj\stm32f4xx_tim.o
 .text.TIM_ETRClockMode1Config
                0x00000000       0x60 ..\obj\stm32f4xx_tim.o
 .text.TIM_ETRClockMode2Config
                0x00000000       0x40 ..\obj\stm32f4xx_tim.o
 .text.TIM_SelectInputTrigger
                0x00000000       0x38 ..\obj\stm32f4xx_tim.o
 .text.TIM_SelectOutputTrigger
                0x00000000       0x38 ..\obj\stm32f4xx_tim.o
 .text.TIM_SelectSlaveMode
                0x00000000       0x38 ..\obj\stm32f4xx_tim.o
 .text.TIM_SelectMasterSlaveMode
                0x00000000       0x38 ..\obj\stm32f4xx_tim.o
 .text.TIM_ETRConfig
                0x00000000       0x54 ..\obj\stm32f4xx_tim.o
 .text.TIM_EncoderInterfaceConfig
                0x00000000       0x98 ..\obj\stm32f4xx_tim.o
 .text.TIM_SelectHallSensor
                0x00000000       0x40 ..\obj\stm32f4xx_tim.o
 .text.TIM_RemapConfig
                0x00000000       0x20 ..\obj\stm32f4xx_tim.o
 .text.TI1_Config
                0x00000000       0x88 ..\obj\stm32f4xx_tim.o
 .text.TI2_Config
                0x00000000       0x9c ..\obj\stm32f4xx_tim.o
 .text.TI3_Config
                0x00000000       0x90 ..\obj\stm32f4xx_tim.o
 .text.TI4_Config
                0x00000000       0xa0 ..\obj\stm32f4xx_tim.o
 .data          0x00000000        0x0 c:/program files (x86)/gnu tools arm embedded/5.2 2015q4/bin/../lib/gcc/arm-none-eabi/5.2.1/../../../../arm-none-eabi/lib/armv7e-m/softfp\libg.a(lib_a-memcpy.o)
 .bss           0x00000000        0x0 c:/program files (x86)/gnu tools arm embedded/5.2 2015q4/bin/../lib/gcc/arm-none-eabi/5.2.1/../../../../arm-none-eabi/lib/armv7e-m/softfp\libg.a(lib_a-memcpy.o)
 .text          0x00000000        0x0 c:/program files (x86)/gnu tools arm embedded/5.2 2015q4/bin/../lib/gcc/arm-none-eabi/5.2.1/../../../../arm-none-eabi/lib/armv7e-m/softfp\libg.a(lib_a-memset.o)
 .data          0x00000000        0x0 c:/program files (x86)/gnu tools arm embedded/5.2 2015q4/bin/../lib/gcc/arm-none-eabi/5.2.1/../../../../arm-none-eabi/lib/armv7e-m/softfp\libg.a(lib_a-memset.o)
 .bss           0x00000000        0x0 c:/program files (x86)/gnu tools arm embedded/5.2 2015q4/bin/../lib/gcc/arm-none-eabi/5.2.1/../../../../arm-none-eabi/lib/armv7e-m/softfp\libg.a(lib_a-memset.o)

Memory Configuration

Name             Origin             Length             Attributes
rom              0x08000000         0x00100000         xr
ram              0x20000000         0x00020000         xrw
ram1             0x10000000         0x00010000         xrw
*default*        0x00000000         0xffffffff

Linker script and memory map

                0x20020000                _eram = 0x20020000

.text           0x08000000     0x3b51
 *(.isr_vector)
 .isr_vector    0x08000000      0x188 ..\obj\startup_stm32f4xx.o
                0x08000000                g_pfnVectors
 *(.text*)
 .text.Default_Reset_Handler
                0x08000188       0x6c ..\obj\startup_stm32f4xx.o
                0x08000188                Default_Reset_Handler
                0x08000188                Reset_Handler
 .text.Default_Handler
                0x080001f4        0x8 ..\obj\startup_stm32f4xx.o
                0x080001f4                RTC_Alarm_IRQHandler
                0x080001f4                HASH_RNG_IRQHandler
                0x080001f4                EXTI2_IRQHandler
                0x080001f4                TIM8_CC_IRQHandler
                0x080001f4                DebugMon_Handler
                0x080001f4                TIM1_CC_IRQHandler
                0x080001f4                DMA2_Stream5_IRQHandler
                0x080001f4                HardFault_Handler
                0x080001f4                DMA1_Stream5_IRQHandler
                0x080001f4                PVD_IRQHandler
                0x080001f4                SDIO_IRQHandler
                0x080001f4                TAMP_STAMP_IRQHandler
                0x080001f4                NMI_Handler
                0x080001f4                CAN2_RX1_IRQHandler
                0x080001f4                EXTI3_IRQHandler
                0x080001f4                TIM8_TRG_COM_TIM14_IRQHandler
                0x080001f4                TIM1_UP_TIM10_IRQHandler
                0x080001f4                TIM8_UP_TIM13_IRQHandler
                0x080001f4                I2C3_ER_IRQHandler
                0x080001f4                EXTI0_IRQHandler
                0x080001f4                I2C2_EV_IRQHandler
                0x080001f4                DMA1_Stream2_IRQHandler
                0x080001f4                CAN1_RX0_IRQHandler
                0x080001f4                FPU_IRQHandler
                0x080001f4                OTG_HS_WKUP_IRQHandler
                0x080001f4                UsageFault_Handler
                0x080001f4                CAN2_SCE_IRQHandler
                0x080001f4                DMA2_Stream2_IRQHandler
                0x080001f4                SPI1_IRQHandler
                0x080001f4                TIM6_DAC_IRQHandler
                0x080001f4                TIM1_BRK_TIM9_IRQHandler
                0x080001f4                DCMI_IRQHandler
                0x080001f4                CAN2_RX0_IRQHandler
                0x080001f4                DMA2_Stream3_IRQHandler
                0x080001f4                USART6_IRQHandler
                0x080001f4                USART3_IRQHandler
                0x080001f4                CRYP_IRQHandler
                0x080001f4                CAN1_RX1_IRQHandler
                0x080001f4                UART5_IRQHandler
                0x080001f4                DMA2_Stream0_IRQHandler
                0x080001f4                TIM4_IRQHandler
                0x080001f4                I2C1_EV_IRQHandler
                0x080001f4                DMA1_Stream6_IRQHandler
                0x080001f4                DMA1_Stream1_IRQHandler
                0x080001f4                UART4_IRQHandler
                0x080001f4                TIM3_IRQHandler
                0x080001f4                RCC_IRQHandler
                0x080001f4                TIM8_BRK_TIM12_IRQHandler
                0x080001f4                EXTI15_10_IRQHandler
                0x080001f4                ADC_IRQHandler
                0x080001f4                DMA1_Stream7_IRQHandler
                0x080001f4                TIM7_IRQHandler
                0x080001f4                CAN2_TX_IRQHandler
                0x080001f4                TIM5_IRQHandler
                0x080001f4                DMA2_Stream7_IRQHandler
                0x080001f4                I2C3_EV_IRQHandler
                0x080001f4                EXTI9_5_IRQHandler
                0x080001f4                RTC_WKUP_IRQHandler
                0x080001f4                ETH_WKUP_IRQHandler
                0x080001f4                SPI2_IRQHandler
                0x080001f4                OTG_HS_EP1_IN_IRQHandler
                0x080001f4                MemManage_Handler
                0x080001f4                DMA1_Stream0_IRQHandler
                0x080001f4                CAN1_TX_IRQHandler
                0x080001f4                EXTI4_IRQHandler
                0x080001f4                FSMC_IRQHandler
                0x080001f4                ETH_IRQHandler
                0x080001f4                OTG_HS_EP1_OUT_IRQHandler
                0x080001f4                WWDG_IRQHandler
                0x080001f4                OTG_FS_WKUP_IRQHandler
                0x080001f4                TIM1_TRG_COM_TIM11_IRQHandler
                0x080001f4                OTG_HS_IRQHandler
                0x080001f4                EXTI1_IRQHandler
                0x080001f4                USART2_IRQHandler
                0x080001f4                I2C2_ER_IRQHandler
                0x080001f4                DMA2_Stream1_IRQHandler
                0x080001f4                CAN1_SCE_IRQHandler
                0x080001f4                FLASH_IRQHandler
                0x080001f4                DMA2_Stream4_IRQHandler
                0x080001f4                BusFault_Handler
                0x080001f4                USART1_IRQHandler
                0x080001f4                OTG_FS_IRQHandler
                0x080001f4                SPI3_IRQHandler
                0x080001f4                DMA1_Stream4_IRQHandler
                0x080001f4                I2C1_ER_IRQHandler
                0x080001f4                DMA2_Stream6_IRQHandler
                0x080001f4                DMA1_Stream3_IRQHandler
 .text.sleep    0x080001fc       0x24 ..\obj\main.o
                0x080001fc                sleep
 .text.initGPIO
                0x08000220       0xec ..\obj\main.o
                0x08000220                initGPIO
 .text.initI2S  0x0800030c       0x48 ..\obj\main.o
                0x0800030c                initI2S
 .text.initI2C  0x08000354       0x54 ..\obj\main.o
                0x08000354                initI2C
 .text.writeI2CData
                0x080003a8       0xb8 ..\obj\main.o
                0x080003a8                writeI2CData
 .text.initCS32L22
                0x08000460      0x164 ..\obj\main.o
                0x08000460                initCS32L22
 .text.task1    0x080005c4       0x28 ..\obj\main.o
                0x080005c4                task1
 .text.TIM2_IRQHandler
                0x080005ec       0x70 ..\obj\main.o
                0x080005ec                TIM2_IRQHandler
 .text.main     0x0800065c       0x40 ..\obj\main.o
                0x0800065c                main
 .text.vApplicationIdleHook
                0x0800069c       0x10 ..\obj\main.o
                0x0800069c                vApplicationIdleHook
 .text.vApplicationMallocFailedHook
                0x080006ac        0x8 ..\obj\main.o
                0x080006ac                vApplicationMallocFailedHook
 .text.vApplicationStackOverflowHook
                0x080006b4        0xc ..\obj\main.o
                0x080006b4                vApplicationStackOverflowHook
 .text.vApplicationTickHook
                0x080006c0       0x10 ..\obj\main.o
                0x080006c0                vApplicationTickHook
 .text.RCC_WaitForHSEStartUp
                0x080006d0       0x50 ..\obj\stm32f4xx_rcc.o
                0x080006d0                RCC_WaitForHSEStartUp
 .text.RCC_PLLI2SCmd
                0x08000720       0x20 ..\obj\stm32f4xx_rcc.o
                0x08000720                RCC_PLLI2SCmd
 .text.RCC_GetClocksFreq
                0x08000740      0x154 ..\obj\stm32f4xx_rcc.o
                0x08000740                RCC_GetClocksFreq
 .text.RCC_AHB1PeriphClockCmd
                0x08000894       0x40 ..\obj\stm32f4xx_rcc.o
                0x08000894                RCC_AHB1PeriphClockCmd
 .text.RCC_APB1PeriphClockCmd
                0x080008d4       0x40 ..\obj\stm32f4xx_rcc.o
                0x080008d4                RCC_APB1PeriphClockCmd
 .text.RCC_APB1PeriphResetCmd
                0x08000914       0x40 ..\obj\stm32f4xx_rcc.o
                0x08000914                RCC_APB1PeriphResetCmd
 .text.RCC_APB2PeriphResetCmd
                0x08000954       0x40 ..\obj\stm32f4xx_rcc.o
                0x08000954                RCC_APB2PeriphResetCmd
 .text.RCC_GetFlagStatus
                0x08000994       0x74 ..\obj\stm32f4xx_rcc.o
                0x08000994                RCC_GetFlagStatus
 .text.xTimerCreateTimerTask
                0x08000a08       0x68 ..\obj\timers.o
                0x08000a08                xTimerCreateTimerTask
 .text.xTimerGenericCommand
                0x08000a70       0x98 ..\obj\timers.o
                0x08000a70                xTimerGenericCommand
 .text.prvProcessExpiredTimer
                0x08000b08       0x80 ..\obj\timers.o
 .text.prvTimerTask
                0x08000b88       0x24 ..\obj\timers.o
 .text.prvProcessTimerOrBlockTask
                0x08000bac       0x9c ..\obj\timers.o
 .text.prvGetNextExpireTime
                0x08000c48       0x48 ..\obj\timers.o
 .text.prvSampleTimeNow
                0x08000c90       0x40 ..\obj\timers.o
 .text.prvInsertTimerInActiveList
                0x08000cd0       0x84 ..\obj\timers.o
 .text.prvProcessReceivedCommands
                0x08000d54      0x124 ..\obj\timers.o
 .text.prvSwitchTimerLists
                0x08000e78       0xc0 ..\obj\timers.o
 .text.prvCheckForValidListAndQueue
                0x08000f38       0x6c ..\obj\timers.o
 .text.xTaskCreate
                0x08000fa4       0x80 ..\obj\tasks.o
                0x08000fa4                xTaskCreate
 .text.prvInitialiseNewTask
                0x08001024      0x110 ..\obj\tasks.o
 .text.prvAddNewTaskToReadyList
                0x08001134       0xdc ..\obj\tasks.o
 .text.vTaskStartScheduler
                0x08001210       0x98 ..\obj\tasks.o
                0x08001210                vTaskStartScheduler
 .text.vTaskSuspendAll
                0x080012a8       0x1c ..\obj\tasks.o
                0x080012a8                vTaskSuspendAll
 .text.xTaskResumeAll
                0x080012c4      0x138 ..\obj\tasks.o
                0x080012c4                xTaskResumeAll
 .text.xTaskGetTickCount
                0x080013fc       0x20 ..\obj\tasks.o
                0x080013fc                xTaskGetTickCount
 .text.xTaskIncrementTick
                0x0800141c      0x188 ..\obj\tasks.o
                0x0800141c                xTaskIncrementTick
 .text.vTaskSwitchContext
                0x080015a4      0x100 ..\obj\tasks.o
                0x080015a4                vTaskSwitchContext
 .text.vTaskPlaceOnEventList
                0x080016a4       0x48 ..\obj\tasks.o
                0x080016a4                vTaskPlaceOnEventList
 .text.vTaskPlaceOnEventListRestricted
                0x080016ec       0x54 ..\obj\tasks.o
                0x080016ec                vTaskPlaceOnEventListRestricted
 .text.xTaskRemoveFromEventList
                0x08001740       0xc4 ..\obj\tasks.o
                0x08001740                xTaskRemoveFromEventList
 .text.vTaskSetTimeOutState
                0x08001804       0x48 ..\obj\tasks.o
                0x08001804                vTaskSetTimeOutState
 .text.xTaskCheckForTimeOut
                0x0800184c       0xbc ..\obj\tasks.o
                0x0800184c                xTaskCheckForTimeOut
 .text.vTaskMissedYield
                0x08001908       0x18 ..\obj\tasks.o
                0x08001908                vTaskMissedYield
 .text.prvIdleTask
                0x08001920       0x34 ..\obj\tasks.o
 .text.prvInitialiseTaskLists
                0x08001954       0x80 ..\obj\tasks.o
 .text.prvCheckTasksWaitingTermination
                0x080019d4       0x78 ..\obj\tasks.o
 .text.prvDeleteTCB
                0x08001a4c       0x20 ..\obj\tasks.o
 .text.prvResetNextTaskUnblockTime
                0x08001a6c       0x4c ..\obj\tasks.o
 .text.xTaskGetSchedulerState
                0x08001ab8       0x3c ..\obj\tasks.o
                0x08001ab8                xTaskGetSchedulerState
 .text.vTaskPriorityInherit
                0x08001af4       0xec ..\obj\tasks.o
                0x08001af4                vTaskPriorityInherit
 .text.xTaskPriorityDisinherit
                0x08001be0      0x108 ..\obj\tasks.o
                0x08001be0                xTaskPriorityDisinherit
 .text.pvTaskIncrementMutexHeldCount
                0x08001ce8       0x28 ..\obj\tasks.o
                0x08001ce8                pvTaskIncrementMutexHeldCount
 .text.prvAddCurrentTaskToDelayedList
                0x08001d10       0xcc ..\obj\tasks.o
 .text.GPIO_Init
                0x08001ddc      0x11c ..\obj\stm32f4xx_gpio.o
                0x08001ddc                GPIO_Init
 .text.GPIO_SetBits
                0x08001ef8       0x20 ..\obj\stm32f4xx_gpio.o
                0x08001ef8                GPIO_SetBits
 .text.GPIO_ResetBits
                0x08001f18       0x20 ..\obj\stm32f4xx_gpio.o
                0x08001f18                GPIO_ResetBits
 .text.GPIO_PinAFConfig
                0x08001f38       0x94 ..\obj\stm32f4xx_gpio.o
                0x08001f38                GPIO_PinAFConfig
 .text.vListInitialise
                0x08001fcc       0x40 ..\obj\list.o
                0x08001fcc                vListInitialise
 .text.vListInitialiseItem
                0x0800200c       0x1c ..\obj\list.o
                0x0800200c                vListInitialiseItem
 .text.vListInsertEnd
                0x08002028       0x48 ..\obj\list.o
                0x08002028                vListInsertEnd
 .text.vListInsert
                0x08002070       0x74 ..\obj\list.o
                0x08002070                vListInsert
 .text.uxListRemove
                0x080020e4       0x54 ..\obj\list.o
                0x080020e4                uxListRemove
 .text.SystemInit
                0x08002138       0x6c ..\obj\system_stm32f4xx.o
                0x08002138                SystemInit
 .text.SetSysClock
                0x080021a4       0xf8 ..\obj\system_stm32f4xx.o
 .text.xQueueGenericReset
                0x0800229c       0xd0 ..\obj\queue.o
                0x0800229c                xQueueGenericReset
 .text.xQueueGenericCreate
                0x0800236c       0x74 ..\obj\queue.o
                0x0800236c                xQueueGenericCreate
 .text.prvInitialiseNewQueue
                0x080023e0       0x48 ..\obj\queue.o
 .text.xQueueGenericSend
                0x08002428      0x1f8 ..\obj\queue.o
                0x08002428                xQueueGenericSend
 .text.xQueueGenericSendFromISR
                0x08002620      0x128 ..\obj\queue.o
                0x08002620                xQueueGenericSendFromISR
 .text.xQueueGenericReceive
                0x08002748      0x228 ..\obj\queue.o
                0x08002748                xQueueGenericReceive
 .text.prvCopyDataToQueue
                0x08002970       0xd4 ..\obj\queue.o
 .text.prvCopyDataFromQueue
                0x08002a44       0x4c ..\obj\queue.o
 .text.prvUnlockQueue
                0x08002a90       0xa4 ..\obj\queue.o
 .text.prvIsQueueEmpty
                0x08002b34       0x2c ..\obj\queue.o
 .text.prvIsQueueFull
                0x08002b60       0x30 ..\obj\queue.o
 .text.vQueueAddToRegistry
                0x08002b90       0x50 ..\obj\queue.o
                0x08002b90                vQueueAddToRegistry
 .text.vQueueWaitForMessageRestricted
                0x08002be0       0x6c ..\obj\queue.o
                0x08002be0                vQueueWaitForMessageRestricted
 .text.pxPortInitialiseStack
                0x08002c4c       0x64 ..\obj\port.o
                0x08002c4c                pxPortInitialiseStack
 .text.prvTaskExitError
                0x08002cb0       0x3c ..\obj\port.o
 *fill*         0x08002cec        0x4 
 .text.SVC_Handler
                0x08002cf0       0x28 ..\obj\port.o
                0x08002cf0                SVC_Handler
 .text.prvPortStartFirstTask
                0x08002d18       0x20 ..\obj\port.o
 .text.xPortStartScheduler
                0x08002d38      0x118 ..\obj\port.o
                0x08002d38                xPortStartScheduler
 .text.vPortEnterCritical
                0x08002e50       0x5c ..\obj\port.o
                0x08002e50                vPortEnterCritical
 .text.vPortExitCritical
                0x08002eac       0x50 ..\obj\port.o
                0x08002eac                vPortExitCritical
 *fill*         0x08002efc        0x4 
 .text.PendSV_Handler
                0x08002f00       0x68 ..\obj\port.o
                0x08002f00                PendSV_Handler
 .text.SysTick_Handler
                0x08002f68       0x40 ..\obj\port.o
                0x08002f68                SysTick_Handler
 .text.vPortSetupTimerInterrupt
                0x08002fa8       0x28 ..\obj\port.o
                0x08002fa8                vPortSetupTimerInterrupt
 .text.vPortEnableVFP
                0x08002fd0       0x14 ..\obj\port.o
 .text.vPortValidateInterruptPriority
                0x08002fe4       0x7c ..\obj\port.o
                0x08002fe4                vPortValidateInterruptPriority
 .text.SPI_I2S_DeInit
                0x08003060       0x74 ..\obj\stm32f4xx_spi.o
                0x08003060                SPI_I2S_DeInit
 .text.I2S_Init
                0x080030d4      0x1b4 ..\obj\stm32f4xx_spi.o
                0x080030d4                I2S_Init
 .text.I2S_Cmd  0x08003288       0x40 ..\obj\stm32f4xx_spi.o
                0x08003288                I2S_Cmd
 .text.SPI_I2S_SendData
                0x080032c8       0x20 ..\obj\stm32f4xx_spi.o
                0x080032c8                SPI_I2S_SendData
 .text.SPI_I2S_GetFlagStatus
                0x080032e8       0x38 ..\obj\stm32f4xx_spi.o
                0x080032e8                SPI_I2S_GetFlagStatus
 .text.I2C_DeInit
                0x08003320       0x74 ..\obj\stm32f4xx_i2c.o
                0x08003320                I2C_DeInit
 .text.I2C_Init
                0x08003394      0x184 ..\obj\stm32f4xx_i2c.o
                0x08003394                I2C_Init
 .text.I2C_Cmd  0x08003518       0x40 ..\obj\stm32f4xx_i2c.o
                0x08003518                I2C_Cmd
 .text.I2C_GenerateSTART
                0x08003558       0x40 ..\obj\stm32f4xx_i2c.o
                0x08003558                I2C_GenerateSTART
 .text.I2C_GenerateSTOP
                0x08003598       0x40 ..\obj\stm32f4xx_i2c.o
                0x08003598                I2C_GenerateSTOP
 .text.I2C_Send7bitAddress
                0x080035d8       0x3c ..\obj\stm32f4xx_i2c.o
                0x080035d8                I2C_Send7bitAddress
 .text.I2C_SendData
                0x08003614       0x20 ..\obj\stm32f4xx_i2c.o
                0x08003614                I2C_SendData
 .text.I2C_CheckEvent
                0x08003634       0x60 ..\obj\stm32f4xx_i2c.o
                0x08003634                I2C_CheckEvent
 .text.I2C_GetFlagStatus
                0x08003694       0x68 ..\obj\stm32f4xx_i2c.o
                0x08003694                I2C_GetFlagStatus
 .text.pvPortMalloc
                0x080036fc      0x128 ..\obj\heap_2.o
                0x080036fc                pvPortMalloc
 .text.vPortFree
                0x08003824       0x74 ..\obj\heap_2.o
                0x08003824                vPortFree
 .text.prvHeapInit
                0x08003898       0x54 ..\obj\heap_2.o
 .text.TIM_GetITStatus
                0x080038ec       0x54 ..\obj\stm32f4xx_tim.o
                0x080038ec                TIM_GetITStatus
 .text.TIM_ClearITPendingBit
                0x08003940       0x24 ..\obj\stm32f4xx_tim.o
                0x08003940                TIM_ClearITPendingBit
 .text          0x08003964      0x134 c:/program files (x86)/gnu tools arm embedded/5.2 2015q4/bin/../lib/gcc/arm-none-eabi/5.2.1/../../../../arm-none-eabi/lib/armv7e-m/softfp\libg.a(lib_a-memcpy.o)
                0x08003964                memcpy
 .text.memset   0x08003a98       0x9c c:/program files (x86)/gnu tools arm embedded/5.2 2015q4/bin/../lib/gcc/arm-none-eabi/5.2.1/../../../../arm-none-eabi/lib/armv7e-m/softfp\libg.a(lib_a-memset.o)
                0x08003a98                memset
 *(.init)
 *(.fini)
 *crtbegin.o(.ctors)
 *crtbegin?.o(.ctors)
 *(EXCLUDE_FILE(*crtend.o *crtend?.o) .ctors)
 *(SORT(.ctors.*))
 *(.ctors)
 *crtbegin.o(.dtors)
 *crtbegin?.o(.dtors)
 *(EXCLUDE_FILE(*crtend.o *crtend?.o) .dtors)
 *(SORT(.dtors.*))
 *(.dtors)
 *(.rodata*)
 .rodata        0x08003b34        0x6 ..\obj\main.o
 *fill*         0x08003b3a        0x2 
 .rodata        0x08003b3c        0xd ..\obj\timers.o
 *fill*         0x08003b49        0x3 
 .rodata        0x08003b4c        0x5 ..\obj\tasks.o
 *(.eh_fram e*)

.glue_7         0x08003b54        0x0
 .glue_7        0x08003b54        0x0 linker stubs

.glue_7t        0x08003b54        0x0
 .glue_7t       0x08003b54        0x0 linker stubs

.vfp11_veneer   0x08003b54        0x0
 .vfp11_veneer  0x08003b54        0x0 linker stubs

.v4_bx          0x08003b54        0x0
 .v4_bx         0x08003b54        0x0 linker stubs

.iplt           0x08003b54        0x0
 .iplt          0x08003b54        0x0 ..\obj\startup_stm32f4xx.o

.rel.dyn        0x08003b54        0x0
 .rel.iplt      0x08003b54        0x0 ..\obj\startup_stm32f4xx.o

.ARM.extab
 *(.ARM.extab* .gnu.linkonce.armextab.*)
                0x08003b54                __exidx_start = .

.ARM.exidx
 *(.ARM.exidx* .gnu.linkonce.armexidx.*)
                0x08003b54                __exidx_end = .
                0x08003b54                __etext = .
                0x08003b51                _sidata = __etext

.data           0x20000000       0x18 load address 0x08003b51
                0x20000000                __data_start__ = .
                0x20000000                _sdata = __data_start__
 *(vtable)
 *(.data*)
 .data          0x20000000       0x10 ..\obj\stm32f4xx_rcc.o
 .data          0x20000010        0x4 ..\obj\port.o
 .data          0x20000014        0x4 ..\obj\heap_2.o
                0x20000018                . = ALIGN (0x4)
                [!provide]                PROVIDE (__preinit_array_start, .)
 *(.preinit_array)
                [!provide]                PROVIDE (__preinit_array_end, .)
                0x20000018                . = ALIGN (0x4)
                [!provide]                PROVIDE (__init_array_start, .)
 *(SORT(.init_array.*))
 *(.init_array)
                [!provide]                PROVIDE (__init_array_end, .)
                0x20000018                . = ALIGN (0x4)
                [!provide]                PROVIDE (__fini_array_start, .)
 *(SORT(.fini_array.*))
 *(.fini_array)
                [!provide]                PROVIDE (__fini_array_end, .)
 *(.jcr*)
                0x20000018                . = ALIGN (0x4)
                0x20000018                __data_end__ = .
                0x20000018                _edata = __data_end__

.igot.plt       0x20000018        0x0 load address 0x08003b6c
 .igot.plt      0x20000018        0x0 ..\obj\startup_stm32f4xx.o

.bss            0x20000018    0x12dd4 load address 0x08003b6c
                0x20000018                . = ALIGN (0x4)
                0x20000018                __bss_start__ = .
                0x20000018                _sbss = __bss_start__
 *(.bss*)
 .bss           0x20000018        0x1 ..\obj\main.o
                0x20000018                state
 *fill*         0x20000019        0x3 
 .bss           0x2000001c       0x3c ..\obj\timers.o
 .bss           0x20000058      0x104 ..\obj\tasks.o
                0x20000058                pxCurrentTCB
 .bss           0x2000015c        0x8 ..\obj\port.o
 .bss           0x20000164    0x12c14 ..\obj\heap_2.o
 *(COMMON)
 COMMON         0x20012d78       0x34 ..\obj\main.o
                0x20012d78                timer
                0x20012d84                i2c
                0x20012d94                i2s
                0x20012da4                gpio
 COMMON         0x20012dac       0x40 ..\obj\queue.o
                0x20012dac                xQueueRegistry
                0x20012dec                . = ALIGN (0x4)
                0x20012dec                __bss_end__ = .
                0x20012dec                _ebss = __bss_end__

.heap           0x20012dec        0x0
                0x20012dec                __end__ = .
                0x20012dec                _end = __end__
                0x20012dec                end = __end__
 *(.heap*)
                0x20012dec                __HeapLimit = .

.co_stack       0x20012dec      0x804 load address 0x08016940
                0x20012df0                . = ALIGN (0x8)
 *fill*         0x20012dec        0x4 
 *(.co_stack .co_stack.*)
 .co_stack      0x20012df0      0x800 ..\obj\startup_stm32f4xx.o
                0x20012df0                pulStack
                0x20020000                __StackTop = (ORIGIN (ram) + LENGTH (ram))
                0x2001f7fc                __StackLimit = (__StackTop - SIZEOF (.co_stack))
                [!provide]                PROVIDE (__stack, __StackTop)
                0x00000001                ASSERT ((__StackLimit >= __HeapLimit), region ram  overflowed with stack)
LOAD ..\obj\startup_stm32f4xx.o
LOAD ..\obj\main.o
LOAD ..\obj\stm32f4xx_rcc.o
LOAD ..\obj\timers.o
LOAD ..\obj\tasks.o
LOAD ..\obj\stm32f4xx_gpio.o
LOAD ..\obj\list.o
LOAD ..\obj\system_stm32f4xx.o
LOAD ..\obj\queue.o
LOAD ..\obj\port.o
LOAD ..\obj\croutine.o
LOAD ..\obj\stm32f4xx_spi.o
LOAD ..\obj\event_groups.o
LOAD ..\obj\stm32f4xx_i2c.o
LOAD ..\obj\misc.o
LOAD ..\obj\heap_2.o
LOAD ..\obj\stm32f4xx_tim.o
START GROUP
LOAD c:/program files (x86)/gnu tools arm embedded/5.2 2015q4/bin/../lib/gcc/arm-none-eabi/5.2.1/armv7e-m/softfp\libgcc.a
LOAD c:/program files (x86)/gnu tools arm embedded/5.2 2015q4/bin/../lib/gcc/arm-none-eabi/5.2.1/../../../../arm-none-eabi/lib/armv7e-m/softfp\libg.a
LOAD c:/program files (x86)/gnu tools arm embedded/5.2 2015q4/bin/../lib/gcc/arm-none-eabi/5.2.1/../../../../arm-none-eabi/lib/armv7e-m/softfp\libc.a
END GROUP
OUTPUT(player.elf elf32-littlearm)

.debug_info     0x00000000     0x9fc3
 .debug_info    0x00000000       0xed ..\obj\startup_stm32f4xx.o
 .debug_info    0x000000ed      0xc8b ..\obj\main.o
 .debug_info    0x00000d78      0xc59 ..\obj\stm32f4xx_rcc.o
 .debug_info    0x000019d1      0xb86 ..\obj\timers.o
 .debug_info    0x00002557     0x1db2 ..\obj\tasks.o
 .debug_info    0x00004309      0x61a ..\obj\stm32f4xx_gpio.o
 .debug_info    0x00004923      0x2a0 ..\obj\list.o
 .debug_info    0x00004bc3      0x596 ..\obj\system_stm32f4xx.o
 .debug_info    0x00005159     0x1402 ..\obj\queue.o
 .debug_info    0x0000655b      0x4fa ..\obj\port.o
 .debug_info    0x00006a55      0xb0f ..\obj\stm32f4xx_spi.o
 .debug_info    0x00007564      0xb00 ..\obj\stm32f4xx_i2c.o
 .debug_info    0x00008064      0x2f6 ..\obj\heap_2.o
 .debug_info    0x0000835a     0x1c69 ..\obj\stm32f4xx_tim.o

.debug_abbrev   0x00000000     0x16e2
 .debug_abbrev  0x00000000       0xb0 ..\obj\startup_stm32f4xx.o
 .debug_abbrev  0x000000b0      0x25a ..\obj\main.o
 .debug_abbrev  0x0000030a      0x1e5 ..\obj\stm32f4xx_rcc.o
 .debug_abbrev  0x000004ef      0x1f0 ..\obj\timers.o
 .debug_abbrev  0x000006df      0x2c9 ..\obj\tasks.o
 .debug_abbrev  0x000009a8      0x1a7 ..\obj\stm32f4xx_gpio.o
 .debug_abbrev  0x00000b4f       0xbc ..\obj\list.o
 .debug_abbrev  0x00000c0b      0x138 ..\obj\system_stm32f4xx.o
 .debug_abbrev  0x00000d43      0x222 ..\obj\queue.o
 .debug_abbrev  0x00000f65      0x1b9 ..\obj\port.o
 .debug_abbrev  0x0000111e      0x169 ..\obj\stm32f4xx_spi.o
 .debug_abbrev  0x00001287      0x166 ..\obj\stm32f4xx_i2c.o
 .debug_abbrev  0x000013ed      0x16c ..\obj\heap_2.o
 .debug_abbrev  0x00001559      0x189 ..\obj\stm32f4xx_tim.o

.debug_aranges  0x00000000      0xc88
 .debug_aranges
                0x00000000       0x28 ..\obj\startup_stm32f4xx.o
 .debug_aranges
                0x00000028       0x90 ..\obj\main.o
 .debug_aranges
                0x000000b8      0x178 ..\obj\stm32f4xx_rcc.o
 .debug_aranges
                0x00000230       0xb8 ..\obj\timers.o
 .debug_aranges
                0x000002e8      0x1d8 ..\obj\tasks.o
 .debug_aranges
                0x000004c0       0x88 ..\obj\stm32f4xx_gpio.o
 .debug_aranges
                0x00000548       0x40 ..\obj\list.o
 .debug_aranges
                0x00000588       0x30 ..\obj\system_stm32f4xx.o
 .debug_aranges
                0x000005b8      0x118 ..\obj\queue.o
 .debug_aranges
                0x000006d0       0x80 ..\obj\port.o
 .debug_aranges
                0x00000750       0xe0 ..\obj\stm32f4xx_spi.o
 .debug_aranges
                0x00000830      0x120 ..\obj\stm32f4xx_i2c.o
 .debug_aranges
                0x00000950       0x40 ..\obj\heap_2.o
 .debug_aranges
                0x00000990      0x2f8 ..\obj\stm32f4xx_tim.o

.debug_ranges   0x00000000      0xba8
 .debug_ranges  0x00000000       0x18 ..\obj\startup_stm32f4xx.o
 .debug_ranges  0x00000018       0x80 ..\obj\main.o
 .debug_ranges  0x00000098      0x168 ..\obj\stm32f4xx_rcc.o
 .debug_ranges  0x00000200       0xa8 ..\obj\timers.o
 .debug_ranges  0x000002a8      0x1c8 ..\obj\tasks.o
 .debug_ranges  0x00000470       0x78 ..\obj\stm32f4xx_gpio.o
 .debug_ranges  0x000004e8       0x30 ..\obj\list.o
 .debug_ranges  0x00000518       0x20 ..\obj\system_stm32f4xx.o
 .debug_ranges  0x00000538      0x108 ..\obj\queue.o
 .debug_ranges  0x00000640       0x70 ..\obj\port.o
 .debug_ranges  0x000006b0       0xd0 ..\obj\stm32f4xx_spi.o
 .debug_ranges  0x00000780      0x110 ..\obj\stm32f4xx_i2c.o
 .debug_ranges  0x00000890       0x30 ..\obj\heap_2.o
 .debug_ranges  0x000008c0      0x2e8 ..\obj\stm32f4xx_tim.o

.debug_line     0x00000000     0x4a6c
 .debug_line    0x00000000       0xb1 ..\obj\startup_stm32f4xx.o
 .debug_line    0x000000b1      0x4ad ..\obj\main.o
 .debug_line    0x0000055e      0x605 ..\obj\stm32f4xx_rcc.o
 .debug_line    0x00000b63      0x4c1 ..\obj\timers.o
 .debug_line    0x00001024      0xe06 ..\obj\tasks.o
 .debug_line    0x00001e2a      0x3c0 ..\obj\stm32f4xx_gpio.o
 .debug_line    0x000021ea      0x1d2 ..\obj\list.o
 .debug_line    0x000023bc      0x222 ..\obj\system_stm32f4xx.o
 .debug_line    0x000025de      0x9b1 ..\obj\queue.o
 .debug_line    0x00002f8f      0x350 ..\obj\port.o
 .debug_line    0x000032df      0x4b9 ..\obj\stm32f4xx_spi.o
 .debug_line    0x00003798      0x54b ..\obj\stm32f4xx_i2c.o
 .debug_line    0x00003ce3      0x268 ..\obj\heap_2.o
 .debug_line    0x00003f4b      0xb21 ..\obj\stm32f4xx_tim.o

.debug_str      0x00000000     0x428b
 .debug_str     0x00000000      0x16a ..\obj\startup_stm32f4xx.o
                                0x17c (size before relaxing)
 .debug_str     0x0000016a      0xbb4 ..\obj\main.o
                                0xccc (size before relaxing)
 .debug_str     0x00000d1e      0x65f ..\obj\stm32f4xx_rcc.o
                                0x885 (size before relaxing)
 .debug_str     0x0000137d      0x558 ..\obj\timers.o
                                0x74f (size before relaxing)
 .debug_str     0x000018d5      0xc53 ..\obj\tasks.o
                                0xf55 (size before relaxing)
 .debug_str     0x00002528      0x1b3 ..\obj\stm32f4xx_gpio.o
                                0x4d8 (size before relaxing)
 .debug_str     0x000026db       0xd5 ..\obj\list.o
                                0x2da (size before relaxing)
 .debug_str     0x000027b0      0x128 ..\obj\system_stm32f4xx.o
                                0x3df (size before relaxing)
 .debug_str     0x000028d8      0x507 ..\obj\queue.o
                                0x86d (size before relaxing)
 .debug_str     0x00002ddf      0x208 ..\obj\port.o
                                0x402 (size before relaxing)
 .debug_str     0x00002fe7      0x342 ..\obj\stm32f4xx_spi.o
                                0x6bf (size before relaxing)
 .debug_str     0x00003329      0x357 ..\obj\stm32f4xx_i2c.o
                                0x69a (size before relaxing)
 .debug_str     0x00003680      0x175 ..\obj\heap_2.o
                                0x331 (size before relaxing)
 .debug_str     0x000037f5      0xa96 ..\obj\stm32f4xx_tim.o
                                0xe05 (size before relaxing)

.comment        0x00000000       0x6e
 .comment       0x00000000       0x6e ..\obj\startup_stm32f4xx.o
                                 0x6f (size before relaxing)
 .comment       0x0000006e       0x6f ..\obj\main.o
 .comment       0x0000006e       0x6f ..\obj\stm32f4xx_rcc.o
 .comment       0x0000006e       0x6f ..\obj\timers.o
 .comment       0x0000006e       0x6f ..\obj\tasks.o
 .comment       0x0000006e       0x6f ..\obj\stm32f4xx_gpio.o
 .comment       0x0000006e       0x6f ..\obj\list.o
 .comment       0x0000006e       0x6f ..\obj\system_stm32f4xx.o
 .comment       0x0000006e       0x6f ..\obj\queue.o
 .comment       0x0000006e       0x6f ..\obj\port.o
 .comment       0x0000006e       0x6f ..\obj\stm32f4xx_spi.o
 .comment       0x0000006e       0x6f ..\obj\stm32f4xx_i2c.o
 .comment       0x0000006e       0x6f ..\obj\heap_2.o
 .comment       0x0000006e       0x6f ..\obj\stm32f4xx_tim.o

.ARM.attributes
                0x00000000       0x35
 .ARM.attributes
                0x00000000       0x37 ..\obj\startup_stm32f4xx.o
 .ARM.attributes
                0x00000037       0x37 ..\obj\main.o
 .ARM.attributes
                0x0000006e       0x37 ..\obj\stm32f4xx_rcc.o
 .ARM.attributes
                0x000000a5       0x37 ..\obj\timers.o
 .ARM.attributes
                0x000000dc       0x37 ..\obj\tasks.o
 .ARM.attributes
                0x00000113       0x37 ..\obj\stm32f4xx_gpio.o
 .ARM.attributes
                0x0000014a       0x37 ..\obj\list.o
 .ARM.attributes
                0x00000181       0x37 ..\obj\system_stm32f4xx.o
 .ARM.attributes
                0x000001b8       0x37 ..\obj\queue.o
 .ARM.attributes
                0x000001ef       0x37 ..\obj\port.o
 .ARM.attributes
                0x00000226       0x37 ..\obj\stm32f4xx_spi.o
 .ARM.attributes
                0x0000025d       0x37 ..\obj\stm32f4xx_i2c.o
 .ARM.attributes
                0x00000294       0x37 ..\obj\heap_2.o
 .ARM.attributes
                0x000002cb       0x37 ..\obj\stm32f4xx_tim.o
 .ARM.attributes
                0x00000302       0x20 c:/program files (x86)/gnu tools arm embedded/5.2 2015q4/bin/../lib/gcc/arm-none-eabi/5.2.1/../../../../arm-none-eabi/lib/armv7e-m/softfp\libg.a(lib_a-memcpy.o)
 .ARM.attributes
                0x00000322       0x32 c:/program files (x86)/gnu tools arm embedded/5.2 2015q4/bin/../lib/gcc/arm-none-eabi/5.2.1/../../../../arm-none-eabi/lib/armv7e-m/softfp\libg.a(lib_a-memset.o)

.debug_frame    0x00000000     0x3660
 .debug_frame   0x00000000       0x4c ..\obj\startup_stm32f4xx.o
 .debug_frame   0x0000004c      0x1f0 ..\obj\main.o
 .debug_frame   0x0000023c      0x6d4 ..\obj\stm32f4xx_rcc.o
 .debug_frame   0x00000910      0x2f0 ..\obj\timers.o
 .debug_frame   0x00000c00      0x808 ..\obj\tasks.o
 .debug_frame   0x00001408      0x23c ..\obj\stm32f4xx_gpio.o
 .debug_frame   0x00001644       0xd8 ..\obj\list.o
 .debug_frame   0x0000171c       0x7c ..\obj\system_stm32f4xx.o
 .debug_frame   0x00001798      0x4c0 ..\obj\queue.o
 .debug_frame   0x00001c58      0x19c ..\obj\port.o
 .debug_frame   0x00001df4      0x3f4 ..\obj\stm32f4xx_spi.o
 .debug_frame   0x000021e8      0x530 ..\obj\stm32f4xx_i2c.o
 .debug_frame   0x00002718       0xc0 ..\obj\heap_2.o
 .debug_frame   0x000027d8      0xe54 ..\obj\stm32f4xx_tim.o
 .debug_frame   0x0000362c       0x34 c:/program files (x86)/gnu tools arm embedded/5.2 2015q4/bin/../lib/gcc/arm-none-eabi/5.2.1/../../../../arm-none-eabi/lib/armv7e-m/softfp\libg.a(lib_a-memset.o)
