Archive member included to satisfy reference by file (symbol)

c:/program files (x86)/gnu tools arm embedded/5.2 2015q4/bin/../lib/gcc/arm-none-eabi/5.2.1/../../../../arm-none-eabi/lib/armv7e-m/softfp\libg.a(lib_a-memcpy.o)
                              ..\obj\queue.o (memcpy)
c:/program files (x86)/gnu tools arm embedded/5.2 2015q4/bin/../lib/gcc/arm-none-eabi/5.2.1/../../../../arm-none-eabi/lib/armv7e-m/softfp\libg.a(lib_a-memset.o)
                              ..\obj\tasks.o (memset)

Allocating common symbols
Common symbol       size              file

xQueueRegistry      0x40              ..\obj\queue.o

Discarded input sections

 .text          0x00000000        0x0 ..\obj\startup_stm32f4xx.o
 .data          0x00000000        0x0 ..\obj\startup_stm32f4xx.o
 .bss           0x00000000        0x0 ..\obj\startup_stm32f4xx.o
 .text          0x00000000        0x0 ..\obj\main.o
 .bss           0x00000000        0x0 ..\obj\main.o
 .text.sleep    0x00000000       0x24 ..\obj\main.o
 .text.task2    0x00000000       0x18 ..\obj\main.o
 .text          0x00000000        0x0 ..\obj\stm32f4xx_rcc.o
 .data          0x00000000       0x10 ..\obj\stm32f4xx_rcc.o
 .bss           0x00000000        0x0 ..\obj\stm32f4xx_rcc.o
 .text.RCC_DeInit
                0x00000000       0x50 ..\obj\stm32f4xx_rcc.o
 .text.RCC_HSEConfig
                0x00000000       0x28 ..\obj\stm32f4xx_rcc.o
 .text.RCC_AdjustHSICalibrationValue
                0x00000000       0x3c ..\obj\stm32f4xx_rcc.o
 .text.RCC_HSICmd
                0x00000000       0x20 ..\obj\stm32f4xx_rcc.o
 .text.RCC_LSEConfig
                0x00000000       0x44 ..\obj\stm32f4xx_rcc.o
 .text.RCC_LSICmd
                0x00000000       0x20 ..\obj\stm32f4xx_rcc.o
 .text.RCC_PLLConfig
                0x00000000       0x40 ..\obj\stm32f4xx_rcc.o
 .text.RCC_PLLCmd
                0x00000000       0x20 ..\obj\stm32f4xx_rcc.o
 .text.RCC_PLLI2SConfig
                0x00000000       0x2c ..\obj\stm32f4xx_rcc.o
 .text.RCC_PLLI2SCmd
                0x00000000       0x20 ..\obj\stm32f4xx_rcc.o
 .text.RCC_ClockSecuritySystemCmd
                0x00000000       0x20 ..\obj\stm32f4xx_rcc.o
 .text.RCC_MCO1Config
                0x00000000       0x40 ..\obj\stm32f4xx_rcc.o
 .text.RCC_MCO2Config
                0x00000000       0x40 ..\obj\stm32f4xx_rcc.o
 .text.RCC_SYSCLKConfig
                0x00000000       0x38 ..\obj\stm32f4xx_rcc.o
 .text.RCC_GetSYSCLKSource
                0x00000000       0x20 ..\obj\stm32f4xx_rcc.o
 .text.RCC_HCLKConfig
                0x00000000       0x38 ..\obj\stm32f4xx_rcc.o
 .text.RCC_PCLK1Config
                0x00000000       0x38 ..\obj\stm32f4xx_rcc.o
 .text.RCC_PCLK2Config
                0x00000000       0x3c ..\obj\stm32f4xx_rcc.o
 .text.RCC_GetClocksFreq
                0x00000000      0x154 ..\obj\stm32f4xx_rcc.o
 .text.RCC_RTCCLKConfig
                0x00000000       0x5c ..\obj\stm32f4xx_rcc.o
 .text.RCC_RTCCLKCmd
                0x00000000       0x20 ..\obj\stm32f4xx_rcc.o
 .text.RCC_BackupResetCmd
                0x00000000       0x20 ..\obj\stm32f4xx_rcc.o
 .text.RCC_I2SCLKConfig
                0x00000000       0x20 ..\obj\stm32f4xx_rcc.o
 .text.RCC_AHB2PeriphClockCmd
                0x00000000       0x40 ..\obj\stm32f4xx_rcc.o
 .text.RCC_AHB3PeriphClockCmd
                0x00000000       0x40 ..\obj\stm32f4xx_rcc.o
 .text.RCC_APB2PeriphClockCmd
                0x00000000       0x40 ..\obj\stm32f4xx_rcc.o
 .text.RCC_AHB1PeriphResetCmd
                0x00000000       0x40 ..\obj\stm32f4xx_rcc.o
 .text.RCC_AHB2PeriphResetCmd
                0x00000000       0x40 ..\obj\stm32f4xx_rcc.o
 .text.RCC_AHB3PeriphResetCmd
                0x00000000       0x40 ..\obj\stm32f4xx_rcc.o
 .text.RCC_APB1PeriphResetCmd
                0x00000000       0x40 ..\obj\stm32f4xx_rcc.o
 .text.RCC_APB2PeriphResetCmd
                0x00000000       0x40 ..\obj\stm32f4xx_rcc.o
 .text.RCC_AHB1PeriphClockLPModeCmd
                0x00000000       0x40 ..\obj\stm32f4xx_rcc.o
 .text.RCC_AHB2PeriphClockLPModeCmd
                0x00000000       0x40 ..\obj\stm32f4xx_rcc.o
 .text.RCC_AHB3PeriphClockLPModeCmd
                0x00000000       0x40 ..\obj\stm32f4xx_rcc.o
 .text.RCC_APB1PeriphClockLPModeCmd
                0x00000000       0x40 ..\obj\stm32f4xx_rcc.o
 .text.RCC_APB2PeriphClockLPModeCmd
                0x00000000       0x40 ..\obj\stm32f4xx_rcc.o
 .text.RCC_ITConfig
                0x00000000       0x4c ..\obj\stm32f4xx_rcc.o
 .text.RCC_ClearFlag
                0x00000000       0x20 ..\obj\stm32f4xx_rcc.o
 .text.RCC_GetITStatus
                0x00000000       0x38 ..\obj\stm32f4xx_rcc.o
 .text.RCC_ClearITPendingBit
                0x00000000       0x20 ..\obj\stm32f4xx_rcc.o
 .text          0x00000000        0x0 ..\obj\timers.o
 .data          0x00000000        0x0 ..\obj\timers.o
 .text.xTimerCreate
                0x00000000       0x3c ..\obj\timers.o
 .text.prvInitialiseNewTimer
                0x00000000       0x64 ..\obj\timers.o
 .text.xTimerGetTimerDaemonTaskHandle
                0x00000000       0x38 ..\obj\timers.o
 .text.xTimerGetPeriod
                0x00000000       0x38 ..\obj\timers.o
 .text.xTimerGetExpiryTime
                0x00000000       0x3c ..\obj\timers.o
 .text.pcTimerGetName
                0x00000000       0x38 ..\obj\timers.o
 .text.xTimerIsTimerActive
                0x00000000       0x48 ..\obj\timers.o
 .text.pvTimerGetTimerID
                0x00000000       0x40 ..\obj\timers.o
 .text.vTimerSetTimerID
                0x00000000       0x40 ..\obj\timers.o
 .text          0x00000000        0x0 ..\obj\tasks.o
 .data          0x00000000        0x0 ..\obj\tasks.o
 .text.vTaskDelete
                0x00000000      0x128 ..\obj\tasks.o
 .text.vTaskDelayUntil
                0x00000000       0xf4 ..\obj\tasks.o
 .text.vTaskDelay
                0x00000000       0x68 ..\obj\tasks.o
 .text.eTaskGetState
                0x00000000       0xb0 ..\obj\tasks.o
 .text.uxTaskPriorityGet
                0x00000000       0x34 ..\obj\tasks.o
 .text.uxTaskPriorityGetFromISR
                0x00000000       0x58 ..\obj\tasks.o
 .text.vTaskPrioritySet
                0x00000000      0x15c ..\obj\tasks.o
 .text.vTaskSuspend
                0x00000000      0x110 ..\obj\tasks.o
 .text.prvTaskIsTaskSuspended
                0x00000000       0x74 ..\obj\tasks.o
 .text.vTaskResume
                0x00000000       0xb8 ..\obj\tasks.o
 .text.xTaskResumeFromISR
                0x00000000       0xe0 ..\obj\tasks.o
 .text.vTaskEndScheduler
                0x00000000       0x30 ..\obj\tasks.o
 .text.xTaskGetTickCountFromISR
                0x00000000       0x24 ..\obj\tasks.o
 .text.uxTaskGetNumberOfTasks
                0x00000000       0x18 ..\obj\tasks.o
 .text.pcTaskGetName
                0x00000000       0x48 ..\obj\tasks.o
 .text.uxTaskGetSystemState
                0x00000000      0x11c ..\obj\tasks.o
 .text.vTaskPlaceOnUnorderedEventList
                0x00000000       0x74 ..\obj\tasks.o
 .text.xTaskRemoveFromUnorderedEventList
                0x00000000       0xcc ..\obj\tasks.o
 .text.uxTaskGetTaskNumber
                0x00000000       0x2c ..\obj\tasks.o
 .text.vTaskSetTaskNumber
                0x00000000       0x28 ..\obj\tasks.o
 .text.vTaskGetTaskInfo
                0x00000000       0xbc ..\obj\tasks.o
 .text.prvListTasksWithinSingleList
                0x00000000       0xa4 ..\obj\tasks.o
 .text.prvTaskCheckFreeStackSpace
                0x00000000       0x38 ..\obj\tasks.o
 .text.xTaskGetCurrentTaskHandle
                0x00000000       0x20 ..\obj\tasks.o
 .text.uxTaskResetEventItemValue
                0x00000000       0x30 ..\obj\tasks.o
 .text.ulTaskNotifyTake
                0x00000000       0x90 ..\obj\tasks.o
 .text.xTaskNotifyWait
                0x00000000       0xb4 ..\obj\tasks.o
 .text.xTaskGenericNotify
                0x00000000      0x140 ..\obj\tasks.o
 .text.xTaskGenericNotifyFromISR
                0x00000000      0x18c ..\obj\tasks.o
 .text.vTaskNotifyGiveFromISR
                0x00000000      0x120 ..\obj\tasks.o
 .text.xTaskNotifyStateClear
                0x00000000       0x4c ..\obj\tasks.o
 .text          0x00000000        0x0 ..\obj\stm32f4xx_gpio.o
 .data          0x00000000        0x0 ..\obj\stm32f4xx_gpio.o
 .bss           0x00000000        0x0 ..\obj\stm32f4xx_gpio.o
 .text.GPIO_DeInit
                0x00000000      0x120 ..\obj\stm32f4xx_gpio.o
 .text.GPIO_StructInit
                0x00000000       0x34 ..\obj\stm32f4xx_gpio.o
 .text.GPIO_PinLockConfig
                0x00000000       0x44 ..\obj\stm32f4xx_gpio.o
 .text.GPIO_ReadInputDataBit
                0x00000000       0x34 ..\obj\stm32f4xx_gpio.o
 .text.GPIO_ReadInputData
                0x00000000       0x1c ..\obj\stm32f4xx_gpio.o
 .text.GPIO_ReadOutputDataBit
                0x00000000       0x34 ..\obj\stm32f4xx_gpio.o
 .text.GPIO_ReadOutputData
                0x00000000       0x1c ..\obj\stm32f4xx_gpio.o
 .text.GPIO_SetBits
                0x00000000       0x20 ..\obj\stm32f4xx_gpio.o
 .text.GPIO_ResetBits
                0x00000000       0x20 ..\obj\stm32f4xx_gpio.o
 .text.GPIO_WriteBit
                0x00000000       0x30 ..\obj\stm32f4xx_gpio.o
 .text.GPIO_Write
                0x00000000       0x20 ..\obj\stm32f4xx_gpio.o
 .text.GPIO_PinAFConfig
                0x00000000       0x94 ..\obj\stm32f4xx_gpio.o
 .text          0x00000000        0x0 ..\obj\list.o
 .data          0x00000000        0x0 ..\obj\list.o
 .bss           0x00000000        0x0 ..\obj\list.o
 .text          0x00000000        0x0 ..\obj\system_stm32f4xx.o
 .data          0x00000000       0x14 ..\obj\system_stm32f4xx.o
 .bss           0x00000000        0x0 ..\obj\system_stm32f4xx.o
 .text.SystemCoreClockUpdate
                0x00000000       0xfc ..\obj\system_stm32f4xx.o
 .text          0x00000000        0x0 ..\obj\queue.o
 .data          0x00000000        0x0 ..\obj\queue.o
 .bss           0x00000000        0x0 ..\obj\queue.o
 .text.prvInitialiseMutex
                0x00000000       0x34 ..\obj\queue.o
 .text.xQueueCreateMutex
                0x00000000       0x30 ..\obj\queue.o
 .text.xQueueGiveMutexRecursive
                0x00000000       0x68 ..\obj\queue.o
 .text.xQueueTakeMutexRecursive
                0x00000000       0x70 ..\obj\queue.o
 .text.xQueueCreateCountingSemaphore
                0x00000000       0x64 ..\obj\queue.o
 .text.xQueueGiveFromISR
                0x00000000      0x114 ..\obj\queue.o
 .text.xQueueReceiveFromISR
                0x00000000       0xfc ..\obj\queue.o
 .text.xQueuePeekFromISR
                0x00000000       0xcc ..\obj\queue.o
 .text.uxQueueMessagesWaiting
                0x00000000       0x3c ..\obj\queue.o
 .text.uxQueueSpacesAvailable
                0x00000000       0x44 ..\obj\queue.o
 .text.uxQueueMessagesWaitingFromISR
                0x00000000       0x38 ..\obj\queue.o
 .text.vQueueDelete
                0x00000000       0x3c ..\obj\queue.o
 .text.uxQueueGetQueueNumber
                0x00000000       0x18 ..\obj\queue.o
 .text.vQueueSetQueueNumber
                0x00000000       0x1c ..\obj\queue.o
 .text.ucQueueGetQueueType
                0x00000000       0x1c ..\obj\queue.o
 .text.xQueueIsQueueEmptyFromISR
                0x00000000       0x44 ..\obj\queue.o
 .text.xQueueIsQueueFullFromISR
                0x00000000       0x48 ..\obj\queue.o
 .text.pcQueueGetName
                0x00000000       0x4c ..\obj\queue.o
 .text.vQueueUnregisterQueue
                0x00000000       0x54 ..\obj\queue.o
 .text          0x00000000        0x0 ..\obj\port.o
 .rodata        0x00000000        0x4 ..\obj\port.o
 .text.vPortEndScheduler
                0x00000000       0x34 ..\obj\port.o
 .text          0x00000000        0x0 ..\obj\croutine.o
 .data          0x00000000        0x0 ..\obj\croutine.o
 .bss           0x00000000        0x0 ..\obj\croutine.o
 .debug_info    0x00000000       0x75 ..\obj\croutine.o
 .debug_abbrev  0x00000000       0x24 ..\obj\croutine.o
 .debug_aranges
                0x00000000       0x18 ..\obj\croutine.o
 .debug_line    0x00000000       0x1d ..\obj\croutine.o
 .debug_str     0x00000000      0x18b ..\obj\croutine.o
 .comment       0x00000000       0x6f ..\obj\croutine.o
 .ARM.attributes
                0x00000000       0x37 ..\obj\croutine.o
 .text          0x00000000        0x0 ..\obj\event_groups.o
 .data          0x00000000        0x0 ..\obj\event_groups.o
 .bss           0x00000000        0x0 ..\obj\event_groups.o
 .text.xEventGroupCreate
                0x00000000       0x30 ..\obj\event_groups.o
 .text.xEventGroupSync
                0x00000000      0x154 ..\obj\event_groups.o
 .text.xEventGroupWaitBits
                0x00000000      0x190 ..\obj\event_groups.o
 .text.xEventGroupClearBits
                0x00000000       0x6c ..\obj\event_groups.o
 .text.xEventGroupGetBitsFromISR
                0x00000000       0x48 ..\obj\event_groups.o
 .text.xEventGroupSetBits
                0x00000000      0x114 ..\obj\event_groups.o
 .text.vEventGroupDelete
                0x00000000       0x60 ..\obj\event_groups.o
 .text.vEventGroupSetBitsCallback
                0x00000000       0x1c ..\obj\event_groups.o
 .text.vEventGroupClearBitsCallback
                0x00000000       0x1c ..\obj\event_groups.o
 .text.prvTestWaitCondition
                0x00000000       0x44 ..\obj\event_groups.o
 .text.uxEventGroupGetNumber
                0x00000000       0x2c ..\obj\event_groups.o
 .debug_info    0x00000000      0x8c5 ..\obj\event_groups.o
 .debug_abbrev  0x00000000      0x1f2 ..\obj\event_groups.o
 .debug_aranges
                0x00000000       0x70 ..\obj\event_groups.o
 .debug_ranges  0x00000000       0x60 ..\obj\event_groups.o
 .debug_line    0x00000000      0x3f2 ..\obj\event_groups.o
 .debug_str     0x00000000      0x58f ..\obj\event_groups.o
 .comment       0x00000000       0x6f ..\obj\event_groups.o
 .debug_frame   0x00000000      0x1a8 ..\obj\event_groups.o
 .ARM.attributes
                0x00000000       0x37 ..\obj\event_groups.o
 .text          0x00000000        0x0 ..\obj\misc.o
 .data          0x00000000        0x0 ..\obj\misc.o
 .bss           0x00000000        0x0 ..\obj\misc.o
 .text.NVIC_PriorityGroupConfig
                0x00000000       0x28 ..\obj\misc.o
 .text.NVIC_SetVectorTable
                0x00000000       0x2c ..\obj\misc.o
 .text.NVIC_SystemLPConfig
                0x00000000       0x44 ..\obj\misc.o
 .text.SysTick_CLKSourceConfig
                0x00000000       0x38 ..\obj\misc.o
 .text          0x00000000        0x0 ..\obj\heap_2.o
 .rodata        0x00000000        0x2 ..\obj\heap_2.o
 .text.xPortGetFreeHeapSize
                0x00000000       0x18 ..\obj\heap_2.o
 .text.vPortInitialiseBlocks
                0x00000000       0x10 ..\obj\heap_2.o
 .text          0x00000000        0x0 ..\obj\stm32f4xx_tim.o
 .data          0x00000000        0x0 ..\obj\stm32f4xx_tim.o
 .bss           0x00000000        0x0 ..\obj\stm32f4xx_tim.o
 .text.TIM_DeInit
                0x00000000      0x1c0 ..\obj\stm32f4xx_tim.o
 .text.TIM_TimeBaseStructInit
                0x00000000       0x34 ..\obj\stm32f4xx_tim.o
 .text.TIM_PrescalerConfig
                0x00000000       0x28 ..\obj\stm32f4xx_tim.o
 .text.TIM_CounterModeConfig
                0x00000000       0x38 ..\obj\stm32f4xx_tim.o
 .text.TIM_SetCounter
                0x00000000       0x1c ..\obj\stm32f4xx_tim.o
 .text.TIM_SetAutoreload
                0x00000000       0x1c ..\obj\stm32f4xx_tim.o
 .text.TIM_GetCounter
                0x00000000       0x18 ..\obj\stm32f4xx_tim.o
 .text.TIM_GetPrescaler
                0x00000000       0x1c ..\obj\stm32f4xx_tim.o
 .text.TIM_UpdateDisableConfig
                0x00000000       0x40 ..\obj\stm32f4xx_tim.o
 .text.TIM_UpdateRequestConfig
                0x00000000       0x40 ..\obj\stm32f4xx_tim.o
 .text.TIM_ARRPreloadConfig
                0x00000000       0x40 ..\obj\stm32f4xx_tim.o
 .text.TIM_SelectOnePulseMode
                0x00000000       0x38 ..\obj\stm32f4xx_tim.o
 .text.TIM_SetClockDivision
                0x00000000       0x38 ..\obj\stm32f4xx_tim.o
 .text.TIM_OC1Init
                0x00000000       0xf4 ..\obj\stm32f4xx_tim.o
 .text.TIM_OC2Init
                0x00000000      0x110 ..\obj\stm32f4xx_tim.o
 .text.TIM_OC3Init
                0x00000000      0x10c ..\obj\stm32f4xx_tim.o
 .text.TIM_OC4Init
                0x00000000       0xd0 ..\obj\stm32f4xx_tim.o
 .text.TIM_OCStructInit
                0x00000000       0x44 ..\obj\stm32f4xx_tim.o
 .text.TIM_SelectOCxM
                0x00000000       0xb4 ..\obj\stm32f4xx_tim.o
 .text.TIM_SetCompare1
                0x00000000       0x1c ..\obj\stm32f4xx_tim.o
 .text.TIM_SetCompare2
                0x00000000       0x1c ..\obj\stm32f4xx_tim.o
 .text.TIM_SetCompare3
                0x00000000       0x1c ..\obj\stm32f4xx_tim.o
 .text.TIM_SetCompare4
                0x00000000       0x1c ..\obj\stm32f4xx_tim.o
 .text.TIM_ForcedOC1Config
                0x00000000       0x38 ..\obj\stm32f4xx_tim.o
 .text.TIM_ForcedOC2Config
                0x00000000       0x3c ..\obj\stm32f4xx_tim.o
 .text.TIM_ForcedOC3Config
                0x00000000       0x38 ..\obj\stm32f4xx_tim.o
 .text.TIM_ForcedOC4Config
                0x00000000       0x3c ..\obj\stm32f4xx_tim.o
 .text.TIM_OC1PreloadConfig
                0x00000000       0x38 ..\obj\stm32f4xx_tim.o
 .text.TIM_OC2PreloadConfig
                0x00000000       0x3c ..\obj\stm32f4xx_tim.o
 .text.TIM_OC3PreloadConfig
                0x00000000       0x38 ..\obj\stm32f4xx_tim.o
 .text.TIM_OC4PreloadConfig
                0x00000000       0x3c ..\obj\stm32f4xx_tim.o
 .text.TIM_OC1FastConfig
                0x00000000       0x38 ..\obj\stm32f4xx_tim.o
 .text.TIM_OC2FastConfig
                0x00000000       0x3c ..\obj\stm32f4xx_tim.o
 .text.TIM_OC3FastConfig
                0x00000000       0x38 ..\obj\stm32f4xx_tim.o
 .text.TIM_OC4FastConfig
                0x00000000       0x3c ..\obj\stm32f4xx_tim.o
 .text.TIM_ClearOC1Ref
                0x00000000       0x38 ..\obj\stm32f4xx_tim.o
 .text.TIM_ClearOC2Ref
                0x00000000       0x3c ..\obj\stm32f4xx_tim.o
 .text.TIM_ClearOC3Ref
                0x00000000       0x38 ..\obj\stm32f4xx_tim.o
 .text.TIM_ClearOC4Ref
                0x00000000       0x3c ..\obj\stm32f4xx_tim.o
 .text.TIM_OC1PolarityConfig
                0x00000000       0x38 ..\obj\stm32f4xx_tim.o
 .text.TIM_OC1NPolarityConfig
                0x00000000       0x38 ..\obj\stm32f4xx_tim.o
 .text.TIM_OC2PolarityConfig
                0x00000000       0x3c ..\obj\stm32f4xx_tim.o
 .text.TIM_OC2NPolarityConfig
                0x00000000       0x3c ..\obj\stm32f4xx_tim.o
 .text.TIM_OC3PolarityConfig
                0x00000000       0x3c ..\obj\stm32f4xx_tim.o
 .text.TIM_OC3NPolarityConfig
                0x00000000       0x3c ..\obj\stm32f4xx_tim.o
 .text.TIM_OC4PolarityConfig
                0x00000000       0x3c ..\obj\stm32f4xx_tim.o
 .text.TIM_CCxCmd
                0x00000000       0x5c ..\obj\stm32f4xx_tim.o
 .text.TIM_CCxNCmd
                0x00000000       0x5c ..\obj\stm32f4xx_tim.o
 .text.TIM_ICInit
                0x00000000       0xa8 ..\obj\stm32f4xx_tim.o
 .text.TIM_ICStructInit
                0x00000000       0x34 ..\obj\stm32f4xx_tim.o
 .text.TIM_PWMIConfig
                0x00000000       0xb8 ..\obj\stm32f4xx_tim.o
 .text.TIM_GetCapture1
                0x00000000       0x18 ..\obj\stm32f4xx_tim.o
 .text.TIM_GetCapture2
                0x00000000       0x18 ..\obj\stm32f4xx_tim.o
 .text.TIM_GetCapture3
                0x00000000       0x18 ..\obj\stm32f4xx_tim.o
 .text.TIM_GetCapture4
                0x00000000       0x18 ..\obj\stm32f4xx_tim.o
 .text.TIM_SetIC1Prescaler
                0x00000000       0x38 ..\obj\stm32f4xx_tim.o
 .text.TIM_SetIC2Prescaler
                0x00000000       0x3c ..\obj\stm32f4xx_tim.o
 .text.TIM_SetIC3Prescaler
                0x00000000       0x38 ..\obj\stm32f4xx_tim.o
 .text.TIM_SetIC4Prescaler
                0x00000000       0x3c ..\obj\stm32f4xx_tim.o
 .text.TIM_BDTRConfig
                0x00000000       0x50 ..\obj\stm32f4xx_tim.o
 .text.TIM_BDTRStructInit
                0x00000000       0x40 ..\obj\stm32f4xx_tim.o
 .text.TIM_CtrlPWMOutputs
                0x00000000       0x4c ..\obj\stm32f4xx_tim.o
 .text.TIM_SelectCOM
                0x00000000       0x40 ..\obj\stm32f4xx_tim.o
 .text.TIM_CCPreloadControl
                0x00000000       0x40 ..\obj\stm32f4xx_tim.o
 .text.TIM_GenerateEvent
                0x00000000       0x20 ..\obj\stm32f4xx_tim.o
 .text.TIM_GetFlagStatus
                0x00000000       0x38 ..\obj\stm32f4xx_tim.o
 .text.TIM_ClearFlag
                0x00000000       0x24 ..\obj\stm32f4xx_tim.o
 .text.TIM_DMAConfig
                0x00000000       0x2c ..\obj\stm32f4xx_tim.o
 .text.TIM_DMACmd
                0x00000000       0x48 ..\obj\stm32f4xx_tim.o
 .text.TIM_SelectCCDMA
                0x00000000       0x40 ..\obj\stm32f4xx_tim.o
 .text.TIM_InternalClockConfig
                0x00000000       0x24 ..\obj\stm32f4xx_tim.o
 .text.TIM_ITRxExternalClockConfig
                0x00000000       0x30 ..\obj\stm32f4xx_tim.o
 .text.TIM_TIxExternalClockConfig
                0x00000000       0x5c ..\obj\stm32f4xx_tim.o
 .text.TIM_ETRClockMode1Config
                0x00000000       0x60 ..\obj\stm32f4xx_tim.o
 .text.TIM_ETRClockMode2Config
                0x00000000       0x40 ..\obj\stm32f4xx_tim.o
 .text.TIM_SelectInputTrigger
                0x00000000       0x38 ..\obj\stm32f4xx_tim.o
 .text.TIM_SelectOutputTrigger
                0x00000000       0x38 ..\obj\stm32f4xx_tim.o
 .text.TIM_SelectSlaveMode
                0x00000000       0x38 ..\obj\stm32f4xx_tim.o
 .text.TIM_SelectMasterSlaveMode
                0x00000000       0x38 ..\obj\stm32f4xx_tim.o
 .text.TIM_ETRConfig
                0x00000000       0x54 ..\obj\stm32f4xx_tim.o
 .text.TIM_EncoderInterfaceConfig
                0x00000000       0x98 ..\obj\stm32f4xx_tim.o
 .text.TIM_SelectHallSensor
                0x00000000       0x40 ..\obj\stm32f4xx_tim.o
 .text.TIM_RemapConfig
                0x00000000       0x20 ..\obj\stm32f4xx_tim.o
 .text.TI1_Config
                0x00000000       0x88 ..\obj\stm32f4xx_tim.o
 .text.TI2_Config
                0x00000000       0x9c ..\obj\stm32f4xx_tim.o
 .text.TI3_Config
                0x00000000       0x90 ..\obj\stm32f4xx_tim.o
 .text.TI4_Config
                0x00000000       0xa0 ..\obj\stm32f4xx_tim.o
 .data          0x00000000        0x0 c:/program files (x86)/gnu tools arm embedded/5.2 2015q4/bin/../lib/gcc/arm-none-eabi/5.2.1/../../../../arm-none-eabi/lib/armv7e-m/softfp\libg.a(lib_a-memcpy.o)
 .bss           0x00000000        0x0 c:/program files (x86)/gnu tools arm embedded/5.2 2015q4/bin/../lib/gcc/arm-none-eabi/5.2.1/../../../../arm-none-eabi/lib/armv7e-m/softfp\libg.a(lib_a-memcpy.o)
 .text          0x00000000        0x0 c:/program files (x86)/gnu tools arm embedded/5.2 2015q4/bin/../lib/gcc/arm-none-eabi/5.2.1/../../../../arm-none-eabi/lib/armv7e-m/softfp\libg.a(lib_a-memset.o)
 .data          0x00000000        0x0 c:/program files (x86)/gnu tools arm embedded/5.2 2015q4/bin/../lib/gcc/arm-none-eabi/5.2.1/../../../../arm-none-eabi/lib/armv7e-m/softfp\libg.a(lib_a-memset.o)
 .bss           0x00000000        0x0 c:/program files (x86)/gnu tools arm embedded/5.2 2015q4/bin/../lib/gcc/arm-none-eabi/5.2.1/../../../../arm-none-eabi/lib/armv7e-m/softfp\libg.a(lib_a-memset.o)

Memory Configuration

Name             Origin             Length             Attributes
rom              0x08000000         0x00100000         xr
ram              0x20000000         0x00020000         xrw
ram1             0x10000000         0x00010000         xrw
*default*        0x00000000         0xffffffff

Linker script and memory map

                0x20020000                _eram = 0x20020000

.text           0x08000000     0x30c9
 *(.isr_vector)
 .isr_vector    0x08000000      0x188 ..\obj\startup_stm32f4xx.o
                0x08000000                g_pfnVectors
 *(.text*)
 .text.Default_Reset_Handler
                0x08000188       0x6c ..\obj\startup_stm32f4xx.o
                0x08000188                Default_Reset_Handler
                0x08000188                Reset_Handler
 .text.Default_Handler
                0x080001f4        0x8 ..\obj\startup_stm32f4xx.o
                0x080001f4                RTC_Alarm_IRQHandler
                0x080001f4                HASH_RNG_IRQHandler
                0x080001f4                EXTI2_IRQHandler
                0x080001f4                TIM8_CC_IRQHandler
                0x080001f4                DebugMon_Handler
                0x080001f4                TIM1_CC_IRQHandler
                0x080001f4                DMA2_Stream5_IRQHandler
                0x080001f4                HardFault_Handler
                0x080001f4                DMA1_Stream5_IRQHandler
                0x080001f4                PVD_IRQHandler
                0x080001f4                SDIO_IRQHandler
                0x080001f4                TAMP_STAMP_IRQHandler
                0x080001f4                NMI_Handler
                0x080001f4                CAN2_RX1_IRQHandler
                0x080001f4                EXTI3_IRQHandler
                0x080001f4                TIM8_TRG_COM_TIM14_IRQHandler
                0x080001f4                TIM1_UP_TIM10_IRQHandler
                0x080001f4                TIM8_UP_TIM13_IRQHandler
                0x080001f4                I2C3_ER_IRQHandler
                0x080001f4                EXTI0_IRQHandler
                0x080001f4                I2C2_EV_IRQHandler
                0x080001f4                DMA1_Stream2_IRQHandler
                0x080001f4                CAN1_RX0_IRQHandler
                0x080001f4                FPU_IRQHandler
                0x080001f4                OTG_HS_WKUP_IRQHandler
                0x080001f4                UsageFault_Handler
                0x080001f4                CAN2_SCE_IRQHandler
                0x080001f4                DMA2_Stream2_IRQHandler
                0x080001f4                SPI1_IRQHandler
                0x080001f4                TIM6_DAC_IRQHandler
                0x080001f4                TIM1_BRK_TIM9_IRQHandler
                0x080001f4                DCMI_IRQHandler
                0x080001f4                CAN2_RX0_IRQHandler
                0x080001f4                DMA2_Stream3_IRQHandler
                0x080001f4                USART6_IRQHandler
                0x080001f4                USART3_IRQHandler
                0x080001f4                CRYP_IRQHandler
                0x080001f4                CAN1_RX1_IRQHandler
                0x080001f4                UART5_IRQHandler
                0x080001f4                DMA2_Stream0_IRQHandler
                0x080001f4                TIM4_IRQHandler
                0x080001f4                I2C1_EV_IRQHandler
                0x080001f4                DMA1_Stream6_IRQHandler
                0x080001f4                DMA1_Stream1_IRQHandler
                0x080001f4                UART4_IRQHandler
                0x080001f4                TIM3_IRQHandler
                0x080001f4                RCC_IRQHandler
                0x080001f4                TIM8_BRK_TIM12_IRQHandler
                0x080001f4                EXTI15_10_IRQHandler
                0x080001f4                ADC_IRQHandler
                0x080001f4                DMA1_Stream7_IRQHandler
                0x080001f4                TIM7_IRQHandler
                0x080001f4                CAN2_TX_IRQHandler
                0x080001f4                TIM5_IRQHandler
                0x080001f4                DMA2_Stream7_IRQHandler
                0x080001f4                I2C3_EV_IRQHandler
                0x080001f4                EXTI9_5_IRQHandler
                0x080001f4                RTC_WKUP_IRQHandler
                0x080001f4                ETH_WKUP_IRQHandler
                0x080001f4                SPI2_IRQHandler
                0x080001f4                OTG_HS_EP1_IN_IRQHandler
                0x080001f4                MemManage_Handler
                0x080001f4                DMA1_Stream0_IRQHandler
                0x080001f4                CAN1_TX_IRQHandler
                0x080001f4                EXTI4_IRQHandler
                0x080001f4                FSMC_IRQHandler
                0x080001f4                ETH_IRQHandler
                0x080001f4                OTG_HS_EP1_OUT_IRQHandler
                0x080001f4                WWDG_IRQHandler
                0x080001f4                OTG_FS_WKUP_IRQHandler
                0x080001f4                TIM1_TRG_COM_TIM11_IRQHandler
                0x080001f4                OTG_HS_IRQHandler
                0x080001f4                EXTI1_IRQHandler
                0x080001f4                USART2_IRQHandler
                0x080001f4                I2C2_ER_IRQHandler
                0x080001f4                DMA2_Stream1_IRQHandler
                0x080001f4                CAN1_SCE_IRQHandler
                0x080001f4                FLASH_IRQHandler
                0x080001f4                DMA2_Stream4_IRQHandler
                0x080001f4                BusFault_Handler
                0x080001f4                USART1_IRQHandler
                0x080001f4                OTG_FS_IRQHandler
                0x080001f4                SPI3_IRQHandler
                0x080001f4                DMA1_Stream4_IRQHandler
                0x080001f4                I2C1_ER_IRQHandler
                0x080001f4                DMA2_Stream6_IRQHandler
                0x080001f4                DMA1_Stream3_IRQHandler
 .text.init     0x080001fc       0x48 ..\obj\main.o
                0x080001fc                init
 .text.task1    0x08000244       0x10 ..\obj\main.o
                0x08000244                task1
 .text.TIM2_IRQHandler
                0x08000254       0x30 ..\obj\main.o
                0x08000254                TIM2_IRQHandler
 .text.INTTIM_Config
                0x08000284       0x68 ..\obj\main.o
                0x08000284                INTTIM_Config
 .text.main     0x080002ec       0x48 ..\obj\main.o
                0x080002ec                main
 .text.vApplicationIdleHook
                0x08000334       0x10 ..\obj\main.o
                0x08000334                vApplicationIdleHook
 .text.vApplicationMallocFailedHook
                0x08000344        0x8 ..\obj\main.o
                0x08000344                vApplicationMallocFailedHook
 .text.vApplicationStackOverflowHook
                0x0800034c        0xc ..\obj\main.o
                0x0800034c                vApplicationStackOverflowHook
 .text.vApplicationTickHook
                0x08000358       0x10 ..\obj\main.o
                0x08000358                vApplicationTickHook
 .text.RCC_WaitForHSEStartUp
                0x08000368       0x50 ..\obj\stm32f4xx_rcc.o
                0x08000368                RCC_WaitForHSEStartUp
 .text.RCC_AHB1PeriphClockCmd
                0x080003b8       0x40 ..\obj\stm32f4xx_rcc.o
                0x080003b8                RCC_AHB1PeriphClockCmd
 .text.RCC_APB1PeriphClockCmd
                0x080003f8       0x40 ..\obj\stm32f4xx_rcc.o
                0x080003f8                RCC_APB1PeriphClockCmd
 .text.RCC_GetFlagStatus
                0x08000438       0x74 ..\obj\stm32f4xx_rcc.o
                0x08000438                RCC_GetFlagStatus
 .text.xTimerCreateTimerTask
                0x080004ac       0x68 ..\obj\timers.o
                0x080004ac                xTimerCreateTimerTask
 .text.xTimerGenericCommand
                0x08000514       0x98 ..\obj\timers.o
                0x08000514                xTimerGenericCommand
 .text.prvProcessExpiredTimer
                0x080005ac       0x80 ..\obj\timers.o
 .text.prvTimerTask
                0x0800062c       0x24 ..\obj\timers.o
 .text.prvProcessTimerOrBlockTask
                0x08000650       0x9c ..\obj\timers.o
 .text.prvGetNextExpireTime
                0x080006ec       0x48 ..\obj\timers.o
 .text.prvSampleTimeNow
                0x08000734       0x40 ..\obj\timers.o
 .text.prvInsertTimerInActiveList
                0x08000774       0x84 ..\obj\timers.o
 .text.prvProcessReceivedCommands
                0x080007f8      0x124 ..\obj\timers.o
 .text.prvSwitchTimerLists
                0x0800091c       0xc0 ..\obj\timers.o
 .text.prvCheckForValidListAndQueue
                0x080009dc       0x6c ..\obj\timers.o
 .text.xTaskCreate
                0x08000a48       0x80 ..\obj\tasks.o
                0x08000a48                xTaskCreate
 .text.prvInitialiseNewTask
                0x08000ac8      0x110 ..\obj\tasks.o
 .text.prvAddNewTaskToReadyList
                0x08000bd8       0xdc ..\obj\tasks.o
 .text.vTaskStartScheduler
                0x08000cb4       0x98 ..\obj\tasks.o
                0x08000cb4                vTaskStartScheduler
 .text.vTaskSuspendAll
                0x08000d4c       0x1c ..\obj\tasks.o
                0x08000d4c                vTaskSuspendAll
 .text.xTaskResumeAll
                0x08000d68      0x138 ..\obj\tasks.o
                0x08000d68                xTaskResumeAll
 .text.xTaskGetTickCount
                0x08000ea0       0x20 ..\obj\tasks.o
                0x08000ea0                xTaskGetTickCount
 .text.xTaskIncrementTick
                0x08000ec0      0x188 ..\obj\tasks.o
                0x08000ec0                xTaskIncrementTick
 .text.vTaskSwitchContext
                0x08001048      0x100 ..\obj\tasks.o
                0x08001048                vTaskSwitchContext
 .text.vTaskPlaceOnEventList
                0x08001148       0x48 ..\obj\tasks.o
                0x08001148                vTaskPlaceOnEventList
 .text.vTaskPlaceOnEventListRestricted
                0x08001190       0x54 ..\obj\tasks.o
                0x08001190                vTaskPlaceOnEventListRestricted
 .text.xTaskRemoveFromEventList
                0x080011e4       0xc4 ..\obj\tasks.o
                0x080011e4                xTaskRemoveFromEventList
 .text.vTaskSetTimeOutState
                0x080012a8       0x48 ..\obj\tasks.o
                0x080012a8                vTaskSetTimeOutState
 .text.xTaskCheckForTimeOut
                0x080012f0       0xbc ..\obj\tasks.o
                0x080012f0                xTaskCheckForTimeOut
 .text.vTaskMissedYield
                0x080013ac       0x18 ..\obj\tasks.o
                0x080013ac                vTaskMissedYield
 .text.prvIdleTask
                0x080013c4       0x34 ..\obj\tasks.o
 .text.prvInitialiseTaskLists
                0x080013f8       0x80 ..\obj\tasks.o
 .text.prvCheckTasksWaitingTermination
                0x08001478       0x78 ..\obj\tasks.o
 .text.prvDeleteTCB
                0x080014f0       0x20 ..\obj\tasks.o
 .text.prvResetNextTaskUnblockTime
                0x08001510       0x4c ..\obj\tasks.o
 .text.xTaskGetSchedulerState
                0x0800155c       0x3c ..\obj\tasks.o
                0x0800155c                xTaskGetSchedulerState
 .text.vTaskPriorityInherit
                0x08001598       0xec ..\obj\tasks.o
                0x08001598                vTaskPriorityInherit
 .text.xTaskPriorityDisinherit
                0x08001684      0x108 ..\obj\tasks.o
                0x08001684                xTaskPriorityDisinherit
 .text.pvTaskIncrementMutexHeldCount
                0x0800178c       0x28 ..\obj\tasks.o
                0x0800178c                pvTaskIncrementMutexHeldCount
 .text.prvAddCurrentTaskToDelayedList
                0x080017b4       0xcc ..\obj\tasks.o
 .text.GPIO_Init
                0x08001880      0x11c ..\obj\stm32f4xx_gpio.o
                0x08001880                GPIO_Init
 .text.GPIO_ToggleBits
                0x0800199c       0x24 ..\obj\stm32f4xx_gpio.o
                0x0800199c                GPIO_ToggleBits
 .text.vListInitialise
                0x080019c0       0x40 ..\obj\list.o
                0x080019c0                vListInitialise
 .text.vListInitialiseItem
                0x08001a00       0x1c ..\obj\list.o
                0x08001a00                vListInitialiseItem
 .text.vListInsertEnd
                0x08001a1c       0x48 ..\obj\list.o
                0x08001a1c                vListInsertEnd
 .text.vListInsert
                0x08001a64       0x74 ..\obj\list.o
                0x08001a64                vListInsert
 .text.uxListRemove
                0x08001ad8       0x54 ..\obj\list.o
                0x08001ad8                uxListRemove
 .text.SystemInit
                0x08001b2c       0x6c ..\obj\system_stm32f4xx.o
                0x08001b2c                SystemInit
 .text.SetSysClock
                0x08001b98       0xf8 ..\obj\system_stm32f4xx.o
 .text.xQueueGenericReset
                0x08001c90       0xd0 ..\obj\queue.o
                0x08001c90                xQueueGenericReset
 .text.xQueueGenericCreate
                0x08001d60       0x74 ..\obj\queue.o
                0x08001d60                xQueueGenericCreate
 .text.prvInitialiseNewQueue
                0x08001dd4       0x48 ..\obj\queue.o
 .text.xQueueGenericSend
                0x08001e1c      0x1f8 ..\obj\queue.o
                0x08001e1c                xQueueGenericSend
 .text.xQueueGenericSendFromISR
                0x08002014      0x128 ..\obj\queue.o
                0x08002014                xQueueGenericSendFromISR
 .text.xQueueGenericReceive
                0x0800213c      0x228 ..\obj\queue.o
                0x0800213c                xQueueGenericReceive
 .text.prvCopyDataToQueue
                0x08002364       0xd4 ..\obj\queue.o
 .text.prvCopyDataFromQueue
                0x08002438       0x4c ..\obj\queue.o
 .text.prvUnlockQueue
                0x08002484       0xa4 ..\obj\queue.o
 .text.prvIsQueueEmpty
                0x08002528       0x2c ..\obj\queue.o
 .text.prvIsQueueFull
                0x08002554       0x30 ..\obj\queue.o
 .text.vQueueAddToRegistry
                0x08002584       0x50 ..\obj\queue.o
                0x08002584                vQueueAddToRegistry
 .text.vQueueWaitForMessageRestricted
                0x080025d4       0x6c ..\obj\queue.o
                0x080025d4                vQueueWaitForMessageRestricted
 .text.pxPortInitialiseStack
                0x08002640       0x64 ..\obj\port.o
                0x08002640                pxPortInitialiseStack
 .text.prvTaskExitError
                0x080026a4       0x3c ..\obj\port.o
 .text.SVC_Handler
                0x080026e0       0x28 ..\obj\port.o
                0x080026e0                SVC_Handler
 .text.prvPortStartFirstTask
                0x08002708       0x20 ..\obj\port.o
 .text.xPortStartScheduler
                0x08002728      0x118 ..\obj\port.o
                0x08002728                xPortStartScheduler
 .text.vPortEnterCritical
                0x08002840       0x5c ..\obj\port.o
                0x08002840                vPortEnterCritical
 .text.vPortExitCritical
                0x0800289c       0x50 ..\obj\port.o
                0x0800289c                vPortExitCritical
 *fill*         0x080028ec        0x4 
 .text.PendSV_Handler
                0x080028f0       0x68 ..\obj\port.o
                0x080028f0                PendSV_Handler
 .text.SysTick_Handler
                0x08002958       0x40 ..\obj\port.o
                0x08002958                SysTick_Handler
 .text.vPortSetupTimerInterrupt
                0x08002998       0x28 ..\obj\port.o
                0x08002998                vPortSetupTimerInterrupt
 .text.vPortEnableVFP
                0x080029c0       0x14 ..\obj\port.o
 .text.vPortValidateInterruptPriority
                0x080029d4       0x7c ..\obj\port.o
                0x080029d4                vPortValidateInterruptPriority
 .text.NVIC_Init
                0x08002a50       0xc4 ..\obj\misc.o
                0x08002a50                NVIC_Init
 .text.pvPortMalloc
                0x08002b14      0x128 ..\obj\heap_2.o
                0x08002b14                pvPortMalloc
 .text.vPortFree
                0x08002c3c       0x74 ..\obj\heap_2.o
                0x08002c3c                vPortFree
 .text.prvHeapInit
                0x08002cb0       0x54 ..\obj\heap_2.o
 .text.TIM_TimeBaseInit
                0x08002d04       0xd8 ..\obj\stm32f4xx_tim.o
                0x08002d04                TIM_TimeBaseInit
 .text.TIM_Cmd  0x08002ddc       0x40 ..\obj\stm32f4xx_tim.o
                0x08002ddc                TIM_Cmd
 .text.TIM_ITConfig
                0x08002e1c       0x48 ..\obj\stm32f4xx_tim.o
                0x08002e1c                TIM_ITConfig
 .text.TIM_GetITStatus
                0x08002e64       0x54 ..\obj\stm32f4xx_tim.o
                0x08002e64                TIM_GetITStatus
 .text.TIM_ClearITPendingBit
                0x08002eb8       0x24 ..\obj\stm32f4xx_tim.o
                0x08002eb8                TIM_ClearITPendingBit
 .text          0x08002edc      0x134 c:/program files (x86)/gnu tools arm embedded/5.2 2015q4/bin/../lib/gcc/arm-none-eabi/5.2.1/../../../../arm-none-eabi/lib/armv7e-m/softfp\libg.a(lib_a-memcpy.o)
                0x08002edc                memcpy
 .text.memset   0x08003010       0x9c c:/program files (x86)/gnu tools arm embedded/5.2 2015q4/bin/../lib/gcc/arm-none-eabi/5.2.1/../../../../arm-none-eabi/lib/armv7e-m/softfp\libg.a(lib_a-memset.o)
                0x08003010                memset
 *(.init)
 *(.fini)
 *crtbegin.o(.ctors)
 *crtbegin?.o(.ctors)
 *(EXCLUDE_FILE(*crtend.o *crtend?.o) .ctors)
 *(SORT(.ctors.*))
 *(.ctors)
 *crtbegin.o(.dtors)
 *crtbegin?.o(.dtors)
 *(EXCLUDE_FILE(*crtend.o *crtend?.o) .dtors)
 *(SORT(.dtors.*))
 *(.dtors)
 *(.rodata*)
 .rodata        0x080030ac        0x8 ..\obj\main.o
 .rodata        0x080030b4        0xd ..\obj\timers.o
 *fill*         0x080030c1        0x3 
 .rodata        0x080030c4        0x5 ..\obj\tasks.o
 *(.eh_fram e*)

.glue_7         0x080030cc        0x0
 .glue_7        0x080030cc        0x0 linker stubs

.glue_7t        0x080030cc        0x0
 .glue_7t       0x080030cc        0x0 linker stubs

.vfp11_veneer   0x080030cc        0x0
 .vfp11_veneer  0x080030cc        0x0 linker stubs

.v4_bx          0x080030cc        0x0
 .v4_bx         0x080030cc        0x0 linker stubs

.iplt           0x080030cc        0x0
 .iplt          0x080030cc        0x0 ..\obj\startup_stm32f4xx.o

.rel.dyn        0x080030cc        0x0
 .rel.iplt      0x080030cc        0x0 ..\obj\startup_stm32f4xx.o

.ARM.extab
 *(.ARM.extab* .gnu.linkonce.armextab.*)
                0x080030cc                __exidx_start = .

.ARM.exidx
 *(.ARM.exidx* .gnu.linkonce.armexidx.*)
                0x080030cc                __exidx_end = .
                0x080030cc                __etext = .
                0x080030c9                _sidata = __etext

.data           0x20000000       0x10 load address 0x080030c9
                0x20000000                __data_start__ = .
                0x20000000                _sdata = __data_start__
 *(vtable)
 *(.data*)
 .data          0x20000000        0x8 ..\obj\main.o
                0x20000000                pins1
                0x20000004                pins2
 .data          0x20000008        0x4 ..\obj\port.o
 .data          0x2000000c        0x4 ..\obj\heap_2.o
                0x20000010                . = ALIGN (0x4)
                [!provide]                PROVIDE (__preinit_array_start, .)
 *(.preinit_array)
                [!provide]                PROVIDE (__preinit_array_end, .)
                0x20000010                . = ALIGN (0x4)
                [!provide]                PROVIDE (__init_array_start, .)
 *(SORT(.init_array.*))
 *(.init_array)
                [!provide]                PROVIDE (__init_array_end, .)
                0x20000010                . = ALIGN (0x4)
                [!provide]                PROVIDE (__fini_array_start, .)
 *(SORT(.fini_array.*))
 *(.fini_array)
                [!provide]                PROVIDE (__fini_array_end, .)
 *(.jcr*)
                0x20000010                . = ALIGN (0x4)
                0x20000010                __data_end__ = .
                0x20000010                _edata = __data_end__

.igot.plt       0x20000010        0x0 load address 0x080030dc
 .igot.plt      0x20000010        0x0 ..\obj\startup_stm32f4xx.o

.bss            0x20000010    0x12d9c load address 0x080030dc
                0x20000010                . = ALIGN (0x4)
                0x20000010                __bss_start__ = .
                0x20000010                _sbss = __bss_start__
 *(.bss*)
 .bss           0x20000010       0x3c ..\obj\timers.o
 .bss           0x2000004c      0x104 ..\obj\tasks.o
                0x2000004c                pxCurrentTCB
 .bss           0x20000150        0x8 ..\obj\port.o
 .bss           0x20000158    0x12c14 ..\obj\heap_2.o
 *(COMMON)
 COMMON         0x20012d6c       0x40 ..\obj\queue.o
                0x20012d6c                xQueueRegistry
                0x20012dac                . = ALIGN (0x4)
                0x20012dac                __bss_end__ = .
                0x20012dac                _ebss = __bss_end__

.heap           0x20012dac        0x0
                0x20012dac                __end__ = .
                0x20012dac                _end = __end__
                0x20012dac                end = __end__
 *(.heap*)
                0x20012dac                __HeapLimit = .

.co_stack       0x20012dac      0x804 load address 0x08015e78
                0x20012db0                . = ALIGN (0x8)
 *fill*         0x20012dac        0x4 
 *(.co_stack .co_stack.*)
 .co_stack      0x20012db0      0x800 ..\obj\startup_stm32f4xx.o
                0x20012db0                pulStack
                0x20020000                __StackTop = (ORIGIN (ram) + LENGTH (ram))
                0x2001f7fc                __StackLimit = (__StackTop - SIZEOF (.co_stack))
                [!provide]                PROVIDE (__stack, __StackTop)
                0x00000001                ASSERT ((__StackLimit >= __HeapLimit), region ram  overflowed with stack)
LOAD ..\obj\startup_stm32f4xx.o
LOAD ..\obj\main.o
LOAD ..\obj\stm32f4xx_rcc.o
LOAD ..\obj\timers.o
LOAD ..\obj\tasks.o
LOAD ..\obj\stm32f4xx_gpio.o
LOAD ..\obj\list.o
LOAD ..\obj\system_stm32f4xx.o
LOAD ..\obj\queue.o
LOAD ..\obj\port.o
LOAD ..\obj\croutine.o
LOAD ..\obj\event_groups.o
LOAD ..\obj\misc.o
LOAD ..\obj\heap_2.o
LOAD ..\obj\stm32f4xx_tim.o
START GROUP
LOAD c:/program files (x86)/gnu tools arm embedded/5.2 2015q4/bin/../lib/gcc/arm-none-eabi/5.2.1/armv7e-m/softfp\libgcc.a
LOAD c:/program files (x86)/gnu tools arm embedded/5.2 2015q4/bin/../lib/gcc/arm-none-eabi/5.2.1/../../../../arm-none-eabi/lib/armv7e-m/softfp\libg.a
LOAD c:/program files (x86)/gnu tools arm embedded/5.2 2015q4/bin/../lib/gcc/arm-none-eabi/5.2.1/../../../../arm-none-eabi/lib/armv7e-m/softfp\libc.a
END GROUP
OUTPUT(player.elf elf32-littlearm)

.debug_info     0x00000000     0x8b90
 .debug_info    0x00000000       0xed ..\obj\startup_stm32f4xx.o
 .debug_info    0x000000ed      0x926 ..\obj\main.o
 .debug_info    0x00000a13      0xc59 ..\obj\stm32f4xx_rcc.o
 .debug_info    0x0000166c      0xb86 ..\obj\timers.o
 .debug_info    0x000021f2     0x1db2 ..\obj\tasks.o
 .debug_info    0x00003fa4      0x61a ..\obj\stm32f4xx_gpio.o
 .debug_info    0x000045be      0x2a0 ..\obj\list.o
 .debug_info    0x0000485e      0x596 ..\obj\system_stm32f4xx.o
 .debug_info    0x00004df4     0x1402 ..\obj\queue.o
 .debug_info    0x000061f6      0x4fa ..\obj\port.o
 .debug_info    0x000066f0      0x541 ..\obj\misc.o
 .debug_info    0x00006c31      0x2f6 ..\obj\heap_2.o
 .debug_info    0x00006f27     0x1c69 ..\obj\stm32f4xx_tim.o

.debug_abbrev   0x00000000     0x14f0
 .debug_abbrev  0x00000000       0xb0 ..\obj\startup_stm32f4xx.o
 .debug_abbrev  0x000000b0      0x1f0 ..\obj\main.o
 .debug_abbrev  0x000002a0      0x1e5 ..\obj\stm32f4xx_rcc.o
 .debug_abbrev  0x00000485      0x1f0 ..\obj\timers.o
 .debug_abbrev  0x00000675      0x2c9 ..\obj\tasks.o
 .debug_abbrev  0x0000093e      0x1a7 ..\obj\stm32f4xx_gpio.o
 .debug_abbrev  0x00000ae5       0xbc ..\obj\list.o
 .debug_abbrev  0x00000ba1      0x138 ..\obj\system_stm32f4xx.o
 .debug_abbrev  0x00000cd9      0x222 ..\obj\queue.o
 .debug_abbrev  0x00000efb      0x1b9 ..\obj\port.o
 .debug_abbrev  0x000010b4      0x147 ..\obj\misc.o
 .debug_abbrev  0x000011fb      0x16c ..\obj\heap_2.o
 .debug_abbrev  0x00001367      0x189 ..\obj\stm32f4xx_tim.o

.debug_aranges  0x00000000      0xaa8
 .debug_aranges
                0x00000000       0x28 ..\obj\startup_stm32f4xx.o
 .debug_aranges
                0x00000028       0x70 ..\obj\main.o
 .debug_aranges
                0x00000098      0x178 ..\obj\stm32f4xx_rcc.o
 .debug_aranges
                0x00000210       0xb8 ..\obj\timers.o
 .debug_aranges
                0x000002c8      0x1d8 ..\obj\tasks.o
 .debug_aranges
                0x000004a0       0x88 ..\obj\stm32f4xx_gpio.o
 .debug_aranges
                0x00000528       0x40 ..\obj\list.o
 .debug_aranges
                0x00000568       0x30 ..\obj\system_stm32f4xx.o
 .debug_aranges
                0x00000598      0x118 ..\obj\queue.o
 .debug_aranges
                0x000006b0       0x80 ..\obj\port.o
 .debug_aranges
                0x00000730       0x40 ..\obj\misc.o
 .debug_aranges
                0x00000770       0x40 ..\obj\heap_2.o
 .debug_aranges
                0x000007b0      0x2f8 ..\obj\stm32f4xx_tim.o

.debug_ranges   0x00000000      0x9d8
 .debug_ranges  0x00000000       0x18 ..\obj\startup_stm32f4xx.o
 .debug_ranges  0x00000018       0x60 ..\obj\main.o
 .debug_ranges  0x00000078      0x168 ..\obj\stm32f4xx_rcc.o
 .debug_ranges  0x000001e0       0xa8 ..\obj\timers.o
 .debug_ranges  0x00000288      0x1c8 ..\obj\tasks.o
 .debug_ranges  0x00000450       0x78 ..\obj\stm32f4xx_gpio.o
 .debug_ranges  0x000004c8       0x30 ..\obj\list.o
 .debug_ranges  0x000004f8       0x20 ..\obj\system_stm32f4xx.o
 .debug_ranges  0x00000518      0x108 ..\obj\queue.o
 .debug_ranges  0x00000620       0x70 ..\obj\port.o
 .debug_ranges  0x00000690       0x30 ..\obj\misc.o
 .debug_ranges  0x000006c0       0x30 ..\obj\heap_2.o
 .debug_ranges  0x000006f0      0x2e8 ..\obj\stm32f4xx_tim.o

.debug_line     0x00000000     0x41ec
 .debug_line    0x00000000       0xb1 ..\obj\startup_stm32f4xx.o
 .debug_line    0x000000b1      0x393 ..\obj\main.o
 .debug_line    0x00000444      0x605 ..\obj\stm32f4xx_rcc.o
 .debug_line    0x00000a49      0x4c1 ..\obj\timers.o
 .debug_line    0x00000f0a      0xe06 ..\obj\tasks.o
 .debug_line    0x00001d10      0x3c0 ..\obj\stm32f4xx_gpio.o
 .debug_line    0x000020d0      0x1d2 ..\obj\list.o
 .debug_line    0x000022a2      0x222 ..\obj\system_stm32f4xx.o
 .debug_line    0x000024c4      0x9b1 ..\obj\queue.o
 .debug_line    0x00002e75      0x350 ..\obj\port.o
 .debug_line    0x000031c5      0x29e ..\obj\misc.o
 .debug_line    0x00003463      0x268 ..\obj\heap_2.o
 .debug_line    0x000036cb      0xb21 ..\obj\stm32f4xx_tim.o

.debug_str      0x00000000     0x3bf5
 .debug_str     0x00000000      0x16a ..\obj\startup_stm32f4xx.o
                                0x17c (size before relaxing)
 .debug_str     0x0000016a      0xa51 ..\obj\main.o
                                0xb61 (size before relaxing)
 .debug_str     0x00000bbb      0x65f ..\obj\stm32f4xx_rcc.o
                                0x885 (size before relaxing)
 .debug_str     0x0000121a      0x54d ..\obj\timers.o
                                0x74f (size before relaxing)
 .debug_str     0x00001767      0xc53 ..\obj\tasks.o
                                0xf55 (size before relaxing)
 .debug_str     0x000023ba      0x1b3 ..\obj\stm32f4xx_gpio.o
                                0x4d8 (size before relaxing)
 .debug_str     0x0000256d       0xd5 ..\obj\list.o
                                0x2da (size before relaxing)
 .debug_str     0x00002642      0x128 ..\obj\system_stm32f4xx.o
                                0x3df (size before relaxing)
 .debug_str     0x0000276a      0x507 ..\obj\queue.o
                                0x86d (size before relaxing)
 .debug_str     0x00002c71      0x208 ..\obj\port.o
                                0x402 (size before relaxing)
 .debug_str     0x00002e79      0x171 ..\obj\misc.o
                                0x403 (size before relaxing)
 .debug_str     0x00002fea      0x175 ..\obj\heap_2.o
                                0x331 (size before relaxing)
 .debug_str     0x0000315f      0xa96 ..\obj\stm32f4xx_tim.o
                                0xe05 (size before relaxing)

.comment        0x00000000       0x6e
 .comment       0x00000000       0x6e ..\obj\startup_stm32f4xx.o
                                 0x6f (size before relaxing)
 .comment       0x0000006e       0x6f ..\obj\main.o
 .comment       0x0000006e       0x6f ..\obj\stm32f4xx_rcc.o
 .comment       0x0000006e       0x6f ..\obj\timers.o
 .comment       0x0000006e       0x6f ..\obj\tasks.o
 .comment       0x0000006e       0x6f ..\obj\stm32f4xx_gpio.o
 .comment       0x0000006e       0x6f ..\obj\list.o
 .comment       0x0000006e       0x6f ..\obj\system_stm32f4xx.o
 .comment       0x0000006e       0x6f ..\obj\queue.o
 .comment       0x0000006e       0x6f ..\obj\port.o
 .comment       0x0000006e       0x6f ..\obj\misc.o
 .comment       0x0000006e       0x6f ..\obj\heap_2.o
 .comment       0x0000006e       0x6f ..\obj\stm32f4xx_tim.o

.ARM.attributes
                0x00000000       0x35
 .ARM.attributes
                0x00000000       0x37 ..\obj\startup_stm32f4xx.o
 .ARM.attributes
                0x00000037       0x37 ..\obj\main.o
 .ARM.attributes
                0x0000006e       0x37 ..\obj\stm32f4xx_rcc.o
 .ARM.attributes
                0x000000a5       0x37 ..\obj\timers.o
 .ARM.attributes
                0x000000dc       0x37 ..\obj\tasks.o
 .ARM.attributes
                0x00000113       0x37 ..\obj\stm32f4xx_gpio.o
 .ARM.attributes
                0x0000014a       0x37 ..\obj\list.o
 .ARM.attributes
                0x00000181       0x37 ..\obj\system_stm32f4xx.o
 .ARM.attributes
                0x000001b8       0x37 ..\obj\queue.o
 .ARM.attributes
                0x000001ef       0x37 ..\obj\port.o
 .ARM.attributes
                0x00000226       0x37 ..\obj\misc.o
 .ARM.attributes
                0x0000025d       0x37 ..\obj\heap_2.o
 .ARM.attributes
                0x00000294       0x37 ..\obj\stm32f4xx_tim.o
 .ARM.attributes
                0x000002cb       0x20 c:/program files (x86)/gnu tools arm embedded/5.2 2015q4/bin/../lib/gcc/arm-none-eabi/5.2.1/../../../../arm-none-eabi/lib/armv7e-m/softfp\libg.a(lib_a-memcpy.o)
 .ARM.attributes
                0x000002eb       0x32 c:/program files (x86)/gnu tools arm embedded/5.2 2015q4/bin/../lib/gcc/arm-none-eabi/5.2.1/../../../../arm-none-eabi/lib/armv7e-m/softfp\libg.a(lib_a-memset.o)

.debug_frame    0x00000000     0x2d98
 .debug_frame   0x00000000       0x4c ..\obj\startup_stm32f4xx.o
 .debug_frame   0x0000004c      0x174 ..\obj\main.o
 .debug_frame   0x000001c0      0x6d4 ..\obj\stm32f4xx_rcc.o
 .debug_frame   0x00000894      0x2f0 ..\obj\timers.o
 .debug_frame   0x00000b84      0x808 ..\obj\tasks.o
 .debug_frame   0x0000138c      0x23c ..\obj\stm32f4xx_gpio.o
 .debug_frame   0x000015c8       0xd8 ..\obj\list.o
 .debug_frame   0x000016a0       0x7c ..\obj\system_stm32f4xx.o
 .debug_frame   0x0000171c      0x4c0 ..\obj\queue.o
 .debug_frame   0x00001bdc      0x19c ..\obj\port.o
 .debug_frame   0x00001d78       0xd8 ..\obj\misc.o
 .debug_frame   0x00001e50       0xc0 ..\obj\heap_2.o
 .debug_frame   0x00001f10      0xe54 ..\obj\stm32f4xx_tim.o
 .debug_frame   0x00002d64       0x34 c:/program files (x86)/gnu tools arm embedded/5.2 2015q4/bin/../lib/gcc/arm-none-eabi/5.2.1/../../../../arm-none-eabi/lib/armv7e-m/softfp\libg.a(lib_a-memset.o)
