Archive member included to satisfy reference by file (symbol)

c:/program files (x86)/gnu tools arm embedded/5.2 2015q4/bin/../lib/gcc/arm-none-eabi/5.2.1/../../../../arm-none-eabi/lib/armv7e-m/fpu\libg.a(lib_a-memcpy.o)
                              ..\obj\queue.o (memcpy)
c:/program files (x86)/gnu tools arm embedded/5.2 2015q4/bin/../lib/gcc/arm-none-eabi/5.2.1/../../../../arm-none-eabi/lib/armv7e-m/fpu\libg.a(lib_a-memset.o)
                              ..\obj\tasks.o (memset)
c:/program files (x86)/gnu tools arm embedded/5.2 2015q4/bin/../lib/gcc/arm-none-eabi/5.2.1/../../../../arm-none-eabi/lib/armv7e-m/fpu\libg.a(lib_a-strcat.o)
                              ..\obj\ui.o (strcat)
c:/program files (x86)/gnu tools arm embedded/5.2 2015q4/bin/../lib/gcc/arm-none-eabi/5.2.1/../../../../arm-none-eabi/lib/armv7e-m/fpu\libg.a(lib_a-strcmp.o)
                              ..\obj\ui.o (strcmp)
c:/program files (x86)/gnu tools arm embedded/5.2 2015q4/bin/../lib/gcc/arm-none-eabi/5.2.1/../../../../arm-none-eabi/lib/armv7e-m/fpu\libg.a(lib_a-strcpy.o)
                              ..\obj\ui.o (strcpy)
c:/program files (x86)/gnu tools arm embedded/5.2 2015q4/bin/../lib/gcc/arm-none-eabi/5.2.1/../../../../arm-none-eabi/lib/armv7e-m/fpu\libg.a(lib_a-strlen.o)
                              ..\obj\ui.o (strlen)

Allocating common symbols
Common symbol       size              file

buff                0x5000            ..\obj\player.o
xQueueRegistry      0x40              ..\obj\queue.o
file                0x224             ..\obj\player.o
FATFS_Obj           0x230             ..\obj\main.o
hw                  0x10              ..\obj\fatfs_diskio_sdcard_spi.o
cur_data            0x8               ..\obj\player.o
track_list          0x190             ..\obj\ui.o

Discarded input sections

 .text          0x00000000        0x0 ..\obj\ui.o
 .text          0x00000000        0x0 ..\obj\stm32f4xx_syscfg.o
 .data          0x00000000        0x0 ..\obj\stm32f4xx_syscfg.o
 .bss           0x00000000        0x0 ..\obj\stm32f4xx_syscfg.o
 .text.SYSCFG_DeInit
                0x00000000       0x1c ..\obj\stm32f4xx_syscfg.o
 .text.SYSCFG_MemoryRemapConfig
                0x00000000       0x20 ..\obj\stm32f4xx_syscfg.o
 .text.SYSCFG_EXTILineConfig
                0x00000000       0x84 ..\obj\stm32f4xx_syscfg.o
 .text.SYSCFG_ETH_MediaInterfaceConfig
                0x00000000       0x20 ..\obj\stm32f4xx_syscfg.o
 .text.SYSCFG_CompensationCellCmd
                0x00000000       0x20 ..\obj\stm32f4xx_syscfg.o
 .text.SYSCFG_GetCompensationCellStatus
                0x00000000       0x34 ..\obj\stm32f4xx_syscfg.o
 .debug_info    0x00000000      0x274 ..\obj\stm32f4xx_syscfg.o
 .debug_abbrev  0x00000000      0x133 ..\obj\stm32f4xx_syscfg.o
 .debug_aranges
                0x00000000       0x48 ..\obj\stm32f4xx_syscfg.o
 .debug_ranges  0x00000000       0x38 ..\obj\stm32f4xx_syscfg.o
 .debug_line    0x00000000      0x25b ..\obj\stm32f4xx_syscfg.o
 .debug_str     0x00000000      0x327 ..\obj\stm32f4xx_syscfg.o
 .comment       0x00000000       0x6f ..\obj\stm32f4xx_syscfg.o
 .debug_frame   0x00000000       0xf4 ..\obj\stm32f4xx_syscfg.o
 .ARM.attributes
                0x00000000       0x39 ..\obj\stm32f4xx_syscfg.o
 .text          0x00000000        0x0 ..\obj\startup_stm32f4xx.o
 .data          0x00000000        0x0 ..\obj\startup_stm32f4xx.o
 .bss           0x00000000        0x0 ..\obj\startup_stm32f4xx.o
 .text          0x00000000        0x0 ..\obj\main.o
 .data          0x00000000        0x0 ..\obj\main.o
 .bss           0x00000000        0x0 ..\obj\main.o
 .text.sleep    0x00000000       0x24 ..\obj\main.o
 .text.leds_init
                0x00000000       0x3c ..\obj\main.o
 .text.test_task
                0x00000000       0x18 ..\obj\main.o
 .text          0x00000000        0x0 ..\obj\stm32f4xx_rcc.o
 .bss           0x00000000        0x0 ..\obj\stm32f4xx_rcc.o
 .text.RCC_DeInit
                0x00000000       0x50 ..\obj\stm32f4xx_rcc.o
 .text.RCC_HSEConfig
                0x00000000       0x28 ..\obj\stm32f4xx_rcc.o
 .text.RCC_WaitForHSEStartUp
                0x00000000       0x50 ..\obj\stm32f4xx_rcc.o
 .text.RCC_AdjustHSICalibrationValue
                0x00000000       0x3c ..\obj\stm32f4xx_rcc.o
 .text.RCC_HSICmd
                0x00000000       0x20 ..\obj\stm32f4xx_rcc.o
 .text.RCC_LSEConfig
                0x00000000       0x44 ..\obj\stm32f4xx_rcc.o
 .text.RCC_LSICmd
                0x00000000       0x20 ..\obj\stm32f4xx_rcc.o
 .text.RCC_PLLConfig
                0x00000000       0x40 ..\obj\stm32f4xx_rcc.o
 .text.RCC_PLLCmd
                0x00000000       0x20 ..\obj\stm32f4xx_rcc.o
 .text.RCC_PLLI2SConfig
                0x00000000       0x2c ..\obj\stm32f4xx_rcc.o
 .text.RCC_ClockSecuritySystemCmd
                0x00000000       0x20 ..\obj\stm32f4xx_rcc.o
 .text.RCC_MCO1Config
                0x00000000       0x40 ..\obj\stm32f4xx_rcc.o
 .text.RCC_MCO2Config
                0x00000000       0x40 ..\obj\stm32f4xx_rcc.o
 .text.RCC_SYSCLKConfig
                0x00000000       0x38 ..\obj\stm32f4xx_rcc.o
 .text.RCC_GetSYSCLKSource
                0x00000000       0x20 ..\obj\stm32f4xx_rcc.o
 .text.RCC_HCLKConfig
                0x00000000       0x38 ..\obj\stm32f4xx_rcc.o
 .text.RCC_PCLK1Config
                0x00000000       0x38 ..\obj\stm32f4xx_rcc.o
 .text.RCC_PCLK2Config
                0x00000000       0x3c ..\obj\stm32f4xx_rcc.o
 .text.RCC_RTCCLKConfig
                0x00000000       0x5c ..\obj\stm32f4xx_rcc.o
 .text.RCC_RTCCLKCmd
                0x00000000       0x20 ..\obj\stm32f4xx_rcc.o
 .text.RCC_BackupResetCmd
                0x00000000       0x20 ..\obj\stm32f4xx_rcc.o
 .text.RCC_I2SCLKConfig
                0x00000000       0x20 ..\obj\stm32f4xx_rcc.o
 .text.RCC_AHB2PeriphClockCmd
                0x00000000       0x40 ..\obj\stm32f4xx_rcc.o
 .text.RCC_AHB3PeriphClockCmd
                0x00000000       0x40 ..\obj\stm32f4xx_rcc.o
 .text.RCC_AHB1PeriphResetCmd
                0x00000000       0x40 ..\obj\stm32f4xx_rcc.o
 .text.RCC_AHB2PeriphResetCmd
                0x00000000       0x40 ..\obj\stm32f4xx_rcc.o
 .text.RCC_AHB3PeriphResetCmd
                0x00000000       0x40 ..\obj\stm32f4xx_rcc.o
 .text.RCC_AHB1PeriphClockLPModeCmd
                0x00000000       0x40 ..\obj\stm32f4xx_rcc.o
 .text.RCC_AHB2PeriphClockLPModeCmd
                0x00000000       0x40 ..\obj\stm32f4xx_rcc.o
 .text.RCC_AHB3PeriphClockLPModeCmd
                0x00000000       0x40 ..\obj\stm32f4xx_rcc.o
 .text.RCC_APB1PeriphClockLPModeCmd
                0x00000000       0x40 ..\obj\stm32f4xx_rcc.o
 .text.RCC_APB2PeriphClockLPModeCmd
                0x00000000       0x40 ..\obj\stm32f4xx_rcc.o
 .text.RCC_ITConfig
                0x00000000       0x4c ..\obj\stm32f4xx_rcc.o
 .text.RCC_GetFlagStatus
                0x00000000       0x74 ..\obj\stm32f4xx_rcc.o
 .text.RCC_ClearFlag
                0x00000000       0x20 ..\obj\stm32f4xx_rcc.o
 .text.RCC_GetITStatus
                0x00000000       0x38 ..\obj\stm32f4xx_rcc.o
 .text.RCC_ClearITPendingBit
                0x00000000       0x20 ..\obj\stm32f4xx_rcc.o
 .text          0x00000000        0x0 ..\obj\codec.o
 .data          0x00000000        0x0 ..\obj\codec.o
 .bss           0x00000000        0x0 ..\obj\codec.o
 .text          0x00000000        0x0 ..\obj\player.o
 .rodata        0x00000000        0xc ..\obj\player.o
 .text.player_get_status
                0x00000000       0x18 ..\obj\player.o
 .text          0x00000000        0x0 ..\obj\timers.o
 .data          0x00000000        0x0 ..\obj\timers.o
 .text.xTimerCreate
                0x00000000       0x3c ..\obj\timers.o
 .text.prvInitialiseNewTimer
                0x00000000       0x64 ..\obj\timers.o
 .text.xTimerGetTimerDaemonTaskHandle
                0x00000000       0x38 ..\obj\timers.o
 .text.xTimerGetPeriod
                0x00000000       0x38 ..\obj\timers.o
 .text.xTimerGetExpiryTime
                0x00000000       0x3c ..\obj\timers.o
 .text.pcTimerGetName
                0x00000000       0x38 ..\obj\timers.o
 .text.xTimerIsTimerActive
                0x00000000       0x48 ..\obj\timers.o
 .text.pvTimerGetTimerID
                0x00000000       0x40 ..\obj\timers.o
 .text.vTimerSetTimerID
                0x00000000       0x40 ..\obj\timers.o
 .text          0x00000000        0x0 ..\obj\display.o
 .bss           0x00000000        0x0 ..\obj\display.o
 .text.display_write_int
                0x00000000       0x78 ..\obj\display.o
 .text          0x00000000        0x0 ..\obj\tasks.o
 .data          0x00000000        0x0 ..\obj\tasks.o
 .text.vTaskDelete
                0x00000000      0x128 ..\obj\tasks.o
 .text.vTaskDelayUntil
                0x00000000       0xf4 ..\obj\tasks.o
 .text.eTaskGetState
                0x00000000       0xb0 ..\obj\tasks.o
 .text.uxTaskPriorityGet
                0x00000000       0x34 ..\obj\tasks.o
 .text.uxTaskPriorityGetFromISR
                0x00000000       0x58 ..\obj\tasks.o
 .text.vTaskPrioritySet
                0x00000000      0x15c ..\obj\tasks.o
 .text.vTaskSuspend
                0x00000000      0x110 ..\obj\tasks.o
 .text.prvTaskIsTaskSuspended
                0x00000000       0x74 ..\obj\tasks.o
 .text.vTaskResume
                0x00000000       0xb8 ..\obj\tasks.o
 .text.xTaskResumeFromISR
                0x00000000       0xe0 ..\obj\tasks.o
 .text.vTaskEndScheduler
                0x00000000       0x30 ..\obj\tasks.o
 .text.xTaskGetTickCountFromISR
                0x00000000       0x24 ..\obj\tasks.o
 .text.uxTaskGetNumberOfTasks
                0x00000000       0x18 ..\obj\tasks.o
 .text.pcTaskGetName
                0x00000000       0x48 ..\obj\tasks.o
 .text.uxTaskGetSystemState
                0x00000000      0x11c ..\obj\tasks.o
 .text.vTaskPlaceOnUnorderedEventList
                0x00000000       0x74 ..\obj\tasks.o
 .text.xTaskRemoveFromUnorderedEventList
                0x00000000       0xcc ..\obj\tasks.o
 .text.uxTaskGetTaskNumber
                0x00000000       0x2c ..\obj\tasks.o
 .text.vTaskSetTaskNumber
                0x00000000       0x28 ..\obj\tasks.o
 .text.vTaskGetTaskInfo
                0x00000000       0xbc ..\obj\tasks.o
 .text.prvListTasksWithinSingleList
                0x00000000       0xa4 ..\obj\tasks.o
 .text.prvTaskCheckFreeStackSpace
                0x00000000       0x38 ..\obj\tasks.o
 .text.xTaskGetCurrentTaskHandle
                0x00000000       0x20 ..\obj\tasks.o
 .text.uxTaskResetEventItemValue
                0x00000000       0x30 ..\obj\tasks.o
 .text.ulTaskNotifyTake
                0x00000000       0x90 ..\obj\tasks.o
 .text.xTaskNotifyWait
                0x00000000       0xb4 ..\obj\tasks.o
 .text.xTaskGenericNotify
                0x00000000      0x140 ..\obj\tasks.o
 .text.xTaskGenericNotifyFromISR
                0x00000000      0x18c ..\obj\tasks.o
 .text.vTaskNotifyGiveFromISR
                0x00000000      0x120 ..\obj\tasks.o
 .text.xTaskNotifyStateClear
                0x00000000       0x4c ..\obj\tasks.o
 .text          0x00000000        0x0 ..\obj\stm32f4xx_gpio.o
 .data          0x00000000        0x0 ..\obj\stm32f4xx_gpio.o
 .bss           0x00000000        0x0 ..\obj\stm32f4xx_gpio.o
 .text.GPIO_DeInit
                0x00000000      0x120 ..\obj\stm32f4xx_gpio.o
 .text.GPIO_StructInit
                0x00000000       0x34 ..\obj\stm32f4xx_gpio.o
 .text.GPIO_PinLockConfig
                0x00000000       0x44 ..\obj\stm32f4xx_gpio.o
 .text.GPIO_ReadInputData
                0x00000000       0x1c ..\obj\stm32f4xx_gpio.o
 .text.GPIO_ReadOutputDataBit
                0x00000000       0x34 ..\obj\stm32f4xx_gpio.o
 .text.GPIO_ReadOutputData
                0x00000000       0x1c ..\obj\stm32f4xx_gpio.o
 .text.GPIO_WriteBit
                0x00000000       0x30 ..\obj\stm32f4xx_gpio.o
 .text.GPIO_Write
                0x00000000       0x20 ..\obj\stm32f4xx_gpio.o
 .text.GPIO_ToggleBits
                0x00000000       0x24 ..\obj\stm32f4xx_gpio.o
 .text          0x00000000        0x0 ..\obj\list.o
 .data          0x00000000        0x0 ..\obj\list.o
 .bss           0x00000000        0x0 ..\obj\list.o
 .text          0x00000000        0x0 ..\obj\system_stm32f4xx.o
 .data          0x00000000       0x14 ..\obj\system_stm32f4xx.o
 .bss           0x00000000        0x0 ..\obj\system_stm32f4xx.o
 .text.SystemCoreClockUpdate
                0x00000000       0xfc ..\obj\system_stm32f4xx.o
 .text          0x00000000        0x0 ..\obj\queue.o
 .data          0x00000000        0x0 ..\obj\queue.o
 .bss           0x00000000        0x0 ..\obj\queue.o
 .text.prvInitialiseMutex
                0x00000000       0x34 ..\obj\queue.o
 .text.xQueueCreateMutex
                0x00000000       0x30 ..\obj\queue.o
 .text.xQueueGiveMutexRecursive
                0x00000000       0x68 ..\obj\queue.o
 .text.xQueueTakeMutexRecursive
                0x00000000       0x70 ..\obj\queue.o
 .text.xQueueCreateCountingSemaphore
                0x00000000       0x64 ..\obj\queue.o
 .text.xQueueGiveFromISR
                0x00000000      0x114 ..\obj\queue.o
 .text.xQueueReceiveFromISR
                0x00000000       0xfc ..\obj\queue.o
 .text.xQueuePeekFromISR
                0x00000000       0xcc ..\obj\queue.o
 .text.uxQueueMessagesWaiting
                0x00000000       0x3c ..\obj\queue.o
 .text.uxQueueSpacesAvailable
                0x00000000       0x44 ..\obj\queue.o
 .text.uxQueueMessagesWaitingFromISR
                0x00000000       0x38 ..\obj\queue.o
 .text.vQueueDelete
                0x00000000       0x3c ..\obj\queue.o
 .text.uxQueueGetQueueNumber
                0x00000000       0x18 ..\obj\queue.o
 .text.vQueueSetQueueNumber
                0x00000000       0x1c ..\obj\queue.o
 .text.ucQueueGetQueueType
                0x00000000       0x1c ..\obj\queue.o
 .text.xQueueIsQueueEmptyFromISR
                0x00000000       0x44 ..\obj\queue.o
 .text.xQueueIsQueueFullFromISR
                0x00000000       0x48 ..\obj\queue.o
 .text.pcQueueGetName
                0x00000000       0x4c ..\obj\queue.o
 .text.vQueueUnregisterQueue
                0x00000000       0x54 ..\obj\queue.o
 .text          0x00000000        0x0 ..\obj\port.o
 .rodata        0x00000000        0x4 ..\obj\port.o
 .text.vPortEndScheduler
                0x00000000       0x34 ..\obj\port.o
 .text          0x00000000        0x0 ..\obj\ff.o
 .data          0x00000000        0x0 ..\obj\ff.o
 .text.dir_remove
                0x00000000       0x54 ..\obj\ff.o
 .text.f_write  0x00000000      0x2d4 ..\obj\ff.o
 .text.f_lseek  0x00000000      0x268 ..\obj\ff.o
 .text.f_stat   0x00000000       0x74 ..\obj\ff.o
 .text.f_getfree
                0x00000000      0x188 ..\obj\ff.o
 .text.f_truncate
                0x00000000      0x148 ..\obj\ff.o
 .text.f_unlink
                0x00000000      0x154 ..\obj\ff.o
 .text.f_mkdir  0x00000000      0x23c ..\obj\ff.o
 .text.f_chmod  0x00000000       0xac ..\obj\ff.o
 .text.f_utime  0x00000000       0xb4 ..\obj\ff.o
 .text.f_rename
                0x00000000      0x1b4 ..\obj\ff.o
 .text          0x00000000        0x0 ..\obj\croutine.o
 .data          0x00000000        0x0 ..\obj\croutine.o
 .bss           0x00000000        0x0 ..\obj\croutine.o
 .debug_info    0x00000000       0x75 ..\obj\croutine.o
 .debug_abbrev  0x00000000       0x24 ..\obj\croutine.o
 .debug_aranges
                0x00000000       0x18 ..\obj\croutine.o
 .debug_line    0x00000000       0x1d ..\obj\croutine.o
 .debug_str     0x00000000      0x189 ..\obj\croutine.o
 .comment       0x00000000       0x6f ..\obj\croutine.o
 .ARM.attributes
                0x00000000       0x39 ..\obj\croutine.o
 .text          0x00000000        0x0 ..\obj\stm32f4xx_spi.o
 .data          0x00000000        0x0 ..\obj\stm32f4xx_spi.o
 .bss           0x00000000        0x0 ..\obj\stm32f4xx_spi.o
 .text.SPI_StructInit
                0x00000000       0x4c ..\obj\stm32f4xx_spi.o
 .text.I2S_StructInit
                0x00000000       0x38 ..\obj\stm32f4xx_spi.o
 .text.SPI_DataSizeConfig
                0x00000000       0x38 ..\obj\stm32f4xx_spi.o
 .text.SPI_BiDirectionalLineConfig
                0x00000000       0x44 ..\obj\stm32f4xx_spi.o
 .text.SPI_NSSInternalSoftwareConfig
                0x00000000       0x44 ..\obj\stm32f4xx_spi.o
 .text.SPI_SSOutputCmd
                0x00000000       0x40 ..\obj\stm32f4xx_spi.o
 .text.SPI_TIModeCmd
                0x00000000       0x40 ..\obj\stm32f4xx_spi.o
 .text.I2S_FullDuplexConfig
                0x00000000       0x9c ..\obj\stm32f4xx_spi.o
 .text.SPI_I2S_ReceiveData
                0x00000000       0x1c ..\obj\stm32f4xx_spi.o
 .text.SPI_CalculateCRC
                0x00000000       0x40 ..\obj\stm32f4xx_spi.o
 .text.SPI_TransmitCRC
                0x00000000       0x24 ..\obj\stm32f4xx_spi.o
 .text.SPI_GetCRC
                0x00000000       0x34 ..\obj\stm32f4xx_spi.o
 .text.SPI_GetCRCPolynomial
                0x00000000       0x1c ..\obj\stm32f4xx_spi.o
 .text.SPI_I2S_DMACmd
                0x00000000       0x48 ..\obj\stm32f4xx_spi.o
 .text.SPI_I2S_ClearFlag
                0x00000000       0x24 ..\obj\stm32f4xx_spi.o
 .text          0x00000000        0x0 ..\obj\event_groups.o
 .data          0x00000000        0x0 ..\obj\event_groups.o
 .bss           0x00000000        0x0 ..\obj\event_groups.o
 .text.xEventGroupCreate
                0x00000000       0x30 ..\obj\event_groups.o
 .text.xEventGroupSync
                0x00000000      0x154 ..\obj\event_groups.o
 .text.xEventGroupWaitBits
                0x00000000      0x190 ..\obj\event_groups.o
 .text.xEventGroupClearBits
                0x00000000       0x6c ..\obj\event_groups.o
 .text.xEventGroupGetBitsFromISR
                0x00000000       0x48 ..\obj\event_groups.o
 .text.xEventGroupSetBits
                0x00000000      0x114 ..\obj\event_groups.o
 .text.vEventGroupDelete
                0x00000000       0x60 ..\obj\event_groups.o
 .text.vEventGroupSetBitsCallback
                0x00000000       0x1c ..\obj\event_groups.o
 .text.vEventGroupClearBitsCallback
                0x00000000       0x1c ..\obj\event_groups.o
 .text.prvTestWaitCondition
                0x00000000       0x44 ..\obj\event_groups.o
 .text.uxEventGroupGetNumber
                0x00000000       0x2c ..\obj\event_groups.o
 .debug_info    0x00000000      0x8c5 ..\obj\event_groups.o
 .debug_abbrev  0x00000000      0x1f2 ..\obj\event_groups.o
 .debug_aranges
                0x00000000       0x70 ..\obj\event_groups.o
 .debug_ranges  0x00000000       0x60 ..\obj\event_groups.o
 .debug_line    0x00000000      0x3f2 ..\obj\event_groups.o
 .debug_str     0x00000000      0x58d ..\obj\event_groups.o
 .comment       0x00000000       0x6f ..\obj\event_groups.o
 .debug_frame   0x00000000      0x1a8 ..\obj\event_groups.o
 .ARM.attributes
                0x00000000       0x39 ..\obj\event_groups.o
 .text          0x00000000        0x0 ..\obj\stm32f4xx_i2c.o
 .data          0x00000000        0x0 ..\obj\stm32f4xx_i2c.o
 .bss           0x00000000        0x0 ..\obj\stm32f4xx_i2c.o
 .text.I2C_StructInit
                0x00000000       0x40 ..\obj\stm32f4xx_i2c.o
 .text.I2C_OwnAddress2Config
                0x00000000       0x44 ..\obj\stm32f4xx_i2c.o
 .text.I2C_DualAddressCmd
                0x00000000       0x40 ..\obj\stm32f4xx_i2c.o
 .text.I2C_GeneralCallCmd
                0x00000000       0x40 ..\obj\stm32f4xx_i2c.o
 .text.I2C_SoftwareResetCmd
                0x00000000       0x44 ..\obj\stm32f4xx_i2c.o
 .text.I2C_StretchClockCmd
                0x00000000       0x40 ..\obj\stm32f4xx_i2c.o
 .text.I2C_FastModeDutyCycleConfig
                0x00000000       0x44 ..\obj\stm32f4xx_i2c.o
 .text.I2C_NACKPositionConfig
                0x00000000       0x44 ..\obj\stm32f4xx_i2c.o
 .text.I2C_SMBusAlertConfig
                0x00000000       0x44 ..\obj\stm32f4xx_i2c.o
 .text.I2C_ARPCmd
                0x00000000       0x40 ..\obj\stm32f4xx_i2c.o
 .text.I2C_TransmitPEC
                0x00000000       0x40 ..\obj\stm32f4xx_i2c.o
 .text.I2C_PECPositionConfig
                0x00000000       0x44 ..\obj\stm32f4xx_i2c.o
 .text.I2C_CalculatePEC
                0x00000000       0x40 ..\obj\stm32f4xx_i2c.o
 .text.I2C_GetPEC
                0x00000000       0x20 ..\obj\stm32f4xx_i2c.o
 .text.I2C_DMACmd
                0x00000000       0x40 ..\obj\stm32f4xx_i2c.o
 .text.I2C_DMALastTransferCmd
                0x00000000       0x40 ..\obj\stm32f4xx_i2c.o
 .text.I2C_ReadRegister
                0x00000000       0x30 ..\obj\stm32f4xx_i2c.o
 .text.I2C_ITConfig
                0x00000000       0x48 ..\obj\stm32f4xx_i2c.o
 .text.I2C_GetLastEvent
                0x00000000       0x44 ..\obj\stm32f4xx_i2c.o
 .text.I2C_ClearFlag
                0x00000000       0x30 ..\obj\stm32f4xx_i2c.o
 .text.I2C_GetITStatus
                0x00000000       0x5c ..\obj\stm32f4xx_i2c.o
 .text.I2C_ClearITPendingBit
                0x00000000       0x30 ..\obj\stm32f4xx_i2c.o
 .text          0x00000000        0x0 ..\obj\stm32f4xx_exti.o
 .data          0x00000000        0x0 ..\obj\stm32f4xx_exti.o
 .bss           0x00000000        0x0 ..\obj\stm32f4xx_exti.o
 .text.EXTI_DeInit
                0x00000000       0x34 ..\obj\stm32f4xx_exti.o
 .text.EXTI_Init
                0x00000000       0xe4 ..\obj\stm32f4xx_exti.o
 .text.EXTI_StructInit
                0x00000000       0x2c ..\obj\stm32f4xx_exti.o
 .text.EXTI_GenerateSWInterrupt
                0x00000000       0x24 ..\obj\stm32f4xx_exti.o
 .text.EXTI_GetFlagStatus
                0x00000000       0x34 ..\obj\stm32f4xx_exti.o
 .text.EXTI_ClearFlag
                0x00000000       0x20 ..\obj\stm32f4xx_exti.o
 .text.EXTI_GetITStatus
                0x00000000       0x48 ..\obj\stm32f4xx_exti.o
 .text.EXTI_ClearITPendingBit
                0x00000000       0x20 ..\obj\stm32f4xx_exti.o
 .debug_info    0x00000000      0x357 ..\obj\stm32f4xx_exti.o
 .debug_abbrev  0x00000000      0x1a9 ..\obj\stm32f4xx_exti.o
 .debug_aranges
                0x00000000       0x58 ..\obj\stm32f4xx_exti.o
 .debug_ranges  0x00000000       0x48 ..\obj\stm32f4xx_exti.o
 .debug_line    0x00000000      0x301 ..\obj\stm32f4xx_exti.o
 .debug_str     0x00000000      0x38c ..\obj\stm32f4xx_exti.o
 .comment       0x00000000       0x6f ..\obj\stm32f4xx_exti.o
 .debug_frame   0x00000000      0x148 ..\obj\stm32f4xx_exti.o
 .ARM.attributes
                0x00000000       0x39 ..\obj\stm32f4xx_exti.o
 .text          0x00000000        0x0 ..\obj\misc.o
 .data          0x00000000        0x0 ..\obj\misc.o
 .bss           0x00000000        0x0 ..\obj\misc.o
 .text.NVIC_PriorityGroupConfig
                0x00000000       0x28 ..\obj\misc.o
 .text.NVIC_SetVectorTable
                0x00000000       0x2c ..\obj\misc.o
 .text.NVIC_SystemLPConfig
                0x00000000       0x44 ..\obj\misc.o
 .text.SysTick_CLKSourceConfig
                0x00000000       0x38 ..\obj\misc.o
 .text          0x00000000        0x0 ..\obj\heap_2.o
 .rodata        0x00000000        0x2 ..\obj\heap_2.o
 .text.xPortGetFreeHeapSize
                0x00000000       0x18 ..\obj\heap_2.o
 .text.vPortInitialiseBlocks
                0x00000000       0x10 ..\obj\heap_2.o
 .text          0x00000000        0x0 ..\obj\controller.o
 .bss           0x00000000        0x0 ..\obj\controller.o
 .text          0x00000000        0x0 ..\obj\stm32f4xx_tim.o
 .data          0x00000000        0x0 ..\obj\stm32f4xx_tim.o
 .bss           0x00000000        0x0 ..\obj\stm32f4xx_tim.o
 .text.TIM_DeInit
                0x00000000      0x1c0 ..\obj\stm32f4xx_tim.o
 .text.TIM_TimeBaseStructInit
                0x00000000       0x34 ..\obj\stm32f4xx_tim.o
 .text.TIM_PrescalerConfig
                0x00000000       0x28 ..\obj\stm32f4xx_tim.o
 .text.TIM_CounterModeConfig
                0x00000000       0x38 ..\obj\stm32f4xx_tim.o
 .text.TIM_SetCounter
                0x00000000       0x1c ..\obj\stm32f4xx_tim.o
 .text.TIM_SetAutoreload
                0x00000000       0x1c ..\obj\stm32f4xx_tim.o
 .text.TIM_GetCounter
                0x00000000       0x18 ..\obj\stm32f4xx_tim.o
 .text.TIM_GetPrescaler
                0x00000000       0x1c ..\obj\stm32f4xx_tim.o
 .text.TIM_UpdateDisableConfig
                0x00000000       0x40 ..\obj\stm32f4xx_tim.o
 .text.TIM_UpdateRequestConfig
                0x00000000       0x40 ..\obj\stm32f4xx_tim.o
 .text.TIM_ARRPreloadConfig
                0x00000000       0x40 ..\obj\stm32f4xx_tim.o
 .text.TIM_SelectOnePulseMode
                0x00000000       0x38 ..\obj\stm32f4xx_tim.o
 .text.TIM_SetClockDivision
                0x00000000       0x38 ..\obj\stm32f4xx_tim.o
 .text.TIM_OC1Init
                0x00000000       0xf4 ..\obj\stm32f4xx_tim.o
 .text.TIM_OC2Init
                0x00000000      0x110 ..\obj\stm32f4xx_tim.o
 .text.TIM_OC3Init
                0x00000000      0x10c ..\obj\stm32f4xx_tim.o
 .text.TIM_OC4Init
                0x00000000       0xd0 ..\obj\stm32f4xx_tim.o
 .text.TIM_OCStructInit
                0x00000000       0x44 ..\obj\stm32f4xx_tim.o
 .text.TIM_SelectOCxM
                0x00000000       0xb4 ..\obj\stm32f4xx_tim.o
 .text.TIM_SetCompare1
                0x00000000       0x1c ..\obj\stm32f4xx_tim.o
 .text.TIM_SetCompare2
                0x00000000       0x1c ..\obj\stm32f4xx_tim.o
 .text.TIM_SetCompare3
                0x00000000       0x1c ..\obj\stm32f4xx_tim.o
 .text.TIM_SetCompare4
                0x00000000       0x1c ..\obj\stm32f4xx_tim.o
 .text.TIM_ForcedOC1Config
                0x00000000       0x38 ..\obj\stm32f4xx_tim.o
 .text.TIM_ForcedOC2Config
                0x00000000       0x3c ..\obj\stm32f4xx_tim.o
 .text.TIM_ForcedOC3Config
                0x00000000       0x38 ..\obj\stm32f4xx_tim.o
 .text.TIM_ForcedOC4Config
                0x00000000       0x3c ..\obj\stm32f4xx_tim.o
 .text.TIM_OC1PreloadConfig
                0x00000000       0x38 ..\obj\stm32f4xx_tim.o
 .text.TIM_OC2PreloadConfig
                0x00000000       0x3c ..\obj\stm32f4xx_tim.o
 .text.TIM_OC3PreloadConfig
                0x00000000       0x38 ..\obj\stm32f4xx_tim.o
 .text.TIM_OC4PreloadConfig
                0x00000000       0x3c ..\obj\stm32f4xx_tim.o
 .text.TIM_OC1FastConfig
                0x00000000       0x38 ..\obj\stm32f4xx_tim.o
 .text.TIM_OC2FastConfig
                0x00000000       0x3c ..\obj\stm32f4xx_tim.o
 .text.TIM_OC3FastConfig
                0x00000000       0x38 ..\obj\stm32f4xx_tim.o
 .text.TIM_OC4FastConfig
                0x00000000       0x3c ..\obj\stm32f4xx_tim.o
 .text.TIM_ClearOC1Ref
                0x00000000       0x38 ..\obj\stm32f4xx_tim.o
 .text.TIM_ClearOC2Ref
                0x00000000       0x3c ..\obj\stm32f4xx_tim.o
 .text.TIM_ClearOC3Ref
                0x00000000       0x38 ..\obj\stm32f4xx_tim.o
 .text.TIM_ClearOC4Ref
                0x00000000       0x3c ..\obj\stm32f4xx_tim.o
 .text.TIM_OC1PolarityConfig
                0x00000000       0x38 ..\obj\stm32f4xx_tim.o
 .text.TIM_OC1NPolarityConfig
                0x00000000       0x38 ..\obj\stm32f4xx_tim.o
 .text.TIM_OC2PolarityConfig
                0x00000000       0x3c ..\obj\stm32f4xx_tim.o
 .text.TIM_OC2NPolarityConfig
                0x00000000       0x3c ..\obj\stm32f4xx_tim.o
 .text.TIM_OC3PolarityConfig
                0x00000000       0x3c ..\obj\stm32f4xx_tim.o
 .text.TIM_OC3NPolarityConfig
                0x00000000       0x3c ..\obj\stm32f4xx_tim.o
 .text.TIM_OC4PolarityConfig
                0x00000000       0x3c ..\obj\stm32f4xx_tim.o
 .text.TIM_CCxCmd
                0x00000000       0x5c ..\obj\stm32f4xx_tim.o
 .text.TIM_CCxNCmd
                0x00000000       0x5c ..\obj\stm32f4xx_tim.o
 .text.TIM_ICInit
                0x00000000       0xa8 ..\obj\stm32f4xx_tim.o
 .text.TIM_ICStructInit
                0x00000000       0x34 ..\obj\stm32f4xx_tim.o
 .text.TIM_PWMIConfig
                0x00000000       0xb8 ..\obj\stm32f4xx_tim.o
 .text.TIM_GetCapture1
                0x00000000       0x18 ..\obj\stm32f4xx_tim.o
 .text.TIM_GetCapture2
                0x00000000       0x18 ..\obj\stm32f4xx_tim.o
 .text.TIM_GetCapture3
                0x00000000       0x18 ..\obj\stm32f4xx_tim.o
 .text.TIM_GetCapture4
                0x00000000       0x18 ..\obj\stm32f4xx_tim.o
 .text.TIM_SetIC1Prescaler
                0x00000000       0x38 ..\obj\stm32f4xx_tim.o
 .text.TIM_SetIC2Prescaler
                0x00000000       0x3c ..\obj\stm32f4xx_tim.o
 .text.TIM_SetIC3Prescaler
                0x00000000       0x38 ..\obj\stm32f4xx_tim.o
 .text.TIM_SetIC4Prescaler
                0x00000000       0x3c ..\obj\stm32f4xx_tim.o
 .text.TIM_BDTRConfig
                0x00000000       0x50 ..\obj\stm32f4xx_tim.o
 .text.TIM_BDTRStructInit
                0x00000000       0x40 ..\obj\stm32f4xx_tim.o
 .text.TIM_CtrlPWMOutputs
                0x00000000       0x4c ..\obj\stm32f4xx_tim.o
 .text.TIM_SelectCOM
                0x00000000       0x40 ..\obj\stm32f4xx_tim.o
 .text.TIM_CCPreloadControl
                0x00000000       0x40 ..\obj\stm32f4xx_tim.o
 .text.TIM_GenerateEvent
                0x00000000       0x20 ..\obj\stm32f4xx_tim.o
 .text.TIM_GetFlagStatus
                0x00000000       0x38 ..\obj\stm32f4xx_tim.o
 .text.TIM_ClearFlag
                0x00000000       0x24 ..\obj\stm32f4xx_tim.o
 .text.TIM_DMAConfig
                0x00000000       0x2c ..\obj\stm32f4xx_tim.o
 .text.TIM_DMACmd
                0x00000000       0x48 ..\obj\stm32f4xx_tim.o
 .text.TIM_SelectCCDMA
                0x00000000       0x40 ..\obj\stm32f4xx_tim.o
 .text.TIM_InternalClockConfig
                0x00000000       0x24 ..\obj\stm32f4xx_tim.o
 .text.TIM_ITRxExternalClockConfig
                0x00000000       0x30 ..\obj\stm32f4xx_tim.o
 .text.TIM_TIxExternalClockConfig
                0x00000000       0x5c ..\obj\stm32f4xx_tim.o
 .text.TIM_ETRClockMode1Config
                0x00000000       0x60 ..\obj\stm32f4xx_tim.o
 .text.TIM_ETRClockMode2Config
                0x00000000       0x40 ..\obj\stm32f4xx_tim.o
 .text.TIM_SelectInputTrigger
                0x00000000       0x38 ..\obj\stm32f4xx_tim.o
 .text.TIM_SelectOutputTrigger
                0x00000000       0x38 ..\obj\stm32f4xx_tim.o
 .text.TIM_SelectSlaveMode
                0x00000000       0x38 ..\obj\stm32f4xx_tim.o
 .text.TIM_SelectMasterSlaveMode
                0x00000000       0x38 ..\obj\stm32f4xx_tim.o
 .text.TIM_ETRConfig
                0x00000000       0x54 ..\obj\stm32f4xx_tim.o
 .text.TIM_EncoderInterfaceConfig
                0x00000000       0x98 ..\obj\stm32f4xx_tim.o
 .text.TIM_SelectHallSensor
                0x00000000       0x40 ..\obj\stm32f4xx_tim.o
 .text.TIM_RemapConfig
                0x00000000       0x20 ..\obj\stm32f4xx_tim.o
 .text.TI1_Config
                0x00000000       0x88 ..\obj\stm32f4xx_tim.o
 .text.TI2_Config
                0x00000000       0x9c ..\obj\stm32f4xx_tim.o
 .text.TI3_Config
                0x00000000       0x90 ..\obj\stm32f4xx_tim.o
 .text.TI4_Config
                0x00000000       0xa0 ..\obj\stm32f4xx_tim.o
 .text          0x00000000        0x0 ..\obj\fatfs_diskio_sdcard_spi.o
 .bss           0x00000000        0x0 ..\obj\fatfs_diskio_sdcard_spi.o
 .text.crc7     0x00000000       0x48 ..\obj\fatfs_diskio_sdcard_spi.o
 .text.ff_convert
                0x00000000       0x1c ..\obj\fatfs_diskio_sdcard_spi.o
 .text.ff_wtoupper
                0x00000000       0x18 ..\obj\fatfs_diskio_sdcard_spi.o
 .data          0x00000000        0x0 c:/program files (x86)/gnu tools arm embedded/5.2 2015q4/bin/../lib/gcc/arm-none-eabi/5.2.1/../../../../arm-none-eabi/lib/armv7e-m/fpu\libg.a(lib_a-memcpy.o)
 .bss           0x00000000        0x0 c:/program files (x86)/gnu tools arm embedded/5.2 2015q4/bin/../lib/gcc/arm-none-eabi/5.2.1/../../../../arm-none-eabi/lib/armv7e-m/fpu\libg.a(lib_a-memcpy.o)
 .text          0x00000000        0x0 c:/program files (x86)/gnu tools arm embedded/5.2 2015q4/bin/../lib/gcc/arm-none-eabi/5.2.1/../../../../arm-none-eabi/lib/armv7e-m/fpu\libg.a(lib_a-memset.o)
 .data          0x00000000        0x0 c:/program files (x86)/gnu tools arm embedded/5.2 2015q4/bin/../lib/gcc/arm-none-eabi/5.2.1/../../../../arm-none-eabi/lib/armv7e-m/fpu\libg.a(lib_a-memset.o)
 .bss           0x00000000        0x0 c:/program files (x86)/gnu tools arm embedded/5.2 2015q4/bin/../lib/gcc/arm-none-eabi/5.2.1/../../../../arm-none-eabi/lib/armv7e-m/fpu\libg.a(lib_a-memset.o)
 .text          0x00000000        0x0 c:/program files (x86)/gnu tools arm embedded/5.2 2015q4/bin/../lib/gcc/arm-none-eabi/5.2.1/../../../../arm-none-eabi/lib/armv7e-m/fpu\libg.a(lib_a-strcat.o)
 .data          0x00000000        0x0 c:/program files (x86)/gnu tools arm embedded/5.2 2015q4/bin/../lib/gcc/arm-none-eabi/5.2.1/../../../../arm-none-eabi/lib/armv7e-m/fpu\libg.a(lib_a-strcat.o)
 .bss           0x00000000        0x0 c:/program files (x86)/gnu tools arm embedded/5.2 2015q4/bin/../lib/gcc/arm-none-eabi/5.2.1/../../../../arm-none-eabi/lib/armv7e-m/fpu\libg.a(lib_a-strcat.o)
 .data          0x00000000        0x0 c:/program files (x86)/gnu tools arm embedded/5.2 2015q4/bin/../lib/gcc/arm-none-eabi/5.2.1/../../../../arm-none-eabi/lib/armv7e-m/fpu\libg.a(lib_a-strcmp.o)
 .bss           0x00000000        0x0 c:/program files (x86)/gnu tools arm embedded/5.2 2015q4/bin/../lib/gcc/arm-none-eabi/5.2.1/../../../../arm-none-eabi/lib/armv7e-m/fpu\libg.a(lib_a-strcmp.o)
 .text          0x00000000        0x0 c:/program files (x86)/gnu tools arm embedded/5.2 2015q4/bin/../lib/gcc/arm-none-eabi/5.2.1/../../../../arm-none-eabi/lib/armv7e-m/fpu\libg.a(lib_a-strcpy.o)
 .data          0x00000000        0x0 c:/program files (x86)/gnu tools arm embedded/5.2 2015q4/bin/../lib/gcc/arm-none-eabi/5.2.1/../../../../arm-none-eabi/lib/armv7e-m/fpu\libg.a(lib_a-strcpy.o)
 .bss           0x00000000        0x0 c:/program files (x86)/gnu tools arm embedded/5.2 2015q4/bin/../lib/gcc/arm-none-eabi/5.2.1/../../../../arm-none-eabi/lib/armv7e-m/fpu\libg.a(lib_a-strcpy.o)
 .data          0x00000000        0x0 c:/program files (x86)/gnu tools arm embedded/5.2 2015q4/bin/../lib/gcc/arm-none-eabi/5.2.1/../../../../arm-none-eabi/lib/armv7e-m/fpu\libg.a(lib_a-strlen.o)
 .bss           0x00000000        0x0 c:/program files (x86)/gnu tools arm embedded/5.2 2015q4/bin/../lib/gcc/arm-none-eabi/5.2.1/../../../../arm-none-eabi/lib/armv7e-m/fpu\libg.a(lib_a-strlen.o)

Memory Configuration

Name             Origin             Length             Attributes
rom              0x08000000         0x00100000         xr
ram              0x20000000         0x00020000         xrw
ram1             0x10000000         0x00010000         xrw
*default*        0x00000000         0xffffffff

Linker script and memory map

                0x20020000                _eram = 0x20020000

.text           0x08000000     0x9245
 *(.isr_vector)
 .isr_vector    0x08000000      0x188 ..\obj\startup_stm32f4xx.o
                0x08000000                g_pfnVectors
 *(.text*)
 .text.ui_down_handler
                0x08000188       0x84 ..\obj\ui.o
                0x08000188                ui_down_handler
 .text.ui_up_handler
                0x0800020c       0xa0 ..\obj\ui.o
                0x0800020c                ui_up_handler
 .text.ui_press_handler
                0x080002ac       0x88 ..\obj\ui.o
                0x080002ac                ui_press_handler
 .text.ui_scan_files
                0x08000334       0xc4 ..\obj\ui.o
                0x08000334                ui_scan_files
 .text.int_to_str
                0x080003f8       0x84 ..\obj\ui.o
                0x080003f8                int_to_str
 .text.ui_render_menu
                0x0800047c      0x110 ..\obj\ui.o
                0x0800047c                ui_render_menu
 .text.ui_render_track_list
                0x0800058c       0xf8 ..\obj\ui.o
                0x0800058c                ui_render_track_list
 .text.ui_display_update
                0x08000684       0x18 ..\obj\ui.o
                0x08000684                ui_display_update
 .text.ui_init  0x0800069c       0x14 ..\obj\ui.o
                0x0800069c                ui_init
 .text.ui_task  0x080006b0       0x10 ..\obj\ui.o
                0x080006b0                ui_task
 .text.Default_Reset_Handler
                0x080006c0       0x6c ..\obj\startup_stm32f4xx.o
                0x080006c0                Default_Reset_Handler
                0x080006c0                Reset_Handler
 .text.Default_Handler
                0x0800072c        0x8 ..\obj\startup_stm32f4xx.o
                0x0800072c                RTC_Alarm_IRQHandler
                0x0800072c                HASH_RNG_IRQHandler
                0x0800072c                EXTI2_IRQHandler
                0x0800072c                TIM8_CC_IRQHandler
                0x0800072c                DebugMon_Handler
                0x0800072c                TIM1_CC_IRQHandler
                0x0800072c                DMA2_Stream5_IRQHandler
                0x0800072c                HardFault_Handler
                0x0800072c                DMA1_Stream5_IRQHandler
                0x0800072c                PVD_IRQHandler
                0x0800072c                SDIO_IRQHandler
                0x0800072c                TAMP_STAMP_IRQHandler
                0x0800072c                NMI_Handler
                0x0800072c                CAN2_RX1_IRQHandler
                0x0800072c                EXTI3_IRQHandler
                0x0800072c                TIM8_TRG_COM_TIM14_IRQHandler
                0x0800072c                TIM1_UP_TIM10_IRQHandler
                0x0800072c                TIM8_UP_TIM13_IRQHandler
                0x0800072c                I2C3_ER_IRQHandler
                0x0800072c                EXTI0_IRQHandler
                0x0800072c                I2C2_EV_IRQHandler
                0x0800072c                DMA1_Stream2_IRQHandler
                0x0800072c                CAN1_RX0_IRQHandler
                0x0800072c                FPU_IRQHandler
                0x0800072c                OTG_HS_WKUP_IRQHandler
                0x0800072c                UsageFault_Handler
                0x0800072c                CAN2_SCE_IRQHandler
                0x0800072c                DMA2_Stream2_IRQHandler
                0x0800072c                SPI1_IRQHandler
                0x0800072c                TIM6_DAC_IRQHandler
                0x0800072c                TIM1_BRK_TIM9_IRQHandler
                0x0800072c                DCMI_IRQHandler
                0x0800072c                CAN2_RX0_IRQHandler
                0x0800072c                DMA2_Stream3_IRQHandler
                0x0800072c                USART6_IRQHandler
                0x0800072c                USART3_IRQHandler
                0x0800072c                CRYP_IRQHandler
                0x0800072c                CAN1_RX1_IRQHandler
                0x0800072c                UART5_IRQHandler
                0x0800072c                DMA2_Stream0_IRQHandler
                0x0800072c                TIM4_IRQHandler
                0x0800072c                I2C1_EV_IRQHandler
                0x0800072c                DMA1_Stream6_IRQHandler
                0x0800072c                DMA1_Stream1_IRQHandler
                0x0800072c                UART4_IRQHandler
                0x0800072c                TIM3_IRQHandler
                0x0800072c                RCC_IRQHandler
                0x0800072c                TIM8_BRK_TIM12_IRQHandler
                0x0800072c                EXTI15_10_IRQHandler
                0x0800072c                ADC_IRQHandler
                0x0800072c                DMA1_Stream7_IRQHandler
                0x0800072c                TIM7_IRQHandler
                0x0800072c                CAN2_TX_IRQHandler
                0x0800072c                TIM5_IRQHandler
                0x0800072c                DMA2_Stream7_IRQHandler
                0x0800072c                I2C3_EV_IRQHandler
                0x0800072c                EXTI9_5_IRQHandler
                0x0800072c                RTC_WKUP_IRQHandler
                0x0800072c                ETH_WKUP_IRQHandler
                0x0800072c                SPI2_IRQHandler
                0x0800072c                OTG_HS_EP1_IN_IRQHandler
                0x0800072c                MemManage_Handler
                0x0800072c                DMA1_Stream0_IRQHandler
                0x0800072c                CAN1_TX_IRQHandler
                0x0800072c                EXTI4_IRQHandler
                0x0800072c                FSMC_IRQHandler
                0x0800072c                ETH_IRQHandler
                0x0800072c                OTG_HS_EP1_OUT_IRQHandler
                0x0800072c                WWDG_IRQHandler
                0x0800072c                OTG_FS_WKUP_IRQHandler
                0x0800072c                TIM1_TRG_COM_TIM11_IRQHandler
                0x0800072c                OTG_HS_IRQHandler
                0x0800072c                EXTI1_IRQHandler
                0x0800072c                USART2_IRQHandler
                0x0800072c                I2C2_ER_IRQHandler
                0x0800072c                DMA2_Stream1_IRQHandler
                0x0800072c                CAN1_SCE_IRQHandler
                0x0800072c                FLASH_IRQHandler
                0x0800072c                DMA2_Stream4_IRQHandler
                0x0800072c                BusFault_Handler
                0x0800072c                USART1_IRQHandler
                0x0800072c                OTG_FS_IRQHandler
                0x0800072c                DMA1_Stream4_IRQHandler
                0x0800072c                I2C1_ER_IRQHandler
                0x0800072c                DMA2_Stream6_IRQHandler
                0x0800072c                DMA1_Stream3_IRQHandler
 .text.init_fs  0x08000734       0x1c ..\obj\main.o
                0x08000734                init_fs
 .text.main     0x08000750       0x78 ..\obj\main.o
                0x08000750                main
 .text.vApplicationIdleHook
                0x080007c8       0x10 ..\obj\main.o
                0x080007c8                vApplicationIdleHook
 .text.vApplicationMallocFailedHook
                0x080007d8        0x8 ..\obj\main.o
                0x080007d8                vApplicationMallocFailedHook
 .text.vApplicationStackOverflowHook
                0x080007e0        0xc ..\obj\main.o
                0x080007e0                vApplicationStackOverflowHook
 .text.vApplicationTickHook
                0x080007ec       0x10 ..\obj\main.o
                0x080007ec                vApplicationTickHook
 .text.RCC_PLLI2SCmd
                0x080007fc       0x20 ..\obj\stm32f4xx_rcc.o
                0x080007fc                RCC_PLLI2SCmd
 .text.RCC_GetClocksFreq
                0x0800081c      0x154 ..\obj\stm32f4xx_rcc.o
                0x0800081c                RCC_GetClocksFreq
 .text.RCC_AHB1PeriphClockCmd
                0x08000970       0x40 ..\obj\stm32f4xx_rcc.o
                0x08000970                RCC_AHB1PeriphClockCmd
 .text.RCC_APB1PeriphClockCmd
                0x080009b0       0x40 ..\obj\stm32f4xx_rcc.o
                0x080009b0                RCC_APB1PeriphClockCmd
 .text.RCC_APB2PeriphClockCmd
                0x080009f0       0x40 ..\obj\stm32f4xx_rcc.o
                0x080009f0                RCC_APB2PeriphClockCmd
 .text.RCC_APB1PeriphResetCmd
                0x08000a30       0x40 ..\obj\stm32f4xx_rcc.o
                0x08000a30                RCC_APB1PeriphResetCmd
 .text.RCC_APB2PeriphResetCmd
                0x08000a70       0x40 ..\obj\stm32f4xx_rcc.o
                0x08000a70                RCC_APB2PeriphResetCmd
 .text.codec_init
                0x08000ab0      0x168 ..\obj\codec.o
                0x08000ab0                codec_init
 .text.codec_ctrl_init
                0x08000c18      0x168 ..\obj\codec.o
                0x08000c18                codec_ctrl_init
 .text.codec_send_ctrl
                0x08000d80       0xb8 ..\obj\codec.o
                0x08000d80                codec_send_ctrl
 .text.codec_read_register
                0x08000e38      0x104 ..\obj\codec.o
                0x08000e38                codec_read_register
 .text.player_timer_init
                0x08000f3c       0x58 ..\obj\player.o
                0x08000f3c                player_timer_init
 .text.player_i2s_it_init
                0x08000f94       0x34 ..\obj\player.o
                0x08000f94                player_i2s_it_init
 .text.player_init
                0x08000fc8       0x28 ..\obj\player.o
                0x08000fc8                player_init
 .text.player_task
                0x08000ff0       0x70 ..\obj\player.o
                0x08000ff0                player_task
 .text.player_enable_periphery
                0x08001060       0x20 ..\obj\player.o
                0x08001060                player_enable_periphery
 .text.player_disable_periphery
                0x08001080       0x14 ..\obj\player.o
                0x08001080                player_disable_periphery
 .text.player_volume_add
                0x08001094       0x24 ..\obj\player.o
                0x08001094                player_volume_add
 .text.player_volume_sub
                0x080010b8       0x24 ..\obj\player.o
                0x080010b8                player_volume_sub
 .text.player_volume_get
                0x080010dc       0x18 ..\obj\player.o
                0x080010dc                player_volume_get
 .text.player_volume_set
                0x080010f4       0x3c ..\obj\player.o
                0x080010f4                player_volume_set
 .text.TIM2_IRQHandler
                0x08001130      0x100 ..\obj\player.o
                0x08001130                TIM2_IRQHandler
 .text.SPI3_IRQHandler
                0x08001230       0x54 ..\obj\player.o
                0x08001230                SPI3_IRQHandler
 .text.player_play
                0x08001284       0x40 ..\obj\player.o
                0x08001284                player_play
 .text.player_pause
                0x080012c4       0x20 ..\obj\player.o
                0x080012c4                player_pause
 .text.player_resume
                0x080012e4       0x20 ..\obj\player.o
                0x080012e4                player_resume
 .text.player_stop
                0x08001304       0x30 ..\obj\player.o
                0x08001304                player_stop
 .text.xTimerCreateTimerTask
                0x08001334       0x68 ..\obj\timers.o
                0x08001334                xTimerCreateTimerTask
 .text.xTimerGenericCommand
                0x0800139c       0x98 ..\obj\timers.o
                0x0800139c                xTimerGenericCommand
 .text.prvProcessExpiredTimer
                0x08001434       0x80 ..\obj\timers.o
 .text.prvTimerTask
                0x080014b4       0x24 ..\obj\timers.o
 .text.prvProcessTimerOrBlockTask
                0x080014d8       0x9c ..\obj\timers.o
 .text.prvGetNextExpireTime
                0x08001574       0x48 ..\obj\timers.o
 .text.prvSampleTimeNow
                0x080015bc       0x40 ..\obj\timers.o
 .text.prvInsertTimerInActiveList
                0x080015fc       0x84 ..\obj\timers.o
 .text.prvProcessReceivedCommands
                0x08001680      0x124 ..\obj\timers.o
 .text.prvSwitchTimerLists
                0x080017a4       0xc0 ..\obj\timers.o
 .text.prvCheckForValidListAndQueue
                0x08001864       0x6c ..\obj\timers.o
 .text.display_set_pin
                0x080018d0       0x38 ..\obj\display.o
                0x080018d0                display_set_pin
 .text.display_gpio_spi_config
                0x08001908       0xb8 ..\obj\display.o
                0x08001908                display_gpio_spi_config
 .text.display_write_byte
                0x080019c0       0x54 ..\obj\display.o
                0x080019c0                display_write_byte
 .text.display_set_XY
                0x08001a14       0x48 ..\obj\display.o
                0x08001a14                display_set_XY
 .text.display_clear
                0x08001a5c       0x34 ..\obj\display.o
                0x08001a5c                display_clear
 .text.display_init
                0x08001a90       0x68 ..\obj\display.o
                0x08001a90                display_init
 .text.display_write_char
                0x08001af8       0x48 ..\obj\display.o
                0x08001af8                display_write_char
 .text.display_write_string
                0x08001b40       0x28 ..\obj\display.o
                0x08001b40                display_write_string
 .text.display_write_char_inverted
                0x08001b68       0x4c ..\obj\display.o
                0x08001b68                display_write_char_inverted
 .text.display_write_string_inverted
                0x08001bb4       0x28 ..\obj\display.o
                0x08001bb4                display_write_string_inverted
 .text.display_write_control_char
                0x08001bdc       0x6c ..\obj\display.o
                0x08001bdc                display_write_control_char
 .text.xTaskCreate
                0x08001c48       0x80 ..\obj\tasks.o
                0x08001c48                xTaskCreate
 .text.prvInitialiseNewTask
                0x08001cc8      0x110 ..\obj\tasks.o
 .text.prvAddNewTaskToReadyList
                0x08001dd8       0xdc ..\obj\tasks.o
 .text.vTaskDelay
                0x08001eb4       0x68 ..\obj\tasks.o
                0x08001eb4                vTaskDelay
 .text.vTaskStartScheduler
                0x08001f1c       0x98 ..\obj\tasks.o
                0x08001f1c                vTaskStartScheduler
 .text.vTaskSuspendAll
                0x08001fb4       0x1c ..\obj\tasks.o
                0x08001fb4                vTaskSuspendAll
 .text.xTaskResumeAll
                0x08001fd0      0x138 ..\obj\tasks.o
                0x08001fd0                xTaskResumeAll
 .text.xTaskGetTickCount
                0x08002108       0x20 ..\obj\tasks.o
                0x08002108                xTaskGetTickCount
 .text.xTaskIncrementTick
                0x08002128      0x188 ..\obj\tasks.o
                0x08002128                xTaskIncrementTick
 .text.vTaskSwitchContext
                0x080022b0      0x100 ..\obj\tasks.o
                0x080022b0                vTaskSwitchContext
 .text.vTaskPlaceOnEventList
                0x080023b0       0x48 ..\obj\tasks.o
                0x080023b0                vTaskPlaceOnEventList
 .text.vTaskPlaceOnEventListRestricted
                0x080023f8       0x54 ..\obj\tasks.o
                0x080023f8                vTaskPlaceOnEventListRestricted
 .text.xTaskRemoveFromEventList
                0x0800244c       0xc4 ..\obj\tasks.o
                0x0800244c                xTaskRemoveFromEventList
 .text.vTaskSetTimeOutState
                0x08002510       0x48 ..\obj\tasks.o
                0x08002510                vTaskSetTimeOutState
 .text.xTaskCheckForTimeOut
                0x08002558       0xbc ..\obj\tasks.o
                0x08002558                xTaskCheckForTimeOut
 .text.vTaskMissedYield
                0x08002614       0x18 ..\obj\tasks.o
                0x08002614                vTaskMissedYield
 .text.prvIdleTask
                0x0800262c       0x34 ..\obj\tasks.o
 .text.prvInitialiseTaskLists
                0x08002660       0x80 ..\obj\tasks.o
 .text.prvCheckTasksWaitingTermination
                0x080026e0       0x78 ..\obj\tasks.o
 .text.prvDeleteTCB
                0x08002758       0x20 ..\obj\tasks.o
 .text.prvResetNextTaskUnblockTime
                0x08002778       0x4c ..\obj\tasks.o
 .text.xTaskGetSchedulerState
                0x080027c4       0x3c ..\obj\tasks.o
                0x080027c4                xTaskGetSchedulerState
 .text.vTaskPriorityInherit
                0x08002800       0xec ..\obj\tasks.o
                0x08002800                vTaskPriorityInherit
 .text.xTaskPriorityDisinherit
                0x080028ec      0x108 ..\obj\tasks.o
                0x080028ec                xTaskPriorityDisinherit
 .text.pvTaskIncrementMutexHeldCount
                0x080029f4       0x28 ..\obj\tasks.o
                0x080029f4                pvTaskIncrementMutexHeldCount
 .text.prvAddCurrentTaskToDelayedList
                0x08002a1c       0xcc ..\obj\tasks.o
 .text.GPIO_Init
                0x08002ae8      0x11c ..\obj\stm32f4xx_gpio.o
                0x08002ae8                GPIO_Init
 .text.GPIO_ReadInputDataBit
                0x08002c04       0x34 ..\obj\stm32f4xx_gpio.o
                0x08002c04                GPIO_ReadInputDataBit
 .text.GPIO_SetBits
                0x08002c38       0x20 ..\obj\stm32f4xx_gpio.o
                0x08002c38                GPIO_SetBits
 .text.GPIO_ResetBits
                0x08002c58       0x20 ..\obj\stm32f4xx_gpio.o
                0x08002c58                GPIO_ResetBits
 .text.GPIO_PinAFConfig
                0x08002c78       0x94 ..\obj\stm32f4xx_gpio.o
                0x08002c78                GPIO_PinAFConfig
 .text.vListInitialise
                0x08002d0c       0x40 ..\obj\list.o
                0x08002d0c                vListInitialise
 .text.vListInitialiseItem
                0x08002d4c       0x1c ..\obj\list.o
                0x08002d4c                vListInitialiseItem
 .text.vListInsertEnd
                0x08002d68       0x48 ..\obj\list.o
                0x08002d68                vListInsertEnd
 .text.vListInsert
                0x08002db0       0x74 ..\obj\list.o
                0x08002db0                vListInsert
 .text.uxListRemove
                0x08002e24       0x54 ..\obj\list.o
                0x08002e24                uxListRemove
 .text.SystemInit
                0x08002e78       0x6c ..\obj\system_stm32f4xx.o
                0x08002e78                SystemInit
 .text.SetSysClock
                0x08002ee4       0xf8 ..\obj\system_stm32f4xx.o
 .text.xQueueGenericReset
                0x08002fdc       0xd0 ..\obj\queue.o
                0x08002fdc                xQueueGenericReset
 .text.xQueueGenericCreate
                0x080030ac       0x74 ..\obj\queue.o
                0x080030ac                xQueueGenericCreate
 .text.prvInitialiseNewQueue
                0x08003120       0x48 ..\obj\queue.o
 .text.xQueueGenericSend
                0x08003168      0x1f8 ..\obj\queue.o
                0x08003168                xQueueGenericSend
 .text.xQueueGenericSendFromISR
                0x08003360      0x128 ..\obj\queue.o
                0x08003360                xQueueGenericSendFromISR
 .text.xQueueGenericReceive
                0x08003488      0x228 ..\obj\queue.o
                0x08003488                xQueueGenericReceive
 .text.prvCopyDataToQueue
                0x080036b0       0xd4 ..\obj\queue.o
 .text.prvCopyDataFromQueue
                0x08003784       0x4c ..\obj\queue.o
 .text.prvUnlockQueue
                0x080037d0       0xa4 ..\obj\queue.o
 .text.prvIsQueueEmpty
                0x08003874       0x2c ..\obj\queue.o
 .text.prvIsQueueFull
                0x080038a0       0x30 ..\obj\queue.o
 .text.vQueueAddToRegistry
                0x080038d0       0x50 ..\obj\queue.o
                0x080038d0                vQueueAddToRegistry
 .text.vQueueWaitForMessageRestricted
                0x08003920       0x6c ..\obj\queue.o
                0x08003920                vQueueWaitForMessageRestricted
 .text.pxPortInitialiseStack
                0x0800398c       0x64 ..\obj\port.o
                0x0800398c                pxPortInitialiseStack
 .text.prvTaskExitError
                0x080039f0       0x3c ..\obj\port.o
 *fill*         0x08003a2c        0x4 
 .text.SVC_Handler
                0x08003a30       0x28 ..\obj\port.o
                0x08003a30                SVC_Handler
 .text.prvPortStartFirstTask
                0x08003a58       0x20 ..\obj\port.o
 .text.xPortStartScheduler
                0x08003a78      0x118 ..\obj\port.o
                0x08003a78                xPortStartScheduler
 .text.vPortEnterCritical
                0x08003b90       0x5c ..\obj\port.o
                0x08003b90                vPortEnterCritical
 .text.vPortExitCritical
                0x08003bec       0x50 ..\obj\port.o
                0x08003bec                vPortExitCritical
 *fill*         0x08003c3c        0x4 
 .text.PendSV_Handler
                0x08003c40       0x68 ..\obj\port.o
                0x08003c40                PendSV_Handler
 .text.SysTick_Handler
                0x08003ca8       0x40 ..\obj\port.o
                0x08003ca8                SysTick_Handler
 .text.vPortSetupTimerInterrupt
                0x08003ce8       0x28 ..\obj\port.o
                0x08003ce8                vPortSetupTimerInterrupt
 .text.vPortEnableVFP
                0x08003d10       0x14 ..\obj\port.o
 .text.vPortValidateInterruptPriority
                0x08003d24       0x7c ..\obj\port.o
                0x08003d24                vPortValidateInterruptPriority
 .text.mem_cpy  0x08003da0       0x3c ..\obj\ff.o
 .text.mem_set  0x08003ddc       0x34 ..\obj\ff.o
 .text.mem_cmp  0x08003e10       0x50 ..\obj\ff.o
 .text.chk_chr  0x08003e60       0x38 ..\obj\ff.o
 .text.sync_window
                0x08003e98       0x84 ..\obj\ff.o
 .text.move_window
                0x08003f1c       0x50 ..\obj\ff.o
 .text.sync_fs  0x08003f6c      0x13c ..\obj\ff.o
 .text.clust2sect
                0x080040a8       0x40 ..\obj\ff.o
                0x080040a8                clust2sect
 .text.get_fat  0x080040e8      0x160 ..\obj\ff.o
                0x080040e8                get_fat
 .text.put_fat  0x08004248      0x1fc ..\obj\ff.o
                0x08004248                put_fat
 .text.remove_chain
                0x08004444       0xa8 ..\obj\ff.o
 .text.create_chain
                0x080044ec      0x11c ..\obj\ff.o
 .text.dir_sdi  0x08004608      0x104 ..\obj\ff.o
 .text.dir_next
                0x0800470c      0x1a4 ..\obj\ff.o
 .text.dir_alloc
                0x080048b0       0x8c ..\obj\ff.o
 .text.ld_clust
                0x0800493c       0x5c ..\obj\ff.o
 .text.st_clust
                0x08004998       0x48 ..\obj\ff.o
 .text.dir_find
                0x080049e0       0x98 ..\obj\ff.o
 .text.dir_read
                0x08004a78       0xb0 ..\obj\ff.o
 .text.dir_register
                0x08004b28       0x64 ..\obj\ff.o
 .text.create_name
                0x08004b8c      0x234 ..\obj\ff.o
 .text.get_fileinfo
                0x08004dc0       0xe0 ..\obj\ff.o
 .text.get_ldnumber
                0x08004ea0       0x5c ..\obj\ff.o
 .text.follow_path
                0x08004efc       0xd0 ..\obj\ff.o
 .text.check_fs
                0x08004fcc       0xd4 ..\obj\ff.o
 .text.find_volume
                0x080050a0      0x564 ..\obj\ff.o
 .text.validate
                0x08005604       0x5c ..\obj\ff.o
 .text.f_mount  0x08005660       0x84 ..\obj\ff.o
                0x08005660                f_mount
 .text.f_open   0x080056e4      0x27c ..\obj\ff.o
                0x080056e4                f_open
 .text.f_read   0x08005960      0x270 ..\obj\ff.o
                0x08005960                f_read
 .text.f_sync   0x08005bd0      0x148 ..\obj\ff.o
                0x08005bd0                f_sync
 .text.f_close  0x08005d18       0x28 ..\obj\ff.o
                0x08005d18                f_close
 .text.f_opendir
                0x08005d40       0xbc ..\obj\ff.o
                0x08005d40                f_opendir
 .text.f_closedir
                0x08005dfc       0x28 ..\obj\ff.o
                0x08005dfc                f_closedir
 .text.f_readdir
                0x08005e24       0x88 ..\obj\ff.o
                0x08005e24                f_readdir
 .text.SPI_I2S_DeInit
                0x08005eac       0x74 ..\obj\stm32f4xx_spi.o
                0x08005eac                SPI_I2S_DeInit
 .text.SPI_Init
                0x08005f20       0x88 ..\obj\stm32f4xx_spi.o
                0x08005f20                SPI_Init
 .text.I2S_Init
                0x08005fa8      0x1b4 ..\obj\stm32f4xx_spi.o
                0x08005fa8                I2S_Init
 .text.SPI_Cmd  0x0800615c       0x40 ..\obj\stm32f4xx_spi.o
                0x0800615c                SPI_Cmd
 .text.I2S_Cmd  0x0800619c       0x40 ..\obj\stm32f4xx_spi.o
                0x0800619c                I2S_Cmd
 .text.SPI_I2S_SendData
                0x080061dc       0x20 ..\obj\stm32f4xx_spi.o
                0x080061dc                SPI_I2S_SendData
 .text.SPI_I2S_ITConfig
                0x080061fc       0x64 ..\obj\stm32f4xx_spi.o
                0x080061fc                SPI_I2S_ITConfig
 .text.SPI_I2S_GetFlagStatus
                0x08006260       0x38 ..\obj\stm32f4xx_spi.o
                0x08006260                SPI_I2S_GetFlagStatus
 .text.SPI_I2S_GetITStatus
                0x08006298       0x78 ..\obj\stm32f4xx_spi.o
                0x08006298                SPI_I2S_GetITStatus
 .text.SPI_I2S_ClearITPendingBit
                0x08006310       0x34 ..\obj\stm32f4xx_spi.o
                0x08006310                SPI_I2S_ClearITPendingBit
 .text.I2C_DeInit
                0x08006344       0x74 ..\obj\stm32f4xx_i2c.o
                0x08006344                I2C_DeInit
 .text.I2C_Init
                0x080063b8      0x184 ..\obj\stm32f4xx_i2c.o
                0x080063b8                I2C_Init
 .text.I2C_Cmd  0x0800653c       0x40 ..\obj\stm32f4xx_i2c.o
                0x0800653c                I2C_Cmd
 .text.I2C_GenerateSTART
                0x0800657c       0x40 ..\obj\stm32f4xx_i2c.o
                0x0800657c                I2C_GenerateSTART
 .text.I2C_GenerateSTOP
                0x080065bc       0x40 ..\obj\stm32f4xx_i2c.o
                0x080065bc                I2C_GenerateSTOP
 .text.I2C_Send7bitAddress
                0x080065fc       0x3c ..\obj\stm32f4xx_i2c.o
                0x080065fc                I2C_Send7bitAddress
 .text.I2C_AcknowledgeConfig
                0x08006638       0x40 ..\obj\stm32f4xx_i2c.o
                0x08006638                I2C_AcknowledgeConfig
 .text.I2C_SendData
                0x08006678       0x20 ..\obj\stm32f4xx_i2c.o
                0x08006678                I2C_SendData
 .text.I2C_ReceiveData
                0x08006698       0x1c ..\obj\stm32f4xx_i2c.o
                0x08006698                I2C_ReceiveData
 .text.I2C_CheckEvent
                0x080066b4       0x60 ..\obj\stm32f4xx_i2c.o
                0x080066b4                I2C_CheckEvent
 .text.I2C_GetFlagStatus
                0x08006714       0x68 ..\obj\stm32f4xx_i2c.o
                0x08006714                I2C_GetFlagStatus
 .text.NVIC_Init
                0x0800677c       0xc4 ..\obj\misc.o
                0x0800677c                NVIC_Init
 .text.pvPortMalloc
                0x08006840      0x128 ..\obj\heap_2.o
                0x08006840                pvPortMalloc
 .text.vPortFree
                0x08006968       0x74 ..\obj\heap_2.o
                0x08006968                vPortFree
 .text.prvHeapInit
                0x080069dc       0x54 ..\obj\heap_2.o
 .text.controller_init
                0x08006a30       0x38 ..\obj\controller.o
                0x08006a30                controller_init
 .text.controller_tick
                0x08006a68       0x78 ..\obj\controller.o
                0x08006a68                controller_tick
 .text.controller_task
                0x08006ae0       0x10 ..\obj\controller.o
                0x08006ae0                controller_task
 .text.TIM_TimeBaseInit
                0x08006af0       0xd8 ..\obj\stm32f4xx_tim.o
                0x08006af0                TIM_TimeBaseInit
 .text.TIM_Cmd  0x08006bc8       0x40 ..\obj\stm32f4xx_tim.o
                0x08006bc8                TIM_Cmd
 .text.TIM_ITConfig
                0x08006c08       0x48 ..\obj\stm32f4xx_tim.o
                0x08006c08                TIM_ITConfig
 .text.TIM_GetITStatus
                0x08006c50       0x54 ..\obj\stm32f4xx_tim.o
                0x08006c50                TIM_GetITStatus
 .text.TIM_ClearITPendingBit
                0x08006ca4       0x24 ..\obj\stm32f4xx_tim.o
                0x08006ca4                TIM_ClearITPendingBit
 .text.spi_init
                0x08006cc8       0xd4 ..\obj\fatfs_diskio_sdcard_spi.o
 .text.spi_cs_low
                0x08006d9c       0x18 ..\obj\fatfs_diskio_sdcard_spi.o
                0x08006d9c                spi_cs_low
 .text.spi_cs_high
                0x08006db4       0x18 ..\obj\fatfs_diskio_sdcard_spi.o
                0x08006db4                spi_cs_high
 .text.spi_txrx
                0x08006dcc       0x3c ..\obj\fatfs_diskio_sdcard_spi.o
 .text.crc7_one
                0x08006e08       0x54 ..\obj\fatfs_diskio_sdcard_spi.o
 .text.crc16_ccitt
                0x08006e5c       0x70 ..\obj\fatfs_diskio_sdcard_spi.o
 .text.crc16    0x08006ecc       0x44 ..\obj\fatfs_diskio_sdcard_spi.o
                0x08006ecc                crc16
 .text.my_printf
                0x08006f10       0x10 ..\obj\fatfs_diskio_sdcard_spi.o
                0x08006f10                my_printf
 .text.sd_cmd   0x08006f20       0xc8 ..\obj\fatfs_diskio_sdcard_spi.o
 .text.sd_get_r1
                0x08006fe8       0x38 ..\obj\fatfs_diskio_sdcard_spi.o
 .text.sd_get_r2
                0x08007020       0x5c ..\obj\fatfs_diskio_sdcard_spi.o
 .text.sd_get_r7
                0x0800707c       0x6c ..\obj\fatfs_diskio_sdcard_spi.o
 .text.print_r1
                0x080070e8       0x5c ..\obj\fatfs_diskio_sdcard_spi.o
 .text.print_r2
                0x08007144       0x5c ..\obj\fatfs_diskio_sdcard_spi.o
 .text.sd_nec   0x080071a0       0x28 ..\obj\fatfs_diskio_sdcard_spi.o
 .text.sd_init  0x080071c8      0x55c ..\obj\fatfs_diskio_sdcard_spi.o
 .text.sd_read_status
                0x08007724       0x4c ..\obj\fatfs_diskio_sdcard_spi.o
 .text.sd_get_data
                0x08007770       0xc0 ..\obj\fatfs_diskio_sdcard_spi.o
 .text.sd_put_data
                0x08007830       0xc8 ..\obj\fatfs_diskio_sdcard_spi.o
 .text.sd_read_csd
                0x080078f8      0x4f8 ..\obj\fatfs_diskio_sdcard_spi.o
 .text.sd_read_cid
                0x08007df0      0x148 ..\obj\fatfs_diskio_sdcard_spi.o
 .text.sd_readsector
                0x08007f38       0xc0 ..\obj\fatfs_diskio_sdcard_spi.o
 .text.sd_writesector
                0x08007ff8       0xd0 ..\obj\fatfs_diskio_sdcard_spi.o
 .text.hwif_init
                0x080080c8       0x74 ..\obj\fatfs_diskio_sdcard_spi.o
                0x080080c8                hwif_init
 .text.sd_read  0x0800813c       0x74 ..\obj\fatfs_diskio_sdcard_spi.o
                0x0800813c                sd_read
 .text.sd_write
                0x080081b0       0x74 ..\obj\fatfs_diskio_sdcard_spi.o
                0x080081b0                sd_write
 .text.disk_initialize
                0x08008224       0x28 ..\obj\fatfs_diskio_sdcard_spi.o
                0x08008224                disk_initialize
 .text.disk_status
                0x0800824c       0x28 ..\obj\fatfs_diskio_sdcard_spi.o
                0x0800824c                disk_status
 .text.disk_read
                0x08008274       0x58 ..\obj\fatfs_diskio_sdcard_spi.o
                0x08008274                disk_read
 .text.disk_write
                0x080082cc       0x58 ..\obj\fatfs_diskio_sdcard_spi.o
                0x080082cc                disk_write
 .text.disk_ioctl
                0x08008324       0x6c ..\obj\fatfs_diskio_sdcard_spi.o
                0x08008324                disk_ioctl
 .text.get_fattime
                0x08008390       0x4c ..\obj\fatfs_diskio_sdcard_spi.o
                0x08008390                get_fattime
 .text          0x080083dc      0x134 c:/program files (x86)/gnu tools arm embedded/5.2 2015q4/bin/../lib/gcc/arm-none-eabi/5.2.1/../../../../arm-none-eabi/lib/armv7e-m/fpu\libg.a(lib_a-memcpy.o)
                0x080083dc                memcpy
 .text.memset   0x08008510       0x9c c:/program files (x86)/gnu tools arm embedded/5.2 2015q4/bin/../lib/gcc/arm-none-eabi/5.2.1/../../../../arm-none-eabi/lib/armv7e-m/fpu\libg.a(lib_a-memset.o)
                0x08008510                memset
 .text.strcat   0x080085ac       0x40 c:/program files (x86)/gnu tools arm embedded/5.2 2015q4/bin/../lib/gcc/arm-none-eabi/5.2.1/../../../../arm-none-eabi/lib/armv7e-m/fpu\libg.a(lib_a-strcat.o)
                0x080085ac                strcat
 *fill*         0x080085ec       0x14 
 .text          0x08008600      0x2dc c:/program files (x86)/gnu tools arm embedded/5.2 2015q4/bin/../lib/gcc/arm-none-eabi/5.2.1/../../../../arm-none-eabi/lib/armv7e-m/fpu\libg.a(lib_a-strcmp.o)
                0x08008608                strcmp
 .text.strcpy   0x080088dc       0xbc c:/program files (x86)/gnu tools arm embedded/5.2 2015q4/bin/../lib/gcc/arm-none-eabi/5.2.1/../../../../arm-none-eabi/lib/armv7e-m/fpu\libg.a(lib_a-strcpy.o)
                0x080088dc                strcpy
 *fill*         0x08008998       0x28 
 .text          0x080089c0       0xdc c:/program files (x86)/gnu tools arm embedded/5.2 2015q4/bin/../lib/gcc/arm-none-eabi/5.2.1/../../../../arm-none-eabi/lib/armv7e-m/fpu\libg.a(lib_a-strlen.o)
                0x080089c0                strlen
 *(.init)
 *(.fini)
 *crtbegin.o(.ctors)
 *crtbegin?.o(.ctors)
 *(EXCLUDE_FILE(*crtend.o *crtend?.o) .ctors)
 *(SORT(.ctors.*))
 *(.ctors)
 *crtbegin.o(.dtors)
 *crtbegin?.o(.dtors)
 *(EXCLUDE_FILE(*crtend.o *crtend?.o) .dtors)
 *(SORT(.dtors.*))
 *(.dtors)
 *(.rodata*)
 .rodata        0x08008a9c       0x1a ..\obj\ui.o
                0x08008a9c                vol_mid
                0x08008aa0                vol_ind_step
                0x08008aa4                vol_ind_size
 *fill*         0x08008ab6        0x2 
 .rodata        0x08008ab8       0x34 ..\obj\main.o
 .rodata        0x08008aec        0xd ..\obj\timers.o
 *fill*         0x08008af9        0x3 
 .rodata        0x08008afc        0x5 ..\obj\tasks.o
 *fill*         0x08008b01        0x3 
 .rodata        0x08008b04        0xf ..\obj\ff.o
 *fill*         0x08008b13        0x1 
 .rodata        0x08008b14      0x731 ..\obj\fatfs_diskio_sdcard_spi.o
 *(.eh_fram e*)

.glue_7         0x08009248        0x0
 .glue_7        0x08009248        0x0 linker stubs

.glue_7t        0x08009248        0x0
 .glue_7t       0x08009248        0x0 linker stubs

.vfp11_veneer   0x08009248        0x0
 .vfp11_veneer  0x08009248        0x0 linker stubs

.v4_bx          0x08009248        0x0
 .v4_bx         0x08009248        0x0 linker stubs

.iplt           0x08009248        0x0
 .iplt          0x08009248        0x0 ..\obj\ui.o

.rel.dyn        0x08009248        0x0
 .rel.iplt      0x08009248        0x0 ..\obj\ui.o

.ARM.extab
 *(.ARM.extab* .gnu.linkonce.armextab.*)
                0x08009248                __exidx_start = .

.ARM.exidx
 *(.ARM.exidx* .gnu.linkonce.armexidx.*)
                0x08009248                __exidx_end = .
                0x08009248                __etext = .
                0x08009245                _sidata = __etext

.data           0x20000000      0x324 load address 0x08009245
                0x20000000                __data_start__ = .
                0x20000000                _sdata = __data_start__
 *(vtable)
 *(.data*)
 .data          0x20000000        0x8 ..\obj\ui.o
                0x20000000                disp_ln_cnt
                0x20000004                menu_items_cnt
 .data          0x20000008       0x10 ..\obj\stm32f4xx_rcc.o
 .data          0x20000018        0x4 ..\obj\player.o
                0x20000018                volume
 .data          0x2000001c      0x2a0 ..\obj\display.o
                0x2000001c                font_6x8
 .data          0x200002bc        0x4 ..\obj\port.o
 .data          0x200002c0        0x4 ..\obj\heap_2.o
 .data          0x200002c4        0x8 ..\obj\controller.o
                0x200002c4                sw_old_state
                0x200002c8                clk_old_state
 .data          0x200002cc       0x58 ..\obj\fatfs_diskio_sdcard_spi.o
                0x20000324                . = ALIGN (0x4)
                [!provide]                PROVIDE (__preinit_array_start, .)
 *(.preinit_array)
                [!provide]                PROVIDE (__preinit_array_end, .)
                0x20000324                . = ALIGN (0x4)
                [!provide]                PROVIDE (__init_array_start, .)
 *(SORT(.init_array.*))
 *(.init_array)
                [!provide]                PROVIDE (__init_array_end, .)
                0x20000324                . = ALIGN (0x4)
                [!provide]                PROVIDE (__fini_array_start, .)
 *(SORT(.fini_array.*))
 *(.fini_array)
                [!provide]                PROVIDE (__fini_array_end, .)
 *(.jcr*)
                0x20000324                . = ALIGN (0x4)
                0x20000324                __data_end__ = .
                0x20000324                _edata = __data_end__

.igot.plt       0x20000324        0x0 load address 0x0800956c
 .igot.plt      0x20000324        0x0 ..\obj\ui.o

.bss            0x20000324    0x183cc load address 0x0800956c
                0x20000324                . = ALIGN (0x4)
                0x20000324                __bss_start__ = .
                0x20000324                _sbss = __bss_start__
 *(.bss*)
 .bss           0x20000324       0x18 ..\obj\ui.o
                0x20000324                track_list_size
                0x20000328                track_ptr
                0x2000032c                disp_list_shift
                0x20000330                menu_ptr
                0x20000334                is_menu_active
                0x20000338                is_in_vol_ctrl
 .bss           0x2000033c       0x11 ..\obj\player.o
                0x2000033c                cur_buff_ind
                0x20000340                is_next_buff_ready
                0x20000344                buff_ptr
                0x20000348                cur_side_ind
                0x2000034c                player_status
 *fill*         0x2000034d        0x3 
 .bss           0x20000350       0x3c ..\obj\timers.o
 .bss           0x2000038c      0x104 ..\obj\tasks.o
                0x2000038c                pxCurrentTCB
 .bss           0x20000490        0x8 ..\obj\port.o
 .bss           0x20000498        0x6 ..\obj\ff.o
 *fill*         0x2000049e        0x2 
 .bss           0x200004a0    0x12c14 ..\obj\heap_2.o
 *(COMMON)
 COMMON         0x200130b4      0x190 ..\obj\ui.o
                0x200130b4                track_list
 COMMON         0x20013244      0x230 ..\obj\main.o
                0x20013244                FATFS_Obj
 COMMON         0x20013474     0x522c ..\obj\player.o
                0x20013474                buff
                0x20018474                file
                0x20018698                cur_data
 COMMON         0x200186a0       0x40 ..\obj\queue.o
                0x200186a0                xQueueRegistry
 COMMON         0x200186e0       0x10 ..\obj\fatfs_diskio_sdcard_spi.o
                0x200186e0                hw
                0x200186f0                . = ALIGN (0x4)
                0x200186f0                __bss_end__ = .
                0x200186f0                _ebss = __bss_end__

.heap           0x200186f0        0x0
                0x200186f0                __end__ = .
                0x200186f0                _end = __end__
                0x200186f0                end = __end__
 *(.heap*)
                0x200186f0                __HeapLimit = .

.co_stack       0x200186f0      0x800 load address 0x08021938
                0x200186f0                . = ALIGN (0x8)
 *(.co_stack .co_stack.*)
 .co_stack      0x200186f0      0x800 ..\obj\startup_stm32f4xx.o
                0x200186f0                pulStack
                0x20020000                __StackTop = (ORIGIN (ram) + LENGTH (ram))
                0x2001f800                __StackLimit = (__StackTop - SIZEOF (.co_stack))
                [!provide]                PROVIDE (__stack, __StackTop)
                0x00000001                ASSERT ((__StackLimit >= __HeapLimit), region ram  overflowed with stack)
LOAD ..\obj\ui.o
LOAD ..\obj\stm32f4xx_syscfg.o
LOAD ..\obj\startup_stm32f4xx.o
LOAD ..\obj\main.o
LOAD ..\obj\stm32f4xx_rcc.o
LOAD ..\obj\codec.o
LOAD ..\obj\player.o
LOAD ..\obj\timers.o
LOAD ..\obj\display.o
LOAD ..\obj\tasks.o
LOAD ..\obj\stm32f4xx_gpio.o
LOAD ..\obj\list.o
LOAD ..\obj\system_stm32f4xx.o
LOAD ..\obj\queue.o
LOAD ..\obj\port.o
LOAD ..\obj\ff.o
LOAD ..\obj\croutine.o
LOAD ..\obj\stm32f4xx_spi.o
LOAD ..\obj\event_groups.o
LOAD ..\obj\stm32f4xx_i2c.o
LOAD ..\obj\stm32f4xx_exti.o
LOAD ..\obj\misc.o
LOAD ..\obj\heap_2.o
LOAD ..\obj\controller.o
LOAD ..\obj\stm32f4xx_tim.o
LOAD ..\obj\fatfs_diskio_sdcard_spi.o
START GROUP
LOAD c:/program files (x86)/gnu tools arm embedded/5.2 2015q4/bin/../lib/gcc/arm-none-eabi/5.2.1/armv7e-m/fpu\libgcc.a
LOAD c:/program files (x86)/gnu tools arm embedded/5.2 2015q4/bin/../lib/gcc/arm-none-eabi/5.2.1/../../../../arm-none-eabi/lib/armv7e-m/fpu\libg.a
LOAD c:/program files (x86)/gnu tools arm embedded/5.2 2015q4/bin/../lib/gcc/arm-none-eabi/5.2.1/../../../../arm-none-eabi/lib/armv7e-m/fpu\libc.a
END GROUP
OUTPUT(player.elf elf32-littlearm)

.debug_info     0x00000000     0xe797
 .debug_info    0x00000000      0x5ba ..\obj\ui.o
 .debug_info    0x000005ba       0xed ..\obj\startup_stm32f4xx.o
 .debug_info    0x000006a7      0x4ce ..\obj\main.o
 .debug_info    0x00000b75      0xc59 ..\obj\stm32f4xx_rcc.o
 .debug_info    0x000017ce      0x668 ..\obj\codec.o
 .debug_info    0x00001e36      0xc66 ..\obj\player.o
 .debug_info    0x00002a9c      0xb86 ..\obj\timers.o
 .debug_info    0x00003622      0x695 ..\obj\display.o
 .debug_info    0x00003cb7     0x1db2 ..\obj\tasks.o
 .debug_info    0x00005a69      0x61a ..\obj\stm32f4xx_gpio.o
 .debug_info    0x00006083      0x2a0 ..\obj\list.o
 .debug_info    0x00006323      0x596 ..\obj\system_stm32f4xx.o
 .debug_info    0x000068b9     0x1402 ..\obj\queue.o
 .debug_info    0x00007cbb      0x4fa ..\obj\port.o
 .debug_info    0x000081b5     0x1793 ..\obj\ff.o
 .debug_info    0x00009948      0xb0f ..\obj\stm32f4xx_spi.o
 .debug_info    0x0000a457      0xb00 ..\obj\stm32f4xx_i2c.o
 .debug_info    0x0000af57      0x541 ..\obj\misc.o
 .debug_info    0x0000b498      0x2f6 ..\obj\heap_2.o
 .debug_info    0x0000b78e      0x328 ..\obj\controller.o
 .debug_info    0x0000bab6     0x1c69 ..\obj\stm32f4xx_tim.o
 .debug_info    0x0000d71f     0x1078 ..\obj\fatfs_diskio_sdcard_spi.o

.debug_abbrev   0x00000000     0x23b3
 .debug_abbrev  0x00000000      0x164 ..\obj\ui.o
 .debug_abbrev  0x00000164       0xb0 ..\obj\startup_stm32f4xx.o
 .debug_abbrev  0x00000214      0x1c7 ..\obj\main.o
 .debug_abbrev  0x000003db      0x1e5 ..\obj\stm32f4xx_rcc.o
 .debug_abbrev  0x000005c0      0x14f ..\obj\codec.o
 .debug_abbrev  0x0000070f      0x21a ..\obj\player.o
 .debug_abbrev  0x00000929      0x1f0 ..\obj\timers.o
 .debug_abbrev  0x00000b19      0x16b ..\obj\display.o
 .debug_abbrev  0x00000c84      0x2c9 ..\obj\tasks.o
 .debug_abbrev  0x00000f4d      0x1a7 ..\obj\stm32f4xx_gpio.o
 .debug_abbrev  0x000010f4       0xbc ..\obj\list.o
 .debug_abbrev  0x000011b0      0x138 ..\obj\system_stm32f4xx.o
 .debug_abbrev  0x000012e8      0x222 ..\obj\queue.o
 .debug_abbrev  0x0000150a      0x1b9 ..\obj\port.o
 .debug_abbrev  0x000016c3      0x192 ..\obj\ff.o
 .debug_abbrev  0x00001855      0x169 ..\obj\stm32f4xx_spi.o
 .debug_abbrev  0x000019be      0x166 ..\obj\stm32f4xx_i2c.o
 .debug_abbrev  0x00001b24      0x147 ..\obj\misc.o
 .debug_abbrev  0x00001c6b      0x16c ..\obj\heap_2.o
 .debug_abbrev  0x00001dd7      0x128 ..\obj\controller.o
 .debug_abbrev  0x00001eff      0x189 ..\obj\stm32f4xx_tim.o
 .debug_abbrev  0x00002088      0x32b ..\obj\fatfs_diskio_sdcard_spi.o

.debug_aranges  0x00000000     0x1138
 .debug_aranges
                0x00000000       0x68 ..\obj\ui.o
 .debug_aranges
                0x00000068       0x28 ..\obj\startup_stm32f4xx.o
 .debug_aranges
                0x00000090       0x60 ..\obj\main.o
 .debug_aranges
                0x000000f0      0x178 ..\obj\stm32f4xx_rcc.o
 .debug_aranges
                0x00000268       0x38 ..\obj\codec.o
 .debug_aranges
                0x000002a0       0xa0 ..\obj\player.o
 .debug_aranges
                0x00000340       0xb8 ..\obj\timers.o
 .debug_aranges
                0x000003f8       0x78 ..\obj\display.o
 .debug_aranges
                0x00000470      0x1d8 ..\obj\tasks.o
 .debug_aranges
                0x00000648       0x88 ..\obj\stm32f4xx_gpio.o
 .debug_aranges
                0x000006d0       0x40 ..\obj\list.o
 .debug_aranges
                0x00000710       0x30 ..\obj\system_stm32f4xx.o
 .debug_aranges
                0x00000740      0x118 ..\obj\queue.o
 .debug_aranges
                0x00000858       0x80 ..\obj\port.o
 .debug_aranges
                0x000008d8      0x188 ..\obj\ff.o
 .debug_aranges
                0x00000a60       0xe0 ..\obj\stm32f4xx_spi.o
 .debug_aranges
                0x00000b40      0x120 ..\obj\stm32f4xx_i2c.o
 .debug_aranges
                0x00000c60       0x40 ..\obj\misc.o
 .debug_aranges
                0x00000ca0       0x40 ..\obj\heap_2.o
 .debug_aranges
                0x00000ce0       0x30 ..\obj\controller.o
 .debug_aranges
                0x00000d10      0x2f8 ..\obj\stm32f4xx_tim.o
 .debug_aranges
                0x00001008      0x130 ..\obj\fatfs_diskio_sdcard_spi.o

.debug_ranges   0x00000000      0xfd8
 .debug_ranges  0x00000000       0x58 ..\obj\ui.o
 .debug_ranges  0x00000058       0x18 ..\obj\startup_stm32f4xx.o
 .debug_ranges  0x00000070       0x50 ..\obj\main.o
 .debug_ranges  0x000000c0      0x168 ..\obj\stm32f4xx_rcc.o
 .debug_ranges  0x00000228       0x28 ..\obj\codec.o
 .debug_ranges  0x00000250       0x90 ..\obj\player.o
 .debug_ranges  0x000002e0       0xa8 ..\obj\timers.o
 .debug_ranges  0x00000388       0x68 ..\obj\display.o
 .debug_ranges  0x000003f0      0x1c8 ..\obj\tasks.o
 .debug_ranges  0x000005b8       0x78 ..\obj\stm32f4xx_gpio.o
 .debug_ranges  0x00000630       0x30 ..\obj\list.o
 .debug_ranges  0x00000660       0x20 ..\obj\system_stm32f4xx.o
 .debug_ranges  0x00000680      0x108 ..\obj\queue.o
 .debug_ranges  0x00000788       0x70 ..\obj\port.o
 .debug_ranges  0x000007f8      0x178 ..\obj\ff.o
 .debug_ranges  0x00000970       0xd0 ..\obj\stm32f4xx_spi.o
 .debug_ranges  0x00000a40      0x110 ..\obj\stm32f4xx_i2c.o
 .debug_ranges  0x00000b50       0x30 ..\obj\misc.o
 .debug_ranges  0x00000b80       0x30 ..\obj\heap_2.o
 .debug_ranges  0x00000bb0       0x20 ..\obj\controller.o
 .debug_ranges  0x00000bd0      0x2e8 ..\obj\stm32f4xx_tim.o
 .debug_ranges  0x00000eb8      0x120 ..\obj\fatfs_diskio_sdcard_spi.o

.debug_line     0x00000000     0x7355
 .debug_line    0x00000000      0x3c5 ..\obj\ui.o
 .debug_line    0x000003c5       0xb1 ..\obj\startup_stm32f4xx.o
 .debug_line    0x00000476      0x398 ..\obj\main.o
 .debug_line    0x0000080e      0x605 ..\obj\stm32f4xx_rcc.o
 .debug_line    0x00000e13      0x36f ..\obj\codec.o
 .debug_line    0x00001182      0x420 ..\obj\player.o
 .debug_line    0x000015a2      0x4c1 ..\obj\timers.o
 .debug_line    0x00001a63      0x3c8 ..\obj\display.o
 .debug_line    0x00001e2b      0xe06 ..\obj\tasks.o
 .debug_line    0x00002c31      0x3c0 ..\obj\stm32f4xx_gpio.o
 .debug_line    0x00002ff1      0x1d2 ..\obj\list.o
 .debug_line    0x000031c3      0x222 ..\obj\system_stm32f4xx.o
 .debug_line    0x000033e5      0x9b1 ..\obj\queue.o
 .debug_line    0x00003d96      0x350 ..\obj\port.o
 .debug_line    0x000040e6      0xcd0 ..\obj\ff.o
 .debug_line    0x00004db6      0x4b9 ..\obj\stm32f4xx_spi.o
 .debug_line    0x0000526f      0x54b ..\obj\stm32f4xx_i2c.o
 .debug_line    0x000057ba      0x29e ..\obj\misc.o
 .debug_line    0x00005a58      0x268 ..\obj\heap_2.o
 .debug_line    0x00005cc0      0x28f ..\obj\controller.o
 .debug_line    0x00005f4f      0xb21 ..\obj\stm32f4xx_tim.o
 .debug_line    0x00006a70      0x8e5 ..\obj\fatfs_diskio_sdcard_spi.o

.debug_str      0x00000000     0x51e7
 .debug_str     0x00000000      0x486 ..\obj\ui.o
                                0x4e2 (size before relaxing)
 .debug_str     0x00000486       0xc0 ..\obj\startup_stm32f4xx.o
                                0x17a (size before relaxing)
 .debug_str     0x00000546      0x2b2 ..\obj\main.o
                                0x4b7 (size before relaxing)
 .debug_str     0x000007f8      0x6b9 ..\obj\stm32f4xx_rcc.o
                                0x883 (size before relaxing)
 .debug_str     0x00000eb1      0x218 ..\obj\codec.o
                                0x57f (size before relaxing)
 .debug_str     0x000010c9      0x8c6 ..\obj\player.o
                                0xcee (size before relaxing)
 .debug_str     0x0000198f      0x565 ..\obj\timers.o
                                0x74d (size before relaxing)
 .debug_str     0x00001ef4      0x1f6 ..\obj\display.o
                                0x5b3 (size before relaxing)
 .debug_str     0x000020ea      0xc53 ..\obj\tasks.o
                                0xf53 (size before relaxing)
 .debug_str     0x00002d3d      0x1b3 ..\obj\stm32f4xx_gpio.o
                                0x4d6 (size before relaxing)
 .debug_str     0x00002ef0       0xd5 ..\obj\list.o
                                0x2d8 (size before relaxing)
 .debug_str     0x00002fc5      0x128 ..\obj\system_stm32f4xx.o
                                0x3dd (size before relaxing)
 .debug_str     0x000030ed      0x507 ..\obj\queue.o
                                0x86b (size before relaxing)
 .debug_str     0x000035f4      0x208 ..\obj\port.o
                                0x400 (size before relaxing)
 .debug_str     0x000037fc      0x2c6 ..\obj\ff.o
                                0x617 (size before relaxing)
 .debug_str     0x00003ac2      0x2bf ..\obj\stm32f4xx_spi.o
                                0x6bd (size before relaxing)
 .debug_str     0x00003d81      0x350 ..\obj\stm32f4xx_i2c.o
                                0x698 (size before relaxing)
 .debug_str     0x000040d1      0x171 ..\obj\misc.o
                                0x401 (size before relaxing)
 .debug_str     0x00004242      0x175 ..\obj\heap_2.o
                                0x32f (size before relaxing)
 .debug_str     0x000043b7       0xab ..\obj\controller.o
                                0x3d3 (size before relaxing)
 .debug_str     0x00004462      0xa96 ..\obj\stm32f4xx_tim.o
                                0xe03 (size before relaxing)
 .debug_str     0x00004ef8      0x2ef ..\obj\fatfs_diskio_sdcard_spi.o
                                0x7a1 (size before relaxing)

.comment        0x00000000       0x6e
 .comment       0x00000000       0x6e ..\obj\ui.o
                                 0x6f (size before relaxing)
 .comment       0x0000006e       0x6f ..\obj\startup_stm32f4xx.o
 .comment       0x0000006e       0x6f ..\obj\main.o
 .comment       0x0000006e       0x6f ..\obj\stm32f4xx_rcc.o
 .comment       0x0000006e       0x6f ..\obj\codec.o
 .comment       0x0000006e       0x6f ..\obj\player.o
 .comment       0x0000006e       0x6f ..\obj\timers.o
 .comment       0x0000006e       0x6f ..\obj\display.o
 .comment       0x0000006e       0x6f ..\obj\tasks.o
 .comment       0x0000006e       0x6f ..\obj\stm32f4xx_gpio.o
 .comment       0x0000006e       0x6f ..\obj\list.o
 .comment       0x0000006e       0x6f ..\obj\system_stm32f4xx.o
 .comment       0x0000006e       0x6f ..\obj\queue.o
 .comment       0x0000006e       0x6f ..\obj\port.o
 .comment       0x0000006e       0x6f ..\obj\ff.o
 .comment       0x0000006e       0x6f ..\obj\stm32f4xx_spi.o
 .comment       0x0000006e       0x6f ..\obj\stm32f4xx_i2c.o
 .comment       0x0000006e       0x6f ..\obj\misc.o
 .comment       0x0000006e       0x6f ..\obj\heap_2.o
 .comment       0x0000006e       0x6f ..\obj\controller.o
 .comment       0x0000006e       0x6f ..\obj\stm32f4xx_tim.o
 .comment       0x0000006e       0x6f ..\obj\fatfs_diskio_sdcard_spi.o

.ARM.attributes
                0x00000000       0x37
 .ARM.attributes
                0x00000000       0x39 ..\obj\ui.o
 .ARM.attributes
                0x00000039       0x39 ..\obj\startup_stm32f4xx.o
 .ARM.attributes
                0x00000072       0x39 ..\obj\main.o
 .ARM.attributes
                0x000000ab       0x39 ..\obj\stm32f4xx_rcc.o
 .ARM.attributes
                0x000000e4       0x39 ..\obj\codec.o
 .ARM.attributes
                0x0000011d       0x39 ..\obj\player.o
 .ARM.attributes
                0x00000156       0x39 ..\obj\timers.o
 .ARM.attributes
                0x0000018f       0x39 ..\obj\display.o
 .ARM.attributes
                0x000001c8       0x39 ..\obj\tasks.o
 .ARM.attributes
                0x00000201       0x39 ..\obj\stm32f4xx_gpio.o
 .ARM.attributes
                0x0000023a       0x39 ..\obj\list.o
 .ARM.attributes
                0x00000273       0x39 ..\obj\system_stm32f4xx.o
 .ARM.attributes
                0x000002ac       0x39 ..\obj\queue.o
 .ARM.attributes
                0x000002e5       0x39 ..\obj\port.o
 .ARM.attributes
                0x0000031e       0x39 ..\obj\ff.o
 .ARM.attributes
                0x00000357       0x39 ..\obj\stm32f4xx_spi.o
 .ARM.attributes
                0x00000390       0x39 ..\obj\stm32f4xx_i2c.o
 .ARM.attributes
                0x000003c9       0x39 ..\obj\misc.o
 .ARM.attributes
                0x00000402       0x39 ..\obj\heap_2.o
 .ARM.attributes
                0x0000043b       0x39 ..\obj\controller.o
 .ARM.attributes
                0x00000474       0x39 ..\obj\stm32f4xx_tim.o
 .ARM.attributes
                0x000004ad       0x39 ..\obj\fatfs_diskio_sdcard_spi.o
 .ARM.attributes
                0x000004e6       0x20 c:/program files (x86)/gnu tools arm embedded/5.2 2015q4/bin/../lib/gcc/arm-none-eabi/5.2.1/../../../../arm-none-eabi/lib/armv7e-m/fpu\libg.a(lib_a-memcpy.o)
 .ARM.attributes
                0x00000506       0x34 c:/program files (x86)/gnu tools arm embedded/5.2 2015q4/bin/../lib/gcc/arm-none-eabi/5.2.1/../../../../arm-none-eabi/lib/armv7e-m/fpu\libg.a(lib_a-memset.o)
 .ARM.attributes
                0x0000053a       0x34 c:/program files (x86)/gnu tools arm embedded/5.2 2015q4/bin/../lib/gcc/arm-none-eabi/5.2.1/../../../../arm-none-eabi/lib/armv7e-m/fpu\libg.a(lib_a-strcat.o)
 .ARM.attributes
                0x0000056e       0x20 c:/program files (x86)/gnu tools arm embedded/5.2 2015q4/bin/../lib/gcc/arm-none-eabi/5.2.1/../../../../arm-none-eabi/lib/armv7e-m/fpu\libg.a(lib_a-strcmp.o)
 .ARM.attributes
                0x0000058e       0x34 c:/program files (x86)/gnu tools arm embedded/5.2 2015q4/bin/../lib/gcc/arm-none-eabi/5.2.1/../../../../arm-none-eabi/lib/armv7e-m/fpu\libg.a(lib_a-strcpy.o)
 .ARM.attributes
                0x000005c2       0x20 c:/program files (x86)/gnu tools arm embedded/5.2 2015q4/bin/../lib/gcc/arm-none-eabi/5.2.1/../../../../arm-none-eabi/lib/armv7e-m/fpu\libg.a(lib_a-strlen.o)

.debug_frame    0x00000000     0x4960
 .debug_frame   0x00000000      0x14c ..\obj\ui.o
 .debug_frame   0x0000014c       0x4c ..\obj\startup_stm32f4xx.o
 .debug_frame   0x00000198      0x128 ..\obj\main.o
 .debug_frame   0x000002c0      0x6d4 ..\obj\stm32f4xx_rcc.o
 .debug_frame   0x00000994       0xa0 ..\obj\codec.o
 .debug_frame   0x00000a34      0x220 ..\obj\player.o
 .debug_frame   0x00000c54      0x2f0 ..\obj\timers.o
 .debug_frame   0x00000f44      0x1c0 ..\obj\display.o
 .debug_frame   0x00001104      0x808 ..\obj\tasks.o
 .debug_frame   0x0000190c      0x23c ..\obj\stm32f4xx_gpio.o
 .debug_frame   0x00001b48       0xd8 ..\obj\list.o
 .debug_frame   0x00001c20       0x7c ..\obj\system_stm32f4xx.o
 .debug_frame   0x00001c9c      0x4c0 ..\obj\queue.o
 .debug_frame   0x0000215c      0x19c ..\obj\port.o
 .debug_frame   0x000022f8      0x6d0 ..\obj\ff.o
 .debug_frame   0x000029c8      0x3f4 ..\obj\stm32f4xx_spi.o
 .debug_frame   0x00002dbc      0x530 ..\obj\stm32f4xx_i2c.o
 .debug_frame   0x000032ec       0xd8 ..\obj\misc.o
 .debug_frame   0x000033c4       0xc0 ..\obj\heap_2.o
 .debug_frame   0x00003484       0x74 ..\obj\controller.o
 .debug_frame   0x000034f8      0xe54 ..\obj\stm32f4xx_tim.o
 .debug_frame   0x0000434c      0x530 ..\obj\fatfs_diskio_sdcard_spi.o
 .debug_frame   0x0000487c       0x34 c:/program files (x86)/gnu tools arm embedded/5.2 2015q4/bin/../lib/gcc/arm-none-eabi/5.2.1/../../../../arm-none-eabi/lib/armv7e-m/fpu\libg.a(lib_a-memset.o)
 .debug_frame   0x000048b0       0x28 c:/program files (x86)/gnu tools arm embedded/5.2 2015q4/bin/../lib/gcc/arm-none-eabi/5.2.1/../../../../arm-none-eabi/lib/armv7e-m/fpu\libg.a(lib_a-strcat.o)
 .debug_frame   0x000048d8       0x68 c:/program files (x86)/gnu tools arm embedded/5.2 2015q4/bin/../lib/gcc/arm-none-eabi/5.2.1/../../../../arm-none-eabi/lib/armv7e-m/fpu\libg.a(lib_a-strcmp.o)
 .debug_frame   0x00004940       0x20 c:/program files (x86)/gnu tools arm embedded/5.2 2015q4/bin/../lib/gcc/arm-none-eabi/5.2.1/../../../../arm-none-eabi/lib/armv7e-m/fpu\libg.a(lib_a-strcpy.o)
