Archive member included to satisfy reference by file (symbol)

c:/program files (x86)/gnu tools arm embedded/5.2 2015q4/bin/../lib/gcc/arm-none-eabi/5.2.1/../../../../arm-none-eabi/lib/armv7e-m/fpu\libg.a(lib_a-memcpy.o)
                              ..\obj\queue.o (memcpy)
c:/program files (x86)/gnu tools arm embedded/5.2 2015q4/bin/../lib/gcc/arm-none-eabi/5.2.1/../../../../arm-none-eabi/lib/armv7e-m/fpu\libg.a(lib_a-memset.o)
                              ..\obj\tasks.o (memset)

Allocating common symbols
Common symbol       size              file

buff                0x5000            ..\obj\player.o
xQueueRegistry      0x40              ..\obj\queue.o
file                0x224             ..\obj\player.o
FATFS_Obj           0x230             ..\obj\main.o
hw                  0x10              ..\obj\fatfs_diskio_sdcard_spi.o
cur_data            0x8               ..\obj\player.o

Discarded input sections

 .text          0x00000000        0x0 ..\obj\startup_stm32f4xx.o
 .data          0x00000000        0x0 ..\obj\startup_stm32f4xx.o
 .bss           0x00000000        0x0 ..\obj\startup_stm32f4xx.o
 .text          0x00000000        0x0 ..\obj\main.o
 .data          0x00000000        0x0 ..\obj\main.o
 .bss           0x00000000        0x0 ..\obj\main.o
 .text.sleep    0x00000000       0x24 ..\obj\main.o
 .text.leds_init
                0x00000000       0x3c ..\obj\main.o
 .text          0x00000000        0x0 ..\obj\stm32f4xx_rcc.o
 .bss           0x00000000        0x0 ..\obj\stm32f4xx_rcc.o
 .text.RCC_DeInit
                0x00000000       0x50 ..\obj\stm32f4xx_rcc.o
 .text.RCC_HSEConfig
                0x00000000       0x28 ..\obj\stm32f4xx_rcc.o
 .text.RCC_WaitForHSEStartUp
                0x00000000       0x50 ..\obj\stm32f4xx_rcc.o
 .text.RCC_AdjustHSICalibrationValue
                0x00000000       0x3c ..\obj\stm32f4xx_rcc.o
 .text.RCC_HSICmd
                0x00000000       0x20 ..\obj\stm32f4xx_rcc.o
 .text.RCC_LSEConfig
                0x00000000       0x44 ..\obj\stm32f4xx_rcc.o
 .text.RCC_LSICmd
                0x00000000       0x20 ..\obj\stm32f4xx_rcc.o
 .text.RCC_PLLConfig
                0x00000000       0x40 ..\obj\stm32f4xx_rcc.o
 .text.RCC_PLLCmd
                0x00000000       0x20 ..\obj\stm32f4xx_rcc.o
 .text.RCC_PLLI2SConfig
                0x00000000       0x2c ..\obj\stm32f4xx_rcc.o
 .text.RCC_ClockSecuritySystemCmd
                0x00000000       0x20 ..\obj\stm32f4xx_rcc.o
 .text.RCC_MCO1Config
                0x00000000       0x40 ..\obj\stm32f4xx_rcc.o
 .text.RCC_MCO2Config
                0x00000000       0x40 ..\obj\stm32f4xx_rcc.o
 .text.RCC_SYSCLKConfig
                0x00000000       0x38 ..\obj\stm32f4xx_rcc.o
 .text.RCC_GetSYSCLKSource
                0x00000000       0x20 ..\obj\stm32f4xx_rcc.o
 .text.RCC_HCLKConfig
                0x00000000       0x38 ..\obj\stm32f4xx_rcc.o
 .text.RCC_PCLK1Config
                0x00000000       0x38 ..\obj\stm32f4xx_rcc.o
 .text.RCC_PCLK2Config
                0x00000000       0x3c ..\obj\stm32f4xx_rcc.o
 .text.RCC_RTCCLKConfig
                0x00000000       0x5c ..\obj\stm32f4xx_rcc.o
 .text.RCC_RTCCLKCmd
                0x00000000       0x20 ..\obj\stm32f4xx_rcc.o
 .text.RCC_BackupResetCmd
                0x00000000       0x20 ..\obj\stm32f4xx_rcc.o
 .text.RCC_I2SCLKConfig
                0x00000000       0x20 ..\obj\stm32f4xx_rcc.o
 .text.RCC_AHB2PeriphClockCmd
                0x00000000       0x40 ..\obj\stm32f4xx_rcc.o
 .text.RCC_AHB3PeriphClockCmd
                0x00000000       0x40 ..\obj\stm32f4xx_rcc.o
 .text.RCC_AHB1PeriphResetCmd
                0x00000000       0x40 ..\obj\stm32f4xx_rcc.o
 .text.RCC_AHB2PeriphResetCmd
                0x00000000       0x40 ..\obj\stm32f4xx_rcc.o
 .text.RCC_AHB3PeriphResetCmd
                0x00000000       0x40 ..\obj\stm32f4xx_rcc.o
 .text.RCC_AHB1PeriphClockLPModeCmd
                0x00000000       0x40 ..\obj\stm32f4xx_rcc.o
 .text.RCC_AHB2PeriphClockLPModeCmd
                0x00000000       0x40 ..\obj\stm32f4xx_rcc.o
 .text.RCC_AHB3PeriphClockLPModeCmd
                0x00000000       0x40 ..\obj\stm32f4xx_rcc.o
 .text.RCC_APB1PeriphClockLPModeCmd
                0x00000000       0x40 ..\obj\stm32f4xx_rcc.o
 .text.RCC_APB2PeriphClockLPModeCmd
                0x00000000       0x40 ..\obj\stm32f4xx_rcc.o
 .text.RCC_ITConfig
                0x00000000       0x4c ..\obj\stm32f4xx_rcc.o
 .text.RCC_GetFlagStatus
                0x00000000       0x74 ..\obj\stm32f4xx_rcc.o
 .text.RCC_ClearFlag
                0x00000000       0x20 ..\obj\stm32f4xx_rcc.o
 .text.RCC_GetITStatus
                0x00000000       0x38 ..\obj\stm32f4xx_rcc.o
 .text.RCC_ClearITPendingBit
                0x00000000       0x20 ..\obj\stm32f4xx_rcc.o
 .text          0x00000000        0x0 ..\obj\codec.o
 .data          0x00000000        0x0 ..\obj\codec.o
 .bss           0x00000000        0x0 ..\obj\codec.o
 .text          0x00000000        0x0 ..\obj\player.o
 .data          0x00000000        0x0 ..\obj\player.o
 .text.player_get_status
                0x00000000       0x18 ..\obj\player.o
 .text          0x00000000        0x0 ..\obj\timers.o
 .data          0x00000000        0x0 ..\obj\timers.o
 .text.xTimerCreate
                0x00000000       0x3c ..\obj\timers.o
 .text.prvInitialiseNewTimer
                0x00000000       0x64 ..\obj\timers.o
 .text.xTimerGetTimerDaemonTaskHandle
                0x00000000       0x38 ..\obj\timers.o
 .text.xTimerGetPeriod
                0x00000000       0x38 ..\obj\timers.o
 .text.xTimerGetExpiryTime
                0x00000000       0x3c ..\obj\timers.o
 .text.pcTimerGetName
                0x00000000       0x38 ..\obj\timers.o
 .text.xTimerIsTimerActive
                0x00000000       0x48 ..\obj\timers.o
 .text.pvTimerGetTimerID
                0x00000000       0x40 ..\obj\timers.o
 .text.vTimerSetTimerID
                0x00000000       0x40 ..\obj\timers.o
 .text          0x00000000        0x0 ..\obj\display.o
 .bss           0x00000000        0x0 ..\obj\display.o
 .text.display_write_int
                0x00000000       0x14 ..\obj\display.o
 .text          0x00000000        0x0 ..\obj\tasks.o
 .data          0x00000000        0x0 ..\obj\tasks.o
 .text.vTaskDelayUntil
                0x00000000       0xf4 ..\obj\tasks.o
 .text.eTaskGetState
                0x00000000       0xb0 ..\obj\tasks.o
 .text.uxTaskPriorityGet
                0x00000000       0x34 ..\obj\tasks.o
 .text.uxTaskPriorityGetFromISR
                0x00000000       0x58 ..\obj\tasks.o
 .text.vTaskPrioritySet
                0x00000000      0x15c ..\obj\tasks.o
 .text.vTaskSuspend
                0x00000000      0x110 ..\obj\tasks.o
 .text.prvTaskIsTaskSuspended
                0x00000000       0x74 ..\obj\tasks.o
 .text.vTaskResume
                0x00000000       0xb8 ..\obj\tasks.o
 .text.xTaskResumeFromISR
                0x00000000       0xe0 ..\obj\tasks.o
 .text.vTaskEndScheduler
                0x00000000       0x30 ..\obj\tasks.o
 .text.xTaskGetTickCountFromISR
                0x00000000       0x24 ..\obj\tasks.o
 .text.uxTaskGetNumberOfTasks
                0x00000000       0x18 ..\obj\tasks.o
 .text.pcTaskGetName
                0x00000000       0x48 ..\obj\tasks.o
 .text.uxTaskGetSystemState
                0x00000000      0x11c ..\obj\tasks.o
 .text.vTaskPlaceOnUnorderedEventList
                0x00000000       0x74 ..\obj\tasks.o
 .text.xTaskRemoveFromUnorderedEventList
                0x00000000       0xcc ..\obj\tasks.o
 .text.uxTaskGetTaskNumber
                0x00000000       0x2c ..\obj\tasks.o
 .text.vTaskSetTaskNumber
                0x00000000       0x28 ..\obj\tasks.o
 .text.vTaskGetTaskInfo
                0x00000000       0xbc ..\obj\tasks.o
 .text.prvListTasksWithinSingleList
                0x00000000       0xa4 ..\obj\tasks.o
 .text.prvTaskCheckFreeStackSpace
                0x00000000       0x38 ..\obj\tasks.o
 .text.xTaskGetCurrentTaskHandle
                0x00000000       0x20 ..\obj\tasks.o
 .text.uxTaskResetEventItemValue
                0x00000000       0x30 ..\obj\tasks.o
 .text.ulTaskNotifyTake
                0x00000000       0x90 ..\obj\tasks.o
 .text.xTaskNotifyWait
                0x00000000       0xb4 ..\obj\tasks.o
 .text.xTaskGenericNotify
                0x00000000      0x140 ..\obj\tasks.o
 .text.xTaskGenericNotifyFromISR
                0x00000000      0x18c ..\obj\tasks.o
 .text.vTaskNotifyGiveFromISR
                0x00000000      0x120 ..\obj\tasks.o
 .text.xTaskNotifyStateClear
                0x00000000       0x4c ..\obj\tasks.o
 .text          0x00000000        0x0 ..\obj\stm32f4xx_gpio.o
 .data          0x00000000        0x0 ..\obj\stm32f4xx_gpio.o
 .bss           0x00000000        0x0 ..\obj\stm32f4xx_gpio.o
 .text.GPIO_DeInit
                0x00000000      0x120 ..\obj\stm32f4xx_gpio.o
 .text.GPIO_PinLockConfig
                0x00000000       0x44 ..\obj\stm32f4xx_gpio.o
 .text.GPIO_ReadInputDataBit
                0x00000000       0x34 ..\obj\stm32f4xx_gpio.o
 .text.GPIO_ReadInputData
                0x00000000       0x1c ..\obj\stm32f4xx_gpio.o
 .text.GPIO_ReadOutputDataBit
                0x00000000       0x34 ..\obj\stm32f4xx_gpio.o
 .text.GPIO_ReadOutputData
                0x00000000       0x1c ..\obj\stm32f4xx_gpio.o
 .text.GPIO_WriteBit
                0x00000000       0x30 ..\obj\stm32f4xx_gpio.o
 .text.GPIO_Write
                0x00000000       0x20 ..\obj\stm32f4xx_gpio.o
 .text.GPIO_ToggleBits
                0x00000000       0x24 ..\obj\stm32f4xx_gpio.o
 .text          0x00000000        0x0 ..\obj\list.o
 .data          0x00000000        0x0 ..\obj\list.o
 .bss           0x00000000        0x0 ..\obj\list.o
 .text          0x00000000        0x0 ..\obj\system_stm32f4xx.o
 .data          0x00000000       0x14 ..\obj\system_stm32f4xx.o
 .bss           0x00000000        0x0 ..\obj\system_stm32f4xx.o
 .text.SystemCoreClockUpdate
                0x00000000       0xfc ..\obj\system_stm32f4xx.o
 .text          0x00000000        0x0 ..\obj\queue.o
 .data          0x00000000        0x0 ..\obj\queue.o
 .bss           0x00000000        0x0 ..\obj\queue.o
 .text.prvInitialiseMutex
                0x00000000       0x34 ..\obj\queue.o
 .text.xQueueCreateMutex
                0x00000000       0x30 ..\obj\queue.o
 .text.xQueueGiveMutexRecursive
                0x00000000       0x68 ..\obj\queue.o
 .text.xQueueTakeMutexRecursive
                0x00000000       0x70 ..\obj\queue.o
 .text.xQueueCreateCountingSemaphore
                0x00000000       0x64 ..\obj\queue.o
 .text.xQueueGiveFromISR
                0x00000000      0x114 ..\obj\queue.o
 .text.xQueueReceiveFromISR
                0x00000000       0xfc ..\obj\queue.o
 .text.xQueuePeekFromISR
                0x00000000       0xcc ..\obj\queue.o
 .text.uxQueueMessagesWaiting
                0x00000000       0x3c ..\obj\queue.o
 .text.uxQueueSpacesAvailable
                0x00000000       0x44 ..\obj\queue.o
 .text.uxQueueMessagesWaitingFromISR
                0x00000000       0x38 ..\obj\queue.o
 .text.vQueueDelete
                0x00000000       0x3c ..\obj\queue.o
 .text.uxQueueGetQueueNumber
                0x00000000       0x18 ..\obj\queue.o
 .text.vQueueSetQueueNumber
                0x00000000       0x1c ..\obj\queue.o
 .text.ucQueueGetQueueType
                0x00000000       0x1c ..\obj\queue.o
 .text.xQueueIsQueueEmptyFromISR
                0x00000000       0x44 ..\obj\queue.o
 .text.xQueueIsQueueFullFromISR
                0x00000000       0x48 ..\obj\queue.o
 .text.pcQueueGetName
                0x00000000       0x4c ..\obj\queue.o
 .text.vQueueUnregisterQueue
                0x00000000       0x54 ..\obj\queue.o
 .text          0x00000000        0x0 ..\obj\port.o
 .rodata        0x00000000        0x4 ..\obj\port.o
 .text.vPortEndScheduler
                0x00000000       0x34 ..\obj\port.o
 .text          0x00000000        0x0 ..\obj\ff.o
 .data          0x00000000        0x0 ..\obj\ff.o
 .text.dir_read
                0x00000000       0xb0 ..\obj\ff.o
 .text.dir_remove
                0x00000000       0x54 ..\obj\ff.o
 .text.get_fileinfo
                0x00000000       0xe0 ..\obj\ff.o
 .text.f_write  0x00000000      0x2d4 ..\obj\ff.o
 .text.f_lseek  0x00000000      0x268 ..\obj\ff.o
 .text.f_opendir
                0x00000000       0xbc ..\obj\ff.o
 .text.f_closedir
                0x00000000       0x28 ..\obj\ff.o
 .text.f_readdir
                0x00000000       0x88 ..\obj\ff.o
 .text.f_stat   0x00000000       0x74 ..\obj\ff.o
 .text.f_getfree
                0x00000000      0x188 ..\obj\ff.o
 .text.f_truncate
                0x00000000      0x148 ..\obj\ff.o
 .text.f_unlink
                0x00000000      0x154 ..\obj\ff.o
 .text.f_mkdir  0x00000000      0x23c ..\obj\ff.o
 .text.f_chmod  0x00000000       0xac ..\obj\ff.o
 .text.f_utime  0x00000000       0xb4 ..\obj\ff.o
 .text.f_rename
                0x00000000      0x1b4 ..\obj\ff.o
 .text          0x00000000        0x0 ..\obj\croutine.o
 .data          0x00000000        0x0 ..\obj\croutine.o
 .bss           0x00000000        0x0 ..\obj\croutine.o
 .debug_info    0x00000000       0x75 ..\obj\croutine.o
 .debug_abbrev  0x00000000       0x24 ..\obj\croutine.o
 .debug_aranges
                0x00000000       0x18 ..\obj\croutine.o
 .debug_line    0x00000000       0x1d ..\obj\croutine.o
 .debug_str     0x00000000      0x189 ..\obj\croutine.o
 .comment       0x00000000       0x6f ..\obj\croutine.o
 .ARM.attributes
                0x00000000       0x39 ..\obj\croutine.o
 .text          0x00000000        0x0 ..\obj\stm32f4xx_spi.o
 .data          0x00000000        0x0 ..\obj\stm32f4xx_spi.o
 .bss           0x00000000        0x0 ..\obj\stm32f4xx_spi.o
 .text.SPI_StructInit
                0x00000000       0x4c ..\obj\stm32f4xx_spi.o
 .text.I2S_StructInit
                0x00000000       0x38 ..\obj\stm32f4xx_spi.o
 .text.SPI_DataSizeConfig
                0x00000000       0x38 ..\obj\stm32f4xx_spi.o
 .text.SPI_BiDirectionalLineConfig
                0x00000000       0x44 ..\obj\stm32f4xx_spi.o
 .text.SPI_NSSInternalSoftwareConfig
                0x00000000       0x44 ..\obj\stm32f4xx_spi.o
 .text.SPI_SSOutputCmd
                0x00000000       0x40 ..\obj\stm32f4xx_spi.o
 .text.SPI_TIModeCmd
                0x00000000       0x40 ..\obj\stm32f4xx_spi.o
 .text.I2S_FullDuplexConfig
                0x00000000       0x9c ..\obj\stm32f4xx_spi.o
 .text.SPI_I2S_ReceiveData
                0x00000000       0x1c ..\obj\stm32f4xx_spi.o
 .text.SPI_CalculateCRC
                0x00000000       0x40 ..\obj\stm32f4xx_spi.o
 .text.SPI_TransmitCRC
                0x00000000       0x24 ..\obj\stm32f4xx_spi.o
 .text.SPI_GetCRC
                0x00000000       0x34 ..\obj\stm32f4xx_spi.o
 .text.SPI_GetCRCPolynomial
                0x00000000       0x1c ..\obj\stm32f4xx_spi.o
 .text.SPI_I2S_DMACmd
                0x00000000       0x48 ..\obj\stm32f4xx_spi.o
 .text.SPI_I2S_ClearFlag
                0x00000000       0x24 ..\obj\stm32f4xx_spi.o
 .text          0x00000000        0x0 ..\obj\event_groups.o
 .data          0x00000000        0x0 ..\obj\event_groups.o
 .bss           0x00000000        0x0 ..\obj\event_groups.o
 .text.xEventGroupCreate
                0x00000000       0x30 ..\obj\event_groups.o
 .text.xEventGroupSync
                0x00000000      0x154 ..\obj\event_groups.o
 .text.xEventGroupWaitBits
                0x00000000      0x190 ..\obj\event_groups.o
 .text.xEventGroupClearBits
                0x00000000       0x6c ..\obj\event_groups.o
 .text.xEventGroupGetBitsFromISR
                0x00000000       0x48 ..\obj\event_groups.o
 .text.xEventGroupSetBits
                0x00000000      0x114 ..\obj\event_groups.o
 .text.vEventGroupDelete
                0x00000000       0x60 ..\obj\event_groups.o
 .text.vEventGroupSetBitsCallback
                0x00000000       0x1c ..\obj\event_groups.o
 .text.vEventGroupClearBitsCallback
                0x00000000       0x1c ..\obj\event_groups.o
 .text.prvTestWaitCondition
                0x00000000       0x44 ..\obj\event_groups.o
 .text.uxEventGroupGetNumber
                0x00000000       0x2c ..\obj\event_groups.o
 .debug_info    0x00000000      0x8c5 ..\obj\event_groups.o
 .debug_abbrev  0x00000000      0x1f2 ..\obj\event_groups.o
 .debug_aranges
                0x00000000       0x70 ..\obj\event_groups.o
 .debug_ranges  0x00000000       0x60 ..\obj\event_groups.o
 .debug_line    0x00000000      0x3f2 ..\obj\event_groups.o
 .debug_str     0x00000000      0x58d ..\obj\event_groups.o
 .comment       0x00000000       0x6f ..\obj\event_groups.o
 .debug_frame   0x00000000      0x1a8 ..\obj\event_groups.o
 .ARM.attributes
                0x00000000       0x39 ..\obj\event_groups.o
 .text          0x00000000        0x0 ..\obj\stm32f4xx_i2c.o
 .data          0x00000000        0x0 ..\obj\stm32f4xx_i2c.o
 .bss           0x00000000        0x0 ..\obj\stm32f4xx_i2c.o
 .text.I2C_StructInit
                0x00000000       0x40 ..\obj\stm32f4xx_i2c.o
 .text.I2C_OwnAddress2Config
                0x00000000       0x44 ..\obj\stm32f4xx_i2c.o
 .text.I2C_DualAddressCmd
                0x00000000       0x40 ..\obj\stm32f4xx_i2c.o
 .text.I2C_GeneralCallCmd
                0x00000000       0x40 ..\obj\stm32f4xx_i2c.o
 .text.I2C_SoftwareResetCmd
                0x00000000       0x44 ..\obj\stm32f4xx_i2c.o
 .text.I2C_StretchClockCmd
                0x00000000       0x40 ..\obj\stm32f4xx_i2c.o
 .text.I2C_FastModeDutyCycleConfig
                0x00000000       0x44 ..\obj\stm32f4xx_i2c.o
 .text.I2C_NACKPositionConfig
                0x00000000       0x44 ..\obj\stm32f4xx_i2c.o
 .text.I2C_SMBusAlertConfig
                0x00000000       0x44 ..\obj\stm32f4xx_i2c.o
 .text.I2C_ARPCmd
                0x00000000       0x40 ..\obj\stm32f4xx_i2c.o
 .text.I2C_TransmitPEC
                0x00000000       0x40 ..\obj\stm32f4xx_i2c.o
 .text.I2C_PECPositionConfig
                0x00000000       0x44 ..\obj\stm32f4xx_i2c.o
 .text.I2C_CalculatePEC
                0x00000000       0x40 ..\obj\stm32f4xx_i2c.o
 .text.I2C_GetPEC
                0x00000000       0x20 ..\obj\stm32f4xx_i2c.o
 .text.I2C_DMACmd
                0x00000000       0x40 ..\obj\stm32f4xx_i2c.o
 .text.I2C_DMALastTransferCmd
                0x00000000       0x40 ..\obj\stm32f4xx_i2c.o
 .text.I2C_ReadRegister
                0x00000000       0x30 ..\obj\stm32f4xx_i2c.o
 .text.I2C_ITConfig
                0x00000000       0x48 ..\obj\stm32f4xx_i2c.o
 .text.I2C_GetLastEvent
                0x00000000       0x44 ..\obj\stm32f4xx_i2c.o
 .text.I2C_ClearFlag
                0x00000000       0x30 ..\obj\stm32f4xx_i2c.o
 .text.I2C_GetITStatus
                0x00000000       0x5c ..\obj\stm32f4xx_i2c.o
 .text.I2C_ClearITPendingBit
                0x00000000       0x30 ..\obj\stm32f4xx_i2c.o
 .text          0x00000000        0x0 ..\obj\misc.o
 .data          0x00000000        0x0 ..\obj\misc.o
 .bss           0x00000000        0x0 ..\obj\misc.o
 .text.NVIC_PriorityGroupConfig
                0x00000000       0x28 ..\obj\misc.o
 .text.NVIC_SetVectorTable
                0x00000000       0x2c ..\obj\misc.o
 .text.NVIC_SystemLPConfig
                0x00000000       0x44 ..\obj\misc.o
 .text.SysTick_CLKSourceConfig
                0x00000000       0x38 ..\obj\misc.o
 .text          0x00000000        0x0 ..\obj\heap_2.o
 .rodata        0x00000000        0x2 ..\obj\heap_2.o
 .text.xPortGetFreeHeapSize
                0x00000000       0x18 ..\obj\heap_2.o
 .text.vPortInitialiseBlocks
                0x00000000       0x10 ..\obj\heap_2.o
 .text          0x00000000        0x0 ..\obj\stm32f4xx_tim.o
 .data          0x00000000        0x0 ..\obj\stm32f4xx_tim.o
 .bss           0x00000000        0x0 ..\obj\stm32f4xx_tim.o
 .text.TIM_DeInit
                0x00000000      0x1c0 ..\obj\stm32f4xx_tim.o
 .text.TIM_TimeBaseStructInit
                0x00000000       0x34 ..\obj\stm32f4xx_tim.o
 .text.TIM_PrescalerConfig
                0x00000000       0x28 ..\obj\stm32f4xx_tim.o
 .text.TIM_CounterModeConfig
                0x00000000       0x38 ..\obj\stm32f4xx_tim.o
 .text.TIM_SetCounter
                0x00000000       0x1c ..\obj\stm32f4xx_tim.o
 .text.TIM_SetAutoreload
                0x00000000       0x1c ..\obj\stm32f4xx_tim.o
 .text.TIM_GetCounter
                0x00000000       0x18 ..\obj\stm32f4xx_tim.o
 .text.TIM_GetPrescaler
                0x00000000       0x1c ..\obj\stm32f4xx_tim.o
 .text.TIM_UpdateDisableConfig
                0x00000000       0x40 ..\obj\stm32f4xx_tim.o
 .text.TIM_UpdateRequestConfig
                0x00000000       0x40 ..\obj\stm32f4xx_tim.o
 .text.TIM_ARRPreloadConfig
                0x00000000       0x40 ..\obj\stm32f4xx_tim.o
 .text.TIM_SelectOnePulseMode
                0x00000000       0x38 ..\obj\stm32f4xx_tim.o
 .text.TIM_SetClockDivision
                0x00000000       0x38 ..\obj\stm32f4xx_tim.o
 .text.TIM_OC1Init
                0x00000000       0xf4 ..\obj\stm32f4xx_tim.o
 .text.TIM_OC2Init
                0x00000000      0x110 ..\obj\stm32f4xx_tim.o
 .text.TIM_OC3Init
                0x00000000      0x10c ..\obj\stm32f4xx_tim.o
 .text.TIM_OC4Init
                0x00000000       0xd0 ..\obj\stm32f4xx_tim.o
 .text.TIM_OCStructInit
                0x00000000       0x44 ..\obj\stm32f4xx_tim.o
 .text.TIM_SelectOCxM
                0x00000000       0xb4 ..\obj\stm32f4xx_tim.o
 .text.TIM_SetCompare1
                0x00000000       0x1c ..\obj\stm32f4xx_tim.o
 .text.TIM_SetCompare2
                0x00000000       0x1c ..\obj\stm32f4xx_tim.o
 .text.TIM_SetCompare3
                0x00000000       0x1c ..\obj\stm32f4xx_tim.o
 .text.TIM_SetCompare4
                0x00000000       0x1c ..\obj\stm32f4xx_tim.o
 .text.TIM_ForcedOC1Config
                0x00000000       0x38 ..\obj\stm32f4xx_tim.o
 .text.TIM_ForcedOC2Config
                0x00000000       0x3c ..\obj\stm32f4xx_tim.o
 .text.TIM_ForcedOC3Config
                0x00000000       0x38 ..\obj\stm32f4xx_tim.o
 .text.TIM_ForcedOC4Config
                0x00000000       0x3c ..\obj\stm32f4xx_tim.o
 .text.TIM_OC1PreloadConfig
                0x00000000       0x38 ..\obj\stm32f4xx_tim.o
 .text.TIM_OC2PreloadConfig
                0x00000000       0x3c ..\obj\stm32f4xx_tim.o
 .text.TIM_OC3PreloadConfig
                0x00000000       0x38 ..\obj\stm32f4xx_tim.o
 .text.TIM_OC4PreloadConfig
                0x00000000       0x3c ..\obj\stm32f4xx_tim.o
 .text.TIM_OC1FastConfig
                0x00000000       0x38 ..\obj\stm32f4xx_tim.o
 .text.TIM_OC2FastConfig
                0x00000000       0x3c ..\obj\stm32f4xx_tim.o
 .text.TIM_OC3FastConfig
                0x00000000       0x38 ..\obj\stm32f4xx_tim.o
 .text.TIM_OC4FastConfig
                0x00000000       0x3c ..\obj\stm32f4xx_tim.o
 .text.TIM_ClearOC1Ref
                0x00000000       0x38 ..\obj\stm32f4xx_tim.o
 .text.TIM_ClearOC2Ref
                0x00000000       0x3c ..\obj\stm32f4xx_tim.o
 .text.TIM_ClearOC3Ref
                0x00000000       0x38 ..\obj\stm32f4xx_tim.o
 .text.TIM_ClearOC4Ref
                0x00000000       0x3c ..\obj\stm32f4xx_tim.o
 .text.TIM_OC1PolarityConfig
                0x00000000       0x38 ..\obj\stm32f4xx_tim.o
 .text.TIM_OC1NPolarityConfig
                0x00000000       0x38 ..\obj\stm32f4xx_tim.o
 .text.TIM_OC2PolarityConfig
                0x00000000       0x3c ..\obj\stm32f4xx_tim.o
 .text.TIM_OC2NPolarityConfig
                0x00000000       0x3c ..\obj\stm32f4xx_tim.o
 .text.TIM_OC3PolarityConfig
                0x00000000       0x3c ..\obj\stm32f4xx_tim.o
 .text.TIM_OC3NPolarityConfig
                0x00000000       0x3c ..\obj\stm32f4xx_tim.o
 .text.TIM_OC4PolarityConfig
                0x00000000       0x3c ..\obj\stm32f4xx_tim.o
 .text.TIM_CCxCmd
                0x00000000       0x5c ..\obj\stm32f4xx_tim.o
 .text.TIM_CCxNCmd
                0x00000000       0x5c ..\obj\stm32f4xx_tim.o
 .text.TIM_ICInit
                0x00000000       0xa8 ..\obj\stm32f4xx_tim.o
 .text.TIM_ICStructInit
                0x00000000       0x34 ..\obj\stm32f4xx_tim.o
 .text.TIM_PWMIConfig
                0x00000000       0xb8 ..\obj\stm32f4xx_tim.o
 .text.TIM_GetCapture1
                0x00000000       0x18 ..\obj\stm32f4xx_tim.o
 .text.TIM_GetCapture2
                0x00000000       0x18 ..\obj\stm32f4xx_tim.o
 .text.TIM_GetCapture3
                0x00000000       0x18 ..\obj\stm32f4xx_tim.o
 .text.TIM_GetCapture4
                0x00000000       0x18 ..\obj\stm32f4xx_tim.o
 .text.TIM_SetIC1Prescaler
                0x00000000       0x38 ..\obj\stm32f4xx_tim.o
 .text.TIM_SetIC2Prescaler
                0x00000000       0x3c ..\obj\stm32f4xx_tim.o
 .text.TIM_SetIC3Prescaler
                0x00000000       0x38 ..\obj\stm32f4xx_tim.o
 .text.TIM_SetIC4Prescaler
                0x00000000       0x3c ..\obj\stm32f4xx_tim.o
 .text.TIM_BDTRConfig
                0x00000000       0x50 ..\obj\stm32f4xx_tim.o
 .text.TIM_BDTRStructInit
                0x00000000       0x40 ..\obj\stm32f4xx_tim.o
 .text.TIM_CtrlPWMOutputs
                0x00000000       0x4c ..\obj\stm32f4xx_tim.o
 .text.TIM_SelectCOM
                0x00000000       0x40 ..\obj\stm32f4xx_tim.o
 .text.TIM_CCPreloadControl
                0x00000000       0x40 ..\obj\stm32f4xx_tim.o
 .text.TIM_GenerateEvent
                0x00000000       0x20 ..\obj\stm32f4xx_tim.o
 .text.TIM_GetFlagStatus
                0x00000000       0x38 ..\obj\stm32f4xx_tim.o
 .text.TIM_ClearFlag
                0x00000000       0x24 ..\obj\stm32f4xx_tim.o
 .text.TIM_DMAConfig
                0x00000000       0x2c ..\obj\stm32f4xx_tim.o
 .text.TIM_DMACmd
                0x00000000       0x48 ..\obj\stm32f4xx_tim.o
 .text.TIM_SelectCCDMA
                0x00000000       0x40 ..\obj\stm32f4xx_tim.o
 .text.TIM_InternalClockConfig
                0x00000000       0x24 ..\obj\stm32f4xx_tim.o
 .text.TIM_ITRxExternalClockConfig
                0x00000000       0x30 ..\obj\stm32f4xx_tim.o
 .text.TIM_TIxExternalClockConfig
                0x00000000       0x5c ..\obj\stm32f4xx_tim.o
 .text.TIM_ETRClockMode1Config
                0x00000000       0x60 ..\obj\stm32f4xx_tim.o
 .text.TIM_ETRClockMode2Config
                0x00000000       0x40 ..\obj\stm32f4xx_tim.o
 .text.TIM_SelectInputTrigger
                0x00000000       0x38 ..\obj\stm32f4xx_tim.o
 .text.TIM_SelectOutputTrigger
                0x00000000       0x38 ..\obj\stm32f4xx_tim.o
 .text.TIM_SelectSlaveMode
                0x00000000       0x38 ..\obj\stm32f4xx_tim.o
 .text.TIM_SelectMasterSlaveMode
                0x00000000       0x38 ..\obj\stm32f4xx_tim.o
 .text.TIM_ETRConfig
                0x00000000       0x54 ..\obj\stm32f4xx_tim.o
 .text.TIM_EncoderInterfaceConfig
                0x00000000       0x98 ..\obj\stm32f4xx_tim.o
 .text.TIM_SelectHallSensor
                0x00000000       0x40 ..\obj\stm32f4xx_tim.o
 .text.TIM_RemapConfig
                0x00000000       0x20 ..\obj\stm32f4xx_tim.o
 .text.TI1_Config
                0x00000000       0x88 ..\obj\stm32f4xx_tim.o
 .text.TI2_Config
                0x00000000       0x9c ..\obj\stm32f4xx_tim.o
 .text.TI3_Config
                0x00000000       0x90 ..\obj\stm32f4xx_tim.o
 .text.TI4_Config
                0x00000000       0xa0 ..\obj\stm32f4xx_tim.o
 .text          0x00000000        0x0 ..\obj\fatfs_diskio_sdcard_spi.o
 .bss           0x00000000        0x0 ..\obj\fatfs_diskio_sdcard_spi.o
 .text.crc7     0x00000000       0x48 ..\obj\fatfs_diskio_sdcard_spi.o
 .text.ff_convert
                0x00000000       0x1c ..\obj\fatfs_diskio_sdcard_spi.o
 .text.ff_wtoupper
                0x00000000       0x18 ..\obj\fatfs_diskio_sdcard_spi.o
 .data          0x00000000        0x0 c:/program files (x86)/gnu tools arm embedded/5.2 2015q4/bin/../lib/gcc/arm-none-eabi/5.2.1/../../../../arm-none-eabi/lib/armv7e-m/fpu\libg.a(lib_a-memcpy.o)
 .bss           0x00000000        0x0 c:/program files (x86)/gnu tools arm embedded/5.2 2015q4/bin/../lib/gcc/arm-none-eabi/5.2.1/../../../../arm-none-eabi/lib/armv7e-m/fpu\libg.a(lib_a-memcpy.o)
 .text          0x00000000        0x0 c:/program files (x86)/gnu tools arm embedded/5.2 2015q4/bin/../lib/gcc/arm-none-eabi/5.2.1/../../../../arm-none-eabi/lib/armv7e-m/fpu\libg.a(lib_a-memset.o)
 .data          0x00000000        0x0 c:/program files (x86)/gnu tools arm embedded/5.2 2015q4/bin/../lib/gcc/arm-none-eabi/5.2.1/../../../../arm-none-eabi/lib/armv7e-m/fpu\libg.a(lib_a-memset.o)
 .bss           0x00000000        0x0 c:/program files (x86)/gnu tools arm embedded/5.2 2015q4/bin/../lib/gcc/arm-none-eabi/5.2.1/../../../../arm-none-eabi/lib/armv7e-m/fpu\libg.a(lib_a-memset.o)

Memory Configuration

Name             Origin             Length             Attributes
rom              0x08000000         0x00100000         xr
ram              0x20000000         0x00020000         xrw
ram1             0x10000000         0x00010000         xrw
*default*        0x00000000         0xffffffff

Linker script and memory map

                0x20020000                _eram = 0x20020000

.text           0x08000000     0x84bd
 *(.isr_vector)
 .isr_vector    0x08000000      0x188 ..\obj\startup_stm32f4xx.o
                0x08000000                g_pfnVectors
 *(.text*)
 .text.Default_Reset_Handler
                0x08000188       0x6c ..\obj\startup_stm32f4xx.o
                0x08000188                Default_Reset_Handler
                0x08000188                Reset_Handler
 .text.Default_Handler
                0x080001f4        0x8 ..\obj\startup_stm32f4xx.o
                0x080001f4                RTC_Alarm_IRQHandler
                0x080001f4                HASH_RNG_IRQHandler
                0x080001f4                EXTI2_IRQHandler
                0x080001f4                TIM8_CC_IRQHandler
                0x080001f4                DebugMon_Handler
                0x080001f4                TIM1_CC_IRQHandler
                0x080001f4                DMA2_Stream5_IRQHandler
                0x080001f4                HardFault_Handler
                0x080001f4                DMA1_Stream5_IRQHandler
                0x080001f4                PVD_IRQHandler
                0x080001f4                SDIO_IRQHandler
                0x080001f4                TAMP_STAMP_IRQHandler
                0x080001f4                NMI_Handler
                0x080001f4                CAN2_RX1_IRQHandler
                0x080001f4                EXTI3_IRQHandler
                0x080001f4                TIM8_TRG_COM_TIM14_IRQHandler
                0x080001f4                TIM1_UP_TIM10_IRQHandler
                0x080001f4                TIM8_UP_TIM13_IRQHandler
                0x080001f4                I2C3_ER_IRQHandler
                0x080001f4                EXTI0_IRQHandler
                0x080001f4                I2C2_EV_IRQHandler
                0x080001f4                DMA1_Stream2_IRQHandler
                0x080001f4                CAN1_RX0_IRQHandler
                0x080001f4                FPU_IRQHandler
                0x080001f4                OTG_HS_WKUP_IRQHandler
                0x080001f4                UsageFault_Handler
                0x080001f4                CAN2_SCE_IRQHandler
                0x080001f4                DMA2_Stream2_IRQHandler
                0x080001f4                SPI1_IRQHandler
                0x080001f4                TIM6_DAC_IRQHandler
                0x080001f4                TIM1_BRK_TIM9_IRQHandler
                0x080001f4                DCMI_IRQHandler
                0x080001f4                CAN2_RX0_IRQHandler
                0x080001f4                DMA2_Stream3_IRQHandler
                0x080001f4                USART6_IRQHandler
                0x080001f4                USART3_IRQHandler
                0x080001f4                CRYP_IRQHandler
                0x080001f4                CAN1_RX1_IRQHandler
                0x080001f4                UART5_IRQHandler
                0x080001f4                DMA2_Stream0_IRQHandler
                0x080001f4                TIM4_IRQHandler
                0x080001f4                I2C1_EV_IRQHandler
                0x080001f4                DMA1_Stream6_IRQHandler
                0x080001f4                DMA1_Stream1_IRQHandler
                0x080001f4                UART4_IRQHandler
                0x080001f4                TIM3_IRQHandler
                0x080001f4                RCC_IRQHandler
                0x080001f4                TIM8_BRK_TIM12_IRQHandler
                0x080001f4                EXTI15_10_IRQHandler
                0x080001f4                ADC_IRQHandler
                0x080001f4                DMA1_Stream7_IRQHandler
                0x080001f4                TIM7_IRQHandler
                0x080001f4                CAN2_TX_IRQHandler
                0x080001f4                TIM5_IRQHandler
                0x080001f4                DMA2_Stream7_IRQHandler
                0x080001f4                I2C3_EV_IRQHandler
                0x080001f4                EXTI9_5_IRQHandler
                0x080001f4                RTC_WKUP_IRQHandler
                0x080001f4                ETH_WKUP_IRQHandler
                0x080001f4                SPI2_IRQHandler
                0x080001f4                OTG_HS_EP1_IN_IRQHandler
                0x080001f4                MemManage_Handler
                0x080001f4                DMA1_Stream0_IRQHandler
                0x080001f4                CAN1_TX_IRQHandler
                0x080001f4                EXTI4_IRQHandler
                0x080001f4                FSMC_IRQHandler
                0x080001f4                ETH_IRQHandler
                0x080001f4                OTG_HS_EP1_OUT_IRQHandler
                0x080001f4                WWDG_IRQHandler
                0x080001f4                OTG_FS_WKUP_IRQHandler
                0x080001f4                TIM1_TRG_COM_TIM11_IRQHandler
                0x080001f4                OTG_HS_IRQHandler
                0x080001f4                EXTI1_IRQHandler
                0x080001f4                USART2_IRQHandler
                0x080001f4                I2C2_ER_IRQHandler
                0x080001f4                DMA2_Stream1_IRQHandler
                0x080001f4                CAN1_SCE_IRQHandler
                0x080001f4                FLASH_IRQHandler
                0x080001f4                DMA2_Stream4_IRQHandler
                0x080001f4                BusFault_Handler
                0x080001f4                USART1_IRQHandler
                0x080001f4                OTG_FS_IRQHandler
                0x080001f4                DMA1_Stream4_IRQHandler
                0x080001f4                I2C1_ER_IRQHandler
                0x080001f4                DMA2_Stream6_IRQHandler
                0x080001f4                DMA1_Stream3_IRQHandler
 .text.set_vol  0x080001fc       0x20 ..\obj\main.o
                0x080001fc                set_vol
 .text.test_task
                0x0800021c       0x68 ..\obj\main.o
                0x0800021c                test_task
 .text.init_fs  0x08000284       0x40 ..\obj\main.o
                0x08000284                init_fs
 .text.main     0x080002c4       0x64 ..\obj\main.o
                0x080002c4                main
 .text.vApplicationIdleHook
                0x08000328       0x10 ..\obj\main.o
                0x08000328                vApplicationIdleHook
 .text.vApplicationMallocFailedHook
                0x08000338        0x8 ..\obj\main.o
                0x08000338                vApplicationMallocFailedHook
 .text.vApplicationStackOverflowHook
                0x08000340        0xc ..\obj\main.o
                0x08000340                vApplicationStackOverflowHook
 .text.vApplicationTickHook
                0x0800034c       0x10 ..\obj\main.o
                0x0800034c                vApplicationTickHook
 .text.RCC_PLLI2SCmd
                0x0800035c       0x20 ..\obj\stm32f4xx_rcc.o
                0x0800035c                RCC_PLLI2SCmd
 .text.RCC_GetClocksFreq
                0x0800037c      0x154 ..\obj\stm32f4xx_rcc.o
                0x0800037c                RCC_GetClocksFreq
 .text.RCC_AHB1PeriphClockCmd
                0x080004d0       0x40 ..\obj\stm32f4xx_rcc.o
                0x080004d0                RCC_AHB1PeriphClockCmd
 .text.RCC_APB1PeriphClockCmd
                0x08000510       0x40 ..\obj\stm32f4xx_rcc.o
                0x08000510                RCC_APB1PeriphClockCmd
 .text.RCC_APB2PeriphClockCmd
                0x08000550       0x40 ..\obj\stm32f4xx_rcc.o
                0x08000550                RCC_APB2PeriphClockCmd
 .text.RCC_APB1PeriphResetCmd
                0x08000590       0x40 ..\obj\stm32f4xx_rcc.o
                0x08000590                RCC_APB1PeriphResetCmd
 .text.RCC_APB2PeriphResetCmd
                0x080005d0       0x40 ..\obj\stm32f4xx_rcc.o
                0x080005d0                RCC_APB2PeriphResetCmd
 .text.codec_init
                0x08000610      0x170 ..\obj\codec.o
                0x08000610                codec_init
 .text.codec_ctrl_init
                0x08000780      0x168 ..\obj\codec.o
                0x08000780                codec_ctrl_init
 .text.send_codec_ctrl
                0x080008e8       0xb8 ..\obj\codec.o
                0x080008e8                send_codec_ctrl
 .text.read_codec_register
                0x080009a0      0x104 ..\obj\codec.o
                0x080009a0                read_codec_register
 .text.player_timer_init
                0x08000aa4       0x58 ..\obj\player.o
                0x08000aa4                player_timer_init
 .text.player_i2s_it_init
                0x08000afc       0x34 ..\obj\player.o
                0x08000afc                player_i2s_it_init
 .text.player_init
                0x08000b30       0x18 ..\obj\player.o
                0x08000b30                player_init
 .text.player_task
                0x08000b48       0x70 ..\obj\player.o
                0x08000b48                player_task
 .text.player_enable_periphery
                0x08000bb8       0x20 ..\obj\player.o
                0x08000bb8                player_enable_periphery
 .text.player_disable_periphery
                0x08000bd8       0x14 ..\obj\player.o
                0x08000bd8                player_disable_periphery
 .text.TIM2_IRQHandler
                0x08000bec      0x100 ..\obj\player.o
                0x08000bec                TIM2_IRQHandler
 .text.SPI3_IRQHandler
                0x08000cec       0x54 ..\obj\player.o
                0x08000cec                SPI3_IRQHandler
 .text.player_play
                0x08000d40       0x40 ..\obj\player.o
                0x08000d40                player_play
 .text.player_pause
                0x08000d80       0x20 ..\obj\player.o
                0x08000d80                player_pause
 .text.player_resume
                0x08000da0       0x20 ..\obj\player.o
                0x08000da0                player_resume
 .text.player_stop
                0x08000dc0       0x30 ..\obj\player.o
                0x08000dc0                player_stop
 .text.xTimerCreateTimerTask
                0x08000df0       0x68 ..\obj\timers.o
                0x08000df0                xTimerCreateTimerTask
 .text.xTimerGenericCommand
                0x08000e58       0x98 ..\obj\timers.o
                0x08000e58                xTimerGenericCommand
 .text.prvProcessExpiredTimer
                0x08000ef0       0x80 ..\obj\timers.o
 .text.prvTimerTask
                0x08000f70       0x24 ..\obj\timers.o
 .text.prvProcessTimerOrBlockTask
                0x08000f94       0x9c ..\obj\timers.o
 .text.prvGetNextExpireTime
                0x08001030       0x48 ..\obj\timers.o
 .text.prvSampleTimeNow
                0x08001078       0x40 ..\obj\timers.o
 .text.prvInsertTimerInActiveList
                0x080010b8       0x84 ..\obj\timers.o
 .text.prvProcessReceivedCommands
                0x0800113c      0x124 ..\obj\timers.o
 .text.prvSwitchTimerLists
                0x08001260       0xc0 ..\obj\timers.o
 .text.prvCheckForValidListAndQueue
                0x08001320       0x6c ..\obj\timers.o
 .text.display_set_pin
                0x0800138c       0x38 ..\obj\display.o
                0x0800138c                display_set_pin
 .text.display_gpio_spi_config
                0x080013c4       0xb8 ..\obj\display.o
                0x080013c4                display_gpio_spi_config
 .text.display_write_byte
                0x0800147c       0x54 ..\obj\display.o
                0x0800147c                display_write_byte
 .text.display_set_XY
                0x080014d0       0x48 ..\obj\display.o
                0x080014d0                display_set_XY
 .text.display_clear
                0x08001518       0x34 ..\obj\display.o
                0x08001518                display_clear
 .text.display_init
                0x0800154c       0x68 ..\obj\display.o
                0x0800154c                display_init
 .text.display_write_char
                0x080015b4       0x48 ..\obj\display.o
                0x080015b4                display_write_char
 .text.display_write_string
                0x080015fc       0x28 ..\obj\display.o
                0x080015fc                display_write_string
 .text.xTaskCreate
                0x08001624       0x80 ..\obj\tasks.o
                0x08001624                xTaskCreate
 .text.prvInitialiseNewTask
                0x080016a4      0x110 ..\obj\tasks.o
 .text.prvAddNewTaskToReadyList
                0x080017b4       0xdc ..\obj\tasks.o
 .text.vTaskDelete
                0x08001890      0x128 ..\obj\tasks.o
                0x08001890                vTaskDelete
 .text.vTaskDelay
                0x080019b8       0x68 ..\obj\tasks.o
                0x080019b8                vTaskDelay
 .text.vTaskStartScheduler
                0x08001a20       0x98 ..\obj\tasks.o
                0x08001a20                vTaskStartScheduler
 .text.vTaskSuspendAll
                0x08001ab8       0x1c ..\obj\tasks.o
                0x08001ab8                vTaskSuspendAll
 .text.xTaskResumeAll
                0x08001ad4      0x138 ..\obj\tasks.o
                0x08001ad4                xTaskResumeAll
 .text.xTaskGetTickCount
                0x08001c0c       0x20 ..\obj\tasks.o
                0x08001c0c                xTaskGetTickCount
 .text.xTaskIncrementTick
                0x08001c2c      0x188 ..\obj\tasks.o
                0x08001c2c                xTaskIncrementTick
 .text.vTaskSwitchContext
                0x08001db4      0x100 ..\obj\tasks.o
                0x08001db4                vTaskSwitchContext
 .text.vTaskPlaceOnEventList
                0x08001eb4       0x48 ..\obj\tasks.o
                0x08001eb4                vTaskPlaceOnEventList
 .text.vTaskPlaceOnEventListRestricted
                0x08001efc       0x54 ..\obj\tasks.o
                0x08001efc                vTaskPlaceOnEventListRestricted
 .text.xTaskRemoveFromEventList
                0x08001f50       0xc4 ..\obj\tasks.o
                0x08001f50                xTaskRemoveFromEventList
 .text.vTaskSetTimeOutState
                0x08002014       0x48 ..\obj\tasks.o
                0x08002014                vTaskSetTimeOutState
 .text.xTaskCheckForTimeOut
                0x0800205c       0xbc ..\obj\tasks.o
                0x0800205c                xTaskCheckForTimeOut
 .text.vTaskMissedYield
                0x08002118       0x18 ..\obj\tasks.o
                0x08002118                vTaskMissedYield
 .text.prvIdleTask
                0x08002130       0x34 ..\obj\tasks.o
 .text.prvInitialiseTaskLists
                0x08002164       0x80 ..\obj\tasks.o
 .text.prvCheckTasksWaitingTermination
                0x080021e4       0x78 ..\obj\tasks.o
 .text.prvDeleteTCB
                0x0800225c       0x20 ..\obj\tasks.o
 .text.prvResetNextTaskUnblockTime
                0x0800227c       0x4c ..\obj\tasks.o
 .text.xTaskGetSchedulerState
                0x080022c8       0x3c ..\obj\tasks.o
                0x080022c8                xTaskGetSchedulerState
 .text.vTaskPriorityInherit
                0x08002304       0xec ..\obj\tasks.o
                0x08002304                vTaskPriorityInherit
 .text.xTaskPriorityDisinherit
                0x080023f0      0x108 ..\obj\tasks.o
                0x080023f0                xTaskPriorityDisinherit
 .text.pvTaskIncrementMutexHeldCount
                0x080024f8       0x28 ..\obj\tasks.o
                0x080024f8                pvTaskIncrementMutexHeldCount
 .text.prvAddCurrentTaskToDelayedList
                0x08002520       0xcc ..\obj\tasks.o
 .text.GPIO_Init
                0x080025ec      0x11c ..\obj\stm32f4xx_gpio.o
                0x080025ec                GPIO_Init
 .text.GPIO_StructInit
                0x08002708       0x34 ..\obj\stm32f4xx_gpio.o
                0x08002708                GPIO_StructInit
 .text.GPIO_SetBits
                0x0800273c       0x20 ..\obj\stm32f4xx_gpio.o
                0x0800273c                GPIO_SetBits
 .text.GPIO_ResetBits
                0x0800275c       0x20 ..\obj\stm32f4xx_gpio.o
                0x0800275c                GPIO_ResetBits
 .text.GPIO_PinAFConfig
                0x0800277c       0x94 ..\obj\stm32f4xx_gpio.o
                0x0800277c                GPIO_PinAFConfig
 .text.vListInitialise
                0x08002810       0x40 ..\obj\list.o
                0x08002810                vListInitialise
 .text.vListInitialiseItem
                0x08002850       0x1c ..\obj\list.o
                0x08002850                vListInitialiseItem
 .text.vListInsertEnd
                0x0800286c       0x48 ..\obj\list.o
                0x0800286c                vListInsertEnd
 .text.vListInsert
                0x080028b4       0x74 ..\obj\list.o
                0x080028b4                vListInsert
 .text.uxListRemove
                0x08002928       0x54 ..\obj\list.o
                0x08002928                uxListRemove
 .text.SystemInit
                0x0800297c       0x6c ..\obj\system_stm32f4xx.o
                0x0800297c                SystemInit
 .text.SetSysClock
                0x080029e8       0xf8 ..\obj\system_stm32f4xx.o
 .text.xQueueGenericReset
                0x08002ae0       0xd0 ..\obj\queue.o
                0x08002ae0                xQueueGenericReset
 .text.xQueueGenericCreate
                0x08002bb0       0x74 ..\obj\queue.o
                0x08002bb0                xQueueGenericCreate
 .text.prvInitialiseNewQueue
                0x08002c24       0x48 ..\obj\queue.o
 .text.xQueueGenericSend
                0x08002c6c      0x1f8 ..\obj\queue.o
                0x08002c6c                xQueueGenericSend
 .text.xQueueGenericSendFromISR
                0x08002e64      0x128 ..\obj\queue.o
                0x08002e64                xQueueGenericSendFromISR
 .text.xQueueGenericReceive
                0x08002f8c      0x228 ..\obj\queue.o
                0x08002f8c                xQueueGenericReceive
 .text.prvCopyDataToQueue
                0x080031b4       0xd4 ..\obj\queue.o
 .text.prvCopyDataFromQueue
                0x08003288       0x4c ..\obj\queue.o
 .text.prvUnlockQueue
                0x080032d4       0xa4 ..\obj\queue.o
 .text.prvIsQueueEmpty
                0x08003378       0x2c ..\obj\queue.o
 .text.prvIsQueueFull
                0x080033a4       0x30 ..\obj\queue.o
 .text.vQueueAddToRegistry
                0x080033d4       0x50 ..\obj\queue.o
                0x080033d4                vQueueAddToRegistry
 .text.vQueueWaitForMessageRestricted
                0x08003424       0x6c ..\obj\queue.o
                0x08003424                vQueueWaitForMessageRestricted
 .text.pxPortInitialiseStack
                0x08003490       0x64 ..\obj\port.o
                0x08003490                pxPortInitialiseStack
 .text.prvTaskExitError
                0x080034f4       0x3c ..\obj\port.o
 .text.SVC_Handler
                0x08003530       0x28 ..\obj\port.o
                0x08003530                SVC_Handler
 .text.prvPortStartFirstTask
                0x08003558       0x20 ..\obj\port.o
 .text.xPortStartScheduler
                0x08003578      0x118 ..\obj\port.o
                0x08003578                xPortStartScheduler
 .text.vPortEnterCritical
                0x08003690       0x5c ..\obj\port.o
                0x08003690                vPortEnterCritical
 .text.vPortExitCritical
                0x080036ec       0x50 ..\obj\port.o
                0x080036ec                vPortExitCritical
 *fill*         0x0800373c        0x4 
 .text.PendSV_Handler
                0x08003740       0x68 ..\obj\port.o
                0x08003740                PendSV_Handler
 .text.SysTick_Handler
                0x080037a8       0x40 ..\obj\port.o
                0x080037a8                SysTick_Handler
 .text.vPortSetupTimerInterrupt
                0x080037e8       0x28 ..\obj\port.o
                0x080037e8                vPortSetupTimerInterrupt
 .text.vPortEnableVFP
                0x08003810       0x14 ..\obj\port.o
 .text.vPortValidateInterruptPriority
                0x08003824       0x7c ..\obj\port.o
                0x08003824                vPortValidateInterruptPriority
 .text.mem_cpy  0x080038a0       0x3c ..\obj\ff.o
 .text.mem_set  0x080038dc       0x34 ..\obj\ff.o
 .text.mem_cmp  0x08003910       0x50 ..\obj\ff.o
 .text.chk_chr  0x08003960       0x38 ..\obj\ff.o
 .text.sync_window
                0x08003998       0x84 ..\obj\ff.o
 .text.move_window
                0x08003a1c       0x50 ..\obj\ff.o
 .text.sync_fs  0x08003a6c      0x13c ..\obj\ff.o
 .text.clust2sect
                0x08003ba8       0x40 ..\obj\ff.o
                0x08003ba8                clust2sect
 .text.get_fat  0x08003be8      0x160 ..\obj\ff.o
                0x08003be8                get_fat
 .text.put_fat  0x08003d48      0x1fc ..\obj\ff.o
                0x08003d48                put_fat
 .text.remove_chain
                0x08003f44       0xa8 ..\obj\ff.o
 .text.create_chain
                0x08003fec      0x11c ..\obj\ff.o
 .text.dir_sdi  0x08004108      0x104 ..\obj\ff.o
 .text.dir_next
                0x0800420c      0x1a4 ..\obj\ff.o
 .text.dir_alloc
                0x080043b0       0x8c ..\obj\ff.o
 .text.ld_clust
                0x0800443c       0x5c ..\obj\ff.o
 .text.st_clust
                0x08004498       0x48 ..\obj\ff.o
 .text.dir_find
                0x080044e0       0x98 ..\obj\ff.o
 .text.dir_register
                0x08004578       0x64 ..\obj\ff.o
 .text.create_name
                0x080045dc      0x234 ..\obj\ff.o
 .text.get_ldnumber
                0x08004810       0x5c ..\obj\ff.o
 .text.follow_path
                0x0800486c       0xd0 ..\obj\ff.o
 .text.check_fs
                0x0800493c       0xd4 ..\obj\ff.o
 .text.find_volume
                0x08004a10      0x564 ..\obj\ff.o
 .text.validate
                0x08004f74       0x5c ..\obj\ff.o
 .text.f_mount  0x08004fd0       0x84 ..\obj\ff.o
                0x08004fd0                f_mount
 .text.f_open   0x08005054      0x27c ..\obj\ff.o
                0x08005054                f_open
 .text.f_read   0x080052d0      0x270 ..\obj\ff.o
                0x080052d0                f_read
 .text.f_sync   0x08005540      0x148 ..\obj\ff.o
                0x08005540                f_sync
 .text.f_close  0x08005688       0x28 ..\obj\ff.o
                0x08005688                f_close
 .text.SPI_I2S_DeInit
                0x080056b0       0x74 ..\obj\stm32f4xx_spi.o
                0x080056b0                SPI_I2S_DeInit
 .text.SPI_Init
                0x08005724       0x88 ..\obj\stm32f4xx_spi.o
                0x08005724                SPI_Init
 .text.I2S_Init
                0x080057ac      0x1b4 ..\obj\stm32f4xx_spi.o
                0x080057ac                I2S_Init
 .text.SPI_Cmd  0x08005960       0x40 ..\obj\stm32f4xx_spi.o
                0x08005960                SPI_Cmd
 .text.I2S_Cmd  0x080059a0       0x40 ..\obj\stm32f4xx_spi.o
                0x080059a0                I2S_Cmd
 .text.SPI_I2S_SendData
                0x080059e0       0x20 ..\obj\stm32f4xx_spi.o
                0x080059e0                SPI_I2S_SendData
 .text.SPI_I2S_ITConfig
                0x08005a00       0x64 ..\obj\stm32f4xx_spi.o
                0x08005a00                SPI_I2S_ITConfig
 .text.SPI_I2S_GetFlagStatus
                0x08005a64       0x38 ..\obj\stm32f4xx_spi.o
                0x08005a64                SPI_I2S_GetFlagStatus
 .text.SPI_I2S_GetITStatus
                0x08005a9c       0x78 ..\obj\stm32f4xx_spi.o
                0x08005a9c                SPI_I2S_GetITStatus
 .text.SPI_I2S_ClearITPendingBit
                0x08005b14       0x34 ..\obj\stm32f4xx_spi.o
                0x08005b14                SPI_I2S_ClearITPendingBit
 .text.I2C_DeInit
                0x08005b48       0x74 ..\obj\stm32f4xx_i2c.o
                0x08005b48                I2C_DeInit
 .text.I2C_Init
                0x08005bbc      0x184 ..\obj\stm32f4xx_i2c.o
                0x08005bbc                I2C_Init
 .text.I2C_Cmd  0x08005d40       0x40 ..\obj\stm32f4xx_i2c.o
                0x08005d40                I2C_Cmd
 .text.I2C_GenerateSTART
                0x08005d80       0x40 ..\obj\stm32f4xx_i2c.o
                0x08005d80                I2C_GenerateSTART
 .text.I2C_GenerateSTOP
                0x08005dc0       0x40 ..\obj\stm32f4xx_i2c.o
                0x08005dc0                I2C_GenerateSTOP
 .text.I2C_Send7bitAddress
                0x08005e00       0x3c ..\obj\stm32f4xx_i2c.o
                0x08005e00                I2C_Send7bitAddress
 .text.I2C_AcknowledgeConfig
                0x08005e3c       0x40 ..\obj\stm32f4xx_i2c.o
                0x08005e3c                I2C_AcknowledgeConfig
 .text.I2C_SendData
                0x08005e7c       0x20 ..\obj\stm32f4xx_i2c.o
                0x08005e7c                I2C_SendData
 .text.I2C_ReceiveData
                0x08005e9c       0x1c ..\obj\stm32f4xx_i2c.o
                0x08005e9c                I2C_ReceiveData
 .text.I2C_CheckEvent
                0x08005eb8       0x60 ..\obj\stm32f4xx_i2c.o
                0x08005eb8                I2C_CheckEvent
 .text.I2C_GetFlagStatus
                0x08005f18       0x68 ..\obj\stm32f4xx_i2c.o
                0x08005f18                I2C_GetFlagStatus
 .text.NVIC_Init
                0x08005f80       0xc4 ..\obj\misc.o
                0x08005f80                NVIC_Init
 .text.pvPortMalloc
                0x08006044      0x128 ..\obj\heap_2.o
                0x08006044                pvPortMalloc
 .text.vPortFree
                0x0800616c       0x74 ..\obj\heap_2.o
                0x0800616c                vPortFree
 .text.prvHeapInit
                0x080061e0       0x54 ..\obj\heap_2.o
 .text.TIM_TimeBaseInit
                0x08006234       0xd8 ..\obj\stm32f4xx_tim.o
                0x08006234                TIM_TimeBaseInit
 .text.TIM_Cmd  0x0800630c       0x40 ..\obj\stm32f4xx_tim.o
                0x0800630c                TIM_Cmd
 .text.TIM_ITConfig
                0x0800634c       0x48 ..\obj\stm32f4xx_tim.o
                0x0800634c                TIM_ITConfig
 .text.TIM_GetITStatus
                0x08006394       0x54 ..\obj\stm32f4xx_tim.o
                0x08006394                TIM_GetITStatus
 .text.TIM_ClearITPendingBit
                0x080063e8       0x24 ..\obj\stm32f4xx_tim.o
                0x080063e8                TIM_ClearITPendingBit
 .text.spi_init
                0x0800640c       0xd4 ..\obj\fatfs_diskio_sdcard_spi.o
 .text.spi_cs_low
                0x080064e0       0x18 ..\obj\fatfs_diskio_sdcard_spi.o
                0x080064e0                spi_cs_low
 .text.spi_cs_high
                0x080064f8       0x18 ..\obj\fatfs_diskio_sdcard_spi.o
                0x080064f8                spi_cs_high
 .text.spi_txrx
                0x08006510       0x3c ..\obj\fatfs_diskio_sdcard_spi.o
 .text.crc7_one
                0x0800654c       0x54 ..\obj\fatfs_diskio_sdcard_spi.o
 .text.crc16_ccitt
                0x080065a0       0x70 ..\obj\fatfs_diskio_sdcard_spi.o
 .text.crc16    0x08006610       0x44 ..\obj\fatfs_diskio_sdcard_spi.o
                0x08006610                crc16
 .text.my_printf
                0x08006654       0x10 ..\obj\fatfs_diskio_sdcard_spi.o
                0x08006654                my_printf
 .text.sd_cmd   0x08006664       0xc8 ..\obj\fatfs_diskio_sdcard_spi.o
 .text.sd_get_r1
                0x0800672c       0x38 ..\obj\fatfs_diskio_sdcard_spi.o
 .text.sd_get_r2
                0x08006764       0x5c ..\obj\fatfs_diskio_sdcard_spi.o
 .text.sd_get_r7
                0x080067c0       0x6c ..\obj\fatfs_diskio_sdcard_spi.o
 .text.print_r1
                0x0800682c       0x5c ..\obj\fatfs_diskio_sdcard_spi.o
 .text.print_r2
                0x08006888       0x5c ..\obj\fatfs_diskio_sdcard_spi.o
 .text.sd_nec   0x080068e4       0x28 ..\obj\fatfs_diskio_sdcard_spi.o
 .text.sd_init  0x0800690c      0x55c ..\obj\fatfs_diskio_sdcard_spi.o
 .text.sd_read_status
                0x08006e68       0x4c ..\obj\fatfs_diskio_sdcard_spi.o
 .text.sd_get_data
                0x08006eb4       0xc0 ..\obj\fatfs_diskio_sdcard_spi.o
 .text.sd_put_data
                0x08006f74       0xc8 ..\obj\fatfs_diskio_sdcard_spi.o
 .text.sd_read_csd
                0x0800703c      0x4f8 ..\obj\fatfs_diskio_sdcard_spi.o
 .text.sd_read_cid
                0x08007534      0x148 ..\obj\fatfs_diskio_sdcard_spi.o
 .text.sd_readsector
                0x0800767c       0xc0 ..\obj\fatfs_diskio_sdcard_spi.o
 .text.sd_writesector
                0x0800773c       0xd0 ..\obj\fatfs_diskio_sdcard_spi.o
 .text.hwif_init
                0x0800780c       0x74 ..\obj\fatfs_diskio_sdcard_spi.o
                0x0800780c                hwif_init
 .text.sd_read  0x08007880       0x74 ..\obj\fatfs_diskio_sdcard_spi.o
                0x08007880                sd_read
 .text.sd_write
                0x080078f4       0x74 ..\obj\fatfs_diskio_sdcard_spi.o
                0x080078f4                sd_write
 .text.disk_initialize
                0x08007968       0x28 ..\obj\fatfs_diskio_sdcard_spi.o
                0x08007968                disk_initialize
 .text.disk_status
                0x08007990       0x28 ..\obj\fatfs_diskio_sdcard_spi.o
                0x08007990                disk_status
 .text.disk_read
                0x080079b8       0x58 ..\obj\fatfs_diskio_sdcard_spi.o
                0x080079b8                disk_read
 .text.disk_write
                0x08007a10       0x58 ..\obj\fatfs_diskio_sdcard_spi.o
                0x08007a10                disk_write
 .text.disk_ioctl
                0x08007a68       0x6c ..\obj\fatfs_diskio_sdcard_spi.o
                0x08007a68                disk_ioctl
 .text.get_fattime
                0x08007ad4       0x4c ..\obj\fatfs_diskio_sdcard_spi.o
                0x08007ad4                get_fattime
 .text          0x08007b20      0x134 c:/program files (x86)/gnu tools arm embedded/5.2 2015q4/bin/../lib/gcc/arm-none-eabi/5.2.1/../../../../arm-none-eabi/lib/armv7e-m/fpu\libg.a(lib_a-memcpy.o)
                0x08007b20                memcpy
 .text.memset   0x08007c54       0x9c c:/program files (x86)/gnu tools arm embedded/5.2 2015q4/bin/../lib/gcc/arm-none-eabi/5.2.1/../../../../arm-none-eabi/lib/armv7e-m/fpu\libg.a(lib_a-memset.o)
                0x08007c54                memset
 *(.init)
 *(.fini)
 *crtbegin.o(.ctors)
 *crtbegin?.o(.ctors)
 *(EXCLUDE_FILE(*crtend.o *crtend?.o) .ctors)
 *(SORT(.ctors.*))
 *(.ctors)
 *crtbegin.o(.dtors)
 *crtbegin?.o(.dtors)
 *(EXCLUDE_FILE(*crtend.o *crtend?.o) .dtors)
 *(SORT(.dtors.*))
 *(.dtors)
 *(.rodata*)
 .rodata        0x08007cf0       0x72 ..\obj\main.o
 *fill*         0x08007d62        0x2 
 .rodata        0x08007d64        0xd ..\obj\timers.o
 *fill*         0x08007d71        0x3 
 .rodata        0x08007d74        0x5 ..\obj\tasks.o
 *fill*         0x08007d79        0x3 
 .rodata        0x08007d7c        0xf ..\obj\ff.o
 *fill*         0x08007d8b        0x1 
 .rodata        0x08007d8c      0x731 ..\obj\fatfs_diskio_sdcard_spi.o
 *(.eh_fram e*)

.glue_7         0x080084c0        0x0
 .glue_7        0x080084c0        0x0 linker stubs

.glue_7t        0x080084c0        0x0
 .glue_7t       0x080084c0        0x0 linker stubs

.vfp11_veneer   0x080084c0        0x0
 .vfp11_veneer  0x080084c0        0x0 linker stubs

.v4_bx          0x080084c0        0x0
 .v4_bx         0x080084c0        0x0 linker stubs

.iplt           0x080084c0        0x0
 .iplt          0x080084c0        0x0 ..\obj\startup_stm32f4xx.o

.rel.dyn        0x080084c0        0x0
 .rel.iplt      0x080084c0        0x0 ..\obj\startup_stm32f4xx.o

.ARM.extab
 *(.ARM.extab* .gnu.linkonce.armextab.*)
                0x080084c0                __exidx_start = .

.ARM.exidx
 *(.ARM.exidx* .gnu.linkonce.armexidx.*)
                0x080084c0                __exidx_end = .
                0x080084c0                __etext = .
                0x080084bd                _sidata = __etext

.data           0x20000000      0x298 load address 0x080084bd
                0x20000000                __data_start__ = .
                0x20000000                _sdata = __data_start__
 *(vtable)
 *(.data*)
 .data          0x20000000       0x10 ..\obj\stm32f4xx_rcc.o
 .data          0x20000010      0x228 ..\obj\display.o
                0x20000010                font_6x8
 .data          0x20000238        0x4 ..\obj\port.o
 .data          0x2000023c        0x4 ..\obj\heap_2.o
 .data          0x20000240       0x58 ..\obj\fatfs_diskio_sdcard_spi.o
                0x20000298                . = ALIGN (0x4)
                [!provide]                PROVIDE (__preinit_array_start, .)
 *(.preinit_array)
                [!provide]                PROVIDE (__preinit_array_end, .)
                0x20000298                . = ALIGN (0x4)
                [!provide]                PROVIDE (__init_array_start, .)
 *(SORT(.init_array.*))
 *(.init_array)
                [!provide]                PROVIDE (__init_array_end, .)
                0x20000298                . = ALIGN (0x4)
                [!provide]                PROVIDE (__fini_array_start, .)
 *(SORT(.fini_array.*))
 *(.fini_array)
                [!provide]                PROVIDE (__fini_array_end, .)
 *(.jcr*)
                0x20000298                . = ALIGN (0x4)
                0x20000298                __data_end__ = .
                0x20000298                _edata = __data_end__

.igot.plt       0x20000298        0x0 load address 0x08008758
 .igot.plt      0x20000298        0x0 ..\obj\startup_stm32f4xx.o

.bss            0x20000298    0x18224 load address 0x08008758
                0x20000298                . = ALIGN (0x4)
                0x20000298                __bss_start__ = .
                0x20000298                _sbss = __bss_start__
 *(.bss*)
 .bss           0x20000298       0x11 ..\obj\player.o
                0x20000298                cur_buff_ind
                0x2000029c                is_next_buff_ready
                0x200002a0                buff_ptr
                0x200002a4                cur_side_ind
                0x200002a8                player_status
 *fill*         0x200002a9        0x3 
 .bss           0x200002ac       0x3c ..\obj\timers.o
 .bss           0x200002e8      0x104 ..\obj\tasks.o
                0x200002e8                pxCurrentTCB
 .bss           0x200003ec        0x8 ..\obj\port.o
 .bss           0x200003f4        0x6 ..\obj\ff.o
 *fill*         0x200003fa        0x2 
 .bss           0x200003fc    0x12c14 ..\obj\heap_2.o
 *(COMMON)
 COMMON         0x20013010      0x230 ..\obj\main.o
                0x20013010                FATFS_Obj
 COMMON         0x20013240     0x522c ..\obj\player.o
                0x20013240                buff
                0x20018240                file
                0x20018464                cur_data
 COMMON         0x2001846c       0x40 ..\obj\queue.o
                0x2001846c                xQueueRegistry
 COMMON         0x200184ac       0x10 ..\obj\fatfs_diskio_sdcard_spi.o
                0x200184ac                hw
                0x200184bc                . = ALIGN (0x4)
                0x200184bc                __bss_end__ = .
                0x200184bc                _ebss = __bss_end__

.heap           0x200184bc        0x0
                0x200184bc                __end__ = .
                0x200184bc                _end = __end__
                0x200184bc                end = __end__
 *(.heap*)
                0x200184bc                __HeapLimit = .

.co_stack       0x200184bc      0x804 load address 0x0802097c
                0x200184c0                . = ALIGN (0x8)
 *fill*         0x200184bc        0x4 
 *(.co_stack .co_stack.*)
 .co_stack      0x200184c0      0x800 ..\obj\startup_stm32f4xx.o
                0x200184c0                pulStack
                0x20020000                __StackTop = (ORIGIN (ram) + LENGTH (ram))
                0x2001f7fc                __StackLimit = (__StackTop - SIZEOF (.co_stack))
                [!provide]                PROVIDE (__stack, __StackTop)
                0x00000001                ASSERT ((__StackLimit >= __HeapLimit), region ram  overflowed with stack)
LOAD ..\obj\startup_stm32f4xx.o
LOAD ..\obj\main.o
LOAD ..\obj\stm32f4xx_rcc.o
LOAD ..\obj\codec.o
LOAD ..\obj\player.o
LOAD ..\obj\timers.o
LOAD ..\obj\display.o
LOAD ..\obj\tasks.o
LOAD ..\obj\stm32f4xx_gpio.o
LOAD ..\obj\list.o
LOAD ..\obj\system_stm32f4xx.o
LOAD ..\obj\queue.o
LOAD ..\obj\port.o
LOAD ..\obj\ff.o
LOAD ..\obj\croutine.o
LOAD ..\obj\stm32f4xx_spi.o
LOAD ..\obj\event_groups.o
LOAD ..\obj\stm32f4xx_i2c.o
LOAD ..\obj\misc.o
LOAD ..\obj\heap_2.o
LOAD ..\obj\stm32f4xx_tim.o
LOAD ..\obj\fatfs_diskio_sdcard_spi.o
START GROUP
LOAD c:/program files (x86)/gnu tools arm embedded/5.2 2015q4/bin/../lib/gcc/arm-none-eabi/5.2.1/armv7e-m/fpu\libgcc.a
LOAD c:/program files (x86)/gnu tools arm embedded/5.2 2015q4/bin/../lib/gcc/arm-none-eabi/5.2.1/../../../../arm-none-eabi/lib/armv7e-m/fpu\libg.a
LOAD c:/program files (x86)/gnu tools arm embedded/5.2 2015q4/bin/../lib/gcc/arm-none-eabi/5.2.1/../../../../arm-none-eabi/lib/armv7e-m/fpu\libc.a
END GROUP
OUTPUT(player.elf elf32-littlearm)

.debug_info     0x00000000     0xde29
 .debug_info    0x00000000       0xed ..\obj\startup_stm32f4xx.o
 .debug_info    0x000000ed      0x5b0 ..\obj\main.o
 .debug_info    0x0000069d      0xc59 ..\obj\stm32f4xx_rcc.o
 .debug_info    0x000012f6      0x668 ..\obj\codec.o
 .debug_info    0x0000195e      0xba0 ..\obj\player.o
 .debug_info    0x000024fe      0xb86 ..\obj\timers.o
 .debug_info    0x00003084      0x5ed ..\obj\display.o
 .debug_info    0x00003671     0x1db2 ..\obj\tasks.o
 .debug_info    0x00005423      0x61a ..\obj\stm32f4xx_gpio.o
 .debug_info    0x00005a3d      0x2a0 ..\obj\list.o
 .debug_info    0x00005cdd      0x596 ..\obj\system_stm32f4xx.o
 .debug_info    0x00006273     0x1402 ..\obj\queue.o
 .debug_info    0x00007675      0x4fa ..\obj\port.o
 .debug_info    0x00007b6f     0x1793 ..\obj\ff.o
 .debug_info    0x00009302      0xb0f ..\obj\stm32f4xx_spi.o
 .debug_info    0x00009e11      0xb00 ..\obj\stm32f4xx_i2c.o
 .debug_info    0x0000a911      0x541 ..\obj\misc.o
 .debug_info    0x0000ae52      0x2f6 ..\obj\heap_2.o
 .debug_info    0x0000b148     0x1c69 ..\obj\stm32f4xx_tim.o
 .debug_info    0x0000cdb1     0x1078 ..\obj\fatfs_diskio_sdcard_spi.o

.debug_abbrev   0x00000000     0x212b
 .debug_abbrev  0x00000000       0xb0 ..\obj\startup_stm32f4xx.o
 .debug_abbrev  0x000000b0      0x1c7 ..\obj\main.o
 .debug_abbrev  0x00000277      0x1e5 ..\obj\stm32f4xx_rcc.o
 .debug_abbrev  0x0000045c      0x14f ..\obj\codec.o
 .debug_abbrev  0x000005ab      0x204 ..\obj\player.o
 .debug_abbrev  0x000007af      0x1f0 ..\obj\timers.o
 .debug_abbrev  0x0000099f      0x185 ..\obj\display.o
 .debug_abbrev  0x00000b24      0x2c9 ..\obj\tasks.o
 .debug_abbrev  0x00000ded      0x1a7 ..\obj\stm32f4xx_gpio.o
 .debug_abbrev  0x00000f94       0xbc ..\obj\list.o
 .debug_abbrev  0x00001050      0x138 ..\obj\system_stm32f4xx.o
 .debug_abbrev  0x00001188      0x222 ..\obj\queue.o
 .debug_abbrev  0x000013aa      0x1b9 ..\obj\port.o
 .debug_abbrev  0x00001563      0x192 ..\obj\ff.o
 .debug_abbrev  0x000016f5      0x169 ..\obj\stm32f4xx_spi.o
 .debug_abbrev  0x0000185e      0x166 ..\obj\stm32f4xx_i2c.o
 .debug_abbrev  0x000019c4      0x147 ..\obj\misc.o
 .debug_abbrev  0x00001b0b      0x16c ..\obj\heap_2.o
 .debug_abbrev  0x00001c77      0x189 ..\obj\stm32f4xx_tim.o
 .debug_abbrev  0x00001e00      0x32b ..\obj\fatfs_diskio_sdcard_spi.o

.debug_aranges  0x00000000     0x1070
 .debug_aranges
                0x00000000       0x28 ..\obj\startup_stm32f4xx.o
 .debug_aranges
                0x00000028       0x68 ..\obj\main.o
 .debug_aranges
                0x00000090      0x178 ..\obj\stm32f4xx_rcc.o
 .debug_aranges
                0x00000208       0x38 ..\obj\codec.o
 .debug_aranges
                0x00000240       0x80 ..\obj\player.o
 .debug_aranges
                0x000002c0       0xb8 ..\obj\timers.o
 .debug_aranges
                0x00000378       0x60 ..\obj\display.o
 .debug_aranges
                0x000003d8      0x1d8 ..\obj\tasks.o
 .debug_aranges
                0x000005b0       0x88 ..\obj\stm32f4xx_gpio.o
 .debug_aranges
                0x00000638       0x40 ..\obj\list.o
 .debug_aranges
                0x00000678       0x30 ..\obj\system_stm32f4xx.o
 .debug_aranges
                0x000006a8      0x118 ..\obj\queue.o
 .debug_aranges
                0x000007c0       0x80 ..\obj\port.o
 .debug_aranges
                0x00000840      0x188 ..\obj\ff.o
 .debug_aranges
                0x000009c8       0xe0 ..\obj\stm32f4xx_spi.o
 .debug_aranges
                0x00000aa8      0x120 ..\obj\stm32f4xx_i2c.o
 .debug_aranges
                0x00000bc8       0x40 ..\obj\misc.o
 .debug_aranges
                0x00000c08       0x40 ..\obj\heap_2.o
 .debug_aranges
                0x00000c48      0x2f8 ..\obj\stm32f4xx_tim.o
 .debug_aranges
                0x00000f40      0x130 ..\obj\fatfs_diskio_sdcard_spi.o

.debug_ranges   0x00000000      0xf30
 .debug_ranges  0x00000000       0x18 ..\obj\startup_stm32f4xx.o
 .debug_ranges  0x00000018       0x58 ..\obj\main.o
 .debug_ranges  0x00000070      0x168 ..\obj\stm32f4xx_rcc.o
 .debug_ranges  0x000001d8       0x28 ..\obj\codec.o
 .debug_ranges  0x00000200       0x70 ..\obj\player.o
 .debug_ranges  0x00000270       0xa8 ..\obj\timers.o
 .debug_ranges  0x00000318       0x50 ..\obj\display.o
 .debug_ranges  0x00000368      0x1c8 ..\obj\tasks.o
 .debug_ranges  0x00000530       0x78 ..\obj\stm32f4xx_gpio.o
 .debug_ranges  0x000005a8       0x30 ..\obj\list.o
 .debug_ranges  0x000005d8       0x20 ..\obj\system_stm32f4xx.o
 .debug_ranges  0x000005f8      0x108 ..\obj\queue.o
 .debug_ranges  0x00000700       0x70 ..\obj\port.o
 .debug_ranges  0x00000770      0x178 ..\obj\ff.o
 .debug_ranges  0x000008e8       0xd0 ..\obj\stm32f4xx_spi.o
 .debug_ranges  0x000009b8      0x110 ..\obj\stm32f4xx_i2c.o
 .debug_ranges  0x00000ac8       0x30 ..\obj\misc.o
 .debug_ranges  0x00000af8       0x30 ..\obj\heap_2.o
 .debug_ranges  0x00000b28      0x2e8 ..\obj\stm32f4xx_tim.o
 .debug_ranges  0x00000e10      0x120 ..\obj\fatfs_diskio_sdcard_spi.o

.debug_line     0x00000000     0x6c63
 .debug_line    0x00000000       0xb1 ..\obj\startup_stm32f4xx.o
 .debug_line    0x000000b1      0x3b7 ..\obj\main.o
 .debug_line    0x00000468      0x605 ..\obj\stm32f4xx_rcc.o
 .debug_line    0x00000a6d      0x374 ..\obj\codec.o
 .debug_line    0x00000de1      0x3ce ..\obj\player.o
 .debug_line    0x000011af      0x4c1 ..\obj\timers.o
 .debug_line    0x00001670      0x358 ..\obj\display.o
 .debug_line    0x000019c8      0xe06 ..\obj\tasks.o
 .debug_line    0x000027ce      0x3c0 ..\obj\stm32f4xx_gpio.o
 .debug_line    0x00002b8e      0x1d2 ..\obj\list.o
 .debug_line    0x00002d60      0x222 ..\obj\system_stm32f4xx.o
 .debug_line    0x00002f82      0x9b1 ..\obj\queue.o
 .debug_line    0x00003933      0x350 ..\obj\port.o
 .debug_line    0x00003c83      0xcd0 ..\obj\ff.o
 .debug_line    0x00004953      0x4b9 ..\obj\stm32f4xx_spi.o
 .debug_line    0x00004e0c      0x54b ..\obj\stm32f4xx_i2c.o
 .debug_line    0x00005357      0x29e ..\obj\misc.o
 .debug_line    0x000055f5      0x268 ..\obj\heap_2.o
 .debug_line    0x0000585d      0xb21 ..\obj\stm32f4xx_tim.o
 .debug_line    0x0000637e      0x8e5 ..\obj\fatfs_diskio_sdcard_spi.o

.debug_str      0x00000000     0x4f02
 .debug_str     0x00000000      0x168 ..\obj\startup_stm32f4xx.o
                                0x17a (size before relaxing)
 .debug_str     0x00000168      0x4fd ..\obj\main.o
                                0x602 (size before relaxing)
 .debug_str     0x00000665      0x6b9 ..\obj\stm32f4xx_rcc.o
                                0x883 (size before relaxing)
 .debug_str     0x00000d1e      0x21e ..\obj\codec.o
                                0x585 (size before relaxing)
 .debug_str     0x00000f3c      0x857 ..\obj\player.o
                                0xc78 (size before relaxing)
 .debug_str     0x00001793      0x55a ..\obj\timers.o
                                0x74d (size before relaxing)
 .debug_str     0x00001ced      0x195 ..\obj\display.o
                                0x54b (size before relaxing)
 .debug_str     0x00001e82      0xc53 ..\obj\tasks.o
                                0xf53 (size before relaxing)
 .debug_str     0x00002ad5      0x1b3 ..\obj\stm32f4xx_gpio.o
                                0x4d6 (size before relaxing)
 .debug_str     0x00002c88       0xd5 ..\obj\list.o
                                0x2d8 (size before relaxing)
 .debug_str     0x00002d5d      0x128 ..\obj\system_stm32f4xx.o
                                0x3dd (size before relaxing)
 .debug_str     0x00002e85      0x507 ..\obj\queue.o
                                0x86b (size before relaxing)
 .debug_str     0x0000338c      0x208 ..\obj\port.o
                                0x400 (size before relaxing)
 .debug_str     0x00003594      0x2f4 ..\obj\ff.o
                                0x617 (size before relaxing)
 .debug_str     0x00003888      0x2bf ..\obj\stm32f4xx_spi.o
                                0x6bd (size before relaxing)
 .debug_str     0x00003b47      0x350 ..\obj\stm32f4xx_i2c.o
                                0x698 (size before relaxing)
 .debug_str     0x00003e97      0x171 ..\obj\misc.o
                                0x401 (size before relaxing)
 .debug_str     0x00004008      0x175 ..\obj\heap_2.o
                                0x32f (size before relaxing)
 .debug_str     0x0000417d      0xa96 ..\obj\stm32f4xx_tim.o
                                0xe03 (size before relaxing)
 .debug_str     0x00004c13      0x2ef ..\obj\fatfs_diskio_sdcard_spi.o
                                0x7a1 (size before relaxing)

.comment        0x00000000       0x6e
 .comment       0x00000000       0x6e ..\obj\startup_stm32f4xx.o
                                 0x6f (size before relaxing)
 .comment       0x0000006e       0x6f ..\obj\main.o
 .comment       0x0000006e       0x6f ..\obj\stm32f4xx_rcc.o
 .comment       0x0000006e       0x6f ..\obj\codec.o
 .comment       0x0000006e       0x6f ..\obj\player.o
 .comment       0x0000006e       0x6f ..\obj\timers.o
 .comment       0x0000006e       0x6f ..\obj\display.o
 .comment       0x0000006e       0x6f ..\obj\tasks.o
 .comment       0x0000006e       0x6f ..\obj\stm32f4xx_gpio.o
 .comment       0x0000006e       0x6f ..\obj\list.o
 .comment       0x0000006e       0x6f ..\obj\system_stm32f4xx.o
 .comment       0x0000006e       0x6f ..\obj\queue.o
 .comment       0x0000006e       0x6f ..\obj\port.o
 .comment       0x0000006e       0x6f ..\obj\ff.o
 .comment       0x0000006e       0x6f ..\obj\stm32f4xx_spi.o
 .comment       0x0000006e       0x6f ..\obj\stm32f4xx_i2c.o
 .comment       0x0000006e       0x6f ..\obj\misc.o
 .comment       0x0000006e       0x6f ..\obj\heap_2.o
 .comment       0x0000006e       0x6f ..\obj\stm32f4xx_tim.o
 .comment       0x0000006e       0x6f ..\obj\fatfs_diskio_sdcard_spi.o

.ARM.attributes
                0x00000000       0x37
 .ARM.attributes
                0x00000000       0x39 ..\obj\startup_stm32f4xx.o
 .ARM.attributes
                0x00000039       0x39 ..\obj\main.o
 .ARM.attributes
                0x00000072       0x39 ..\obj\stm32f4xx_rcc.o
 .ARM.attributes
                0x000000ab       0x39 ..\obj\codec.o
 .ARM.attributes
                0x000000e4       0x39 ..\obj\player.o
 .ARM.attributes
                0x0000011d       0x39 ..\obj\timers.o
 .ARM.attributes
                0x00000156       0x39 ..\obj\display.o
 .ARM.attributes
                0x0000018f       0x39 ..\obj\tasks.o
 .ARM.attributes
                0x000001c8       0x39 ..\obj\stm32f4xx_gpio.o
 .ARM.attributes
                0x00000201       0x39 ..\obj\list.o
 .ARM.attributes
                0x0000023a       0x39 ..\obj\system_stm32f4xx.o
 .ARM.attributes
                0x00000273       0x39 ..\obj\queue.o
 .ARM.attributes
                0x000002ac       0x39 ..\obj\port.o
 .ARM.attributes
                0x000002e5       0x39 ..\obj\ff.o
 .ARM.attributes
                0x0000031e       0x39 ..\obj\stm32f4xx_spi.o
 .ARM.attributes
                0x00000357       0x39 ..\obj\stm32f4xx_i2c.o
 .ARM.attributes
                0x00000390       0x39 ..\obj\misc.o
 .ARM.attributes
                0x000003c9       0x39 ..\obj\heap_2.o
 .ARM.attributes
                0x00000402       0x39 ..\obj\stm32f4xx_tim.o
 .ARM.attributes
                0x0000043b       0x39 ..\obj\fatfs_diskio_sdcard_spi.o
 .ARM.attributes
                0x00000474       0x20 c:/program files (x86)/gnu tools arm embedded/5.2 2015q4/bin/../lib/gcc/arm-none-eabi/5.2.1/../../../../arm-none-eabi/lib/armv7e-m/fpu\libg.a(lib_a-memcpy.o)
 .ARM.attributes
                0x00000494       0x34 c:/program files (x86)/gnu tools arm embedded/5.2 2015q4/bin/../lib/gcc/arm-none-eabi/5.2.1/../../../../arm-none-eabi/lib/armv7e-m/fpu\libg.a(lib_a-memset.o)

.debug_frame    0x00000000     0x4638
 .debug_frame   0x00000000       0x4c ..\obj\startup_stm32f4xx.o
 .debug_frame   0x0000004c      0x154 ..\obj\main.o
 .debug_frame   0x000001a0      0x6d4 ..\obj\stm32f4xx_rcc.o
 .debug_frame   0x00000874       0xa0 ..\obj\codec.o
 .debug_frame   0x00000914      0x1a4 ..\obj\player.o
 .debug_frame   0x00000ab8      0x2f0 ..\obj\timers.o
 .debug_frame   0x00000da8      0x158 ..\obj\display.o
 .debug_frame   0x00000f00      0x808 ..\obj\tasks.o
 .debug_frame   0x00001708      0x23c ..\obj\stm32f4xx_gpio.o
 .debug_frame   0x00001944       0xd8 ..\obj\list.o
 .debug_frame   0x00001a1c       0x7c ..\obj\system_stm32f4xx.o
 .debug_frame   0x00001a98      0x4c0 ..\obj\queue.o
 .debug_frame   0x00001f58      0x19c ..\obj\port.o
 .debug_frame   0x000020f4      0x6d0 ..\obj\ff.o
 .debug_frame   0x000027c4      0x3f4 ..\obj\stm32f4xx_spi.o
 .debug_frame   0x00002bb8      0x530 ..\obj\stm32f4xx_i2c.o
 .debug_frame   0x000030e8       0xd8 ..\obj\misc.o
 .debug_frame   0x000031c0       0xc0 ..\obj\heap_2.o
 .debug_frame   0x00003280      0xe54 ..\obj\stm32f4xx_tim.o
 .debug_frame   0x000040d4      0x530 ..\obj\fatfs_diskio_sdcard_spi.o
 .debug_frame   0x00004604       0x34 c:/program files (x86)/gnu tools arm embedded/5.2 2015q4/bin/../lib/gcc/arm-none-eabi/5.2.1/../../../../arm-none-eabi/lib/armv7e-m/fpu\libg.a(lib_a-memset.o)
