Archive member included to satisfy reference by file (symbol)

c:/program files (x86)/gnu tools arm embedded/5.2 2015q4/bin/../lib/gcc/arm-none-eabi/5.2.1/../../../../arm-none-eabi/lib/armv7e-m/fpu\libg.a(lib_a-memcpy.o)
                              ..\obj\queue.o (memcpy)
c:/program files (x86)/gnu tools arm embedded/5.2 2015q4/bin/../lib/gcc/arm-none-eabi/5.2.1/../../../../arm-none-eabi/lib/armv7e-m/fpu\libg.a(lib_a-memset.o)
                              ..\obj\player.o (memset)
c:/program files (x86)/gnu tools arm embedded/5.2 2015q4/bin/../lib/gcc/arm-none-eabi/5.2.1/../../../../arm-none-eabi/lib/armv7e-m/fpu\libg.a(lib_a-strcat.o)
                              ..\obj\ui.o (strcat)
c:/program files (x86)/gnu tools arm embedded/5.2 2015q4/bin/../lib/gcc/arm-none-eabi/5.2.1/../../../../arm-none-eabi/lib/armv7e-m/fpu\libg.a(lib_a-strcmp.o)
                              ..\obj\ui.o (strcmp)
c:/program files (x86)/gnu tools arm embedded/5.2 2015q4/bin/../lib/gcc/arm-none-eabi/5.2.1/../../../../arm-none-eabi/lib/armv7e-m/fpu\libg.a(lib_a-strcpy.o)
                              ..\obj\ui.o (strcpy)
c:/program files (x86)/gnu tools arm embedded/5.2 2015q4/bin/../lib/gcc/arm-none-eabi/5.2.1/../../../../arm-none-eabi/lib/armv7e-m/fpu\libg.a(lib_a-strlen.o)
                              ..\obj\ui.o (strlen)

Allocating common symbols
Common symbol       size              file

buff                0x5000            ..\obj\player.o
xQueueRegistry      0x40              ..\obj\queue.o
file                0x224             ..\obj\player.o
FATFS_Obj           0x230             ..\obj\main.o
hw                  0x10              ..\obj\fatfs_diskio_sdcard_spi.o
cur_data            0x8               ..\obj\player.o
track_list          0x190             ..\obj\ui.o

Discarded input sections

 .text          0x00000000        0x0 ..\obj\ui.o
 .text          0x00000000        0x0 ..\obj\stm32f4xx_syscfg.o
 .data          0x00000000        0x0 ..\obj\stm32f4xx_syscfg.o
 .bss           0x00000000        0x0 ..\obj\stm32f4xx_syscfg.o
 .text.SYSCFG_DeInit
                0x00000000       0x1c ..\obj\stm32f4xx_syscfg.o
 .text.SYSCFG_MemoryRemapConfig
                0x00000000       0x20 ..\obj\stm32f4xx_syscfg.o
 .text.SYSCFG_EXTILineConfig
                0x00000000       0x84 ..\obj\stm32f4xx_syscfg.o
 .text.SYSCFG_ETH_MediaInterfaceConfig
                0x00000000       0x20 ..\obj\stm32f4xx_syscfg.o
 .text.SYSCFG_CompensationCellCmd
                0x00000000       0x20 ..\obj\stm32f4xx_syscfg.o
 .text.SYSCFG_GetCompensationCellStatus
                0x00000000       0x34 ..\obj\stm32f4xx_syscfg.o
 .debug_info    0x00000000      0x274 ..\obj\stm32f4xx_syscfg.o
 .debug_abbrev  0x00000000      0x133 ..\obj\stm32f4xx_syscfg.o
 .debug_aranges
                0x00000000       0x48 ..\obj\stm32f4xx_syscfg.o
 .debug_ranges  0x00000000       0x38 ..\obj\stm32f4xx_syscfg.o
 .debug_line    0x00000000      0x25b ..\obj\stm32f4xx_syscfg.o
 .debug_str     0x00000000      0x327 ..\obj\stm32f4xx_syscfg.o
 .comment       0x00000000       0x6f ..\obj\stm32f4xx_syscfg.o
 .debug_frame   0x00000000       0xf4 ..\obj\stm32f4xx_syscfg.o
 .ARM.attributes
                0x00000000       0x39 ..\obj\stm32f4xx_syscfg.o
 .text          0x00000000        0x0 ..\obj\startup_stm32f4xx.o
 .data          0x00000000        0x0 ..\obj\startup_stm32f4xx.o
 .bss           0x00000000        0x0 ..\obj\startup_stm32f4xx.o
 .text          0x00000000        0x0 ..\obj\main.o
 .data          0x00000000        0x0 ..\obj\main.o
 .bss           0x00000000        0x0 ..\obj\main.o
 .text          0x00000000        0x0 ..\obj\stm32f4xx_rcc.o
 .bss           0x00000000        0x0 ..\obj\stm32f4xx_rcc.o
 .text.RCC_DeInit
                0x00000000       0x50 ..\obj\stm32f4xx_rcc.o
 .text.RCC_HSEConfig
                0x00000000       0x28 ..\obj\stm32f4xx_rcc.o
 .text.RCC_WaitForHSEStartUp
                0x00000000       0x50 ..\obj\stm32f4xx_rcc.o
 .text.RCC_AdjustHSICalibrationValue
                0x00000000       0x3c ..\obj\stm32f4xx_rcc.o
 .text.RCC_HSICmd
                0x00000000       0x20 ..\obj\stm32f4xx_rcc.o
 .text.RCC_LSEConfig
                0x00000000       0x44 ..\obj\stm32f4xx_rcc.o
 .text.RCC_LSICmd
                0x00000000       0x20 ..\obj\stm32f4xx_rcc.o
 .text.RCC_PLLConfig
                0x00000000       0x40 ..\obj\stm32f4xx_rcc.o
 .text.RCC_PLLCmd
                0x00000000       0x20 ..\obj\stm32f4xx_rcc.o
 .text.RCC_PLLI2SConfig
                0x00000000       0x2c ..\obj\stm32f4xx_rcc.o
 .text.RCC_ClockSecuritySystemCmd
                0x00000000       0x20 ..\obj\stm32f4xx_rcc.o
 .text.RCC_MCO1Config
                0x00000000       0x40 ..\obj\stm32f4xx_rcc.o
 .text.RCC_MCO2Config
                0x00000000       0x40 ..\obj\stm32f4xx_rcc.o
 .text.RCC_SYSCLKConfig
                0x00000000       0x38 ..\obj\stm32f4xx_rcc.o
 .text.RCC_GetSYSCLKSource
                0x00000000       0x20 ..\obj\stm32f4xx_rcc.o
 .text.RCC_HCLKConfig
                0x00000000       0x38 ..\obj\stm32f4xx_rcc.o
 .text.RCC_PCLK1Config
                0x00000000       0x38 ..\obj\stm32f4xx_rcc.o
 .text.RCC_PCLK2Config
                0x00000000       0x3c ..\obj\stm32f4xx_rcc.o
 .text.RCC_RTCCLKConfig
                0x00000000       0x5c ..\obj\stm32f4xx_rcc.o
 .text.RCC_RTCCLKCmd
                0x00000000       0x20 ..\obj\stm32f4xx_rcc.o
 .text.RCC_BackupResetCmd
                0x00000000       0x20 ..\obj\stm32f4xx_rcc.o
 .text.RCC_I2SCLKConfig
                0x00000000       0x20 ..\obj\stm32f4xx_rcc.o
 .text.RCC_AHB2PeriphClockCmd
                0x00000000       0x40 ..\obj\stm32f4xx_rcc.o
 .text.RCC_AHB3PeriphClockCmd
                0x00000000       0x40 ..\obj\stm32f4xx_rcc.o
 .text.RCC_AHB1PeriphResetCmd
                0x00000000       0x40 ..\obj\stm32f4xx_rcc.o
 .text.RCC_AHB2PeriphResetCmd
                0x00000000       0x40 ..\obj\stm32f4xx_rcc.o
 .text.RCC_AHB3PeriphResetCmd
                0x00000000       0x40 ..\obj\stm32f4xx_rcc.o
 .text.RCC_AHB1PeriphClockLPModeCmd
                0x00000000       0x40 ..\obj\stm32f4xx_rcc.o
 .text.RCC_AHB2PeriphClockLPModeCmd
                0x00000000       0x40 ..\obj\stm32f4xx_rcc.o
 .text.RCC_AHB3PeriphClockLPModeCmd
                0x00000000       0x40 ..\obj\stm32f4xx_rcc.o
 .text.RCC_APB1PeriphClockLPModeCmd
                0x00000000       0x40 ..\obj\stm32f4xx_rcc.o
 .text.RCC_APB2PeriphClockLPModeCmd
                0x00000000       0x40 ..\obj\stm32f4xx_rcc.o
 .text.RCC_ITConfig
                0x00000000       0x4c ..\obj\stm32f4xx_rcc.o
 .text.RCC_GetFlagStatus
                0x00000000       0x74 ..\obj\stm32f4xx_rcc.o
 .text.RCC_ClearFlag
                0x00000000       0x20 ..\obj\stm32f4xx_rcc.o
 .text.RCC_GetITStatus
                0x00000000       0x38 ..\obj\stm32f4xx_rcc.o
 .text.RCC_ClearITPendingBit
                0x00000000       0x20 ..\obj\stm32f4xx_rcc.o
 .text          0x00000000        0x0 ..\obj\codec.o
 .data          0x00000000        0x0 ..\obj\codec.o
 .bss           0x00000000        0x0 ..\obj\codec.o
 .text          0x00000000        0x0 ..\obj\player.o
 .rodata        0x00000000        0xc ..\obj\player.o
 .text.player_get_status
                0x00000000       0x18 ..\obj\player.o
 .text          0x00000000        0x0 ..\obj\timers.o
 .data          0x00000000        0x0 ..\obj\timers.o
 .text.xTimerCreate
                0x00000000       0x3c ..\obj\timers.o
 .text.prvInitialiseNewTimer
                0x00000000       0x64 ..\obj\timers.o
 .text.xTimerGetTimerDaemonTaskHandle
                0x00000000       0x38 ..\obj\timers.o
 .text.xTimerGetPeriod
                0x00000000       0x38 ..\obj\timers.o
 .text.xTimerGetExpiryTime
                0x00000000       0x3c ..\obj\timers.o
 .text.pcTimerGetName
                0x00000000       0x38 ..\obj\timers.o
 .text.xTimerIsTimerActive
                0x00000000       0x48 ..\obj\timers.o
 .text.pvTimerGetTimerID
                0x00000000       0x40 ..\obj\timers.o
 .text.vTimerSetTimerID
                0x00000000       0x40 ..\obj\timers.o
 .text          0x00000000        0x0 ..\obj\display.o
 .bss           0x00000000        0x0 ..\obj\display.o
 .text.display_write_int
                0x00000000       0x78 ..\obj\display.o
 .text          0x00000000        0x0 ..\obj\tasks.o
 .data          0x00000000        0x0 ..\obj\tasks.o
 .text.vTaskDelete
                0x00000000      0x128 ..\obj\tasks.o
 .text.vTaskDelayUntil
                0x00000000       0xf4 ..\obj\tasks.o
 .text.eTaskGetState
                0x00000000       0xb0 ..\obj\tasks.o
 .text.uxTaskPriorityGet
                0x00000000       0x34 ..\obj\tasks.o
 .text.uxTaskPriorityGetFromISR
                0x00000000       0x58 ..\obj\tasks.o
 .text.vTaskPrioritySet
                0x00000000      0x15c ..\obj\tasks.o
 .text.vTaskSuspend
                0x00000000      0x110 ..\obj\tasks.o
 .text.prvTaskIsTaskSuspended
                0x00000000       0x74 ..\obj\tasks.o
 .text.vTaskResume
                0x00000000       0xb8 ..\obj\tasks.o
 .text.xTaskResumeFromISR
                0x00000000       0xe0 ..\obj\tasks.o
 .text.vTaskEndScheduler
                0x00000000       0x30 ..\obj\tasks.o
 .text.xTaskGetTickCountFromISR
                0x00000000       0x24 ..\obj\tasks.o
 .text.uxTaskGetNumberOfTasks
                0x00000000       0x18 ..\obj\tasks.o
 .text.pcTaskGetName
                0x00000000       0x48 ..\obj\tasks.o
 .text.uxTaskGetSystemState
                0x00000000      0x11c ..\obj\tasks.o
 .text.vTaskPlaceOnUnorderedEventList
                0x00000000       0x74 ..\obj\tasks.o
 .text.xTaskRemoveFromUnorderedEventList
                0x00000000       0xcc ..\obj\tasks.o
 .text.uxTaskGetTaskNumber
                0x00000000       0x2c ..\obj\tasks.o
 .text.vTaskSetTaskNumber
                0x00000000       0x28 ..\obj\tasks.o
 .text.vTaskGetTaskInfo
                0x00000000       0xbc ..\obj\tasks.o
 .text.prvListTasksWithinSingleList
                0x00000000       0xa4 ..\obj\tasks.o
 .text.prvTaskCheckFreeStackSpace
                0x00000000       0x38 ..\obj\tasks.o
 .text.xTaskGetCurrentTaskHandle
                0x00000000       0x20 ..\obj\tasks.o
 .text.uxTaskResetEventItemValue
                0x00000000       0x30 ..\obj\tasks.o
 .text.ulTaskNotifyTake
                0x00000000       0x90 ..\obj\tasks.o
 .text.xTaskNotifyWait
                0x00000000       0xb4 ..\obj\tasks.o
 .text.xTaskGenericNotify
                0x00000000      0x140 ..\obj\tasks.o
 .text.xTaskGenericNotifyFromISR
                0x00000000      0x18c ..\obj\tasks.o
 .text.vTaskNotifyGiveFromISR
                0x00000000      0x120 ..\obj\tasks.o
 .text.xTaskNotifyStateClear
                0x00000000       0x4c ..\obj\tasks.o
 .text          0x00000000        0x0 ..\obj\stm32f4xx_gpio.o
 .data          0x00000000        0x0 ..\obj\stm32f4xx_gpio.o
 .bss           0x00000000        0x0 ..\obj\stm32f4xx_gpio.o
 .text.GPIO_DeInit
                0x00000000      0x120 ..\obj\stm32f4xx_gpio.o
 .text.GPIO_StructInit
                0x00000000       0x34 ..\obj\stm32f4xx_gpio.o
 .text.GPIO_PinLockConfig
                0x00000000       0x44 ..\obj\stm32f4xx_gpio.o
 .text.GPIO_ReadInputData
                0x00000000       0x1c ..\obj\stm32f4xx_gpio.o
 .text.GPIO_ReadOutputDataBit
                0x00000000       0x34 ..\obj\stm32f4xx_gpio.o
 .text.GPIO_ReadOutputData
                0x00000000       0x1c ..\obj\stm32f4xx_gpio.o
 .text.GPIO_WriteBit
                0x00000000       0x30 ..\obj\stm32f4xx_gpio.o
 .text.GPIO_Write
                0x00000000       0x20 ..\obj\stm32f4xx_gpio.o
 .text.GPIO_ToggleBits
                0x00000000       0x24 ..\obj\stm32f4xx_gpio.o
 .text          0x00000000        0x0 ..\obj\list.o
 .data          0x00000000        0x0 ..\obj\list.o
 .bss           0x00000000        0x0 ..\obj\list.o
 .text          0x00000000        0x0 ..\obj\system_stm32f4xx.o
 .data          0x00000000       0x14 ..\obj\system_stm32f4xx.o
 .bss           0x00000000        0x0 ..\obj\system_stm32f4xx.o
 .text.SystemCoreClockUpdate
                0x00000000       0xfc ..\obj\system_stm32f4xx.o
 .text          0x00000000        0x0 ..\obj\queue.o
 .data          0x00000000        0x0 ..\obj\queue.o
 .bss           0x00000000        0x0 ..\obj\queue.o
 .text.prvInitialiseMutex
                0x00000000       0x34 ..\obj\queue.o
 .text.xQueueCreateMutex
                0x00000000       0x30 ..\obj\queue.o
 .text.xQueueGiveMutexRecursive
                0x00000000       0x68 ..\obj\queue.o
 .text.xQueueTakeMutexRecursive
                0x00000000       0x70 ..\obj\queue.o
 .text.xQueueCreateCountingSemaphore
                0x00000000       0x64 ..\obj\queue.o
 .text.xQueueGiveFromISR
                0x00000000      0x114 ..\obj\queue.o
 .text.xQueueReceiveFromISR
                0x00000000       0xfc ..\obj\queue.o
 .text.xQueuePeekFromISR
                0x00000000       0xcc ..\obj\queue.o
 .text.uxQueueMessagesWaiting
                0x00000000       0x3c ..\obj\queue.o
 .text.uxQueueSpacesAvailable
                0x00000000       0x44 ..\obj\queue.o
 .text.uxQueueMessagesWaitingFromISR
                0x00000000       0x38 ..\obj\queue.o
 .text.vQueueDelete
                0x00000000       0x3c ..\obj\queue.o
 .text.uxQueueGetQueueNumber
                0x00000000       0x18 ..\obj\queue.o
 .text.vQueueSetQueueNumber
                0x00000000       0x1c ..\obj\queue.o
 .text.ucQueueGetQueueType
                0x00000000       0x1c ..\obj\queue.o
 .text.xQueueIsQueueEmptyFromISR
                0x00000000       0x44 ..\obj\queue.o
 .text.xQueueIsQueueFullFromISR
                0x00000000       0x48 ..\obj\queue.o
 .text.pcQueueGetName
                0x00000000       0x4c ..\obj\queue.o
 .text.vQueueUnregisterQueue
                0x00000000       0x54 ..\obj\queue.o
 .text          0x00000000        0x0 ..\obj\port.o
 .rodata        0x00000000        0x4 ..\obj\port.o
 .text.vPortEndScheduler
                0x00000000       0x34 ..\obj\port.o
 .text          0x00000000        0x0 ..\obj\ff.o
 .data          0x00000000        0x0 ..\obj\ff.o
 .text.dir_remove
                0x00000000       0x54 ..\obj\ff.o
 .text.f_write  0x00000000      0x2d4 ..\obj\ff.o
 .text.f_stat   0x00000000       0x74 ..\obj\ff.o
 .text.f_getfree
                0x00000000      0x188 ..\obj\ff.o
 .text.f_truncate
                0x00000000      0x148 ..\obj\ff.o
 .text.f_unlink
                0x00000000      0x154 ..\obj\ff.o
 .text.f_mkdir  0x00000000      0x23c ..\obj\ff.o
 .text.f_chmod  0x00000000       0xac ..\obj\ff.o
 .text.f_utime  0x00000000       0xb4 ..\obj\ff.o
 .text.f_rename
                0x00000000      0x1b4 ..\obj\ff.o
 .text          0x00000000        0x0 ..\obj\croutine.o
 .data          0x00000000        0x0 ..\obj\croutine.o
 .bss           0x00000000        0x0 ..\obj\croutine.o
 .debug_info    0x00000000       0x75 ..\obj\croutine.o
 .debug_abbrev  0x00000000       0x24 ..\obj\croutine.o
 .debug_aranges
                0x00000000       0x18 ..\obj\croutine.o
 .debug_line    0x00000000       0x1d ..\obj\croutine.o
 .debug_str     0x00000000      0x189 ..\obj\croutine.o
 .comment       0x00000000       0x6f ..\obj\croutine.o
 .ARM.attributes
                0x00000000       0x39 ..\obj\croutine.o
 .text          0x00000000        0x0 ..\obj\stm32f4xx_spi.o
 .data          0x00000000        0x0 ..\obj\stm32f4xx_spi.o
 .bss           0x00000000        0x0 ..\obj\stm32f4xx_spi.o
 .text.SPI_StructInit
                0x00000000       0x4c ..\obj\stm32f4xx_spi.o
 .text.I2S_StructInit
                0x00000000       0x38 ..\obj\stm32f4xx_spi.o
 .text.SPI_DataSizeConfig
                0x00000000       0x38 ..\obj\stm32f4xx_spi.o
 .text.SPI_BiDirectionalLineConfig
                0x00000000       0x44 ..\obj\stm32f4xx_spi.o
 .text.SPI_NSSInternalSoftwareConfig
                0x00000000       0x44 ..\obj\stm32f4xx_spi.o
 .text.SPI_SSOutputCmd
                0x00000000       0x40 ..\obj\stm32f4xx_spi.o
 .text.SPI_TIModeCmd
                0x00000000       0x40 ..\obj\stm32f4xx_spi.o
 .text.I2S_FullDuplexConfig
                0x00000000       0x9c ..\obj\stm32f4xx_spi.o
 .text.SPI_I2S_ReceiveData
                0x00000000       0x1c ..\obj\stm32f4xx_spi.o
 .text.SPI_CalculateCRC
                0x00000000       0x40 ..\obj\stm32f4xx_spi.o
 .text.SPI_TransmitCRC
                0x00000000       0x24 ..\obj\stm32f4xx_spi.o
 .text.SPI_GetCRC
                0x00000000       0x34 ..\obj\stm32f4xx_spi.o
 .text.SPI_GetCRCPolynomial
                0x00000000       0x1c ..\obj\stm32f4xx_spi.o
 .text.SPI_I2S_DMACmd
                0x00000000       0x48 ..\obj\stm32f4xx_spi.o
 .text.SPI_I2S_ClearFlag
                0x00000000       0x24 ..\obj\stm32f4xx_spi.o
 .text          0x00000000        0x0 ..\obj\event_groups.o
 .data          0x00000000        0x0 ..\obj\event_groups.o
 .bss           0x00000000        0x0 ..\obj\event_groups.o
 .text.xEventGroupCreate
                0x00000000       0x30 ..\obj\event_groups.o
 .text.xEventGroupSync
                0x00000000      0x154 ..\obj\event_groups.o
 .text.xEventGroupWaitBits
                0x00000000      0x190 ..\obj\event_groups.o
 .text.xEventGroupClearBits
                0x00000000       0x6c ..\obj\event_groups.o
 .text.xEventGroupGetBitsFromISR
                0x00000000       0x48 ..\obj\event_groups.o
 .text.xEventGroupSetBits
                0x00000000      0x114 ..\obj\event_groups.o
 .text.vEventGroupDelete
                0x00000000       0x60 ..\obj\event_groups.o
 .text.vEventGroupSetBitsCallback
                0x00000000       0x1c ..\obj\event_groups.o
 .text.vEventGroupClearBitsCallback
                0x00000000       0x1c ..\obj\event_groups.o
 .text.prvTestWaitCondition
                0x00000000       0x44 ..\obj\event_groups.o
 .text.uxEventGroupGetNumber
                0x00000000       0x2c ..\obj\event_groups.o
 .debug_info    0x00000000      0x8c5 ..\obj\event_groups.o
 .debug_abbrev  0x00000000      0x1f2 ..\obj\event_groups.o
 .debug_aranges
                0x00000000       0x70 ..\obj\event_groups.o
 .debug_ranges  0x00000000       0x60 ..\obj\event_groups.o
 .debug_line    0x00000000      0x3f2 ..\obj\event_groups.o
 .debug_str     0x00000000      0x58d ..\obj\event_groups.o
 .comment       0x00000000       0x6f ..\obj\event_groups.o
 .debug_frame   0x00000000      0x1a8 ..\obj\event_groups.o
 .ARM.attributes
                0x00000000       0x39 ..\obj\event_groups.o
 .text          0x00000000        0x0 ..\obj\stm32f4xx_i2c.o
 .data          0x00000000        0x0 ..\obj\stm32f4xx_i2c.o
 .bss           0x00000000        0x0 ..\obj\stm32f4xx_i2c.o
 .text.I2C_StructInit
                0x00000000       0x40 ..\obj\stm32f4xx_i2c.o
 .text.I2C_OwnAddress2Config
                0x00000000       0x44 ..\obj\stm32f4xx_i2c.o
 .text.I2C_DualAddressCmd
                0x00000000       0x40 ..\obj\stm32f4xx_i2c.o
 .text.I2C_GeneralCallCmd
                0x00000000       0x40 ..\obj\stm32f4xx_i2c.o
 .text.I2C_SoftwareResetCmd
                0x00000000       0x44 ..\obj\stm32f4xx_i2c.o
 .text.I2C_StretchClockCmd
                0x00000000       0x40 ..\obj\stm32f4xx_i2c.o
 .text.I2C_FastModeDutyCycleConfig
                0x00000000       0x44 ..\obj\stm32f4xx_i2c.o
 .text.I2C_NACKPositionConfig
                0x00000000       0x44 ..\obj\stm32f4xx_i2c.o
 .text.I2C_SMBusAlertConfig
                0x00000000       0x44 ..\obj\stm32f4xx_i2c.o
 .text.I2C_ARPCmd
                0x00000000       0x40 ..\obj\stm32f4xx_i2c.o
 .text.I2C_TransmitPEC
                0x00000000       0x40 ..\obj\stm32f4xx_i2c.o
 .text.I2C_PECPositionConfig
                0x00000000       0x44 ..\obj\stm32f4xx_i2c.o
 .text.I2C_CalculatePEC
                0x00000000       0x40 ..\obj\stm32f4xx_i2c.o
 .text.I2C_GetPEC
                0x00000000       0x20 ..\obj\stm32f4xx_i2c.o
 .text.I2C_DMACmd
                0x00000000       0x40 ..\obj\stm32f4xx_i2c.o
 .text.I2C_DMALastTransferCmd
                0x00000000       0x40 ..\obj\stm32f4xx_i2c.o
 .text.I2C_ReadRegister
                0x00000000       0x30 ..\obj\stm32f4xx_i2c.o
 .text.I2C_ITConfig
                0x00000000       0x48 ..\obj\stm32f4xx_i2c.o
 .text.I2C_GetLastEvent
                0x00000000       0x44 ..\obj\stm32f4xx_i2c.o
 .text.I2C_ClearFlag
                0x00000000       0x30 ..\obj\stm32f4xx_i2c.o
 .text.I2C_GetITStatus
                0x00000000       0x5c ..\obj\stm32f4xx_i2c.o
 .text.I2C_ClearITPendingBit
                0x00000000       0x30 ..\obj\stm32f4xx_i2c.o
 .text          0x00000000        0x0 ..\obj\stm32f4xx_exti.o
 .data          0x00000000        0x0 ..\obj\stm32f4xx_exti.o
 .bss           0x00000000        0x0 ..\obj\stm32f4xx_exti.o
 .text.EXTI_DeInit
                0x00000000       0x34 ..\obj\stm32f4xx_exti.o
 .text.EXTI_Init
                0x00000000       0xe4 ..\obj\stm32f4xx_exti.o
 .text.EXTI_StructInit
                0x00000000       0x2c ..\obj\stm32f4xx_exti.o
 .text.EXTI_GenerateSWInterrupt
                0x00000000       0x24 ..\obj\stm32f4xx_exti.o
 .text.EXTI_GetFlagStatus
                0x00000000       0x34 ..\obj\stm32f4xx_exti.o
 .text.EXTI_ClearFlag
                0x00000000       0x20 ..\obj\stm32f4xx_exti.o
 .text.EXTI_GetITStatus
                0x00000000       0x48 ..\obj\stm32f4xx_exti.o
 .text.EXTI_ClearITPendingBit
                0x00000000       0x20 ..\obj\stm32f4xx_exti.o
 .debug_info    0x00000000      0x357 ..\obj\stm32f4xx_exti.o
 .debug_abbrev  0x00000000      0x1a9 ..\obj\stm32f4xx_exti.o
 .debug_aranges
                0x00000000       0x58 ..\obj\stm32f4xx_exti.o
 .debug_ranges  0x00000000       0x48 ..\obj\stm32f4xx_exti.o
 .debug_line    0x00000000      0x301 ..\obj\stm32f4xx_exti.o
 .debug_str     0x00000000      0x38c ..\obj\stm32f4xx_exti.o
 .comment       0x00000000       0x6f ..\obj\stm32f4xx_exti.o
 .debug_frame   0x00000000      0x148 ..\obj\stm32f4xx_exti.o
 .ARM.attributes
                0x00000000       0x39 ..\obj\stm32f4xx_exti.o
 .text          0x00000000        0x0 ..\obj\misc.o
 .data          0x00000000        0x0 ..\obj\misc.o
 .bss           0x00000000        0x0 ..\obj\misc.o
 .text.NVIC_PriorityGroupConfig
                0x00000000       0x28 ..\obj\misc.o
 .text.NVIC_SetVectorTable
                0x00000000       0x2c ..\obj\misc.o
 .text.NVIC_SystemLPConfig
                0x00000000       0x44 ..\obj\misc.o
 .text.SysTick_CLKSourceConfig
                0x00000000       0x38 ..\obj\misc.o
 .text          0x00000000        0x0 ..\obj\heap_2.o
 .rodata        0x00000000        0x2 ..\obj\heap_2.o
 .text.xPortGetFreeHeapSize
                0x00000000       0x18 ..\obj\heap_2.o
 .text.vPortInitialiseBlocks
                0x00000000       0x10 ..\obj\heap_2.o
 .text          0x00000000        0x0 ..\obj\controller.o
 .bss           0x00000000        0x0 ..\obj\controller.o
 .text          0x00000000        0x0 ..\obj\stm32f4xx_tim.o
 .data          0x00000000        0x0 ..\obj\stm32f4xx_tim.o
 .bss           0x00000000        0x0 ..\obj\stm32f4xx_tim.o
 .text.TIM_DeInit
                0x00000000      0x1c0 ..\obj\stm32f4xx_tim.o
 .text.TIM_TimeBaseStructInit
                0x00000000       0x34 ..\obj\stm32f4xx_tim.o
 .text.TIM_PrescalerConfig
                0x00000000       0x28 ..\obj\stm32f4xx_tim.o
 .text.TIM_CounterModeConfig
                0x00000000       0x38 ..\obj\stm32f4xx_tim.o
 .text.TIM_SetCounter
                0x00000000       0x1c ..\obj\stm32f4xx_tim.o
 .text.TIM_SetAutoreload
                0x00000000       0x1c ..\obj\stm32f4xx_tim.o
 .text.TIM_GetCounter
                0x00000000       0x18 ..\obj\stm32f4xx_tim.o
 .text.TIM_GetPrescaler
                0x00000000       0x1c ..\obj\stm32f4xx_tim.o
 .text.TIM_UpdateDisableConfig
                0x00000000       0x40 ..\obj\stm32f4xx_tim.o
 .text.TIM_UpdateRequestConfig
                0x00000000       0x40 ..\obj\stm32f4xx_tim.o
 .text.TIM_ARRPreloadConfig
                0x00000000       0x40 ..\obj\stm32f4xx_tim.o
 .text.TIM_SelectOnePulseMode
                0x00000000       0x38 ..\obj\stm32f4xx_tim.o
 .text.TIM_SetClockDivision
                0x00000000       0x38 ..\obj\stm32f4xx_tim.o
 .text.TIM_OC1Init
                0x00000000       0xf4 ..\obj\stm32f4xx_tim.o
 .text.TIM_OC2Init
                0x00000000      0x110 ..\obj\stm32f4xx_tim.o
 .text.TIM_OC3Init
                0x00000000      0x10c ..\obj\stm32f4xx_tim.o
 .text.TIM_OC4Init
                0x00000000       0xd0 ..\obj\stm32f4xx_tim.o
 .text.TIM_OCStructInit
                0x00000000       0x44 ..\obj\stm32f4xx_tim.o
 .text.TIM_SelectOCxM
                0x00000000       0xb4 ..\obj\stm32f4xx_tim.o
 .text.TIM_SetCompare1
                0x00000000       0x1c ..\obj\stm32f4xx_tim.o
 .text.TIM_SetCompare2
                0x00000000       0x1c ..\obj\stm32f4xx_tim.o
 .text.TIM_SetCompare3
                0x00000000       0x1c ..\obj\stm32f4xx_tim.o
 .text.TIM_SetCompare4
                0x00000000       0x1c ..\obj\stm32f4xx_tim.o
 .text.TIM_ForcedOC1Config
                0x00000000       0x38 ..\obj\stm32f4xx_tim.o
 .text.TIM_ForcedOC2Config
                0x00000000       0x3c ..\obj\stm32f4xx_tim.o
 .text.TIM_ForcedOC3Config
                0x00000000       0x38 ..\obj\stm32f4xx_tim.o
 .text.TIM_ForcedOC4Config
                0x00000000       0x3c ..\obj\stm32f4xx_tim.o
 .text.TIM_OC1PreloadConfig
                0x00000000       0x38 ..\obj\stm32f4xx_tim.o
 .text.TIM_OC2PreloadConfig
                0x00000000       0x3c ..\obj\stm32f4xx_tim.o
 .text.TIM_OC3PreloadConfig
                0x00000000       0x38 ..\obj\stm32f4xx_tim.o
 .text.TIM_OC4PreloadConfig
                0x00000000       0x3c ..\obj\stm32f4xx_tim.o
 .text.TIM_OC1FastConfig
                0x00000000       0x38 ..\obj\stm32f4xx_tim.o
 .text.TIM_OC2FastConfig
                0x00000000       0x3c ..\obj\stm32f4xx_tim.o
 .text.TIM_OC3FastConfig
                0x00000000       0x38 ..\obj\stm32f4xx_tim.o
 .text.TIM_OC4FastConfig
                0x00000000       0x3c ..\obj\stm32f4xx_tim.o
 .text.TIM_ClearOC1Ref
                0x00000000       0x38 ..\obj\stm32f4xx_tim.o
 .text.TIM_ClearOC2Ref
                0x00000000       0x3c ..\obj\stm32f4xx_tim.o
 .text.TIM_ClearOC3Ref
                0x00000000       0x38 ..\obj\stm32f4xx_tim.o
 .text.TIM_ClearOC4Ref
                0x00000000       0x3c ..\obj\stm32f4xx_tim.o
 .text.TIM_OC1PolarityConfig
                0x00000000       0x38 ..\obj\stm32f4xx_tim.o
 .text.TIM_OC1NPolarityConfig
                0x00000000       0x38 ..\obj\stm32f4xx_tim.o
 .text.TIM_OC2PolarityConfig
                0x00000000       0x3c ..\obj\stm32f4xx_tim.o
 .text.TIM_OC2NPolarityConfig
                0x00000000       0x3c ..\obj\stm32f4xx_tim.o
 .text.TIM_OC3PolarityConfig
                0x00000000       0x3c ..\obj\stm32f4xx_tim.o
 .text.TIM_OC3NPolarityConfig
                0x00000000       0x3c ..\obj\stm32f4xx_tim.o
 .text.TIM_OC4PolarityConfig
                0x00000000       0x3c ..\obj\stm32f4xx_tim.o
 .text.TIM_CCxCmd
                0x00000000       0x5c ..\obj\stm32f4xx_tim.o
 .text.TIM_CCxNCmd
                0x00000000       0x5c ..\obj\stm32f4xx_tim.o
 .text.TIM_ICInit
                0x00000000       0xa8 ..\obj\stm32f4xx_tim.o
 .text.TIM_ICStructInit
                0x00000000       0x34 ..\obj\stm32f4xx_tim.o
 .text.TIM_PWMIConfig
                0x00000000       0xb8 ..\obj\stm32f4xx_tim.o
 .text.TIM_GetCapture1
                0x00000000       0x18 ..\obj\stm32f4xx_tim.o
 .text.TIM_GetCapture2
                0x00000000       0x18 ..\obj\stm32f4xx_tim.o
 .text.TIM_GetCapture3
                0x00000000       0x18 ..\obj\stm32f4xx_tim.o
 .text.TIM_GetCapture4
                0x00000000       0x18 ..\obj\stm32f4xx_tim.o
 .text.TIM_SetIC1Prescaler
                0x00000000       0x38 ..\obj\stm32f4xx_tim.o
 .text.TIM_SetIC2Prescaler
                0x00000000       0x3c ..\obj\stm32f4xx_tim.o
 .text.TIM_SetIC3Prescaler
                0x00000000       0x38 ..\obj\stm32f4xx_tim.o
 .text.TIM_SetIC4Prescaler
                0x00000000       0x3c ..\obj\stm32f4xx_tim.o
 .text.TIM_BDTRConfig
                0x00000000       0x50 ..\obj\stm32f4xx_tim.o
 .text.TIM_BDTRStructInit
                0x00000000       0x40 ..\obj\stm32f4xx_tim.o
 .text.TIM_CtrlPWMOutputs
                0x00000000       0x4c ..\obj\stm32f4xx_tim.o
 .text.TIM_SelectCOM
                0x00000000       0x40 ..\obj\stm32f4xx_tim.o
 .text.TIM_CCPreloadControl
                0x00000000       0x40 ..\obj\stm32f4xx_tim.o
 .text.TIM_GenerateEvent
                0x00000000       0x20 ..\obj\stm32f4xx_tim.o
 .text.TIM_GetFlagStatus
                0x00000000       0x38 ..\obj\stm32f4xx_tim.o
 .text.TIM_ClearFlag
                0x00000000       0x24 ..\obj\stm32f4xx_tim.o
 .text.TIM_DMAConfig
                0x00000000       0x2c ..\obj\stm32f4xx_tim.o
 .text.TIM_DMACmd
                0x00000000       0x48 ..\obj\stm32f4xx_tim.o
 .text.TIM_SelectCCDMA
                0x00000000       0x40 ..\obj\stm32f4xx_tim.o
 .text.TIM_InternalClockConfig
                0x00000000       0x24 ..\obj\stm32f4xx_tim.o
 .text.TIM_ITRxExternalClockConfig
                0x00000000       0x30 ..\obj\stm32f4xx_tim.o
 .text.TIM_TIxExternalClockConfig
                0x00000000       0x5c ..\obj\stm32f4xx_tim.o
 .text.TIM_ETRClockMode1Config
                0x00000000       0x60 ..\obj\stm32f4xx_tim.o
 .text.TIM_ETRClockMode2Config
                0x00000000       0x40 ..\obj\stm32f4xx_tim.o
 .text.TIM_SelectInputTrigger
                0x00000000       0x38 ..\obj\stm32f4xx_tim.o
 .text.TIM_SelectOutputTrigger
                0x00000000       0x38 ..\obj\stm32f4xx_tim.o
 .text.TIM_SelectSlaveMode
                0x00000000       0x38 ..\obj\stm32f4xx_tim.o
 .text.TIM_SelectMasterSlaveMode
                0x00000000       0x38 ..\obj\stm32f4xx_tim.o
 .text.TIM_ETRConfig
                0x00000000       0x54 ..\obj\stm32f4xx_tim.o
 .text.TIM_EncoderInterfaceConfig
                0x00000000       0x98 ..\obj\stm32f4xx_tim.o
 .text.TIM_SelectHallSensor
                0x00000000       0x40 ..\obj\stm32f4xx_tim.o
 .text.TIM_RemapConfig
                0x00000000       0x20 ..\obj\stm32f4xx_tim.o
 .text.TI1_Config
                0x00000000       0x88 ..\obj\stm32f4xx_tim.o
 .text.TI2_Config
                0x00000000       0x9c ..\obj\stm32f4xx_tim.o
 .text.TI3_Config
                0x00000000       0x90 ..\obj\stm32f4xx_tim.o
 .text.TI4_Config
                0x00000000       0xa0 ..\obj\stm32f4xx_tim.o
 .text          0x00000000        0x0 ..\obj\fatfs_diskio_sdcard_spi.o
 .bss           0x00000000        0x0 ..\obj\fatfs_diskio_sdcard_spi.o
 .text.crc7     0x00000000       0x48 ..\obj\fatfs_diskio_sdcard_spi.o
 .text.ff_convert
                0x00000000       0x1c ..\obj\fatfs_diskio_sdcard_spi.o
 .text.ff_wtoupper
                0x00000000       0x18 ..\obj\fatfs_diskio_sdcard_spi.o
 .data          0x00000000        0x0 c:/program files (x86)/gnu tools arm embedded/5.2 2015q4/bin/../lib/gcc/arm-none-eabi/5.2.1/../../../../arm-none-eabi/lib/armv7e-m/fpu\libg.a(lib_a-memcpy.o)
 .bss           0x00000000        0x0 c:/program files (x86)/gnu tools arm embedded/5.2 2015q4/bin/../lib/gcc/arm-none-eabi/5.2.1/../../../../arm-none-eabi/lib/armv7e-m/fpu\libg.a(lib_a-memcpy.o)
 .text          0x00000000        0x0 c:/program files (x86)/gnu tools arm embedded/5.2 2015q4/bin/../lib/gcc/arm-none-eabi/5.2.1/../../../../arm-none-eabi/lib/armv7e-m/fpu\libg.a(lib_a-memset.o)
 .data          0x00000000        0x0 c:/program files (x86)/gnu tools arm embedded/5.2 2015q4/bin/../lib/gcc/arm-none-eabi/5.2.1/../../../../arm-none-eabi/lib/armv7e-m/fpu\libg.a(lib_a-memset.o)
 .bss           0x00000000        0x0 c:/program files (x86)/gnu tools arm embedded/5.2 2015q4/bin/../lib/gcc/arm-none-eabi/5.2.1/../../../../arm-none-eabi/lib/armv7e-m/fpu\libg.a(lib_a-memset.o)
 .text          0x00000000        0x0 c:/program files (x86)/gnu tools arm embedded/5.2 2015q4/bin/../lib/gcc/arm-none-eabi/5.2.1/../../../../arm-none-eabi/lib/armv7e-m/fpu\libg.a(lib_a-strcat.o)
 .data          0x00000000        0x0 c:/program files (x86)/gnu tools arm embedded/5.2 2015q4/bin/../lib/gcc/arm-none-eabi/5.2.1/../../../../arm-none-eabi/lib/armv7e-m/fpu\libg.a(lib_a-strcat.o)
 .bss           0x00000000        0x0 c:/program files (x86)/gnu tools arm embedded/5.2 2015q4/bin/../lib/gcc/arm-none-eabi/5.2.1/../../../../arm-none-eabi/lib/armv7e-m/fpu\libg.a(lib_a-strcat.o)
 .data          0x00000000        0x0 c:/program files (x86)/gnu tools arm embedded/5.2 2015q4/bin/../lib/gcc/arm-none-eabi/5.2.1/../../../../arm-none-eabi/lib/armv7e-m/fpu\libg.a(lib_a-strcmp.o)
 .bss           0x00000000        0x0 c:/program files (x86)/gnu tools arm embedded/5.2 2015q4/bin/../lib/gcc/arm-none-eabi/5.2.1/../../../../arm-none-eabi/lib/armv7e-m/fpu\libg.a(lib_a-strcmp.o)
 .text          0x00000000        0x0 c:/program files (x86)/gnu tools arm embedded/5.2 2015q4/bin/../lib/gcc/arm-none-eabi/5.2.1/../../../../arm-none-eabi/lib/armv7e-m/fpu\libg.a(lib_a-strcpy.o)
 .data          0x00000000        0x0 c:/program files (x86)/gnu tools arm embedded/5.2 2015q4/bin/../lib/gcc/arm-none-eabi/5.2.1/../../../../arm-none-eabi/lib/armv7e-m/fpu\libg.a(lib_a-strcpy.o)
 .bss           0x00000000        0x0 c:/program files (x86)/gnu tools arm embedded/5.2 2015q4/bin/../lib/gcc/arm-none-eabi/5.2.1/../../../../arm-none-eabi/lib/armv7e-m/fpu\libg.a(lib_a-strcpy.o)
 .data          0x00000000        0x0 c:/program files (x86)/gnu tools arm embedded/5.2 2015q4/bin/../lib/gcc/arm-none-eabi/5.2.1/../../../../arm-none-eabi/lib/armv7e-m/fpu\libg.a(lib_a-strlen.o)
 .bss           0x00000000        0x0 c:/program files (x86)/gnu tools arm embedded/5.2 2015q4/bin/../lib/gcc/arm-none-eabi/5.2.1/../../../../arm-none-eabi/lib/armv7e-m/fpu\libg.a(lib_a-strlen.o)

Memory Configuration

Name             Origin             Length             Attributes
rom              0x08000000         0x00100000         xr
ram              0x20000000         0x00020000         xrw
ram1             0x10000000         0x00010000         xrw
*default*        0x00000000         0xffffffff

Linker script and memory map

                0x20020000                _eram = 0x20020000

.text           0x08000000     0x9509
 *(.isr_vector)
 .isr_vector    0x08000000      0x188 ..\obj\startup_stm32f4xx.o
                0x08000000                g_pfnVectors
 *(.text*)
 .text.ui_down_handler
                0x08000188       0x84 ..\obj\ui.o
                0x08000188                ui_down_handler
 .text.ui_up_handler
                0x0800020c       0xa0 ..\obj\ui.o
                0x0800020c                ui_up_handler
 .text.ui_press_handler
                0x080002ac       0x88 ..\obj\ui.o
                0x080002ac                ui_press_handler
 .text.ui_scan_files
                0x08000334       0xc4 ..\obj\ui.o
                0x08000334                ui_scan_files
 .text.int_to_str
                0x080003f8       0x84 ..\obj\ui.o
                0x080003f8                int_to_str
 .text.ui_render_menu
                0x0800047c      0x110 ..\obj\ui.o
                0x0800047c                ui_render_menu
 .text.ui_render_track_list
                0x0800058c       0xf8 ..\obj\ui.o
                0x0800058c                ui_render_track_list
 .text.ui_display_update
                0x08000684       0x18 ..\obj\ui.o
                0x08000684                ui_display_update
 .text.ui_init  0x0800069c       0x14 ..\obj\ui.o
                0x0800069c                ui_init
 .text.ui_task  0x080006b0       0x10 ..\obj\ui.o
                0x080006b0                ui_task
 .text.Default_Reset_Handler
                0x080006c0       0x6c ..\obj\startup_stm32f4xx.o
                0x080006c0                Default_Reset_Handler
                0x080006c0                Reset_Handler
 .text.Default_Handler
                0x0800072c        0x8 ..\obj\startup_stm32f4xx.o
                0x0800072c                RTC_Alarm_IRQHandler
                0x0800072c                HASH_RNG_IRQHandler
                0x0800072c                EXTI2_IRQHandler
                0x0800072c                TIM8_CC_IRQHandler
                0x0800072c                DebugMon_Handler
                0x0800072c                TIM1_CC_IRQHandler
                0x0800072c                DMA2_Stream5_IRQHandler
                0x0800072c                HardFault_Handler
                0x0800072c                DMA1_Stream5_IRQHandler
                0x0800072c                PVD_IRQHandler
                0x0800072c                SDIO_IRQHandler
                0x0800072c                TAMP_STAMP_IRQHandler
                0x0800072c                NMI_Handler
                0x0800072c                CAN2_RX1_IRQHandler
                0x0800072c                EXTI3_IRQHandler
                0x0800072c                TIM8_TRG_COM_TIM14_IRQHandler
                0x0800072c                TIM1_UP_TIM10_IRQHandler
                0x0800072c                TIM8_UP_TIM13_IRQHandler
                0x0800072c                I2C3_ER_IRQHandler
                0x0800072c                EXTI0_IRQHandler
                0x0800072c                I2C2_EV_IRQHandler
                0x0800072c                DMA1_Stream2_IRQHandler
                0x0800072c                CAN1_RX0_IRQHandler
                0x0800072c                FPU_IRQHandler
                0x0800072c                OTG_HS_WKUP_IRQHandler
                0x0800072c                UsageFault_Handler
                0x0800072c                CAN2_SCE_IRQHandler
                0x0800072c                DMA2_Stream2_IRQHandler
                0x0800072c                SPI1_IRQHandler
                0x0800072c                TIM6_DAC_IRQHandler
                0x0800072c                TIM1_BRK_TIM9_IRQHandler
                0x0800072c                DCMI_IRQHandler
                0x0800072c                CAN2_RX0_IRQHandler
                0x0800072c                DMA2_Stream3_IRQHandler
                0x0800072c                USART6_IRQHandler
                0x0800072c                USART3_IRQHandler
                0x0800072c                CRYP_IRQHandler
                0x0800072c                CAN1_RX1_IRQHandler
                0x0800072c                UART5_IRQHandler
                0x0800072c                DMA2_Stream0_IRQHandler
                0x0800072c                TIM4_IRQHandler
                0x0800072c                I2C1_EV_IRQHandler
                0x0800072c                DMA1_Stream6_IRQHandler
                0x0800072c                DMA1_Stream1_IRQHandler
                0x0800072c                UART4_IRQHandler
                0x0800072c                TIM3_IRQHandler
                0x0800072c                RCC_IRQHandler
                0x0800072c                TIM8_BRK_TIM12_IRQHandler
                0x0800072c                EXTI15_10_IRQHandler
                0x0800072c                ADC_IRQHandler
                0x0800072c                DMA1_Stream7_IRQHandler
                0x0800072c                TIM7_IRQHandler
                0x0800072c                CAN2_TX_IRQHandler
                0x0800072c                TIM5_IRQHandler
                0x0800072c                DMA2_Stream7_IRQHandler
                0x0800072c                I2C3_EV_IRQHandler
                0x0800072c                EXTI9_5_IRQHandler
                0x0800072c                RTC_WKUP_IRQHandler
                0x0800072c                ETH_WKUP_IRQHandler
                0x0800072c                SPI2_IRQHandler
                0x0800072c                OTG_HS_EP1_IN_IRQHandler
                0x0800072c                MemManage_Handler
                0x0800072c                DMA1_Stream0_IRQHandler
                0x0800072c                CAN1_TX_IRQHandler
                0x0800072c                EXTI4_IRQHandler
                0x0800072c                FSMC_IRQHandler
                0x0800072c                ETH_IRQHandler
                0x0800072c                OTG_HS_EP1_OUT_IRQHandler
                0x0800072c                WWDG_IRQHandler
                0x0800072c                OTG_FS_WKUP_IRQHandler
                0x0800072c                TIM1_TRG_COM_TIM11_IRQHandler
                0x0800072c                OTG_HS_IRQHandler
                0x0800072c                EXTI1_IRQHandler
                0x0800072c                USART2_IRQHandler
                0x0800072c                I2C2_ER_IRQHandler
                0x0800072c                DMA2_Stream1_IRQHandler
                0x0800072c                CAN1_SCE_IRQHandler
                0x0800072c                FLASH_IRQHandler
                0x0800072c                DMA2_Stream4_IRQHandler
                0x0800072c                BusFault_Handler
                0x0800072c                USART1_IRQHandler
                0x0800072c                OTG_FS_IRQHandler
                0x0800072c                DMA1_Stream4_IRQHandler
                0x0800072c                I2C1_ER_IRQHandler
                0x0800072c                DMA2_Stream6_IRQHandler
                0x0800072c                DMA1_Stream3_IRQHandler
 .text.main     0x08000734       0xa4 ..\obj\main.o
                0x08000734                main
 .text.vApplicationIdleHook
                0x080007d8       0x10 ..\obj\main.o
                0x080007d8                vApplicationIdleHook
 .text.vApplicationMallocFailedHook
                0x080007e8        0x8 ..\obj\main.o
                0x080007e8                vApplicationMallocFailedHook
 .text.vApplicationStackOverflowHook
                0x080007f0        0xc ..\obj\main.o
                0x080007f0                vApplicationStackOverflowHook
 .text.vApplicationTickHook
                0x080007fc       0x10 ..\obj\main.o
                0x080007fc                vApplicationTickHook
 .text.RCC_PLLI2SCmd
                0x0800080c       0x20 ..\obj\stm32f4xx_rcc.o
                0x0800080c                RCC_PLLI2SCmd
 .text.RCC_GetClocksFreq
                0x0800082c      0x154 ..\obj\stm32f4xx_rcc.o
                0x0800082c                RCC_GetClocksFreq
 .text.RCC_AHB1PeriphClockCmd
                0x08000980       0x40 ..\obj\stm32f4xx_rcc.o
                0x08000980                RCC_AHB1PeriphClockCmd
 .text.RCC_APB1PeriphClockCmd
                0x080009c0       0x40 ..\obj\stm32f4xx_rcc.o
                0x080009c0                RCC_APB1PeriphClockCmd
 .text.RCC_APB2PeriphClockCmd
                0x08000a00       0x40 ..\obj\stm32f4xx_rcc.o
                0x08000a00                RCC_APB2PeriphClockCmd
 .text.RCC_APB1PeriphResetCmd
                0x08000a40       0x40 ..\obj\stm32f4xx_rcc.o
                0x08000a40                RCC_APB1PeriphResetCmd
 .text.RCC_APB2PeriphResetCmd
                0x08000a80       0x40 ..\obj\stm32f4xx_rcc.o
                0x08000a80                RCC_APB2PeriphResetCmd
 .text.codec_init
                0x08000ac0      0x168 ..\obj\codec.o
                0x08000ac0                codec_init
 .text.codec_ctrl_init
                0x08000c28      0x168 ..\obj\codec.o
                0x08000c28                codec_ctrl_init
 .text.codec_send_ctrl
                0x08000d90       0xb8 ..\obj\codec.o
                0x08000d90                codec_send_ctrl
 .text.codec_read_register
                0x08000e48      0x100 ..\obj\codec.o
                0x08000e48                codec_read_register
 .text.player_timer_init
                0x08000f48       0x58 ..\obj\player.o
                0x08000f48                player_timer_init
 .text.player_i2s_it_init
                0x08000fa0       0x34 ..\obj\player.o
                0x08000fa0                player_i2s_it_init
 .text.player_init
                0x08000fd4       0x28 ..\obj\player.o
                0x08000fd4                player_init
 .text.player_task
                0x08000ffc       0x70 ..\obj\player.o
                0x08000ffc                player_task
 .text.player_enable_periphery
                0x0800106c       0x20 ..\obj\player.o
                0x0800106c                player_enable_periphery
 .text.player_disable_periphery
                0x0800108c       0x14 ..\obj\player.o
                0x0800108c                player_disable_periphery
 .text.player_volume_add
                0x080010a0       0x24 ..\obj\player.o
                0x080010a0                player_volume_add
 .text.player_volume_sub
                0x080010c4       0x24 ..\obj\player.o
                0x080010c4                player_volume_sub
 .text.player_volume_get
                0x080010e8       0x18 ..\obj\player.o
                0x080010e8                player_volume_get
 .text.player_volume_set
                0x08001100       0x3c ..\obj\player.o
                0x08001100                player_volume_set
 .text.TIM2_IRQHandler
                0x0800113c      0x100 ..\obj\player.o
                0x0800113c                TIM2_IRQHandler
 .text.SPI3_IRQHandler
                0x0800123c       0x54 ..\obj\player.o
                0x0800123c                SPI3_IRQHandler
 .text.clear_buffers
                0x08001290       0x28 ..\obj\player.o
                0x08001290                clear_buffers
 .text.player_play
                0x080012b8       0x4c ..\obj\player.o
                0x080012b8                player_play
 .text.player_pause
                0x08001304       0x20 ..\obj\player.o
                0x08001304                player_pause
 .text.player_resume
                0x08001324       0x20 ..\obj\player.o
                0x08001324                player_resume
 .text.player_stop
                0x08001344       0x30 ..\obj\player.o
                0x08001344                player_stop
 .text.xTimerCreateTimerTask
                0x08001374       0x68 ..\obj\timers.o
                0x08001374                xTimerCreateTimerTask
 .text.xTimerGenericCommand
                0x080013dc       0x98 ..\obj\timers.o
                0x080013dc                xTimerGenericCommand
 .text.prvProcessExpiredTimer
                0x08001474       0x80 ..\obj\timers.o
 .text.prvTimerTask
                0x080014f4       0x24 ..\obj\timers.o
 .text.prvProcessTimerOrBlockTask
                0x08001518       0x9c ..\obj\timers.o
 .text.prvGetNextExpireTime
                0x080015b4       0x48 ..\obj\timers.o
 .text.prvSampleTimeNow
                0x080015fc       0x40 ..\obj\timers.o
 .text.prvInsertTimerInActiveList
                0x0800163c       0x84 ..\obj\timers.o
 .text.prvProcessReceivedCommands
                0x080016c0      0x124 ..\obj\timers.o
 .text.prvSwitchTimerLists
                0x080017e4       0xc0 ..\obj\timers.o
 .text.prvCheckForValidListAndQueue
                0x080018a4       0x6c ..\obj\timers.o
 .text.display_set_pin
                0x08001910       0x38 ..\obj\display.o
                0x08001910                display_set_pin
 .text.display_gpio_spi_config
                0x08001948       0xb8 ..\obj\display.o
                0x08001948                display_gpio_spi_config
 .text.display_write_byte
                0x08001a00       0x54 ..\obj\display.o
                0x08001a00                display_write_byte
 .text.display_set_XY
                0x08001a54       0x48 ..\obj\display.o
                0x08001a54                display_set_XY
 .text.display_clear
                0x08001a9c       0x34 ..\obj\display.o
                0x08001a9c                display_clear
 .text.display_init
                0x08001ad0       0x68 ..\obj\display.o
                0x08001ad0                display_init
 .text.display_write_char
                0x08001b38       0x48 ..\obj\display.o
                0x08001b38                display_write_char
 .text.display_write_string
                0x08001b80       0x28 ..\obj\display.o
                0x08001b80                display_write_string
 .text.display_write_char_inverted
                0x08001ba8       0x4c ..\obj\display.o
                0x08001ba8                display_write_char_inverted
 .text.display_write_string_inverted
                0x08001bf4       0x28 ..\obj\display.o
                0x08001bf4                display_write_string_inverted
 .text.display_write_control_char
                0x08001c1c       0x74 ..\obj\display.o
                0x08001c1c                display_write_control_char
 .text.xTaskCreate
                0x08001c90       0x80 ..\obj\tasks.o
                0x08001c90                xTaskCreate
 .text.prvInitialiseNewTask
                0x08001d10      0x110 ..\obj\tasks.o
 .text.prvAddNewTaskToReadyList
                0x08001e20       0xdc ..\obj\tasks.o
 .text.vTaskDelay
                0x08001efc       0x68 ..\obj\tasks.o
                0x08001efc                vTaskDelay
 .text.vTaskStartScheduler
                0x08001f64       0x98 ..\obj\tasks.o
                0x08001f64                vTaskStartScheduler
 .text.vTaskSuspendAll
                0x08001ffc       0x1c ..\obj\tasks.o
                0x08001ffc                vTaskSuspendAll
 .text.xTaskResumeAll
                0x08002018      0x138 ..\obj\tasks.o
                0x08002018                xTaskResumeAll
 .text.xTaskGetTickCount
                0x08002150       0x20 ..\obj\tasks.o
                0x08002150                xTaskGetTickCount
 .text.xTaskIncrementTick
                0x08002170      0x188 ..\obj\tasks.o
                0x08002170                xTaskIncrementTick
 .text.vTaskSwitchContext
                0x080022f8      0x100 ..\obj\tasks.o
                0x080022f8                vTaskSwitchContext
 .text.vTaskPlaceOnEventList
                0x080023f8       0x48 ..\obj\tasks.o
                0x080023f8                vTaskPlaceOnEventList
 .text.vTaskPlaceOnEventListRestricted
                0x08002440       0x54 ..\obj\tasks.o
                0x08002440                vTaskPlaceOnEventListRestricted
 .text.xTaskRemoveFromEventList
                0x08002494       0xc4 ..\obj\tasks.o
                0x08002494                xTaskRemoveFromEventList
 .text.vTaskSetTimeOutState
                0x08002558       0x48 ..\obj\tasks.o
                0x08002558                vTaskSetTimeOutState
 .text.xTaskCheckForTimeOut
                0x080025a0       0xbc ..\obj\tasks.o
                0x080025a0                xTaskCheckForTimeOut
 .text.vTaskMissedYield
                0x0800265c       0x18 ..\obj\tasks.o
                0x0800265c                vTaskMissedYield
 .text.prvIdleTask
                0x08002674       0x34 ..\obj\tasks.o
 .text.prvInitialiseTaskLists
                0x080026a8       0x80 ..\obj\tasks.o
 .text.prvCheckTasksWaitingTermination
                0x08002728       0x78 ..\obj\tasks.o
 .text.prvDeleteTCB
                0x080027a0       0x20 ..\obj\tasks.o
 .text.prvResetNextTaskUnblockTime
                0x080027c0       0x4c ..\obj\tasks.o
 .text.xTaskGetSchedulerState
                0x0800280c       0x3c ..\obj\tasks.o
                0x0800280c                xTaskGetSchedulerState
 .text.vTaskPriorityInherit
                0x08002848       0xec ..\obj\tasks.o
                0x08002848                vTaskPriorityInherit
 .text.xTaskPriorityDisinherit
                0x08002934      0x108 ..\obj\tasks.o
                0x08002934                xTaskPriorityDisinherit
 .text.pvTaskIncrementMutexHeldCount
                0x08002a3c       0x28 ..\obj\tasks.o
                0x08002a3c                pvTaskIncrementMutexHeldCount
 .text.prvAddCurrentTaskToDelayedList
                0x08002a64       0xcc ..\obj\tasks.o
 .text.GPIO_Init
                0x08002b30      0x11c ..\obj\stm32f4xx_gpio.o
                0x08002b30                GPIO_Init
 .text.GPIO_ReadInputDataBit
                0x08002c4c       0x34 ..\obj\stm32f4xx_gpio.o
                0x08002c4c                GPIO_ReadInputDataBit
 .text.GPIO_SetBits
                0x08002c80       0x20 ..\obj\stm32f4xx_gpio.o
                0x08002c80                GPIO_SetBits
 .text.GPIO_ResetBits
                0x08002ca0       0x20 ..\obj\stm32f4xx_gpio.o
                0x08002ca0                GPIO_ResetBits
 .text.GPIO_PinAFConfig
                0x08002cc0       0x94 ..\obj\stm32f4xx_gpio.o
                0x08002cc0                GPIO_PinAFConfig
 .text.vListInitialise
                0x08002d54       0x40 ..\obj\list.o
                0x08002d54                vListInitialise
 .text.vListInitialiseItem
                0x08002d94       0x1c ..\obj\list.o
                0x08002d94                vListInitialiseItem
 .text.vListInsertEnd
                0x08002db0       0x48 ..\obj\list.o
                0x08002db0                vListInsertEnd
 .text.vListInsert
                0x08002df8       0x74 ..\obj\list.o
                0x08002df8                vListInsert
 .text.uxListRemove
                0x08002e6c       0x54 ..\obj\list.o
                0x08002e6c                uxListRemove
 .text.SystemInit
                0x08002ec0       0x6c ..\obj\system_stm32f4xx.o
                0x08002ec0                SystemInit
 .text.SetSysClock
                0x08002f2c       0xf8 ..\obj\system_stm32f4xx.o
 .text.xQueueGenericReset
                0x08003024       0xd0 ..\obj\queue.o
                0x08003024                xQueueGenericReset
 .text.xQueueGenericCreate
                0x080030f4       0x74 ..\obj\queue.o
                0x080030f4                xQueueGenericCreate
 .text.prvInitialiseNewQueue
                0x08003168       0x48 ..\obj\queue.o
 .text.xQueueGenericSend
                0x080031b0      0x1f8 ..\obj\queue.o
                0x080031b0                xQueueGenericSend
 .text.xQueueGenericSendFromISR
                0x080033a8      0x128 ..\obj\queue.o
                0x080033a8                xQueueGenericSendFromISR
 .text.xQueueGenericReceive
                0x080034d0      0x228 ..\obj\queue.o
                0x080034d0                xQueueGenericReceive
 .text.prvCopyDataToQueue
                0x080036f8       0xd4 ..\obj\queue.o
 .text.prvCopyDataFromQueue
                0x080037cc       0x4c ..\obj\queue.o
 .text.prvUnlockQueue
                0x08003818       0xa4 ..\obj\queue.o
 .text.prvIsQueueEmpty
                0x080038bc       0x2c ..\obj\queue.o
 .text.prvIsQueueFull
                0x080038e8       0x30 ..\obj\queue.o
 .text.vQueueAddToRegistry
                0x08003918       0x50 ..\obj\queue.o
                0x08003918                vQueueAddToRegistry
 .text.vQueueWaitForMessageRestricted
                0x08003968       0x6c ..\obj\queue.o
                0x08003968                vQueueWaitForMessageRestricted
 .text.pxPortInitialiseStack
                0x080039d4       0x64 ..\obj\port.o
                0x080039d4                pxPortInitialiseStack
 .text.prvTaskExitError
                0x08003a38       0x3c ..\obj\port.o
 *fill*         0x08003a74        0xc 
 .text.SVC_Handler
                0x08003a80       0x28 ..\obj\port.o
                0x08003a80                SVC_Handler
 .text.prvPortStartFirstTask
                0x08003aa8       0x20 ..\obj\port.o
 .text.xPortStartScheduler
                0x08003ac8      0x118 ..\obj\port.o
                0x08003ac8                xPortStartScheduler
 .text.vPortEnterCritical
                0x08003be0       0x5c ..\obj\port.o
                0x08003be0                vPortEnterCritical
 .text.vPortExitCritical
                0x08003c3c       0x50 ..\obj\port.o
                0x08003c3c                vPortExitCritical
 *fill*         0x08003c8c        0x4 
 .text.PendSV_Handler
                0x08003c90       0x68 ..\obj\port.o
                0x08003c90                PendSV_Handler
 .text.SysTick_Handler
                0x08003cf8       0x40 ..\obj\port.o
                0x08003cf8                SysTick_Handler
 .text.vPortSetupTimerInterrupt
                0x08003d38       0x28 ..\obj\port.o
                0x08003d38                vPortSetupTimerInterrupt
 .text.vPortEnableVFP
                0x08003d60       0x14 ..\obj\port.o
 .text.vPortValidateInterruptPriority
                0x08003d74       0x7c ..\obj\port.o
                0x08003d74                vPortValidateInterruptPriority
 .text.mem_cpy  0x08003df0       0x3c ..\obj\ff.o
 .text.mem_set  0x08003e2c       0x34 ..\obj\ff.o
 .text.mem_cmp  0x08003e60       0x50 ..\obj\ff.o
 .text.chk_chr  0x08003eb0       0x38 ..\obj\ff.o
 .text.sync_window
                0x08003ee8       0x84 ..\obj\ff.o
 .text.move_window
                0x08003f6c       0x50 ..\obj\ff.o
 .text.sync_fs  0x08003fbc      0x13c ..\obj\ff.o
 .text.clust2sect
                0x080040f8       0x40 ..\obj\ff.o
                0x080040f8                clust2sect
 .text.get_fat  0x08004138      0x160 ..\obj\ff.o
                0x08004138                get_fat
 .text.put_fat  0x08004298      0x1fc ..\obj\ff.o
                0x08004298                put_fat
 .text.remove_chain
                0x08004494       0xa8 ..\obj\ff.o
 .text.create_chain
                0x0800453c      0x11c ..\obj\ff.o
 .text.dir_sdi  0x08004658      0x104 ..\obj\ff.o
 .text.dir_next
                0x0800475c      0x1a4 ..\obj\ff.o
 .text.dir_alloc
                0x08004900       0x8c ..\obj\ff.o
 .text.ld_clust
                0x0800498c       0x5c ..\obj\ff.o
 .text.st_clust
                0x080049e8       0x48 ..\obj\ff.o
 .text.dir_find
                0x08004a30       0x98 ..\obj\ff.o
 .text.dir_read
                0x08004ac8       0xb0 ..\obj\ff.o
 .text.dir_register
                0x08004b78       0x64 ..\obj\ff.o
 .text.create_name
                0x08004bdc      0x234 ..\obj\ff.o
 .text.get_fileinfo
                0x08004e10       0xe0 ..\obj\ff.o
 .text.get_ldnumber
                0x08004ef0       0x5c ..\obj\ff.o
 .text.follow_path
                0x08004f4c       0xd0 ..\obj\ff.o
 .text.check_fs
                0x0800501c       0xd4 ..\obj\ff.o
 .text.find_volume
                0x080050f0      0x564 ..\obj\ff.o
 .text.validate
                0x08005654       0x5c ..\obj\ff.o
 .text.f_mount  0x080056b0       0x84 ..\obj\ff.o
                0x080056b0                f_mount
 .text.f_open   0x08005734      0x27c ..\obj\ff.o
                0x08005734                f_open
 .text.f_read   0x080059b0      0x270 ..\obj\ff.o
                0x080059b0                f_read
 .text.f_sync   0x08005c20      0x148 ..\obj\ff.o
                0x08005c20                f_sync
 .text.f_close  0x08005d68       0x28 ..\obj\ff.o
                0x08005d68                f_close
 .text.f_lseek  0x08005d90      0x268 ..\obj\ff.o
                0x08005d90                f_lseek
 .text.f_opendir
                0x08005ff8       0xbc ..\obj\ff.o
                0x08005ff8                f_opendir
 .text.f_closedir
                0x080060b4       0x28 ..\obj\ff.o
                0x080060b4                f_closedir
 .text.f_readdir
                0x080060dc       0x88 ..\obj\ff.o
                0x080060dc                f_readdir
 .text.SPI_I2S_DeInit
                0x08006164       0x74 ..\obj\stm32f4xx_spi.o
                0x08006164                SPI_I2S_DeInit
 .text.SPI_Init
                0x080061d8       0x88 ..\obj\stm32f4xx_spi.o
                0x080061d8                SPI_Init
 .text.I2S_Init
                0x08006260      0x1b4 ..\obj\stm32f4xx_spi.o
                0x08006260                I2S_Init
 .text.SPI_Cmd  0x08006414       0x40 ..\obj\stm32f4xx_spi.o
                0x08006414                SPI_Cmd
 .text.I2S_Cmd  0x08006454       0x40 ..\obj\stm32f4xx_spi.o
                0x08006454                I2S_Cmd
 .text.SPI_I2S_SendData
                0x08006494       0x20 ..\obj\stm32f4xx_spi.o
                0x08006494                SPI_I2S_SendData
 .text.SPI_I2S_ITConfig
                0x080064b4       0x64 ..\obj\stm32f4xx_spi.o
                0x080064b4                SPI_I2S_ITConfig
 .text.SPI_I2S_GetFlagStatus
                0x08006518       0x38 ..\obj\stm32f4xx_spi.o
                0x08006518                SPI_I2S_GetFlagStatus
 .text.SPI_I2S_GetITStatus
                0x08006550       0x78 ..\obj\stm32f4xx_spi.o
                0x08006550                SPI_I2S_GetITStatus
 .text.SPI_I2S_ClearITPendingBit
                0x080065c8       0x34 ..\obj\stm32f4xx_spi.o
                0x080065c8                SPI_I2S_ClearITPendingBit
 .text.I2C_DeInit
                0x080065fc       0x74 ..\obj\stm32f4xx_i2c.o
                0x080065fc                I2C_DeInit
 .text.I2C_Init
                0x08006670      0x184 ..\obj\stm32f4xx_i2c.o
                0x08006670                I2C_Init
 .text.I2C_Cmd  0x080067f4       0x40 ..\obj\stm32f4xx_i2c.o
                0x080067f4                I2C_Cmd
 .text.I2C_GenerateSTART
                0x08006834       0x40 ..\obj\stm32f4xx_i2c.o
                0x08006834                I2C_GenerateSTART
 .text.I2C_GenerateSTOP
                0x08006874       0x40 ..\obj\stm32f4xx_i2c.o
                0x08006874                I2C_GenerateSTOP
 .text.I2C_Send7bitAddress
                0x080068b4       0x3c ..\obj\stm32f4xx_i2c.o
                0x080068b4                I2C_Send7bitAddress
 .text.I2C_AcknowledgeConfig
                0x080068f0       0x40 ..\obj\stm32f4xx_i2c.o
                0x080068f0                I2C_AcknowledgeConfig
 .text.I2C_SendData
                0x08006930       0x20 ..\obj\stm32f4xx_i2c.o
                0x08006930                I2C_SendData
 .text.I2C_ReceiveData
                0x08006950       0x1c ..\obj\stm32f4xx_i2c.o
                0x08006950                I2C_ReceiveData
 .text.I2C_CheckEvent
                0x0800696c       0x60 ..\obj\stm32f4xx_i2c.o
                0x0800696c                I2C_CheckEvent
 .text.I2C_GetFlagStatus
                0x080069cc       0x68 ..\obj\stm32f4xx_i2c.o
                0x080069cc                I2C_GetFlagStatus
 .text.NVIC_Init
                0x08006a34       0xc4 ..\obj\misc.o
                0x08006a34                NVIC_Init
 .text.pvPortMalloc
                0x08006af8      0x128 ..\obj\heap_2.o
                0x08006af8                pvPortMalloc
 .text.vPortFree
                0x08006c20       0x74 ..\obj\heap_2.o
                0x08006c20                vPortFree
 .text.prvHeapInit
                0x08006c94       0x54 ..\obj\heap_2.o
 .text.controller_init
                0x08006ce8       0x38 ..\obj\controller.o
                0x08006ce8                controller_init
 .text.controller_tick
                0x08006d20       0x78 ..\obj\controller.o
                0x08006d20                controller_tick
 .text.controller_task
                0x08006d98       0x10 ..\obj\controller.o
                0x08006d98                controller_task
 .text.TIM_TimeBaseInit
                0x08006da8       0xd8 ..\obj\stm32f4xx_tim.o
                0x08006da8                TIM_TimeBaseInit
 .text.TIM_Cmd  0x08006e80       0x40 ..\obj\stm32f4xx_tim.o
                0x08006e80                TIM_Cmd
 .text.TIM_ITConfig
                0x08006ec0       0x48 ..\obj\stm32f4xx_tim.o
                0x08006ec0                TIM_ITConfig
 .text.TIM_GetITStatus
                0x08006f08       0x54 ..\obj\stm32f4xx_tim.o
                0x08006f08                TIM_GetITStatus
 .text.TIM_ClearITPendingBit
                0x08006f5c       0x24 ..\obj\stm32f4xx_tim.o
                0x08006f5c                TIM_ClearITPendingBit
 .text.spi_init
                0x08006f80       0xd4 ..\obj\fatfs_diskio_sdcard_spi.o
 .text.spi_cs_low
                0x08007054       0x18 ..\obj\fatfs_diskio_sdcard_spi.o
                0x08007054                spi_cs_low
 .text.spi_cs_high
                0x0800706c       0x18 ..\obj\fatfs_diskio_sdcard_spi.o
                0x0800706c                spi_cs_high
 .text.spi_txrx
                0x08007084       0x3c ..\obj\fatfs_diskio_sdcard_spi.o
 .text.crc7_one
                0x080070c0       0x54 ..\obj\fatfs_diskio_sdcard_spi.o
 .text.crc16_ccitt
                0x08007114       0x70 ..\obj\fatfs_diskio_sdcard_spi.o
 .text.crc16    0x08007184       0x44 ..\obj\fatfs_diskio_sdcard_spi.o
                0x08007184                crc16
 .text.my_printf
                0x080071c8       0x10 ..\obj\fatfs_diskio_sdcard_spi.o
                0x080071c8                my_printf
 .text.sd_cmd   0x080071d8       0xc8 ..\obj\fatfs_diskio_sdcard_spi.o
 .text.sd_get_r1
                0x080072a0       0x38 ..\obj\fatfs_diskio_sdcard_spi.o
 .text.sd_get_r2
                0x080072d8       0x5c ..\obj\fatfs_diskio_sdcard_spi.o
 .text.sd_get_r7
                0x08007334       0x6c ..\obj\fatfs_diskio_sdcard_spi.o
 .text.print_r1
                0x080073a0       0x5c ..\obj\fatfs_diskio_sdcard_spi.o
 .text.print_r2
                0x080073fc       0x5c ..\obj\fatfs_diskio_sdcard_spi.o
 .text.sd_nec   0x08007458       0x28 ..\obj\fatfs_diskio_sdcard_spi.o
 .text.sd_init  0x08007480      0x55c ..\obj\fatfs_diskio_sdcard_spi.o
 .text.sd_read_status
                0x080079dc       0x4c ..\obj\fatfs_diskio_sdcard_spi.o
 .text.sd_get_data
                0x08007a28       0xc0 ..\obj\fatfs_diskio_sdcard_spi.o
 .text.sd_put_data
                0x08007ae8       0xc8 ..\obj\fatfs_diskio_sdcard_spi.o
 .text.sd_read_csd
                0x08007bb0      0x4f8 ..\obj\fatfs_diskio_sdcard_spi.o
 .text.sd_read_cid
                0x080080a8      0x148 ..\obj\fatfs_diskio_sdcard_spi.o
 .text.sd_readsector
                0x080081f0       0xc0 ..\obj\fatfs_diskio_sdcard_spi.o
 .text.sd_writesector
                0x080082b0       0xd0 ..\obj\fatfs_diskio_sdcard_spi.o
 .text.hwif_init
                0x08008380       0x74 ..\obj\fatfs_diskio_sdcard_spi.o
                0x08008380                hwif_init
 .text.sd_read  0x080083f4       0x74 ..\obj\fatfs_diskio_sdcard_spi.o
                0x080083f4                sd_read
 .text.sd_write
                0x08008468       0x74 ..\obj\fatfs_diskio_sdcard_spi.o
                0x08008468                sd_write
 .text.disk_initialize
                0x080084dc       0x28 ..\obj\fatfs_diskio_sdcard_spi.o
                0x080084dc                disk_initialize
 .text.disk_status
                0x08008504       0x28 ..\obj\fatfs_diskio_sdcard_spi.o
                0x08008504                disk_status
 .text.disk_read
                0x0800852c       0x58 ..\obj\fatfs_diskio_sdcard_spi.o
                0x0800852c                disk_read
 .text.disk_write
                0x08008584       0x58 ..\obj\fatfs_diskio_sdcard_spi.o
                0x08008584                disk_write
 .text.disk_ioctl
                0x080085dc       0x6c ..\obj\fatfs_diskio_sdcard_spi.o
                0x080085dc                disk_ioctl
 .text.get_fattime
                0x08008648       0x4c ..\obj\fatfs_diskio_sdcard_spi.o
                0x08008648                get_fattime
 .text          0x08008694      0x134 c:/program files (x86)/gnu tools arm embedded/5.2 2015q4/bin/../lib/gcc/arm-none-eabi/5.2.1/../../../../arm-none-eabi/lib/armv7e-m/fpu\libg.a(lib_a-memcpy.o)
                0x08008694                memcpy
 .text.memset   0x080087c8       0x9c c:/program files (x86)/gnu tools arm embedded/5.2 2015q4/bin/../lib/gcc/arm-none-eabi/5.2.1/../../../../arm-none-eabi/lib/armv7e-m/fpu\libg.a(lib_a-memset.o)
                0x080087c8                memset
 .text.strcat   0x08008864       0x40 c:/program files (x86)/gnu tools arm embedded/5.2 2015q4/bin/../lib/gcc/arm-none-eabi/5.2.1/../../../../arm-none-eabi/lib/armv7e-m/fpu\libg.a(lib_a-strcat.o)
                0x08008864                strcat
 *fill*         0x080088a4       0x1c 
 .text          0x080088c0      0x2dc c:/program files (x86)/gnu tools arm embedded/5.2 2015q4/bin/../lib/gcc/arm-none-eabi/5.2.1/../../../../arm-none-eabi/lib/armv7e-m/fpu\libg.a(lib_a-strcmp.o)
                0x080088c8                strcmp
 .text.strcpy   0x08008b9c       0xbc c:/program files (x86)/gnu tools arm embedded/5.2 2015q4/bin/../lib/gcc/arm-none-eabi/5.2.1/../../../../arm-none-eabi/lib/armv7e-m/fpu\libg.a(lib_a-strcpy.o)
                0x08008b9c                strcpy
 *fill*         0x08008c58       0x28 
 .text          0x08008c80       0xdc c:/program files (x86)/gnu tools arm embedded/5.2 2015q4/bin/../lib/gcc/arm-none-eabi/5.2.1/../../../../arm-none-eabi/lib/armv7e-m/fpu\libg.a(lib_a-strlen.o)
                0x08008c80                strlen
 *(.init)
 *(.fini)
 *crtbegin.o(.ctors)
 *crtbegin?.o(.ctors)
 *(EXCLUDE_FILE(*crtend.o *crtend?.o) .ctors)
 *(SORT(.ctors.*))
 *(.ctors)
 *crtbegin.o(.dtors)
 *crtbegin?.o(.dtors)
 *(EXCLUDE_FILE(*crtend.o *crtend?.o) .dtors)
 *(SORT(.dtors.*))
 *(.dtors)
 *(.rodata*)
 .rodata        0x08008d5c       0x1a ..\obj\ui.o
                0x08008d5c                vol_mid
                0x08008d60                vol_ind_step
                0x08008d64                vol_ind_size
 *fill*         0x08008d76        0x2 
 .rodata        0x08008d78       0x38 ..\obj\main.o
 .rodata        0x08008db0        0xd ..\obj\timers.o
 *fill*         0x08008dbd        0x3 
 .rodata        0x08008dc0        0x5 ..\obj\tasks.o
 *fill*         0x08008dc5        0x3 
 .rodata        0x08008dc8        0xf ..\obj\ff.o
 *fill*         0x08008dd7        0x1 
 .rodata        0x08008dd8      0x731 ..\obj\fatfs_diskio_sdcard_spi.o
 *(.eh_fram e*)

.glue_7         0x0800950c        0x0
 .glue_7        0x0800950c        0x0 linker stubs

.glue_7t        0x0800950c        0x0
 .glue_7t       0x0800950c        0x0 linker stubs

.vfp11_veneer   0x0800950c        0x0
 .vfp11_veneer  0x0800950c        0x0 linker stubs

.v4_bx          0x0800950c        0x0
 .v4_bx         0x0800950c        0x0 linker stubs

.iplt           0x0800950c        0x0
 .iplt          0x0800950c        0x0 ..\obj\ui.o

.rel.dyn        0x0800950c        0x0
 .rel.iplt      0x0800950c        0x0 ..\obj\ui.o

.ARM.extab
 *(.ARM.extab* .gnu.linkonce.armextab.*)
                0x0800950c                __exidx_start = .

.ARM.exidx
 *(.ARM.exidx* .gnu.linkonce.armexidx.*)
                0x0800950c                __exidx_end = .
                0x0800950c                __etext = .
                0x08009509                _sidata = __etext

.data           0x20000000      0x324 load address 0x08009509
                0x20000000                __data_start__ = .
                0x20000000                _sdata = __data_start__
 *(vtable)
 *(.data*)
 .data          0x20000000        0x8 ..\obj\ui.o
                0x20000000                disp_ln_cnt
                0x20000004                menu_items_cnt
 .data          0x20000008       0x10 ..\obj\stm32f4xx_rcc.o
 .data          0x20000018        0x4 ..\obj\player.o
                0x20000018                volume
 .data          0x2000001c      0x2a0 ..\obj\display.o
                0x2000001c                font_6x8
 .data          0x200002bc        0x4 ..\obj\port.o
 .data          0x200002c0        0x4 ..\obj\heap_2.o
 .data          0x200002c4        0x8 ..\obj\controller.o
                0x200002c4                sw_old_state
                0x200002c8                clk_old_state
 .data          0x200002cc       0x58 ..\obj\fatfs_diskio_sdcard_spi.o
                0x20000324                . = ALIGN (0x4)
                [!provide]                PROVIDE (__preinit_array_start, .)
 *(.preinit_array)
                [!provide]                PROVIDE (__preinit_array_end, .)
                0x20000324                . = ALIGN (0x4)
                [!provide]                PROVIDE (__init_array_start, .)
 *(SORT(.init_array.*))
 *(.init_array)
                [!provide]                PROVIDE (__init_array_end, .)
                0x20000324                . = ALIGN (0x4)
                [!provide]                PROVIDE (__fini_array_start, .)
 *(SORT(.fini_array.*))
 *(.fini_array)
                [!provide]                PROVIDE (__fini_array_end, .)
 *(.jcr*)
                0x20000324                . = ALIGN (0x4)
                0x20000324                __data_end__ = .
                0x20000324                _edata = __data_end__

.igot.plt       0x20000324        0x0 load address 0x08009830
 .igot.plt      0x20000324        0x0 ..\obj\ui.o

.bss            0x20000324    0x183cc load address 0x08009830
                0x20000324                . = ALIGN (0x4)
                0x20000324                __bss_start__ = .
                0x20000324                _sbss = __bss_start__
 *(.bss*)
 .bss           0x20000324       0x18 ..\obj\ui.o
                0x20000324                track_list_size
                0x20000328                track_ptr
                0x2000032c                disp_list_shift
                0x20000330                menu_ptr
                0x20000334                is_menu_active
                0x20000338                is_in_vol_ctrl
 .bss           0x2000033c       0x11 ..\obj\player.o
                0x2000033c                cur_buff_ind
                0x20000340                is_next_buff_ready
                0x20000344                buff_ptr
                0x20000348                cur_side_ind
                0x2000034c                player_status
 *fill*         0x2000034d        0x3 
 .bss           0x20000350       0x3c ..\obj\timers.o
 .bss           0x2000038c      0x104 ..\obj\tasks.o
                0x2000038c                pxCurrentTCB
 .bss           0x20000490        0x8 ..\obj\port.o
 .bss           0x20000498        0x6 ..\obj\ff.o
 *fill*         0x2000049e        0x2 
 .bss           0x200004a0    0x12c14 ..\obj\heap_2.o
 *(COMMON)
 COMMON         0x200130b4      0x190 ..\obj\ui.o
                0x200130b4                track_list
 COMMON         0x20013244      0x230 ..\obj\main.o
                0x20013244                FATFS_Obj
 COMMON         0x20013474     0x522c ..\obj\player.o
                0x20013474                buff
                0x20018474                file
                0x20018698                cur_data
 COMMON         0x200186a0       0x40 ..\obj\queue.o
                0x200186a0                xQueueRegistry
 COMMON         0x200186e0       0x10 ..\obj\fatfs_diskio_sdcard_spi.o
                0x200186e0                hw
                0x200186f0                . = ALIGN (0x4)
                0x200186f0                __bss_end__ = .
                0x200186f0                _ebss = __bss_end__

.heap           0x200186f0        0x0
                0x200186f0                __end__ = .
                0x200186f0                _end = __end__
                0x200186f0                end = __end__
 *(.heap*)
                0x200186f0                __HeapLimit = .

.co_stack       0x200186f0      0x800 load address 0x08021bfc
                0x200186f0                . = ALIGN (0x8)
 *(.co_stack .co_stack.*)
 .co_stack      0x200186f0      0x800 ..\obj\startup_stm32f4xx.o
                0x200186f0                pulStack
                0x20020000                __StackTop = (ORIGIN (ram) + LENGTH (ram))
                0x2001f800                __StackLimit = (__StackTop - SIZEOF (.co_stack))
                [!provide]                PROVIDE (__stack, __StackTop)
                0x00000001                ASSERT ((__StackLimit >= __HeapLimit), region ram  overflowed with stack)
LOAD ..\obj\ui.o
LOAD ..\obj\stm32f4xx_syscfg.o
LOAD ..\obj\startup_stm32f4xx.o
LOAD ..\obj\main.o
LOAD ..\obj\stm32f4xx_rcc.o
LOAD ..\obj\codec.o
LOAD ..\obj\player.o
LOAD ..\obj\timers.o
LOAD ..\obj\display.o
LOAD ..\obj\tasks.o
LOAD ..\obj\stm32f4xx_gpio.o
LOAD ..\obj\list.o
LOAD ..\obj\system_stm32f4xx.o
LOAD ..\obj\queue.o
LOAD ..\obj\port.o
LOAD ..\obj\ff.o
LOAD ..\obj\croutine.o
LOAD ..\obj\stm32f4xx_spi.o
LOAD ..\obj\event_groups.o
LOAD ..\obj\stm32f4xx_i2c.o
LOAD ..\obj\stm32f4xx_exti.o
LOAD ..\obj\misc.o
LOAD ..\obj\heap_2.o
LOAD ..\obj\controller.o
LOAD ..\obj\stm32f4xx_tim.o
LOAD ..\obj\fatfs_diskio_sdcard_spi.o
START GROUP
LOAD c:/program files (x86)/gnu tools arm embedded/5.2 2015q4/bin/../lib/gcc/arm-none-eabi/5.2.1/armv7e-m/fpu\libgcc.a
LOAD c:/program files (x86)/gnu tools arm embedded/5.2 2015q4/bin/../lib/gcc/arm-none-eabi/5.2.1/../../../../arm-none-eabi/lib/armv7e-m/fpu\libg.a
LOAD c:/program files (x86)/gnu tools arm embedded/5.2 2015q4/bin/../lib/gcc/arm-none-eabi/5.2.1/../../../../arm-none-eabi/lib/armv7e-m/fpu\libc.a
END GROUP
OUTPUT(player.elf elf32-littlearm)

.debug_info     0x00000000     0xe5f9
 .debug_info    0x00000000      0x5ba ..\obj\ui.o
 .debug_info    0x000005ba       0xed ..\obj\startup_stm32f4xx.o
 .debug_info    0x000006a7      0x30e ..\obj\main.o
 .debug_info    0x000009b5      0xc59 ..\obj\stm32f4xx_rcc.o
 .debug_info    0x0000160e      0x666 ..\obj\codec.o
 .debug_info    0x00001c74      0xc77 ..\obj\player.o
 .debug_info    0x000028eb      0xb86 ..\obj\timers.o
 .debug_info    0x00003471      0x6a8 ..\obj\display.o
 .debug_info    0x00003b19     0x1db2 ..\obj\tasks.o
 .debug_info    0x000058cb      0x61a ..\obj\stm32f4xx_gpio.o
 .debug_info    0x00005ee5      0x2a0 ..\obj\list.o
 .debug_info    0x00006185      0x596 ..\obj\system_stm32f4xx.o
 .debug_info    0x0000671b     0x1402 ..\obj\queue.o
 .debug_info    0x00007b1d      0x4fa ..\obj\port.o
 .debug_info    0x00008017     0x1793 ..\obj\ff.o
 .debug_info    0x000097aa      0xb0f ..\obj\stm32f4xx_spi.o
 .debug_info    0x0000a2b9      0xb00 ..\obj\stm32f4xx_i2c.o
 .debug_info    0x0000adb9      0x541 ..\obj\misc.o
 .debug_info    0x0000b2fa      0x2f6 ..\obj\heap_2.o
 .debug_info    0x0000b5f0      0x328 ..\obj\controller.o
 .debug_info    0x0000b918     0x1c69 ..\obj\stm32f4xx_tim.o
 .debug_info    0x0000d581     0x1078 ..\obj\fatfs_diskio_sdcard_spi.o

.debug_abbrev   0x00000000     0x2331
 .debug_abbrev  0x00000000      0x164 ..\obj\ui.o
 .debug_abbrev  0x00000164       0xb0 ..\obj\startup_stm32f4xx.o
 .debug_abbrev  0x00000214      0x12f ..\obj\main.o
 .debug_abbrev  0x00000343      0x1e5 ..\obj\stm32f4xx_rcc.o
 .debug_abbrev  0x00000528      0x15e ..\obj\codec.o
 .debug_abbrev  0x00000686      0x21a ..\obj\player.o
 .debug_abbrev  0x000008a0      0x1f0 ..\obj\timers.o
 .debug_abbrev  0x00000a90      0x172 ..\obj\display.o
 .debug_abbrev  0x00000c02      0x2c9 ..\obj\tasks.o
 .debug_abbrev  0x00000ecb      0x1a7 ..\obj\stm32f4xx_gpio.o
 .debug_abbrev  0x00001072       0xbc ..\obj\list.o
 .debug_abbrev  0x0000112e      0x138 ..\obj\system_stm32f4xx.o
 .debug_abbrev  0x00001266      0x222 ..\obj\queue.o
 .debug_abbrev  0x00001488      0x1b9 ..\obj\port.o
 .debug_abbrev  0x00001641      0x192 ..\obj\ff.o
 .debug_abbrev  0x000017d3      0x169 ..\obj\stm32f4xx_spi.o
 .debug_abbrev  0x0000193c      0x166 ..\obj\stm32f4xx_i2c.o
 .debug_abbrev  0x00001aa2      0x147 ..\obj\misc.o
 .debug_abbrev  0x00001be9      0x16c ..\obj\heap_2.o
 .debug_abbrev  0x00001d55      0x128 ..\obj\controller.o
 .debug_abbrev  0x00001e7d      0x189 ..\obj\stm32f4xx_tim.o
 .debug_abbrev  0x00002006      0x32b ..\obj\fatfs_diskio_sdcard_spi.o

.debug_aranges  0x00000000     0x1120
 .debug_aranges
                0x00000000       0x68 ..\obj\ui.o
 .debug_aranges
                0x00000068       0x28 ..\obj\startup_stm32f4xx.o
 .debug_aranges
                0x00000090       0x40 ..\obj\main.o
 .debug_aranges
                0x000000d0      0x178 ..\obj\stm32f4xx_rcc.o
 .debug_aranges
                0x00000248       0x38 ..\obj\codec.o
 .debug_aranges
                0x00000280       0xa8 ..\obj\player.o
 .debug_aranges
                0x00000328       0xb8 ..\obj\timers.o
 .debug_aranges
                0x000003e0       0x78 ..\obj\display.o
 .debug_aranges
                0x00000458      0x1d8 ..\obj\tasks.o
 .debug_aranges
                0x00000630       0x88 ..\obj\stm32f4xx_gpio.o
 .debug_aranges
                0x000006b8       0x40 ..\obj\list.o
 .debug_aranges
                0x000006f8       0x30 ..\obj\system_stm32f4xx.o
 .debug_aranges
                0x00000728      0x118 ..\obj\queue.o
 .debug_aranges
                0x00000840       0x80 ..\obj\port.o
 .debug_aranges
                0x000008c0      0x188 ..\obj\ff.o
 .debug_aranges
                0x00000a48       0xe0 ..\obj\stm32f4xx_spi.o
 .debug_aranges
                0x00000b28      0x120 ..\obj\stm32f4xx_i2c.o
 .debug_aranges
                0x00000c48       0x40 ..\obj\misc.o
 .debug_aranges
                0x00000c88       0x40 ..\obj\heap_2.o
 .debug_aranges
                0x00000cc8       0x30 ..\obj\controller.o
 .debug_aranges
                0x00000cf8      0x2f8 ..\obj\stm32f4xx_tim.o
 .debug_aranges
                0x00000ff0      0x130 ..\obj\fatfs_diskio_sdcard_spi.o

.debug_ranges   0x00000000      0xfc0
 .debug_ranges  0x00000000       0x58 ..\obj\ui.o
 .debug_ranges  0x00000058       0x18 ..\obj\startup_stm32f4xx.o
 .debug_ranges  0x00000070       0x30 ..\obj\main.o
 .debug_ranges  0x000000a0      0x168 ..\obj\stm32f4xx_rcc.o
 .debug_ranges  0x00000208       0x28 ..\obj\codec.o
 .debug_ranges  0x00000230       0x98 ..\obj\player.o
 .debug_ranges  0x000002c8       0xa8 ..\obj\timers.o
 .debug_ranges  0x00000370       0x68 ..\obj\display.o
 .debug_ranges  0x000003d8      0x1c8 ..\obj\tasks.o
 .debug_ranges  0x000005a0       0x78 ..\obj\stm32f4xx_gpio.o
 .debug_ranges  0x00000618       0x30 ..\obj\list.o
 .debug_ranges  0x00000648       0x20 ..\obj\system_stm32f4xx.o
 .debug_ranges  0x00000668      0x108 ..\obj\queue.o
 .debug_ranges  0x00000770       0x70 ..\obj\port.o
 .debug_ranges  0x000007e0      0x178 ..\obj\ff.o
 .debug_ranges  0x00000958       0xd0 ..\obj\stm32f4xx_spi.o
 .debug_ranges  0x00000a28      0x110 ..\obj\stm32f4xx_i2c.o
 .debug_ranges  0x00000b38       0x30 ..\obj\misc.o
 .debug_ranges  0x00000b68       0x30 ..\obj\heap_2.o
 .debug_ranges  0x00000b98       0x20 ..\obj\controller.o
 .debug_ranges  0x00000bb8      0x2e8 ..\obj\stm32f4xx_tim.o
 .debug_ranges  0x00000ea0      0x120 ..\obj\fatfs_diskio_sdcard_spi.o

.debug_line     0x00000000     0x7269
 .debug_line    0x00000000      0x3c5 ..\obj\ui.o
 .debug_line    0x000003c5       0xb1 ..\obj\startup_stm32f4xx.o
 .debug_line    0x00000476      0x28e ..\obj\main.o
 .debug_line    0x00000704      0x605 ..\obj\stm32f4xx_rcc.o
 .debug_line    0x00000d09      0x377 ..\obj\codec.o
 .debug_line    0x00001080      0x435 ..\obj\player.o
 .debug_line    0x000014b5      0x4c1 ..\obj\timers.o
 .debug_line    0x00001976      0x3c9 ..\obj\display.o
 .debug_line    0x00001d3f      0xe06 ..\obj\tasks.o
 .debug_line    0x00002b45      0x3c0 ..\obj\stm32f4xx_gpio.o
 .debug_line    0x00002f05      0x1d2 ..\obj\list.o
 .debug_line    0x000030d7      0x222 ..\obj\system_stm32f4xx.o
 .debug_line    0x000032f9      0x9b1 ..\obj\queue.o
 .debug_line    0x00003caa      0x350 ..\obj\port.o
 .debug_line    0x00003ffa      0xcd0 ..\obj\ff.o
 .debug_line    0x00004cca      0x4b9 ..\obj\stm32f4xx_spi.o
 .debug_line    0x00005183      0x54b ..\obj\stm32f4xx_i2c.o
 .debug_line    0x000056ce      0x29e ..\obj\misc.o
 .debug_line    0x0000596c      0x268 ..\obj\heap_2.o
 .debug_line    0x00005bd4      0x28f ..\obj\controller.o
 .debug_line    0x00005e63      0xb21 ..\obj\stm32f4xx_tim.o
 .debug_line    0x00006984      0x8e5 ..\obj\fatfs_diskio_sdcard_spi.o

.debug_str      0x00000000     0x51d1
 .debug_str     0x00000000      0x486 ..\obj\ui.o
                                0x4e2 (size before relaxing)
 .debug_str     0x00000486       0xc0 ..\obj\startup_stm32f4xx.o
                                0x17a (size before relaxing)
 .debug_str     0x00000546       0xe0 ..\obj\main.o
                                0x3f8 (size before relaxing)
 .debug_str     0x00000626      0x6de ..\obj\stm32f4xx_rcc.o
                                0x883 (size before relaxing)
 .debug_str     0x00000d04      0x393 ..\obj\codec.o
                                0x575 (size before relaxing)
 .debug_str     0x00001097      0x8cd ..\obj\player.o
                                0xcfc (size before relaxing)
 .debug_str     0x00001964      0x565 ..\obj\timers.o
                                0x74d (size before relaxing)
 .debug_str     0x00001ec9      0x20b ..\obj\display.o
                                0x5c8 (size before relaxing)
 .debug_str     0x000020d4      0xc53 ..\obj\tasks.o
                                0xf53 (size before relaxing)
 .debug_str     0x00002d27      0x1b3 ..\obj\stm32f4xx_gpio.o
                                0x4d6 (size before relaxing)
 .debug_str     0x00002eda       0xd5 ..\obj\list.o
                                0x2d8 (size before relaxing)
 .debug_str     0x00002faf      0x128 ..\obj\system_stm32f4xx.o
                                0x3dd (size before relaxing)
 .debug_str     0x000030d7      0x507 ..\obj\queue.o
                                0x86b (size before relaxing)
 .debug_str     0x000035de      0x208 ..\obj\port.o
                                0x400 (size before relaxing)
 .debug_str     0x000037e6      0x2c6 ..\obj\ff.o
                                0x617 (size before relaxing)
 .debug_str     0x00003aac      0x2bf ..\obj\stm32f4xx_spi.o
                                0x6bd (size before relaxing)
 .debug_str     0x00003d6b      0x350 ..\obj\stm32f4xx_i2c.o
                                0x698 (size before relaxing)
 .debug_str     0x000040bb      0x171 ..\obj\misc.o
                                0x401 (size before relaxing)
 .debug_str     0x0000422c      0x175 ..\obj\heap_2.o
                                0x32f (size before relaxing)
 .debug_str     0x000043a1       0xab ..\obj\controller.o
                                0x3d3 (size before relaxing)
 .debug_str     0x0000444c      0xa96 ..\obj\stm32f4xx_tim.o
                                0xe03 (size before relaxing)
 .debug_str     0x00004ee2      0x2ef ..\obj\fatfs_diskio_sdcard_spi.o
                                0x7a1 (size before relaxing)

.comment        0x00000000       0x6e
 .comment       0x00000000       0x6e ..\obj\ui.o
                                 0x6f (size before relaxing)
 .comment       0x0000006e       0x6f ..\obj\startup_stm32f4xx.o
 .comment       0x0000006e       0x6f ..\obj\main.o
 .comment       0x0000006e       0x6f ..\obj\stm32f4xx_rcc.o
 .comment       0x0000006e       0x6f ..\obj\codec.o
 .comment       0x0000006e       0x6f ..\obj\player.o
 .comment       0x0000006e       0x6f ..\obj\timers.o
 .comment       0x0000006e       0x6f ..\obj\display.o
 .comment       0x0000006e       0x6f ..\obj\tasks.o
 .comment       0x0000006e       0x6f ..\obj\stm32f4xx_gpio.o
 .comment       0x0000006e       0x6f ..\obj\list.o
 .comment       0x0000006e       0x6f ..\obj\system_stm32f4xx.o
 .comment       0x0000006e       0x6f ..\obj\queue.o
 .comment       0x0000006e       0x6f ..\obj\port.o
 .comment       0x0000006e       0x6f ..\obj\ff.o
 .comment       0x0000006e       0x6f ..\obj\stm32f4xx_spi.o
 .comment       0x0000006e       0x6f ..\obj\stm32f4xx_i2c.o
 .comment       0x0000006e       0x6f ..\obj\misc.o
 .comment       0x0000006e       0x6f ..\obj\heap_2.o
 .comment       0x0000006e       0x6f ..\obj\controller.o
 .comment       0x0000006e       0x6f ..\obj\stm32f4xx_tim.o
 .comment       0x0000006e       0x6f ..\obj\fatfs_diskio_sdcard_spi.o

.ARM.attributes
                0x00000000       0x37
 .ARM.attributes
                0x00000000       0x39 ..\obj\ui.o
 .ARM.attributes
                0x00000039       0x39 ..\obj\startup_stm32f4xx.o
 .ARM.attributes
                0x00000072       0x39 ..\obj\main.o
 .ARM.attributes
                0x000000ab       0x39 ..\obj\stm32f4xx_rcc.o
 .ARM.attributes
                0x000000e4       0x39 ..\obj\codec.o
 .ARM.attributes
                0x0000011d       0x39 ..\obj\player.o
 .ARM.attributes
                0x00000156       0x39 ..\obj\timers.o
 .ARM.attributes
                0x0000018f       0x39 ..\obj\display.o
 .ARM.attributes
                0x000001c8       0x39 ..\obj\tasks.o
 .ARM.attributes
                0x00000201       0x39 ..\obj\stm32f4xx_gpio.o
 .ARM.attributes
                0x0000023a       0x39 ..\obj\list.o
 .ARM.attributes
                0x00000273       0x39 ..\obj\system_stm32f4xx.o
 .ARM.attributes
                0x000002ac       0x39 ..\obj\queue.o
 .ARM.attributes
                0x000002e5       0x39 ..\obj\port.o
 .ARM.attributes
                0x0000031e       0x39 ..\obj\ff.o
 .ARM.attributes
                0x00000357       0x39 ..\obj\stm32f4xx_spi.o
 .ARM.attributes
                0x00000390       0x39 ..\obj\stm32f4xx_i2c.o
 .ARM.attributes
                0x000003c9       0x39 ..\obj\misc.o
 .ARM.attributes
                0x00000402       0x39 ..\obj\heap_2.o
 .ARM.attributes
                0x0000043b       0x39 ..\obj\controller.o
 .ARM.attributes
                0x00000474       0x39 ..\obj\stm32f4xx_tim.o
 .ARM.attributes
                0x000004ad       0x39 ..\obj\fatfs_diskio_sdcard_spi.o
 .ARM.attributes
                0x000004e6       0x20 c:/program files (x86)/gnu tools arm embedded/5.2 2015q4/bin/../lib/gcc/arm-none-eabi/5.2.1/../../../../arm-none-eabi/lib/armv7e-m/fpu\libg.a(lib_a-memcpy.o)
 .ARM.attributes
                0x00000506       0x34 c:/program files (x86)/gnu tools arm embedded/5.2 2015q4/bin/../lib/gcc/arm-none-eabi/5.2.1/../../../../arm-none-eabi/lib/armv7e-m/fpu\libg.a(lib_a-memset.o)
 .ARM.attributes
                0x0000053a       0x34 c:/program files (x86)/gnu tools arm embedded/5.2 2015q4/bin/../lib/gcc/arm-none-eabi/5.2.1/../../../../arm-none-eabi/lib/armv7e-m/fpu\libg.a(lib_a-strcat.o)
 .ARM.attributes
                0x0000056e       0x20 c:/program files (x86)/gnu tools arm embedded/5.2 2015q4/bin/../lib/gcc/arm-none-eabi/5.2.1/../../../../arm-none-eabi/lib/armv7e-m/fpu\libg.a(lib_a-strcmp.o)
 .ARM.attributes
                0x0000058e       0x34 c:/program files (x86)/gnu tools arm embedded/5.2 2015q4/bin/../lib/gcc/arm-none-eabi/5.2.1/../../../../arm-none-eabi/lib/armv7e-m/fpu\libg.a(lib_a-strcpy.o)
 .ARM.attributes
                0x000005c2       0x20 c:/program files (x86)/gnu tools arm embedded/5.2 2015q4/bin/../lib/gcc/arm-none-eabi/5.2.1/../../../../arm-none-eabi/lib/armv7e-m/fpu\libg.a(lib_a-strlen.o)

.debug_frame    0x00000000     0x48fc
 .debug_frame   0x00000000      0x14c ..\obj\ui.o
 .debug_frame   0x0000014c       0x4c ..\obj\startup_stm32f4xx.o
 .debug_frame   0x00000198       0xa8 ..\obj\main.o
 .debug_frame   0x00000240      0x6d4 ..\obj\stm32f4xx_rcc.o
 .debug_frame   0x00000914       0xa0 ..\obj\codec.o
 .debug_frame   0x000009b4      0x23c ..\obj\player.o
 .debug_frame   0x00000bf0      0x2f0 ..\obj\timers.o
 .debug_frame   0x00000ee0      0x1c0 ..\obj\display.o
 .debug_frame   0x000010a0      0x808 ..\obj\tasks.o
 .debug_frame   0x000018a8      0x23c ..\obj\stm32f4xx_gpio.o
 .debug_frame   0x00001ae4       0xd8 ..\obj\list.o
 .debug_frame   0x00001bbc       0x7c ..\obj\system_stm32f4xx.o
 .debug_frame   0x00001c38      0x4c0 ..\obj\queue.o
 .debug_frame   0x000020f8      0x19c ..\obj\port.o
 .debug_frame   0x00002294      0x6d0 ..\obj\ff.o
 .debug_frame   0x00002964      0x3f4 ..\obj\stm32f4xx_spi.o
 .debug_frame   0x00002d58      0x530 ..\obj\stm32f4xx_i2c.o
 .debug_frame   0x00003288       0xd8 ..\obj\misc.o
 .debug_frame   0x00003360       0xc0 ..\obj\heap_2.o
 .debug_frame   0x00003420       0x74 ..\obj\controller.o
 .debug_frame   0x00003494      0xe54 ..\obj\stm32f4xx_tim.o
 .debug_frame   0x000042e8      0x530 ..\obj\fatfs_diskio_sdcard_spi.o
 .debug_frame   0x00004818       0x34 c:/program files (x86)/gnu tools arm embedded/5.2 2015q4/bin/../lib/gcc/arm-none-eabi/5.2.1/../../../../arm-none-eabi/lib/armv7e-m/fpu\libg.a(lib_a-memset.o)
 .debug_frame   0x0000484c       0x28 c:/program files (x86)/gnu tools arm embedded/5.2 2015q4/bin/../lib/gcc/arm-none-eabi/5.2.1/../../../../arm-none-eabi/lib/armv7e-m/fpu\libg.a(lib_a-strcat.o)
 .debug_frame   0x00004874       0x68 c:/program files (x86)/gnu tools arm embedded/5.2 2015q4/bin/../lib/gcc/arm-none-eabi/5.2.1/../../../../arm-none-eabi/lib/armv7e-m/fpu\libg.a(lib_a-strcmp.o)
 .debug_frame   0x000048dc       0x20 c:/program files (x86)/gnu tools arm embedded/5.2 2015q4/bin/../lib/gcc/arm-none-eabi/5.2.1/../../../../arm-none-eabi/lib/armv7e-m/fpu\libg.a(lib_a-strcpy.o)
