Archive member included to satisfy reference by file (symbol)

c:/program files (x86)/gnu tools arm embedded/5.2 2015q4/bin/../lib/gcc/arm-none-eabi/5.2.1/../../../../arm-none-eabi/lib/armv7e-m/softfp\libg.a(lib_a-memcpy.o)
                              ..\obj\queue.o (memcpy)
c:/program files (x86)/gnu tools arm embedded/5.2 2015q4/bin/../lib/gcc/arm-none-eabi/5.2.1/../../../../arm-none-eabi/lib/armv7e-m/softfp\libg.a(lib_a-memset.o)
                              ..\obj\tasks.o (memset)

Allocating common symbols
Common symbol       size              file

buff                0x19000           ..\obj\main.o
xQueueRegistry      0x40              ..\obj\queue.o
nRead               0x4               ..\obj\main.o
file                0x224             ..\obj\main.o
hw                  0x10              ..\obj\fatfs_diskio_sdcard_spi.o

Discarded input sections

 .text          0x00000000        0x0 ..\obj\startup_stm32f4xx.o
 .data          0x00000000        0x0 ..\obj\startup_stm32f4xx.o
 .bss           0x00000000        0x0 ..\obj\startup_stm32f4xx.o
 .text          0x00000000        0x0 ..\obj\main.o
 .bss           0x00000000        0x0 ..\obj\main.o
 .text.sleep    0x00000000       0x24 ..\obj\main.o
 .text.init_leds
                0x00000000       0x3c ..\obj\main.o
 .text.init_tim
                0x00000000       0x64 ..\obj\main.o
 .text.vApplicationIdleHook
                0x00000000       0x10 ..\obj\main.o
 .text.vApplicationMallocFailedHook
                0x00000000        0x8 ..\obj\main.o
 .text          0x00000000        0x0 ..\obj\stm32f4xx_rcc.o
 .bss           0x00000000        0x0 ..\obj\stm32f4xx_rcc.o
 .text.RCC_DeInit
                0x00000000       0x50 ..\obj\stm32f4xx_rcc.o
 .text.RCC_HSEConfig
                0x00000000       0x28 ..\obj\stm32f4xx_rcc.o
 .text.RCC_AdjustHSICalibrationValue
                0x00000000       0x3c ..\obj\stm32f4xx_rcc.o
 .text.RCC_HSICmd
                0x00000000       0x20 ..\obj\stm32f4xx_rcc.o
 .text.RCC_LSEConfig
                0x00000000       0x44 ..\obj\stm32f4xx_rcc.o
 .text.RCC_LSICmd
                0x00000000       0x20 ..\obj\stm32f4xx_rcc.o
 .text.RCC_PLLConfig
                0x00000000       0x40 ..\obj\stm32f4xx_rcc.o
 .text.RCC_PLLCmd
                0x00000000       0x20 ..\obj\stm32f4xx_rcc.o
 .text.RCC_PLLI2SConfig
                0x00000000       0x2c ..\obj\stm32f4xx_rcc.o
 .text.RCC_ClockSecuritySystemCmd
                0x00000000       0x20 ..\obj\stm32f4xx_rcc.o
 .text.RCC_MCO1Config
                0x00000000       0x40 ..\obj\stm32f4xx_rcc.o
 .text.RCC_MCO2Config
                0x00000000       0x40 ..\obj\stm32f4xx_rcc.o
 .text.RCC_SYSCLKConfig
                0x00000000       0x38 ..\obj\stm32f4xx_rcc.o
 .text.RCC_GetSYSCLKSource
                0x00000000       0x20 ..\obj\stm32f4xx_rcc.o
 .text.RCC_HCLKConfig
                0x00000000       0x38 ..\obj\stm32f4xx_rcc.o
 .text.RCC_PCLK1Config
                0x00000000       0x38 ..\obj\stm32f4xx_rcc.o
 .text.RCC_PCLK2Config
                0x00000000       0x3c ..\obj\stm32f4xx_rcc.o
 .text.RCC_RTCCLKConfig
                0x00000000       0x5c ..\obj\stm32f4xx_rcc.o
 .text.RCC_RTCCLKCmd
                0x00000000       0x20 ..\obj\stm32f4xx_rcc.o
 .text.RCC_BackupResetCmd
                0x00000000       0x20 ..\obj\stm32f4xx_rcc.o
 .text.RCC_I2SCLKConfig
                0x00000000       0x20 ..\obj\stm32f4xx_rcc.o
 .text.RCC_AHB2PeriphClockCmd
                0x00000000       0x40 ..\obj\stm32f4xx_rcc.o
 .text.RCC_AHB3PeriphClockCmd
                0x00000000       0x40 ..\obj\stm32f4xx_rcc.o
 .text.RCC_AHB1PeriphResetCmd
                0x00000000       0x40 ..\obj\stm32f4xx_rcc.o
 .text.RCC_AHB2PeriphResetCmd
                0x00000000       0x40 ..\obj\stm32f4xx_rcc.o
 .text.RCC_AHB3PeriphResetCmd
                0x00000000       0x40 ..\obj\stm32f4xx_rcc.o
 .text.RCC_AHB1PeriphClockLPModeCmd
                0x00000000       0x40 ..\obj\stm32f4xx_rcc.o
 .text.RCC_AHB2PeriphClockLPModeCmd
                0x00000000       0x40 ..\obj\stm32f4xx_rcc.o
 .text.RCC_AHB3PeriphClockLPModeCmd
                0x00000000       0x40 ..\obj\stm32f4xx_rcc.o
 .text.RCC_APB1PeriphClockLPModeCmd
                0x00000000       0x40 ..\obj\stm32f4xx_rcc.o
 .text.RCC_APB2PeriphClockLPModeCmd
                0x00000000       0x40 ..\obj\stm32f4xx_rcc.o
 .text.RCC_ITConfig
                0x00000000       0x4c ..\obj\stm32f4xx_rcc.o
 .text.RCC_ClearFlag
                0x00000000       0x20 ..\obj\stm32f4xx_rcc.o
 .text.RCC_GetITStatus
                0x00000000       0x38 ..\obj\stm32f4xx_rcc.o
 .text.RCC_ClearITPendingBit
                0x00000000       0x20 ..\obj\stm32f4xx_rcc.o
 .text          0x00000000        0x0 ..\obj\codec.o
 .data          0x00000000        0x0 ..\obj\codec.o
 .bss           0x00000000        0x0 ..\obj\codec.o
 .text          0x00000000        0x0 ..\obj\timers.o
 .data          0x00000000        0x0 ..\obj\timers.o
 .bss           0x00000000       0x3c ..\obj\timers.o
 .rodata        0x00000000        0xd ..\obj\timers.o
 .text.xTimerCreateTimerTask
                0x00000000       0x68 ..\obj\timers.o
 .text.xTimerCreate
                0x00000000       0x3c ..\obj\timers.o
 .text.prvInitialiseNewTimer
                0x00000000       0x64 ..\obj\timers.o
 .text.xTimerGenericCommand
                0x00000000       0x98 ..\obj\timers.o
 .text.xTimerGetTimerDaemonTaskHandle
                0x00000000       0x38 ..\obj\timers.o
 .text.xTimerGetPeriod
                0x00000000       0x38 ..\obj\timers.o
 .text.xTimerGetExpiryTime
                0x00000000       0x3c ..\obj\timers.o
 .text.pcTimerGetName
                0x00000000       0x38 ..\obj\timers.o
 .text.prvProcessExpiredTimer
                0x00000000       0x80 ..\obj\timers.o
 .text.prvTimerTask
                0x00000000       0x24 ..\obj\timers.o
 .text.prvProcessTimerOrBlockTask
                0x00000000       0x9c ..\obj\timers.o
 .text.prvGetNextExpireTime
                0x00000000       0x48 ..\obj\timers.o
 .text.prvSampleTimeNow
                0x00000000       0x40 ..\obj\timers.o
 .text.prvInsertTimerInActiveList
                0x00000000       0x84 ..\obj\timers.o
 .text.prvProcessReceivedCommands
                0x00000000      0x124 ..\obj\timers.o
 .text.prvSwitchTimerLists
                0x00000000       0xc0 ..\obj\timers.o
 .text.prvCheckForValidListAndQueue
                0x00000000       0x6c ..\obj\timers.o
 .text.xTimerIsTimerActive
                0x00000000       0x48 ..\obj\timers.o
 .text.pvTimerGetTimerID
                0x00000000       0x40 ..\obj\timers.o
 .text.vTimerSetTimerID
                0x00000000       0x40 ..\obj\timers.o
 .debug_info    0x00000000      0xb86 ..\obj\timers.o
 .debug_abbrev  0x00000000      0x1f0 ..\obj\timers.o
 .debug_aranges
                0x00000000       0xb8 ..\obj\timers.o
 .debug_ranges  0x00000000       0xa8 ..\obj\timers.o
 .debug_line    0x00000000      0x4c1 ..\obj\timers.o
 .debug_str     0x00000000      0x74f ..\obj\timers.o
 .comment       0x00000000       0x6f ..\obj\timers.o
 .debug_frame   0x00000000      0x2f0 ..\obj\timers.o
 .ARM.attributes
                0x00000000       0x37 ..\obj\timers.o
 .text          0x00000000        0x0 ..\obj\display.o
 .bss           0x00000000        0x0 ..\obj\display.o
 .text.display_write_int
                0x00000000       0x14 ..\obj\display.o
 .text          0x00000000        0x0 ..\obj\tasks.o
 .data          0x00000000        0x0 ..\obj\tasks.o
 .text.xTaskCreate
                0x00000000       0x80 ..\obj\tasks.o
 .text.prvInitialiseNewTask
                0x00000000      0x110 ..\obj\tasks.o
 .text.prvAddNewTaskToReadyList
                0x00000000       0xdc ..\obj\tasks.o
 .text.vTaskDelete
                0x00000000      0x128 ..\obj\tasks.o
 .text.vTaskDelayUntil
                0x00000000       0xf4 ..\obj\tasks.o
 .text.vTaskDelay
                0x00000000       0x68 ..\obj\tasks.o
 .text.eTaskGetState
                0x00000000       0xb0 ..\obj\tasks.o
 .text.uxTaskPriorityGet
                0x00000000       0x34 ..\obj\tasks.o
 .text.uxTaskPriorityGetFromISR
                0x00000000       0x58 ..\obj\tasks.o
 .text.vTaskPrioritySet
                0x00000000      0x15c ..\obj\tasks.o
 .text.vTaskSuspend
                0x00000000      0x110 ..\obj\tasks.o
 .text.prvTaskIsTaskSuspended
                0x00000000       0x74 ..\obj\tasks.o
 .text.vTaskResume
                0x00000000       0xb8 ..\obj\tasks.o
 .text.xTaskResumeFromISR
                0x00000000       0xe0 ..\obj\tasks.o
 .rodata        0x00000000        0x5 ..\obj\tasks.o
 .text.vTaskStartScheduler
                0x00000000       0x98 ..\obj\tasks.o
 .text.vTaskEndScheduler
                0x00000000       0x30 ..\obj\tasks.o
 .text.vTaskSuspendAll
                0x00000000       0x1c ..\obj\tasks.o
 .text.xTaskResumeAll
                0x00000000      0x138 ..\obj\tasks.o
 .text.xTaskGetTickCount
                0x00000000       0x20 ..\obj\tasks.o
 .text.xTaskGetTickCountFromISR
                0x00000000       0x24 ..\obj\tasks.o
 .text.uxTaskGetNumberOfTasks
                0x00000000       0x18 ..\obj\tasks.o
 .text.pcTaskGetName
                0x00000000       0x48 ..\obj\tasks.o
 .text.uxTaskGetSystemState
                0x00000000      0x11c ..\obj\tasks.o
 .text.vTaskPlaceOnEventList
                0x00000000       0x48 ..\obj\tasks.o
 .text.vTaskPlaceOnUnorderedEventList
                0x00000000       0x74 ..\obj\tasks.o
 .text.vTaskPlaceOnEventListRestricted
                0x00000000       0x54 ..\obj\tasks.o
 .text.xTaskRemoveFromEventList
                0x00000000       0xc4 ..\obj\tasks.o
 .text.xTaskRemoveFromUnorderedEventList
                0x00000000       0xcc ..\obj\tasks.o
 .text.vTaskSetTimeOutState
                0x00000000       0x48 ..\obj\tasks.o
 .text.xTaskCheckForTimeOut
                0x00000000       0xbc ..\obj\tasks.o
 .text.vTaskMissedYield
                0x00000000       0x18 ..\obj\tasks.o
 .text.uxTaskGetTaskNumber
                0x00000000       0x2c ..\obj\tasks.o
 .text.vTaskSetTaskNumber
                0x00000000       0x28 ..\obj\tasks.o
 .text.prvIdleTask
                0x00000000       0x34 ..\obj\tasks.o
 .text.prvInitialiseTaskLists
                0x00000000       0x80 ..\obj\tasks.o
 .text.prvCheckTasksWaitingTermination
                0x00000000       0x78 ..\obj\tasks.o
 .text.vTaskGetTaskInfo
                0x00000000       0xbc ..\obj\tasks.o
 .text.prvListTasksWithinSingleList
                0x00000000       0xa4 ..\obj\tasks.o
 .text.prvTaskCheckFreeStackSpace
                0x00000000       0x38 ..\obj\tasks.o
 .text.prvDeleteTCB
                0x00000000       0x20 ..\obj\tasks.o
 .text.xTaskGetCurrentTaskHandle
                0x00000000       0x20 ..\obj\tasks.o
 .text.xTaskGetSchedulerState
                0x00000000       0x3c ..\obj\tasks.o
 .text.vTaskPriorityInherit
                0x00000000       0xec ..\obj\tasks.o
 .text.xTaskPriorityDisinherit
                0x00000000      0x108 ..\obj\tasks.o
 .text.uxTaskResetEventItemValue
                0x00000000       0x30 ..\obj\tasks.o
 .text.pvTaskIncrementMutexHeldCount
                0x00000000       0x28 ..\obj\tasks.o
 .text.ulTaskNotifyTake
                0x00000000       0x90 ..\obj\tasks.o
 .text.xTaskNotifyWait
                0x00000000       0xb4 ..\obj\tasks.o
 .text.xTaskGenericNotify
                0x00000000      0x140 ..\obj\tasks.o
 .text.xTaskGenericNotifyFromISR
                0x00000000      0x18c ..\obj\tasks.o
 .text.vTaskNotifyGiveFromISR
                0x00000000      0x120 ..\obj\tasks.o
 .text.xTaskNotifyStateClear
                0x00000000       0x4c ..\obj\tasks.o
 .text.prvAddCurrentTaskToDelayedList
                0x00000000       0xcc ..\obj\tasks.o
 .text          0x00000000        0x0 ..\obj\stm32f4xx_gpio.o
 .data          0x00000000        0x0 ..\obj\stm32f4xx_gpio.o
 .bss           0x00000000        0x0 ..\obj\stm32f4xx_gpio.o
 .text.GPIO_DeInit
                0x00000000      0x120 ..\obj\stm32f4xx_gpio.o
 .text.GPIO_PinLockConfig
                0x00000000       0x44 ..\obj\stm32f4xx_gpio.o
 .text.GPIO_ReadInputDataBit
                0x00000000       0x34 ..\obj\stm32f4xx_gpio.o
 .text.GPIO_ReadInputData
                0x00000000       0x1c ..\obj\stm32f4xx_gpio.o
 .text.GPIO_ReadOutputDataBit
                0x00000000       0x34 ..\obj\stm32f4xx_gpio.o
 .text.GPIO_ReadOutputData
                0x00000000       0x1c ..\obj\stm32f4xx_gpio.o
 .text.GPIO_WriteBit
                0x00000000       0x30 ..\obj\stm32f4xx_gpio.o
 .text.GPIO_Write
                0x00000000       0x20 ..\obj\stm32f4xx_gpio.o
 .text.GPIO_ToggleBits
                0x00000000       0x24 ..\obj\stm32f4xx_gpio.o
 .text          0x00000000        0x0 ..\obj\list.o
 .data          0x00000000        0x0 ..\obj\list.o
 .bss           0x00000000        0x0 ..\obj\list.o
 .text.vListInitialise
                0x00000000       0x40 ..\obj\list.o
 .text.vListInitialiseItem
                0x00000000       0x1c ..\obj\list.o
 .text.vListInsert
                0x00000000       0x74 ..\obj\list.o
 .text          0x00000000        0x0 ..\obj\system_stm32f4xx.o
 .data          0x00000000       0x14 ..\obj\system_stm32f4xx.o
 .bss           0x00000000        0x0 ..\obj\system_stm32f4xx.o
 .text.SystemCoreClockUpdate
                0x00000000       0xfc ..\obj\system_stm32f4xx.o
 .text          0x00000000        0x0 ..\obj\queue.o
 .data          0x00000000        0x0 ..\obj\queue.o
 .bss           0x00000000        0x0 ..\obj\queue.o
 .text.xQueueGenericReset
                0x00000000       0xd0 ..\obj\queue.o
 .text.xQueueGenericCreate
                0x00000000       0x74 ..\obj\queue.o
 .text.prvInitialiseNewQueue
                0x00000000       0x48 ..\obj\queue.o
 .text.prvInitialiseMutex
                0x00000000       0x34 ..\obj\queue.o
 .text.xQueueCreateMutex
                0x00000000       0x30 ..\obj\queue.o
 .text.xQueueGiveMutexRecursive
                0x00000000       0x68 ..\obj\queue.o
 .text.xQueueTakeMutexRecursive
                0x00000000       0x70 ..\obj\queue.o
 .text.xQueueCreateCountingSemaphore
                0x00000000       0x64 ..\obj\queue.o
 .text.xQueueGenericSend
                0x00000000      0x1f8 ..\obj\queue.o
 .text.xQueueGenericSendFromISR
                0x00000000      0x128 ..\obj\queue.o
 .text.xQueueGiveFromISR
                0x00000000      0x114 ..\obj\queue.o
 .text.xQueueGenericReceive
                0x00000000      0x228 ..\obj\queue.o
 .text.xQueueReceiveFromISR
                0x00000000       0xfc ..\obj\queue.o
 .text.xQueuePeekFromISR
                0x00000000       0xcc ..\obj\queue.o
 .text.uxQueueMessagesWaiting
                0x00000000       0x3c ..\obj\queue.o
 .text.uxQueueSpacesAvailable
                0x00000000       0x44 ..\obj\queue.o
 .text.uxQueueMessagesWaitingFromISR
                0x00000000       0x38 ..\obj\queue.o
 .text.vQueueDelete
                0x00000000       0x3c ..\obj\queue.o
 .text.uxQueueGetQueueNumber
                0x00000000       0x18 ..\obj\queue.o
 .text.vQueueSetQueueNumber
                0x00000000       0x1c ..\obj\queue.o
 .text.ucQueueGetQueueType
                0x00000000       0x1c ..\obj\queue.o
 .text.prvCopyDataToQueue
                0x00000000       0xd4 ..\obj\queue.o
 .text.prvCopyDataFromQueue
                0x00000000       0x4c ..\obj\queue.o
 .text.prvUnlockQueue
                0x00000000       0xa4 ..\obj\queue.o
 .text.prvIsQueueEmpty
                0x00000000       0x2c ..\obj\queue.o
 .text.xQueueIsQueueEmptyFromISR
                0x00000000       0x44 ..\obj\queue.o
 .text.prvIsQueueFull
                0x00000000       0x30 ..\obj\queue.o
 .text.xQueueIsQueueFullFromISR
                0x00000000       0x48 ..\obj\queue.o
 .text.vQueueAddToRegistry
                0x00000000       0x50 ..\obj\queue.o
 .text.pcQueueGetName
                0x00000000       0x4c ..\obj\queue.o
 .text.vQueueUnregisterQueue
                0x00000000       0x54 ..\obj\queue.o
 .text.vQueueWaitForMessageRestricted
                0x00000000       0x6c ..\obj\queue.o
 .debug_info    0x00000000     0x1402 ..\obj\queue.o
 .debug_abbrev  0x00000000      0x222 ..\obj\queue.o
 .debug_aranges
                0x00000000      0x118 ..\obj\queue.o
 .debug_ranges  0x00000000      0x108 ..\obj\queue.o
 .debug_line    0x00000000      0x9b1 ..\obj\queue.o
 .debug_str     0x00000000      0x86d ..\obj\queue.o
 .comment       0x00000000       0x6f ..\obj\queue.o
 .debug_frame   0x00000000      0x4c0 ..\obj\queue.o
 .ARM.attributes
                0x00000000       0x37 ..\obj\queue.o
 COMMON         0x00000000       0x40 ..\obj\queue.o
 .text          0x00000000        0x0 ..\obj\port.o
 .data          0x00000000        0x4 ..\obj\port.o
 .bss           0x00000000        0x8 ..\obj\port.o
 .rodata        0x00000000        0x4 ..\obj\port.o
 .text.pxPortInitialiseStack
                0x00000000       0x64 ..\obj\port.o
 .text.prvTaskExitError
                0x00000000       0x3c ..\obj\port.o
 .text.prvPortStartFirstTask
                0x00000000       0x20 ..\obj\port.o
 .text.xPortStartScheduler
                0x00000000      0x118 ..\obj\port.o
 .text.vPortEndScheduler
                0x00000000       0x34 ..\obj\port.o
 .text.vPortEnterCritical
                0x00000000       0x5c ..\obj\port.o
 .text.vPortExitCritical
                0x00000000       0x50 ..\obj\port.o
 .text.vPortSetupTimerInterrupt
                0x00000000       0x28 ..\obj\port.o
 .text.vPortEnableVFP
                0x00000000       0x14 ..\obj\port.o
 .text.vPortValidateInterruptPriority
                0x00000000       0x7c ..\obj\port.o
 .text          0x00000000        0x0 ..\obj\ff.o
 .data          0x00000000        0x0 ..\obj\ff.o
 .text.sync_fs  0x00000000      0x13c ..\obj\ff.o
 .text.dir_read
                0x00000000       0xb0 ..\obj\ff.o
 .text.dir_remove
                0x00000000       0x54 ..\obj\ff.o
 .text.get_fileinfo
                0x00000000       0xe0 ..\obj\ff.o
 .text.f_write  0x00000000      0x2d4 ..\obj\ff.o
 .text.f_sync   0x00000000      0x148 ..\obj\ff.o
 .text.f_close  0x00000000       0x28 ..\obj\ff.o
 .text.f_lseek  0x00000000      0x268 ..\obj\ff.o
 .text.f_opendir
                0x00000000       0xbc ..\obj\ff.o
 .text.f_closedir
                0x00000000       0x28 ..\obj\ff.o
 .text.f_readdir
                0x00000000       0x88 ..\obj\ff.o
 .text.f_stat   0x00000000       0x74 ..\obj\ff.o
 .text.f_getfree
                0x00000000      0x188 ..\obj\ff.o
 .text.f_truncate
                0x00000000      0x148 ..\obj\ff.o
 .text.f_unlink
                0x00000000      0x154 ..\obj\ff.o
 .text.f_mkdir  0x00000000      0x23c ..\obj\ff.o
 .text.f_chmod  0x00000000       0xac ..\obj\ff.o
 .text.f_utime  0x00000000       0xb4 ..\obj\ff.o
 .text.f_rename
                0x00000000      0x1b4 ..\obj\ff.o
 .text          0x00000000        0x0 ..\obj\croutine.o
 .data          0x00000000        0x0 ..\obj\croutine.o
 .bss           0x00000000        0x0 ..\obj\croutine.o
 .debug_info    0x00000000       0x75 ..\obj\croutine.o
 .debug_abbrev  0x00000000       0x24 ..\obj\croutine.o
 .debug_aranges
                0x00000000       0x18 ..\obj\croutine.o
 .debug_line    0x00000000       0x1d ..\obj\croutine.o
 .debug_str     0x00000000      0x18b ..\obj\croutine.o
 .comment       0x00000000       0x6f ..\obj\croutine.o
 .ARM.attributes
                0x00000000       0x37 ..\obj\croutine.o
 .text          0x00000000        0x0 ..\obj\stm32f4xx_spi.o
 .data          0x00000000        0x0 ..\obj\stm32f4xx_spi.o
 .bss           0x00000000        0x0 ..\obj\stm32f4xx_spi.o
 .text.SPI_StructInit
                0x00000000       0x4c ..\obj\stm32f4xx_spi.o
 .text.I2S_StructInit
                0x00000000       0x38 ..\obj\stm32f4xx_spi.o
 .text.SPI_DataSizeConfig
                0x00000000       0x38 ..\obj\stm32f4xx_spi.o
 .text.SPI_BiDirectionalLineConfig
                0x00000000       0x44 ..\obj\stm32f4xx_spi.o
 .text.SPI_NSSInternalSoftwareConfig
                0x00000000       0x44 ..\obj\stm32f4xx_spi.o
 .text.SPI_SSOutputCmd
                0x00000000       0x40 ..\obj\stm32f4xx_spi.o
 .text.SPI_TIModeCmd
                0x00000000       0x40 ..\obj\stm32f4xx_spi.o
 .text.I2S_FullDuplexConfig
                0x00000000       0x9c ..\obj\stm32f4xx_spi.o
 .text.SPI_I2S_ReceiveData
                0x00000000       0x1c ..\obj\stm32f4xx_spi.o
 .text.SPI_CalculateCRC
                0x00000000       0x40 ..\obj\stm32f4xx_spi.o
 .text.SPI_TransmitCRC
                0x00000000       0x24 ..\obj\stm32f4xx_spi.o
 .text.SPI_GetCRC
                0x00000000       0x34 ..\obj\stm32f4xx_spi.o
 .text.SPI_GetCRCPolynomial
                0x00000000       0x1c ..\obj\stm32f4xx_spi.o
 .text.SPI_I2S_DMACmd
                0x00000000       0x48 ..\obj\stm32f4xx_spi.o
 .text.SPI_I2S_ITConfig
                0x00000000       0x64 ..\obj\stm32f4xx_spi.o
 .text.SPI_I2S_ClearFlag
                0x00000000       0x24 ..\obj\stm32f4xx_spi.o
 .text.SPI_I2S_GetITStatus
                0x00000000       0x78 ..\obj\stm32f4xx_spi.o
 .text.SPI_I2S_ClearITPendingBit
                0x00000000       0x34 ..\obj\stm32f4xx_spi.o
 .text          0x00000000        0x0 ..\obj\event_groups.o
 .data          0x00000000        0x0 ..\obj\event_groups.o
 .bss           0x00000000        0x0 ..\obj\event_groups.o
 .text.xEventGroupCreate
                0x00000000       0x30 ..\obj\event_groups.o
 .text.xEventGroupSync
                0x00000000      0x154 ..\obj\event_groups.o
 .text.xEventGroupWaitBits
                0x00000000      0x190 ..\obj\event_groups.o
 .text.xEventGroupClearBits
                0x00000000       0x6c ..\obj\event_groups.o
 .text.xEventGroupGetBitsFromISR
                0x00000000       0x48 ..\obj\event_groups.o
 .text.xEventGroupSetBits
                0x00000000      0x114 ..\obj\event_groups.o
 .text.vEventGroupDelete
                0x00000000       0x60 ..\obj\event_groups.o
 .text.vEventGroupSetBitsCallback
                0x00000000       0x1c ..\obj\event_groups.o
 .text.vEventGroupClearBitsCallback
                0x00000000       0x1c ..\obj\event_groups.o
 .text.prvTestWaitCondition
                0x00000000       0x44 ..\obj\event_groups.o
 .text.uxEventGroupGetNumber
                0x00000000       0x2c ..\obj\event_groups.o
 .debug_info    0x00000000      0x8c5 ..\obj\event_groups.o
 .debug_abbrev  0x00000000      0x1f2 ..\obj\event_groups.o
 .debug_aranges
                0x00000000       0x70 ..\obj\event_groups.o
 .debug_ranges  0x00000000       0x60 ..\obj\event_groups.o
 .debug_line    0x00000000      0x3f2 ..\obj\event_groups.o
 .debug_str     0x00000000      0x58f ..\obj\event_groups.o
 .comment       0x00000000       0x6f ..\obj\event_groups.o
 .debug_frame   0x00000000      0x1a8 ..\obj\event_groups.o
 .ARM.attributes
                0x00000000       0x37 ..\obj\event_groups.o
 .text          0x00000000        0x0 ..\obj\stm32f4xx_i2c.o
 .data          0x00000000        0x0 ..\obj\stm32f4xx_i2c.o
 .bss           0x00000000        0x0 ..\obj\stm32f4xx_i2c.o
 .text.I2C_StructInit
                0x00000000       0x40 ..\obj\stm32f4xx_i2c.o
 .text.I2C_OwnAddress2Config
                0x00000000       0x44 ..\obj\stm32f4xx_i2c.o
 .text.I2C_DualAddressCmd
                0x00000000       0x40 ..\obj\stm32f4xx_i2c.o
 .text.I2C_GeneralCallCmd
                0x00000000       0x40 ..\obj\stm32f4xx_i2c.o
 .text.I2C_SoftwareResetCmd
                0x00000000       0x44 ..\obj\stm32f4xx_i2c.o
 .text.I2C_StretchClockCmd
                0x00000000       0x40 ..\obj\stm32f4xx_i2c.o
 .text.I2C_FastModeDutyCycleConfig
                0x00000000       0x44 ..\obj\stm32f4xx_i2c.o
 .text.I2C_NACKPositionConfig
                0x00000000       0x44 ..\obj\stm32f4xx_i2c.o
 .text.I2C_SMBusAlertConfig
                0x00000000       0x44 ..\obj\stm32f4xx_i2c.o
 .text.I2C_ARPCmd
                0x00000000       0x40 ..\obj\stm32f4xx_i2c.o
 .text.I2C_TransmitPEC
                0x00000000       0x40 ..\obj\stm32f4xx_i2c.o
 .text.I2C_PECPositionConfig
                0x00000000       0x44 ..\obj\stm32f4xx_i2c.o
 .text.I2C_CalculatePEC
                0x00000000       0x40 ..\obj\stm32f4xx_i2c.o
 .text.I2C_GetPEC
                0x00000000       0x20 ..\obj\stm32f4xx_i2c.o
 .text.I2C_DMACmd
                0x00000000       0x40 ..\obj\stm32f4xx_i2c.o
 .text.I2C_DMALastTransferCmd
                0x00000000       0x40 ..\obj\stm32f4xx_i2c.o
 .text.I2C_ReadRegister
                0x00000000       0x30 ..\obj\stm32f4xx_i2c.o
 .text.I2C_ITConfig
                0x00000000       0x48 ..\obj\stm32f4xx_i2c.o
 .text.I2C_GetLastEvent
                0x00000000       0x44 ..\obj\stm32f4xx_i2c.o
 .text.I2C_ClearFlag
                0x00000000       0x30 ..\obj\stm32f4xx_i2c.o
 .text.I2C_GetITStatus
                0x00000000       0x5c ..\obj\stm32f4xx_i2c.o
 .text.I2C_ClearITPendingBit
                0x00000000       0x30 ..\obj\stm32f4xx_i2c.o
 .text          0x00000000        0x0 ..\obj\misc.o
 .data          0x00000000        0x0 ..\obj\misc.o
 .bss           0x00000000        0x0 ..\obj\misc.o
 .text.NVIC_PriorityGroupConfig
                0x00000000       0x28 ..\obj\misc.o
 .text.NVIC_Init
                0x00000000       0xc4 ..\obj\misc.o
 .text.NVIC_SetVectorTable
                0x00000000       0x2c ..\obj\misc.o
 .text.NVIC_SystemLPConfig
                0x00000000       0x44 ..\obj\misc.o
 .text.SysTick_CLKSourceConfig
                0x00000000       0x38 ..\obj\misc.o
 .debug_info    0x00000000      0x541 ..\obj\misc.o
 .debug_abbrev  0x00000000      0x147 ..\obj\misc.o
 .debug_aranges
                0x00000000       0x40 ..\obj\misc.o
 .debug_ranges  0x00000000       0x30 ..\obj\misc.o
 .debug_line    0x00000000      0x29e ..\obj\misc.o
 .debug_str     0x00000000      0x403 ..\obj\misc.o
 .comment       0x00000000       0x6f ..\obj\misc.o
 .debug_frame   0x00000000       0xd8 ..\obj\misc.o
 .ARM.attributes
                0x00000000       0x37 ..\obj\misc.o
 .text          0x00000000        0x0 ..\obj\heap_2.o
 .data          0x00000000        0x4 ..\obj\heap_2.o
 .bss           0x00000000    0x12c14 ..\obj\heap_2.o
 .rodata        0x00000000        0x2 ..\obj\heap_2.o
 .text.pvPortMalloc
                0x00000000      0x128 ..\obj\heap_2.o
 .text.vPortFree
                0x00000000       0x74 ..\obj\heap_2.o
 .text.xPortGetFreeHeapSize
                0x00000000       0x18 ..\obj\heap_2.o
 .text.vPortInitialiseBlocks
                0x00000000       0x10 ..\obj\heap_2.o
 .text.prvHeapInit
                0x00000000       0x54 ..\obj\heap_2.o
 .debug_info    0x00000000      0x2f6 ..\obj\heap_2.o
 .debug_abbrev  0x00000000      0x16c ..\obj\heap_2.o
 .debug_aranges
                0x00000000       0x40 ..\obj\heap_2.o
 .debug_ranges  0x00000000       0x30 ..\obj\heap_2.o
 .debug_line    0x00000000      0x268 ..\obj\heap_2.o
 .debug_str     0x00000000      0x331 ..\obj\heap_2.o
 .comment       0x00000000       0x6f ..\obj\heap_2.o
 .debug_frame   0x00000000       0xc0 ..\obj\heap_2.o
 .ARM.attributes
                0x00000000       0x37 ..\obj\heap_2.o
 .text          0x00000000        0x0 ..\obj\stm32f4xx_tim.o
 .data          0x00000000        0x0 ..\obj\stm32f4xx_tim.o
 .bss           0x00000000        0x0 ..\obj\stm32f4xx_tim.o
 .text.TIM_DeInit
                0x00000000      0x1c0 ..\obj\stm32f4xx_tim.o
 .text.TIM_TimeBaseInit
                0x00000000       0xd8 ..\obj\stm32f4xx_tim.o
 .text.TIM_TimeBaseStructInit
                0x00000000       0x34 ..\obj\stm32f4xx_tim.o
 .text.TIM_PrescalerConfig
                0x00000000       0x28 ..\obj\stm32f4xx_tim.o
 .text.TIM_CounterModeConfig
                0x00000000       0x38 ..\obj\stm32f4xx_tim.o
 .text.TIM_SetCounter
                0x00000000       0x1c ..\obj\stm32f4xx_tim.o
 .text.TIM_SetAutoreload
                0x00000000       0x1c ..\obj\stm32f4xx_tim.o
 .text.TIM_GetCounter
                0x00000000       0x18 ..\obj\stm32f4xx_tim.o
 .text.TIM_GetPrescaler
                0x00000000       0x1c ..\obj\stm32f4xx_tim.o
 .text.TIM_UpdateDisableConfig
                0x00000000       0x40 ..\obj\stm32f4xx_tim.o
 .text.TIM_UpdateRequestConfig
                0x00000000       0x40 ..\obj\stm32f4xx_tim.o
 .text.TIM_ARRPreloadConfig
                0x00000000       0x40 ..\obj\stm32f4xx_tim.o
 .text.TIM_SelectOnePulseMode
                0x00000000       0x38 ..\obj\stm32f4xx_tim.o
 .text.TIM_SetClockDivision
                0x00000000       0x38 ..\obj\stm32f4xx_tim.o
 .text.TIM_Cmd  0x00000000       0x40 ..\obj\stm32f4xx_tim.o
 .text.TIM_OC1Init
                0x00000000       0xf4 ..\obj\stm32f4xx_tim.o
 .text.TIM_OC2Init
                0x00000000      0x110 ..\obj\stm32f4xx_tim.o
 .text.TIM_OC3Init
                0x00000000      0x10c ..\obj\stm32f4xx_tim.o
 .text.TIM_OC4Init
                0x00000000       0xd0 ..\obj\stm32f4xx_tim.o
 .text.TIM_OCStructInit
                0x00000000       0x44 ..\obj\stm32f4xx_tim.o
 .text.TIM_SelectOCxM
                0x00000000       0xb4 ..\obj\stm32f4xx_tim.o
 .text.TIM_SetCompare1
                0x00000000       0x1c ..\obj\stm32f4xx_tim.o
 .text.TIM_SetCompare2
                0x00000000       0x1c ..\obj\stm32f4xx_tim.o
 .text.TIM_SetCompare3
                0x00000000       0x1c ..\obj\stm32f4xx_tim.o
 .text.TIM_SetCompare4
                0x00000000       0x1c ..\obj\stm32f4xx_tim.o
 .text.TIM_ForcedOC1Config
                0x00000000       0x38 ..\obj\stm32f4xx_tim.o
 .text.TIM_ForcedOC2Config
                0x00000000       0x3c ..\obj\stm32f4xx_tim.o
 .text.TIM_ForcedOC3Config
                0x00000000       0x38 ..\obj\stm32f4xx_tim.o
 .text.TIM_ForcedOC4Config
                0x00000000       0x3c ..\obj\stm32f4xx_tim.o
 .text.TIM_OC1PreloadConfig
                0x00000000       0x38 ..\obj\stm32f4xx_tim.o
 .text.TIM_OC2PreloadConfig
                0x00000000       0x3c ..\obj\stm32f4xx_tim.o
 .text.TIM_OC3PreloadConfig
                0x00000000       0x38 ..\obj\stm32f4xx_tim.o
 .text.TIM_OC4PreloadConfig
                0x00000000       0x3c ..\obj\stm32f4xx_tim.o
 .text.TIM_OC1FastConfig
                0x00000000       0x38 ..\obj\stm32f4xx_tim.o
 .text.TIM_OC2FastConfig
                0x00000000       0x3c ..\obj\stm32f4xx_tim.o
 .text.TIM_OC3FastConfig
                0x00000000       0x38 ..\obj\stm32f4xx_tim.o
 .text.TIM_OC4FastConfig
                0x00000000       0x3c ..\obj\stm32f4xx_tim.o
 .text.TIM_ClearOC1Ref
                0x00000000       0x38 ..\obj\stm32f4xx_tim.o
 .text.TIM_ClearOC2Ref
                0x00000000       0x3c ..\obj\stm32f4xx_tim.o
 .text.TIM_ClearOC3Ref
                0x00000000       0x38 ..\obj\stm32f4xx_tim.o
 .text.TIM_ClearOC4Ref
                0x00000000       0x3c ..\obj\stm32f4xx_tim.o
 .text.TIM_OC1PolarityConfig
                0x00000000       0x38 ..\obj\stm32f4xx_tim.o
 .text.TIM_OC1NPolarityConfig
                0x00000000       0x38 ..\obj\stm32f4xx_tim.o
 .text.TIM_OC2PolarityConfig
                0x00000000       0x3c ..\obj\stm32f4xx_tim.o
 .text.TIM_OC2NPolarityConfig
                0x00000000       0x3c ..\obj\stm32f4xx_tim.o
 .text.TIM_OC3PolarityConfig
                0x00000000       0x3c ..\obj\stm32f4xx_tim.o
 .text.TIM_OC3NPolarityConfig
                0x00000000       0x3c ..\obj\stm32f4xx_tim.o
 .text.TIM_OC4PolarityConfig
                0x00000000       0x3c ..\obj\stm32f4xx_tim.o
 .text.TIM_CCxCmd
                0x00000000       0x5c ..\obj\stm32f4xx_tim.o
 .text.TIM_CCxNCmd
                0x00000000       0x5c ..\obj\stm32f4xx_tim.o
 .text.TIM_ICInit
                0x00000000       0xa8 ..\obj\stm32f4xx_tim.o
 .text.TIM_ICStructInit
                0x00000000       0x34 ..\obj\stm32f4xx_tim.o
 .text.TIM_PWMIConfig
                0x00000000       0xb8 ..\obj\stm32f4xx_tim.o
 .text.TIM_GetCapture1
                0x00000000       0x18 ..\obj\stm32f4xx_tim.o
 .text.TIM_GetCapture2
                0x00000000       0x18 ..\obj\stm32f4xx_tim.o
 .text.TIM_GetCapture3
                0x00000000       0x18 ..\obj\stm32f4xx_tim.o
 .text.TIM_GetCapture4
                0x00000000       0x18 ..\obj\stm32f4xx_tim.o
 .text.TIM_SetIC1Prescaler
                0x00000000       0x38 ..\obj\stm32f4xx_tim.o
 .text.TIM_SetIC2Prescaler
                0x00000000       0x3c ..\obj\stm32f4xx_tim.o
 .text.TIM_SetIC3Prescaler
                0x00000000       0x38 ..\obj\stm32f4xx_tim.o
 .text.TIM_SetIC4Prescaler
                0x00000000       0x3c ..\obj\stm32f4xx_tim.o
 .text.TIM_BDTRConfig
                0x00000000       0x50 ..\obj\stm32f4xx_tim.o
 .text.TIM_BDTRStructInit
                0x00000000       0x40 ..\obj\stm32f4xx_tim.o
 .text.TIM_CtrlPWMOutputs
                0x00000000       0x4c ..\obj\stm32f4xx_tim.o
 .text.TIM_SelectCOM
                0x00000000       0x40 ..\obj\stm32f4xx_tim.o
 .text.TIM_CCPreloadControl
                0x00000000       0x40 ..\obj\stm32f4xx_tim.o
 .text.TIM_ITConfig
                0x00000000       0x48 ..\obj\stm32f4xx_tim.o
 .text.TIM_GenerateEvent
                0x00000000       0x20 ..\obj\stm32f4xx_tim.o
 .text.TIM_GetFlagStatus
                0x00000000       0x38 ..\obj\stm32f4xx_tim.o
 .text.TIM_ClearFlag
                0x00000000       0x24 ..\obj\stm32f4xx_tim.o
 .text.TIM_GetITStatus
                0x00000000       0x54 ..\obj\stm32f4xx_tim.o
 .text.TIM_DMAConfig
                0x00000000       0x2c ..\obj\stm32f4xx_tim.o
 .text.TIM_DMACmd
                0x00000000       0x48 ..\obj\stm32f4xx_tim.o
 .text.TIM_SelectCCDMA
                0x00000000       0x40 ..\obj\stm32f4xx_tim.o
 .text.TIM_InternalClockConfig
                0x00000000       0x24 ..\obj\stm32f4xx_tim.o
 .text.TIM_ITRxExternalClockConfig
                0x00000000       0x30 ..\obj\stm32f4xx_tim.o
 .text.TIM_TIxExternalClockConfig
                0x00000000       0x5c ..\obj\stm32f4xx_tim.o
 .text.TIM_ETRClockMode1Config
                0x00000000       0x60 ..\obj\stm32f4xx_tim.o
 .text.TIM_ETRClockMode2Config
                0x00000000       0x40 ..\obj\stm32f4xx_tim.o
 .text.TIM_SelectInputTrigger
                0x00000000       0x38 ..\obj\stm32f4xx_tim.o
 .text.TIM_SelectOutputTrigger
                0x00000000       0x38 ..\obj\stm32f4xx_tim.o
 .text.TIM_SelectSlaveMode
                0x00000000       0x38 ..\obj\stm32f4xx_tim.o
 .text.TIM_SelectMasterSlaveMode
                0x00000000       0x38 ..\obj\stm32f4xx_tim.o
 .text.TIM_ETRConfig
                0x00000000       0x54 ..\obj\stm32f4xx_tim.o
 .text.TIM_EncoderInterfaceConfig
                0x00000000       0x98 ..\obj\stm32f4xx_tim.o
 .text.TIM_SelectHallSensor
                0x00000000       0x40 ..\obj\stm32f4xx_tim.o
 .text.TIM_RemapConfig
                0x00000000       0x20 ..\obj\stm32f4xx_tim.o
 .text.TI1_Config
                0x00000000       0x88 ..\obj\stm32f4xx_tim.o
 .text.TI2_Config
                0x00000000       0x9c ..\obj\stm32f4xx_tim.o
 .text.TI3_Config
                0x00000000       0x90 ..\obj\stm32f4xx_tim.o
 .text.TI4_Config
                0x00000000       0xa0 ..\obj\stm32f4xx_tim.o
 .text          0x00000000        0x0 ..\obj\fatfs_diskio_sdcard_spi.o
 .bss           0x00000000        0x0 ..\obj\fatfs_diskio_sdcard_spi.o
 .text.crc7     0x00000000       0x48 ..\obj\fatfs_diskio_sdcard_spi.o
 .text.disk_ioctl
                0x00000000       0x6c ..\obj\fatfs_diskio_sdcard_spi.o
 .text.ff_convert
                0x00000000       0x1c ..\obj\fatfs_diskio_sdcard_spi.o
 .text.ff_wtoupper
                0x00000000       0x18 ..\obj\fatfs_diskio_sdcard_spi.o
 .text          0x00000000      0x134 c:/program files (x86)/gnu tools arm embedded/5.2 2015q4/bin/../lib/gcc/arm-none-eabi/5.2.1/../../../../arm-none-eabi/lib/armv7e-m/softfp\libg.a(lib_a-memcpy.o)
 .data          0x00000000        0x0 c:/program files (x86)/gnu tools arm embedded/5.2 2015q4/bin/../lib/gcc/arm-none-eabi/5.2.1/../../../../arm-none-eabi/lib/armv7e-m/softfp\libg.a(lib_a-memcpy.o)
 .bss           0x00000000        0x0 c:/program files (x86)/gnu tools arm embedded/5.2 2015q4/bin/../lib/gcc/arm-none-eabi/5.2.1/../../../../arm-none-eabi/lib/armv7e-m/softfp\libg.a(lib_a-memcpy.o)
 .ARM.attributes
                0x00000000       0x20 c:/program files (x86)/gnu tools arm embedded/5.2 2015q4/bin/../lib/gcc/arm-none-eabi/5.2.1/../../../../arm-none-eabi/lib/armv7e-m/softfp\libg.a(lib_a-memcpy.o)
 .text          0x00000000        0x0 c:/program files (x86)/gnu tools arm embedded/5.2 2015q4/bin/../lib/gcc/arm-none-eabi/5.2.1/../../../../arm-none-eabi/lib/armv7e-m/softfp\libg.a(lib_a-memset.o)
 .data          0x00000000        0x0 c:/program files (x86)/gnu tools arm embedded/5.2 2015q4/bin/../lib/gcc/arm-none-eabi/5.2.1/../../../../arm-none-eabi/lib/armv7e-m/softfp\libg.a(lib_a-memset.o)
 .bss           0x00000000        0x0 c:/program files (x86)/gnu tools arm embedded/5.2 2015q4/bin/../lib/gcc/arm-none-eabi/5.2.1/../../../../arm-none-eabi/lib/armv7e-m/softfp\libg.a(lib_a-memset.o)
 .text.memset   0x00000000       0x9c c:/program files (x86)/gnu tools arm embedded/5.2 2015q4/bin/../lib/gcc/arm-none-eabi/5.2.1/../../../../arm-none-eabi/lib/armv7e-m/softfp\libg.a(lib_a-memset.o)
 .debug_frame   0x00000000       0x34 c:/program files (x86)/gnu tools arm embedded/5.2 2015q4/bin/../lib/gcc/arm-none-eabi/5.2.1/../../../../arm-none-eabi/lib/armv7e-m/softfp\libg.a(lib_a-memset.o)
 .ARM.attributes
                0x00000000       0x32 c:/program files (x86)/gnu tools arm embedded/5.2 2015q4/bin/../lib/gcc/arm-none-eabi/5.2.1/../../../../arm-none-eabi/lib/armv7e-m/softfp\libg.a(lib_a-memset.o)

Memory Configuration

Name             Origin             Length             Attributes
rom              0x08000000         0x00100000         xr
ram              0x20000000         0x00020000         xrw
ram1             0x10000000         0x00010000         xrw
*default*        0x00000000         0xffffffff

Linker script and memory map

                0x20020000                _eram = 0x20020000

.text           0x08000000     0x5785
 *(.isr_vector)
 .isr_vector    0x08000000      0x188 ..\obj\startup_stm32f4xx.o
                0x08000000                g_pfnVectors
 *(.text*)
 .text.Default_Reset_Handler
                0x08000188       0x6c ..\obj\startup_stm32f4xx.o
                0x08000188                Default_Reset_Handler
                0x08000188                Reset_Handler
 .text.Default_Handler
                0x080001f4        0x8 ..\obj\startup_stm32f4xx.o
                0x080001f4                RTC_Alarm_IRQHandler
                0x080001f4                HASH_RNG_IRQHandler
                0x080001f4                EXTI2_IRQHandler
                0x080001f4                TIM8_CC_IRQHandler
                0x080001f4                DebugMon_Handler
                0x080001f4                TIM1_CC_IRQHandler
                0x080001f4                DMA2_Stream5_IRQHandler
                0x080001f4                HardFault_Handler
                0x080001f4                DMA1_Stream5_IRQHandler
                0x080001f4                PVD_IRQHandler
                0x080001f4                SDIO_IRQHandler
                0x080001f4                TAMP_STAMP_IRQHandler
                0x080001f4                NMI_Handler
                0x080001f4                CAN2_RX1_IRQHandler
                0x080001f4                EXTI3_IRQHandler
                0x080001f4                TIM8_TRG_COM_TIM14_IRQHandler
                0x080001f4                TIM1_UP_TIM10_IRQHandler
                0x080001f4                TIM8_UP_TIM13_IRQHandler
                0x080001f4                I2C3_ER_IRQHandler
                0x080001f4                EXTI0_IRQHandler
                0x080001f4                I2C2_EV_IRQHandler
                0x080001f4                DMA1_Stream2_IRQHandler
                0x080001f4                CAN1_RX0_IRQHandler
                0x080001f4                FPU_IRQHandler
                0x080001f4                OTG_HS_WKUP_IRQHandler
                0x080001f4                UsageFault_Handler
                0x080001f4                CAN2_SCE_IRQHandler
                0x080001f4                DMA2_Stream2_IRQHandler
                0x080001f4                SPI1_IRQHandler
                0x080001f4                TIM6_DAC_IRQHandler
                0x080001f4                TIM1_BRK_TIM9_IRQHandler
                0x080001f4                DCMI_IRQHandler
                0x080001f4                CAN2_RX0_IRQHandler
                0x080001f4                DMA2_Stream3_IRQHandler
                0x080001f4                USART6_IRQHandler
                0x080001f4                USART3_IRQHandler
                0x080001f4                CRYP_IRQHandler
                0x080001f4                CAN1_RX1_IRQHandler
                0x080001f4                UART5_IRQHandler
                0x080001f4                DMA2_Stream0_IRQHandler
                0x080001f4                TIM4_IRQHandler
                0x080001f4                I2C1_EV_IRQHandler
                0x080001f4                DMA1_Stream6_IRQHandler
                0x080001f4                DMA1_Stream1_IRQHandler
                0x080001f4                UART4_IRQHandler
                0x080001f4                TIM3_IRQHandler
                0x080001f4                RCC_IRQHandler
                0x080001f4                TIM8_BRK_TIM12_IRQHandler
                0x080001f4                EXTI15_10_IRQHandler
                0x080001f4                ADC_IRQHandler
                0x080001f4                DMA1_Stream7_IRQHandler
                0x080001f4                TIM7_IRQHandler
                0x080001f4                CAN2_TX_IRQHandler
                0x080001f4                TIM5_IRQHandler
                0x080001f4                DMA2_Stream7_IRQHandler
                0x080001f4                I2C3_EV_IRQHandler
                0x080001f4                EXTI9_5_IRQHandler
                0x080001f4                RTC_WKUP_IRQHandler
                0x080001f4                ETH_WKUP_IRQHandler
                0x080001f4                SPI2_IRQHandler
                0x080001f4                OTG_HS_EP1_IN_IRQHandler
                0x080001f4                MemManage_Handler
                0x080001f4                DMA1_Stream0_IRQHandler
                0x080001f4                CAN1_TX_IRQHandler
                0x080001f4                EXTI4_IRQHandler
                0x080001f4                FSMC_IRQHandler
                0x080001f4                ETH_IRQHandler
                0x080001f4                OTG_HS_EP1_OUT_IRQHandler
                0x080001f4                WWDG_IRQHandler
                0x080001f4                OTG_FS_WKUP_IRQHandler
                0x080001f4                TIM1_TRG_COM_TIM11_IRQHandler
                0x080001f4                OTG_HS_IRQHandler
                0x080001f4                EXTI1_IRQHandler
                0x080001f4                USART2_IRQHandler
                0x080001f4                I2C2_ER_IRQHandler
                0x080001f4                DMA2_Stream1_IRQHandler
                0x080001f4                CAN1_SCE_IRQHandler
                0x080001f4                FLASH_IRQHandler
                0x080001f4                DMA2_Stream4_IRQHandler
                0x080001f4                BusFault_Handler
                0x080001f4                USART1_IRQHandler
                0x080001f4                OTG_FS_IRQHandler
                0x080001f4                SPI3_IRQHandler
                0x080001f4                DMA1_Stream4_IRQHandler
                0x080001f4                I2C1_ER_IRQHandler
                0x080001f4                DMA2_Stream6_IRQHandler
                0x080001f4                DMA1_Stream3_IRQHandler
 .text.TIM2_IRQHandler
                0x080001fc       0x30 ..\obj\main.o
                0x080001fc                TIM2_IRQHandler
 .text.main     0x0800022c      0x134 ..\obj\main.o
                0x0800022c                main
 .text.vApplicationStackOverflowHook
                0x08000360        0xc ..\obj\main.o
                0x08000360                vApplicationStackOverflowHook
 .text.vApplicationTickHook
                0x0800036c       0x10 ..\obj\main.o
                0x0800036c                vApplicationTickHook
 .text.RCC_WaitForHSEStartUp
                0x0800037c       0x50 ..\obj\stm32f4xx_rcc.o
                0x0800037c                RCC_WaitForHSEStartUp
 .text.RCC_PLLI2SCmd
                0x080003cc       0x20 ..\obj\stm32f4xx_rcc.o
                0x080003cc                RCC_PLLI2SCmd
 .text.RCC_GetClocksFreq
                0x080003ec      0x154 ..\obj\stm32f4xx_rcc.o
                0x080003ec                RCC_GetClocksFreq
 .text.RCC_AHB1PeriphClockCmd
                0x08000540       0x40 ..\obj\stm32f4xx_rcc.o
                0x08000540                RCC_AHB1PeriphClockCmd
 .text.RCC_APB1PeriphClockCmd
                0x08000580       0x40 ..\obj\stm32f4xx_rcc.o
                0x08000580                RCC_APB1PeriphClockCmd
 .text.RCC_APB2PeriphClockCmd
                0x080005c0       0x40 ..\obj\stm32f4xx_rcc.o
                0x080005c0                RCC_APB2PeriphClockCmd
 .text.RCC_APB1PeriphResetCmd
                0x08000600       0x40 ..\obj\stm32f4xx_rcc.o
                0x08000600                RCC_APB1PeriphResetCmd
 .text.RCC_APB2PeriphResetCmd
                0x08000640       0x40 ..\obj\stm32f4xx_rcc.o
                0x08000640                RCC_APB2PeriphResetCmd
 .text.RCC_GetFlagStatus
                0x08000680       0x74 ..\obj\stm32f4xx_rcc.o
                0x08000680                RCC_GetFlagStatus
 .text.codec_init
                0x080006f4      0x170 ..\obj\codec.o
                0x080006f4                codec_init
 .text.codec_ctrl_init
                0x08000864      0x168 ..\obj\codec.o
                0x08000864                codec_ctrl_init
 .text.send_codec_ctrl
                0x080009cc       0xb8 ..\obj\codec.o
                0x080009cc                send_codec_ctrl
 .text.read_codec_register
                0x08000a84      0x104 ..\obj\codec.o
                0x08000a84                read_codec_register
 .text.display_set_pin
                0x08000b88       0x38 ..\obj\display.o
                0x08000b88                display_set_pin
 .text.display_gpio_spi_config
                0x08000bc0       0xb8 ..\obj\display.o
                0x08000bc0                display_gpio_spi_config
 .text.display_write_byte
                0x08000c78       0x54 ..\obj\display.o
                0x08000c78                display_write_byte
 .text.display_set_XY
                0x08000ccc       0x48 ..\obj\display.o
                0x08000ccc                display_set_XY
 .text.display_clear
                0x08000d14       0x34 ..\obj\display.o
                0x08000d14                display_clear
 .text.display_init
                0x08000d48       0x68 ..\obj\display.o
                0x08000d48                display_init
 .text.display_write_char
                0x08000db0       0x48 ..\obj\display.o
                0x08000db0                display_write_char
 .text.display_write_string
                0x08000df8       0x28 ..\obj\display.o
                0x08000df8                display_write_string
 .text.xTaskIncrementTick
                0x08000e20      0x188 ..\obj\tasks.o
                0x08000e20                xTaskIncrementTick
 .text.vTaskSwitchContext
                0x08000fa8      0x100 ..\obj\tasks.o
                0x08000fa8                vTaskSwitchContext
 .text.prvResetNextTaskUnblockTime
                0x080010a8       0x4c ..\obj\tasks.o
 .text.GPIO_Init
                0x080010f4      0x11c ..\obj\stm32f4xx_gpio.o
                0x080010f4                GPIO_Init
 .text.GPIO_StructInit
                0x08001210       0x34 ..\obj\stm32f4xx_gpio.o
                0x08001210                GPIO_StructInit
 .text.GPIO_SetBits
                0x08001244       0x20 ..\obj\stm32f4xx_gpio.o
                0x08001244                GPIO_SetBits
 .text.GPIO_ResetBits
                0x08001264       0x20 ..\obj\stm32f4xx_gpio.o
                0x08001264                GPIO_ResetBits
 .text.GPIO_PinAFConfig
                0x08001284       0x94 ..\obj\stm32f4xx_gpio.o
                0x08001284                GPIO_PinAFConfig
 .text.vListInsertEnd
                0x08001318       0x48 ..\obj\list.o
                0x08001318                vListInsertEnd
 .text.uxListRemove
                0x08001360       0x54 ..\obj\list.o
                0x08001360                uxListRemove
 .text.SystemInit
                0x080013b4       0x6c ..\obj\system_stm32f4xx.o
                0x080013b4                SystemInit
 .text.SetSysClock
                0x08001420       0xf8 ..\obj\system_stm32f4xx.o
 *fill*         0x08001518        0x8 
 .text.SVC_Handler
                0x08001520       0x28 ..\obj\port.o
                0x08001520                SVC_Handler
 *fill*         0x08001548        0x8 
 .text.PendSV_Handler
                0x08001550       0x68 ..\obj\port.o
                0x08001550                PendSV_Handler
 .text.SysTick_Handler
                0x080015b8       0x40 ..\obj\port.o
                0x080015b8                SysTick_Handler
 .text.mem_cpy  0x080015f8       0x3c ..\obj\ff.o
 .text.mem_set  0x08001634       0x34 ..\obj\ff.o
 .text.mem_cmp  0x08001668       0x50 ..\obj\ff.o
 .text.chk_chr  0x080016b8       0x38 ..\obj\ff.o
 .text.sync_window
                0x080016f0       0x84 ..\obj\ff.o
 .text.move_window
                0x08001774       0x50 ..\obj\ff.o
 .text.clust2sect
                0x080017c4       0x40 ..\obj\ff.o
                0x080017c4                clust2sect
 .text.get_fat  0x08001804      0x160 ..\obj\ff.o
                0x08001804                get_fat
 .text.put_fat  0x08001964      0x1fc ..\obj\ff.o
                0x08001964                put_fat
 .text.remove_chain
                0x08001b60       0xa8 ..\obj\ff.o
 .text.create_chain
                0x08001c08      0x11c ..\obj\ff.o
 .text.dir_sdi  0x08001d24      0x104 ..\obj\ff.o
 .text.dir_next
                0x08001e28      0x1a4 ..\obj\ff.o
 .text.dir_alloc
                0x08001fcc       0x8c ..\obj\ff.o
 .text.ld_clust
                0x08002058       0x5c ..\obj\ff.o
 .text.st_clust
                0x080020b4       0x48 ..\obj\ff.o
 .text.dir_find
                0x080020fc       0x98 ..\obj\ff.o
 .text.dir_register
                0x08002194       0x64 ..\obj\ff.o
 .text.create_name
                0x080021f8      0x234 ..\obj\ff.o
 .text.get_ldnumber
                0x0800242c       0x5c ..\obj\ff.o
 .text.follow_path
                0x08002488       0xd0 ..\obj\ff.o
 .text.check_fs
                0x08002558       0xd4 ..\obj\ff.o
 .text.find_volume
                0x0800262c      0x564 ..\obj\ff.o
 .text.validate
                0x08002b90       0x5c ..\obj\ff.o
 .text.f_mount  0x08002bec       0x84 ..\obj\ff.o
                0x08002bec                f_mount
 .text.f_open   0x08002c70      0x27c ..\obj\ff.o
                0x08002c70                f_open
 .text.f_read   0x08002eec      0x270 ..\obj\ff.o
                0x08002eec                f_read
 .text.SPI_I2S_DeInit
                0x0800315c       0x74 ..\obj\stm32f4xx_spi.o
                0x0800315c                SPI_I2S_DeInit
 .text.SPI_Init
                0x080031d0       0x88 ..\obj\stm32f4xx_spi.o
                0x080031d0                SPI_Init
 .text.I2S_Init
                0x08003258      0x1b4 ..\obj\stm32f4xx_spi.o
                0x08003258                I2S_Init
 .text.SPI_Cmd  0x0800340c       0x40 ..\obj\stm32f4xx_spi.o
                0x0800340c                SPI_Cmd
 .text.I2S_Cmd  0x0800344c       0x40 ..\obj\stm32f4xx_spi.o
                0x0800344c                I2S_Cmd
 .text.SPI_I2S_SendData
                0x0800348c       0x20 ..\obj\stm32f4xx_spi.o
                0x0800348c                SPI_I2S_SendData
 .text.SPI_I2S_GetFlagStatus
                0x080034ac       0x38 ..\obj\stm32f4xx_spi.o
                0x080034ac                SPI_I2S_GetFlagStatus
 .text.I2C_DeInit
                0x080034e4       0x74 ..\obj\stm32f4xx_i2c.o
                0x080034e4                I2C_DeInit
 .text.I2C_Init
                0x08003558      0x184 ..\obj\stm32f4xx_i2c.o
                0x08003558                I2C_Init
 .text.I2C_Cmd  0x080036dc       0x40 ..\obj\stm32f4xx_i2c.o
                0x080036dc                I2C_Cmd
 .text.I2C_GenerateSTART
                0x0800371c       0x40 ..\obj\stm32f4xx_i2c.o
                0x0800371c                I2C_GenerateSTART
 .text.I2C_GenerateSTOP
                0x0800375c       0x40 ..\obj\stm32f4xx_i2c.o
                0x0800375c                I2C_GenerateSTOP
 .text.I2C_Send7bitAddress
                0x0800379c       0x3c ..\obj\stm32f4xx_i2c.o
                0x0800379c                I2C_Send7bitAddress
 .text.I2C_AcknowledgeConfig
                0x080037d8       0x40 ..\obj\stm32f4xx_i2c.o
                0x080037d8                I2C_AcknowledgeConfig
 .text.I2C_SendData
                0x08003818       0x20 ..\obj\stm32f4xx_i2c.o
                0x08003818                I2C_SendData
 .text.I2C_ReceiveData
                0x08003838       0x1c ..\obj\stm32f4xx_i2c.o
                0x08003838                I2C_ReceiveData
 .text.I2C_CheckEvent
                0x08003854       0x60 ..\obj\stm32f4xx_i2c.o
                0x08003854                I2C_CheckEvent
 .text.I2C_GetFlagStatus
                0x080038b4       0x68 ..\obj\stm32f4xx_i2c.o
                0x080038b4                I2C_GetFlagStatus
 .text.TIM_ClearITPendingBit
                0x0800391c       0x24 ..\obj\stm32f4xx_tim.o
                0x0800391c                TIM_ClearITPendingBit
 .text.spi_init
                0x08003940       0xd4 ..\obj\fatfs_diskio_sdcard_spi.o
 .text.spi_cs_low
                0x08003a14       0x18 ..\obj\fatfs_diskio_sdcard_spi.o
                0x08003a14                spi_cs_low
 .text.spi_cs_high
                0x08003a2c       0x18 ..\obj\fatfs_diskio_sdcard_spi.o
                0x08003a2c                spi_cs_high
 .text.spi_txrx
                0x08003a44       0x3c ..\obj\fatfs_diskio_sdcard_spi.o
 .text.crc7_one
                0x08003a80       0x54 ..\obj\fatfs_diskio_sdcard_spi.o
 .text.crc16_ccitt
                0x08003ad4       0x70 ..\obj\fatfs_diskio_sdcard_spi.o
 .text.crc16    0x08003b44       0x44 ..\obj\fatfs_diskio_sdcard_spi.o
                0x08003b44                crc16
 .text.my_printf
                0x08003b88       0x10 ..\obj\fatfs_diskio_sdcard_spi.o
                0x08003b88                my_printf
 .text.sd_cmd   0x08003b98       0xc8 ..\obj\fatfs_diskio_sdcard_spi.o
 .text.sd_get_r1
                0x08003c60       0x38 ..\obj\fatfs_diskio_sdcard_spi.o
 .text.sd_get_r2
                0x08003c98       0x5c ..\obj\fatfs_diskio_sdcard_spi.o
 .text.sd_get_r7
                0x08003cf4       0x6c ..\obj\fatfs_diskio_sdcard_spi.o
 .text.print_r1
                0x08003d60       0x5c ..\obj\fatfs_diskio_sdcard_spi.o
 .text.print_r2
                0x08003dbc       0x5c ..\obj\fatfs_diskio_sdcard_spi.o
 .text.sd_nec   0x08003e18       0x28 ..\obj\fatfs_diskio_sdcard_spi.o
 .text.sd_init  0x08003e40      0x55c ..\obj\fatfs_diskio_sdcard_spi.o
 .text.sd_read_status
                0x0800439c       0x4c ..\obj\fatfs_diskio_sdcard_spi.o
 .text.sd_get_data
                0x080043e8       0xc0 ..\obj\fatfs_diskio_sdcard_spi.o
 .text.sd_put_data
                0x080044a8       0xc8 ..\obj\fatfs_diskio_sdcard_spi.o
 .text.sd_read_csd
                0x08004570      0x4f8 ..\obj\fatfs_diskio_sdcard_spi.o
 .text.sd_read_cid
                0x08004a68      0x148 ..\obj\fatfs_diskio_sdcard_spi.o
 .text.sd_readsector
                0x08004bb0       0xc0 ..\obj\fatfs_diskio_sdcard_spi.o
 .text.sd_writesector
                0x08004c70       0xd0 ..\obj\fatfs_diskio_sdcard_spi.o
 .text.hwif_init
                0x08004d40       0x74 ..\obj\fatfs_diskio_sdcard_spi.o
                0x08004d40                hwif_init
 .text.sd_read  0x08004db4       0x74 ..\obj\fatfs_diskio_sdcard_spi.o
                0x08004db4                sd_read
 .text.sd_write
                0x08004e28       0x74 ..\obj\fatfs_diskio_sdcard_spi.o
                0x08004e28                sd_write
 .text.disk_initialize
                0x08004e9c       0x28 ..\obj\fatfs_diskio_sdcard_spi.o
                0x08004e9c                disk_initialize
 .text.disk_status
                0x08004ec4       0x28 ..\obj\fatfs_diskio_sdcard_spi.o
                0x08004ec4                disk_status
 .text.disk_read
                0x08004eec       0x58 ..\obj\fatfs_diskio_sdcard_spi.o
                0x08004eec                disk_read
 .text.disk_write
                0x08004f44       0x58 ..\obj\fatfs_diskio_sdcard_spi.o
                0x08004f44                disk_write
 .text.get_fattime
                0x08004f9c       0x4c ..\obj\fatfs_diskio_sdcard_spi.o
                0x08004f9c                get_fattime
 *(.init)
 *(.fini)
 *crtbegin.o(.ctors)
 *crtbegin?.o(.ctors)
 *(EXCLUDE_FILE(*crtend.o *crtend?.o) .ctors)
 *(SORT(.ctors.*))
 *(.ctors)
 *crtbegin.o(.dtors)
 *crtbegin?.o(.dtors)
 *(EXCLUDE_FILE(*crtend.o *crtend?.o) .dtors)
 *(SORT(.dtors.*))
 *(.dtors)
 *(.rodata*)
 .rodata        0x08004fe8       0x5c ..\obj\main.o
 .rodata        0x08005044        0xf ..\obj\ff.o
 *fill*         0x08005053        0x1 
 .rodata        0x08005054      0x731 ..\obj\fatfs_diskio_sdcard_spi.o
 *(.eh_fram e*)

.glue_7         0x08005788        0x0
 .glue_7        0x08005788        0x0 linker stubs

.glue_7t        0x08005788        0x0
 .glue_7t       0x08005788        0x0 linker stubs

.vfp11_veneer   0x08005788        0x0
 .vfp11_veneer  0x08005788        0x0 linker stubs

.v4_bx          0x08005788        0x0
 .v4_bx         0x08005788        0x0 linker stubs

.iplt           0x08005788        0x0
 .iplt          0x08005788        0x0 ..\obj\startup_stm32f4xx.o

.rel.dyn        0x08005788        0x0
 .rel.iplt      0x08005788        0x0 ..\obj\startup_stm32f4xx.o

.ARM.extab
 *(.ARM.extab* .gnu.linkonce.armextab.*)
                0x08005788                __exidx_start = .

.ARM.exidx
 *(.ARM.exidx* .gnu.linkonce.armexidx.*)
                0x08005788                __exidx_end = .
                0x08005788                __etext = .
                0x08005785                _sidata = __etext

.data           0x20000000      0x294 load address 0x08005785
                0x20000000                __data_start__ = .
                0x20000000                _sdata = __data_start__
 *(vtable)
 *(.data*)
 .data          0x20000000        0x4 ..\obj\main.o
                0x20000000                ptr
 .data          0x20000004       0x10 ..\obj\stm32f4xx_rcc.o
 .data          0x20000014      0x228 ..\obj\display.o
                0x20000014                font_6x8
 .data          0x2000023c       0x58 ..\obj\fatfs_diskio_sdcard_spi.o
                0x20000294                . = ALIGN (0x4)
                [!provide]                PROVIDE (__preinit_array_start, .)
 *(.preinit_array)
                [!provide]                PROVIDE (__preinit_array_end, .)
                0x20000294                . = ALIGN (0x4)
                [!provide]                PROVIDE (__init_array_start, .)
 *(SORT(.init_array.*))
 *(.init_array)
                [!provide]                PROVIDE (__init_array_end, .)
                0x20000294                . = ALIGN (0x4)
                [!provide]                PROVIDE (__fini_array_start, .)
 *(SORT(.fini_array.*))
 *(.fini_array)
                [!provide]                PROVIDE (__fini_array_end, .)
 *(.jcr*)
                0x20000294                . = ALIGN (0x4)
                0x20000294                __data_end__ = .
                0x20000294                _edata = __data_end__

.igot.plt       0x20000294        0x0 load address 0x08005a1c
 .igot.plt      0x20000294        0x0 ..\obj\startup_stm32f4xx.o

.bss            0x20000294    0x19344 load address 0x08005a1c
                0x20000294                . = ALIGN (0x4)
                0x20000294                __bss_start__ = .
                0x20000294                _sbss = __bss_start__
 *(.bss*)
 .bss           0x20000294      0x104 ..\obj\tasks.o
                0x20000294                pxCurrentTCB
 .bss           0x20000398        0x6 ..\obj\ff.o
 *(COMMON)
 *fill*         0x2000039e        0x2 
 COMMON         0x200003a0    0x19228 ..\obj\main.o
                0x200003a0                buff
                0x200193a0                nRead
                0x200193a4                file
 COMMON         0x200195c8       0x10 ..\obj\fatfs_diskio_sdcard_spi.o
                0x200195c8                hw
                0x200195d8                . = ALIGN (0x4)
                0x200195d8                __bss_end__ = .
                0x200195d8                _ebss = __bss_end__

.heap           0x200195d8        0x0
                0x200195d8                __end__ = .
                0x200195d8                _end = __end__
                0x200195d8                end = __end__
 *(.heap*)
                0x200195d8                __HeapLimit = .

.co_stack       0x200195d8      0x800 load address 0x0801ed60
                0x200195d8                . = ALIGN (0x8)
 *(.co_stack .co_stack.*)
 .co_stack      0x200195d8      0x800 ..\obj\startup_stm32f4xx.o
                0x200195d8                pulStack
                0x20020000                __StackTop = (ORIGIN (ram) + LENGTH (ram))
                0x2001f800                __StackLimit = (__StackTop - SIZEOF (.co_stack))
                [!provide]                PROVIDE (__stack, __StackTop)
                0x00000001                ASSERT ((__StackLimit >= __HeapLimit), region ram  overflowed with stack)
LOAD ..\obj\startup_stm32f4xx.o
LOAD ..\obj\main.o
LOAD ..\obj\stm32f4xx_rcc.o
LOAD ..\obj\codec.o
LOAD ..\obj\timers.o
LOAD ..\obj\display.o
LOAD ..\obj\tasks.o
LOAD ..\obj\stm32f4xx_gpio.o
LOAD ..\obj\list.o
LOAD ..\obj\system_stm32f4xx.o
LOAD ..\obj\queue.o
LOAD ..\obj\port.o
LOAD ..\obj\ff.o
LOAD ..\obj\croutine.o
LOAD ..\obj\stm32f4xx_spi.o
LOAD ..\obj\event_groups.o
LOAD ..\obj\stm32f4xx_i2c.o
LOAD ..\obj\misc.o
LOAD ..\obj\heap_2.o
LOAD ..\obj\stm32f4xx_tim.o
LOAD ..\obj\fatfs_diskio_sdcard_spi.o
START GROUP
LOAD c:/program files (x86)/gnu tools arm embedded/5.2 2015q4/bin/../lib/gcc/arm-none-eabi/5.2.1/armv7e-m/softfp\libgcc.a
LOAD c:/program files (x86)/gnu tools arm embedded/5.2 2015q4/bin/../lib/gcc/arm-none-eabi/5.2.1/../../../../arm-none-eabi/lib/armv7e-m/softfp\libg.a
LOAD c:/program files (x86)/gnu tools arm embedded/5.2 2015q4/bin/../lib/gcc/arm-none-eabi/5.2.1/../../../../arm-none-eabi/lib/armv7e-m/softfp\libc.a
END GROUP
OUTPUT(player.elf elf32-littlearm)

.debug_info     0x00000000     0xb179
 .debug_info    0x00000000       0xed ..\obj\startup_stm32f4xx.o
 .debug_info    0x000000ed      0xc5f ..\obj\main.o
 .debug_info    0x00000d4c      0xc59 ..\obj\stm32f4xx_rcc.o
 .debug_info    0x000019a5      0x668 ..\obj\codec.o
 .debug_info    0x0000200d      0x5ed ..\obj\display.o
 .debug_info    0x000025fa     0x1db2 ..\obj\tasks.o
 .debug_info    0x000043ac      0x61a ..\obj\stm32f4xx_gpio.o
 .debug_info    0x000049c6      0x2a0 ..\obj\list.o
 .debug_info    0x00004c66      0x596 ..\obj\system_stm32f4xx.o
 .debug_info    0x000051fc      0x4fa ..\obj\port.o
 .debug_info    0x000056f6     0x1793 ..\obj\ff.o
 .debug_info    0x00006e89      0xb0f ..\obj\stm32f4xx_spi.o
 .debug_info    0x00007998      0xb00 ..\obj\stm32f4xx_i2c.o
 .debug_info    0x00008498     0x1c69 ..\obj\stm32f4xx_tim.o
 .debug_info    0x0000a101     0x1078 ..\obj\fatfs_diskio_sdcard_spi.o

.debug_abbrev   0x00000000     0x18c1
 .debug_abbrev  0x00000000       0xb0 ..\obj\startup_stm32f4xx.o
 .debug_abbrev  0x000000b0      0x226 ..\obj\main.o
 .debug_abbrev  0x000002d6      0x1e5 ..\obj\stm32f4xx_rcc.o
 .debug_abbrev  0x000004bb      0x14f ..\obj\codec.o
 .debug_abbrev  0x0000060a      0x185 ..\obj\display.o
 .debug_abbrev  0x0000078f      0x2c9 ..\obj\tasks.o
 .debug_abbrev  0x00000a58      0x1a7 ..\obj\stm32f4xx_gpio.o
 .debug_abbrev  0x00000bff       0xbc ..\obj\list.o
 .debug_abbrev  0x00000cbb      0x138 ..\obj\system_stm32f4xx.o
 .debug_abbrev  0x00000df3      0x1b9 ..\obj\port.o
 .debug_abbrev  0x00000fac      0x192 ..\obj\ff.o
 .debug_abbrev  0x0000113e      0x169 ..\obj\stm32f4xx_spi.o
 .debug_abbrev  0x000012a7      0x166 ..\obj\stm32f4xx_i2c.o
 .debug_abbrev  0x0000140d      0x189 ..\obj\stm32f4xx_tim.o
 .debug_abbrev  0x00001596      0x32b ..\obj\fatfs_diskio_sdcard_spi.o

.debug_aranges  0x00000000      0xd98
 .debug_aranges
                0x00000000       0x28 ..\obj\startup_stm32f4xx.o
 .debug_aranges
                0x00000028       0x60 ..\obj\main.o
 .debug_aranges
                0x00000088      0x178 ..\obj\stm32f4xx_rcc.o
 .debug_aranges
                0x00000200       0x38 ..\obj\codec.o
 .debug_aranges
                0x00000238       0x60 ..\obj\display.o
 .debug_aranges
                0x00000298      0x1d8 ..\obj\tasks.o
 .debug_aranges
                0x00000470       0x88 ..\obj\stm32f4xx_gpio.o
 .debug_aranges
                0x000004f8       0x40 ..\obj\list.o
 .debug_aranges
                0x00000538       0x30 ..\obj\system_stm32f4xx.o
 .debug_aranges
                0x00000568       0x80 ..\obj\port.o
 .debug_aranges
                0x000005e8      0x188 ..\obj\ff.o
 .debug_aranges
                0x00000770       0xe0 ..\obj\stm32f4xx_spi.o
 .debug_aranges
                0x00000850      0x120 ..\obj\stm32f4xx_i2c.o
 .debug_aranges
                0x00000970      0x2f8 ..\obj\stm32f4xx_tim.o
 .debug_aranges
                0x00000c68      0x130 ..\obj\fatfs_diskio_sdcard_spi.o

.debug_ranges   0x00000000      0xca8
 .debug_ranges  0x00000000       0x18 ..\obj\startup_stm32f4xx.o
 .debug_ranges  0x00000018       0x50 ..\obj\main.o
 .debug_ranges  0x00000068      0x168 ..\obj\stm32f4xx_rcc.o
 .debug_ranges  0x000001d0       0x28 ..\obj\codec.o
 .debug_ranges  0x000001f8       0x50 ..\obj\display.o
 .debug_ranges  0x00000248      0x1c8 ..\obj\tasks.o
 .debug_ranges  0x00000410       0x78 ..\obj\stm32f4xx_gpio.o
 .debug_ranges  0x00000488       0x30 ..\obj\list.o
 .debug_ranges  0x000004b8       0x20 ..\obj\system_stm32f4xx.o
 .debug_ranges  0x000004d8       0x70 ..\obj\port.o
 .debug_ranges  0x00000548      0x178 ..\obj\ff.o
 .debug_ranges  0x000006c0       0xd0 ..\obj\stm32f4xx_spi.o
 .debug_ranges  0x00000790      0x110 ..\obj\stm32f4xx_i2c.o
 .debug_ranges  0x000008a0      0x2e8 ..\obj\stm32f4xx_tim.o
 .debug_ranges  0x00000b88      0x120 ..\obj\fatfs_diskio_sdcard_spi.o

.debug_line     0x00000000     0x5540
 .debug_line    0x00000000       0xb1 ..\obj\startup_stm32f4xx.o
 .debug_line    0x000000b1      0x3da ..\obj\main.o
 .debug_line    0x0000048b      0x605 ..\obj\stm32f4xx_rcc.o
 .debug_line    0x00000a90      0x374 ..\obj\codec.o
 .debug_line    0x00000e04      0x358 ..\obj\display.o
 .debug_line    0x0000115c      0xe06 ..\obj\tasks.o
 .debug_line    0x00001f62      0x3c0 ..\obj\stm32f4xx_gpio.o
 .debug_line    0x00002322      0x1d2 ..\obj\list.o
 .debug_line    0x000024f4      0x222 ..\obj\system_stm32f4xx.o
 .debug_line    0x00002716      0x350 ..\obj\port.o
 .debug_line    0x00002a66      0xcd0 ..\obj\ff.o
 .debug_line    0x00003736      0x4b9 ..\obj\stm32f4xx_spi.o
 .debug_line    0x00003bef      0x54b ..\obj\stm32f4xx_i2c.o
 .debug_line    0x0000413a      0xb21 ..\obj\stm32f4xx_tim.o
 .debug_line    0x00004c5b      0x8e5 ..\obj\fatfs_diskio_sdcard_spi.o

.debug_str      0x00000000     0x40e3
 .debug_str     0x00000000      0x16a ..\obj\startup_stm32f4xx.o
                                0x17c (size before relaxing)
 .debug_str     0x0000016a      0xc27 ..\obj\main.o
                                0xd58 (size before relaxing)
 .debug_str     0x00000d91      0x659 ..\obj\stm32f4xx_rcc.o
                                0x885 (size before relaxing)
 .debug_str     0x000013ea      0x1e4 ..\obj\codec.o
                                0x587 (size before relaxing)
 .debug_str     0x000015ce      0x195 ..\obj\display.o
                                0x54d (size before relaxing)
 .debug_str     0x00001763      0xd40 ..\obj\tasks.o
                                0xf55 (size before relaxing)
 .debug_str     0x000024a3      0x1b3 ..\obj\stm32f4xx_gpio.o
                                0x4d8 (size before relaxing)
 .debug_str     0x00002656       0xd5 ..\obj\list.o
                                0x2da (size before relaxing)
 .debug_str     0x0000272b      0x128 ..\obj\system_stm32f4xx.o
                                0x3df (size before relaxing)
 .debug_str     0x00002853      0x208 ..\obj\port.o
                                0x402 (size before relaxing)
 .debug_str     0x00002a5b      0x2f4 ..\obj\ff.o
                                0x619 (size before relaxing)
 .debug_str     0x00002d4f      0x2bf ..\obj\stm32f4xx_spi.o
                                0x6bf (size before relaxing)
 .debug_str     0x0000300e      0x350 ..\obj\stm32f4xx_i2c.o
                                0x69a (size before relaxing)
 .debug_str     0x0000335e      0xa96 ..\obj\stm32f4xx_tim.o
                                0xe05 (size before relaxing)
 .debug_str     0x00003df4      0x2ef ..\obj\fatfs_diskio_sdcard_spi.o
                                0x7a3 (size before relaxing)

.comment        0x00000000       0x6e
 .comment       0x00000000       0x6e ..\obj\startup_stm32f4xx.o
                                 0x6f (size before relaxing)
 .comment       0x0000006e       0x6f ..\obj\main.o
 .comment       0x0000006e       0x6f ..\obj\stm32f4xx_rcc.o
 .comment       0x0000006e       0x6f ..\obj\codec.o
 .comment       0x0000006e       0x6f ..\obj\display.o
 .comment       0x0000006e       0x6f ..\obj\tasks.o
 .comment       0x0000006e       0x6f ..\obj\stm32f4xx_gpio.o
 .comment       0x0000006e       0x6f ..\obj\list.o
 .comment       0x0000006e       0x6f ..\obj\system_stm32f4xx.o
 .comment       0x0000006e       0x6f ..\obj\port.o
 .comment       0x0000006e       0x6f ..\obj\ff.o
 .comment       0x0000006e       0x6f ..\obj\stm32f4xx_spi.o
 .comment       0x0000006e       0x6f ..\obj\stm32f4xx_i2c.o
 .comment       0x0000006e       0x6f ..\obj\stm32f4xx_tim.o
 .comment       0x0000006e       0x6f ..\obj\fatfs_diskio_sdcard_spi.o

.ARM.attributes
                0x00000000       0x35
 .ARM.attributes
                0x00000000       0x37 ..\obj\startup_stm32f4xx.o
 .ARM.attributes
                0x00000037       0x37 ..\obj\main.o
 .ARM.attributes
                0x0000006e       0x37 ..\obj\stm32f4xx_rcc.o
 .ARM.attributes
                0x000000a5       0x37 ..\obj\codec.o
 .ARM.attributes
                0x000000dc       0x37 ..\obj\display.o
 .ARM.attributes
                0x00000113       0x37 ..\obj\tasks.o
 .ARM.attributes
                0x0000014a       0x37 ..\obj\stm32f4xx_gpio.o
 .ARM.attributes
                0x00000181       0x37 ..\obj\list.o
 .ARM.attributes
                0x000001b8       0x37 ..\obj\system_stm32f4xx.o
 .ARM.attributes
                0x000001ef       0x37 ..\obj\port.o
 .ARM.attributes
                0x00000226       0x37 ..\obj\ff.o
 .ARM.attributes
                0x0000025d       0x37 ..\obj\stm32f4xx_spi.o
 .ARM.attributes
                0x00000294       0x37 ..\obj\stm32f4xx_i2c.o
 .ARM.attributes
                0x000002cb       0x37 ..\obj\stm32f4xx_tim.o
 .ARM.attributes
                0x00000302       0x37 ..\obj\fatfs_diskio_sdcard_spi.o

.debug_frame    0x00000000     0x3af4
 .debug_frame   0x00000000       0x4c ..\obj\startup_stm32f4xx.o
 .debug_frame   0x0000004c      0x130 ..\obj\main.o
 .debug_frame   0x0000017c      0x6d4 ..\obj\stm32f4xx_rcc.o
 .debug_frame   0x00000850       0xa0 ..\obj\codec.o
 .debug_frame   0x000008f0      0x158 ..\obj\display.o
 .debug_frame   0x00000a48      0x808 ..\obj\tasks.o
 .debug_frame   0x00001250      0x23c ..\obj\stm32f4xx_gpio.o
 .debug_frame   0x0000148c       0xd8 ..\obj\list.o
 .debug_frame   0x00001564       0x7c ..\obj\system_stm32f4xx.o
 .debug_frame   0x000015e0      0x19c ..\obj\port.o
 .debug_frame   0x0000177c      0x6d0 ..\obj\ff.o
 .debug_frame   0x00001e4c      0x3f4 ..\obj\stm32f4xx_spi.o
 .debug_frame   0x00002240      0x530 ..\obj\stm32f4xx_i2c.o
 .debug_frame   0x00002770      0xe54 ..\obj\stm32f4xx_tim.o
 .debug_frame   0x000035c4      0x530 ..\obj\fatfs_diskio_sdcard_spi.o
